battlemenu-suppress want=1 patched=4/4 (ab=1 ae=0)
autobattle ENABLED hwnd=00360196 old=FFFF05F9 pid=8096
autobattle tick cnt=1 smto=1 res=0 battling=1 ctype=0 ptype=0
autobattle CHAR t=171229562 turn=0 cliT=0 myNo=0 afl=78000 cb=0 pb=0 subP=3 procN=10 actInf=0 menuF=0 tgtSel=0 resW=0 self=hp255/st0 pet=hp342/st0 validEnemy=4 fallback=17 delay=0 cmd=H|11 heal[en=1 tf=3 c=95 p=95 a=95 mag=3 selfP=96/mx263 petP=99/mx345] | enemies=10:st0/hp0/mx0/df0/fn0/lv0/v0 11:st0/hp0/mx0/df0/fn0/lv0/v0 12:st0/hp0/mx0/df0/fn0/lv0/v0 13:st0/hp0/mx0/df0/fn0/lv0/v0 14:st0/hp0/mx0/df0/fn0/lv0/v0 15:st0/hp41/mx41/df0/fn4909D0/lv3/v1 16:st0/hp37/mx37/df0/fn4909D0/lv2/v1 17:st0/hp43/mx43/df0/fn4909D0/lv3/v1 18:st0/hp44/mx44/df0/fn4909D0/lv3/v1 19:st0/hp0/mx0/df0/fn0/lv0/v0 
autobattle PET turn=0 myNo=0 row=0 si=0 seed=-2 target=17 validEnemy=4 minLv=2 pcEnable=0 cmd=W|0|11
autobattle tick cnt=18 smto=1 res=0 battling=1 ctype=0 ptype=0
autobattle CHAR t=171230703 turn=1 cliT=1 myNo=0 afl=58000 cb=0 pb=0 subP=5 procN=10 actInf=0 menuF=0 tgtSel=0 resW=0 self=hp253/st0 pet=hp342/st0 validEnemy=3 fallback=15 delay=0 cmd=H|F heal[en=1 tf=3 c=95 p=95 a=95 mag=3 selfP=96/mx263 petP=99/mx345] | enemies=10:st0/hp0/mx0/df0/fn0/lv0/v0 11:st0/hp0/mx0/df0/fn0/lv0/v0 12:st0/hp0/mx0/df0/fn0/lv0/v0 13:st0/hp0/mx0/df0/fn0/lv0/v0 14:st0/hp0/mx0/df0/fn0/lv0/v0 15:st0/hp41/mx41/df0/fn4909D0/lv3/v1 16:st0/hp37/mx37/df0/fn4909D0/lv2/v1 17:st0/hp0/mx43/df0/fn0/lv3/v0 18:st0/hp44/mx44/df0/fn4909D0/lv3/v1 19:st0/hp0/mx0/df0/fn0/lv0/v0 
autobattle PET turn=1 myNo=0 row=0 si=0 seed=-2 target=15 validEnemy=3 minLv=2 pcEnable=0 cmd=W|0|F
autobattle tick cnt=34 smto=1 res=0 battling=1 ctype=0 ptype=0
autobattle CHAR t=171231812 turn=2 cliT=2 myNo=0 afl=40000 cb=0 pb=0 subP=5 procN=10 actInf=0 menuF=0 tgtSel=0 resW=0 self=hp253/st0 pet=hp342/st0 validEnemy=1 fallback=18 delay=0 cmd=H|12 heal[en=1 tf=3 c=95 p=95 a=95 mag=3 selfP=96/mx263 petP=99/mx345] | enemies=10:st0/hp0/mx0/df0/fn0/lv0/v0 11:st0/hp0/mx0/df0/fn0/lv0/v0 12:st0/hp0/mx0/df0/fn0/lv0/v0 13:st0/hp0/mx0/df0/fn0/lv0/v0 14:st0/hp0/mx0/df0/fn0/lv0/v0 15:st0/hp0/mx41/df0/fn0/lv3/v0 16:st0/hp0/mx37/df0/fn0/lv2/v0 17:st0/hp0/mx43/df0/fn0/lv3/v0 18:st0/hp44/mx44/df0/fn4909D0/lv3/v1 19:st0/hp0/mx0/df0/fn0/lv0/v0 
autobattle PET turn=2 myNo=0 row=0 si=0 seed=-2 target=18 validEnemy=1 minLv=3 pcEnable=0 cmd=W|0|12
autobattle tick cnt=51 smto=1 res=0 battling=1 ctype=0 ptype=0
autobattle CHAR t=171233656 turn=0 cliT=0 myNo=0 afl=38000 cb=0 pb=0 subP=3 procN=10 actInf=0 menuF=0 tgtSel=0 resW=0 self=hp253/st0 pet=hp342/st0 validEnemy=3 fallback=17 delay=0 cmd=H|11 heal[en=1 tf=3 c=95 p=95 a=95 mag=3 selfP=96/mx263 petP=99/mx345] | enemies=10:st0/hp0/mx0/df0/fn0/lv0/v0 11:st0/hp0/mx0/df0/fn0/lv0/v0 12:st0/hp0/mx0/df0/fn0/lv0/v0 13:st0/hp0/mx0/df0/fn0/lv0/v0 14:st0/hp0/mx0/df0/fn0/lv0/v0 15:st0/hp35/mx35/df0/fn4909D0/lv3/v1 16:st0/hp33/mx33/df0/fn4909D0/lv2/v1 17:st0/hp34/mx34/df0/fn4909D0/lv3/v1 18:st0/hp0/mx0/df0/fn0/lv0/v0 19:st0/hp0/mx0/df0/fn0/lv0/v0 
autobattle PET turn=0 myNo=0 row=0 si=0 seed=-2 target=17 validEnemy=3 minLv=2 pcEnable=0 cmd=W|0|11
autobattle tick cnt=68 smto=1 res=0 battling=1 ctype=0 ptype=0
autobattle CHAR t=171234828 turn=1 cliT=1 myNo=0 afl=8000 cb=0 pb=0 subP=5 procN=10 actInf=0 menuF=0 tgtSel=0 resW=0 self=hp253/st0 pet=hp342/st0 validEnemy=1 fallback=15 delay=0 cmd=H|F heal[en=1 tf=3 c=95 p=95 a=95 mag=3 selfP=96/mx263 petP=99/mx345] | enemies=10:st0/hp0/mx0/df0/fn0/lv0/v0 11:st0/hp0/mx0/df0/fn0/lv0/v0 12:st0/hp0/mx0/df0/fn0/lv0/v0 13:st0/hp0/mx0/df0/fn0/lv0/v0 14:st0/hp0/mx0/df0/fn0/lv0/v0 15:st0/hp35/mx35/df0/fn4909D0/lv3/v1 16:st0/hp0/mx33/df0/fn0/lv2/v0 17:st0/hp0/mx34/df0/fn0/lv3/v0 18:st0/hp0/mx0/df0/fn0/lv0/v0 19:st0/hp0/mx0/df0/fn0/lv0/v0 
autobattle PET turn=1 myNo=0 row=0 si=0 seed=-2 target=15 validEnemy=1 minLv=3 pcEnable=0 cmd=W|0|F
autobattle tick cnt=83 smto=1 res=0 battling=1 ctype=0 ptype=0
autobattle CHAR t=171236187 turn=0 cliT=0 myNo=0 afl=78000 cb=0 pb=0 subP=3 procN=10 actInf=0 menuF=0 tgtSel=0 resW=0 self=hp253/st0 pet=hp342/st0 validEnemy=4 fallback=17 delay=0 cmd=H|11 heal[en=1 tf=3 c=95 p=95 a=95 mag=3 selfP=96/mx263 petP=99/mx345] | enemies=10:st0/hp0/mx0/df0/fn0/lv0/v0 11:st0/hp0/mx0/df0/fn0/lv0/v0 12:st0/hp0/mx0/df0/fn0/lv0/v0 13:st0/hp0/mx0/df0/fn0/lv0/v0 14:st0/hp0/mx0/df0/fn0/lv0/v0 15:st0/hp49/mx49/df0/fn4909D0/lv4/v1 16:st0/hp34/mx34/df0/fn4909D0/lv2/v1 17:st0/hp44/mx44/df0/fn4909D0/lv3/v1 18:st0/hp54/mx54/df0/fn4909D0/lv4/v1 19:st0/hp0/mx0/df0/fn0/lv0/v0 
autobattle PET turn=0 myNo=0 row=0 si=0 seed=-2 target=17 validEnemy=4 minLv=2 pcEnable=0 cmd=W|0|11
autobattle CHAR t=171236921 turn=1 cliT=1 myNo=0 afl=58000 cb=0 pb=0 subP=5 procN=10 actInf=0 menuF=0 tgtSel=0 resW=0 self=hp253/st0 pet=hp342/st0 validEnemy=3 fallback=15 delay=0 cmd=H|F heal[en=1 tf=3 c=95 p=95 a=95 mag=3 selfP=96/mx263 petP=99/mx345] | enemies=10:st0/hp0/mx0/df0/fn0/lv0/v0 11:st0/hp0/mx0/df0/fn0/lv0/v0 12:st0/hp0/mx0/df0/fn0/lv0/v0 13:st0/hp0/mx0/df0/fn0/lv0/v0 14:st0/hp0/mx0/df0/fn0/lv0/v0 15:st0/hp49/mx49/df0/fn4909D0/lv4/v1 16:st0/hp34/mx34/df0/fn4909D0/lv2/v1 17:st0/hp0/mx44/df0/fn0/lv3/v0 18:st0/hp54/mx54/df0/fn4909D0/lv4/v1 19:st0/hp0/mx0/df0/fn0/lv0/v0 
autobattle PET turn=1 myNo=0 row=0 si=0 seed=-2 target=15 validEnemy=3 minLv=2 pcEnable=0 cmd=W|0|F
autobattle tick cnt=100 smto=1 res=0 battling=1 ctype=0 ptype=0
autobattle tick cnt=117 smto=1 res=0 battling=1 ctype=0 ptype=0
autobattle tick cnt=124 smto=1 res=0 battling=1 ctype=0 ptype=0
autobattle CHAR t=171239359 turn=0 cliT=0 myNo=0 afl=38000 cb=0 pb=0 subP=3 procN=10 actInf=0 menuF=0 tgtSel=0 resW=0 self=hp253/st0 pet=hp342/st0 validEnemy=3 fallback=17 delay=0 cmd=H|11 heal[en=1 tf=3 c=95 p=95 a=95 mag=3 selfP=96/mx263 petP=99/mx345] | enemies=10:st0/hp0/mx0/df0/fn0/lv0/v0 11:st0/hp0/mx0/df0/fn0/lv0/v0 12:st0/hp0/mx0/df0/fn0/lv0/v0 13:st0/hp0/mx0/df0/fn0/lv0/v0 14:st0/hp0/mx0/df0/fn0/lv0/v0 15:st0/hp51/mx51/df0/fn4909D0/lv4/v1 16:st0/hp50/mx50/df0/fn4909D0/lv4/v1 17:st0/hp49/mx49/df0/fn4909D0/lv4/v1 18:st0/hp0/mx0/df0/fn0/lv0/v0 19:st0/hp0/mx0/df0/fn0/lv0/v0 
autobattle PET turn=0 myNo=0 row=0 si=0 seed=-2 target=17 validEnemy=3 minLv=4 pcEnable=0 cmd=W|0|11
autobattle tick cnt=141 smto=1 res=0 battling=1 ctype=0 ptype=0
autobattle CHAR t=171240406 turn=1 cliT=1 myNo=0 afl=18000 cb=0 pb=0 subP=5 procN=10 actInf=0 menuF=0 tgtSel=0 resW=0 self=hp253/st0 pet=hp342/st0 validEnemy=2 fallback=15 delay=0 cmd=H|F heal[en=1 tf=3 c=95 p=95 a=95 mag=3 selfP=96/mx263 petP=99/mx345] | enemies=10:st0/hp0/mx0/df0/fn0/lv0/v0 11:st0/hp0/mx0/df0/fn0/lv0/v0 12:st0/hp0/mx0/df0/fn0/lv0/v0 13:st0/hp0/mx0/df0/fn0/lv0/v0 14:st0/hp0/mx0/df0/fn0/lv0/v0 15:st0/hp51/mx51/df0/fn4909D0/lv4/v1 16:st0/hp50/mx50/df0/fn4909D0/lv4/v1 17:st0/hp0/mx49/df0/fn0/lv4/v0 18:st0/hp0/mx0/df0/fn0/lv0/v0 19:st0/hp0/mx0/df0/fn0/lv0/v0 
autobattle PET turn=1 myNo=0 row=0 si=0 seed=-2 target=15 validEnemy=2 minLv=4 pcEnable=0 cmd=W|0|F
autobattle CHAR t=171241328 turn=2 cliT=2 myNo=0 afl=10000 cb=0 pb=0 subP=5 procN=10 actInf=0 menuF=0 tgtSel=0 resW=0 self=hp252/st0 pet=hp342/st0 validEnemy=1 fallback=16 delay=0 cmd=H|10 heal[en=1 tf=3 c=95 p=95 a=95 mag=3 selfP=95/mx263 petP=99/mx345] | enemies=10:st0/hp0/mx0/df0/fn0/lv0/v0 11:st0/hp0/mx0/df0/fn0/lv0/v0 12:st0/hp0/mx0/df0/fn0/lv0/v0 13:st0/hp0/mx0/df0/fn0/lv0/v0 14:st0/hp0/mx0/df0/fn0/lv0/v0 15:st0/hp0/mx51/df0/fn0/lv4/v0 16:st0/hp50/mx50/df0/fn4909D0/lv4/v1 17:st0/hp0/mx49/df0/fn0/lv4/v0 18:st0/hp0/mx0/df0/fn0/lv0/v0 19:st0/hp0/mx0/df0/fn0/lv0/v0 
autobattle tick cnt=158 smto=1 res=0 battling=1 ctype=0 ptype=0
autobattle PET turn=2 myNo=0 row=0 si=0 seed=-2 target=16 validEnemy=1 minLv=4 pcEnable=0 cmd=W|0|10
autobattle tick cnt=169 smto=1 res=0 battling=1 ctype=0 ptype=0
autobattle CHAR t=171243250 turn=0 cliT=0 myNo=0 afl=8000 cb=0 pb=0 subP=3 procN=10 actInf=0 menuF=0 tgtSel=0 resW=0 self=hp252/st0 pet=hp342/st0 validEnemy=1 fallback=15 delay=0 cmd=H|F heal[en=1 tf=3 c=95 p=95 a=95 mag=3 selfP=95/mx263 petP=99/mx345] | enemies=10:st0/hp0/mx0/df0/fn0/lv0/v0 11:st0/hp0/mx0/df0/fn0/lv0/v0 12:st0/hp0/mx0/df0/fn0/lv0/v0 13:st0/hp0/mx0/df0/fn0/lv0/v0 14:st0/hp0/mx0/df0/fn0/lv0/v0 15:st0/hp22/mx22/df0/fn4909D0/lv2/v1 16:st0/hp0/mx0/df0/fn0/lv0/v0 17:st0/hp0/mx0/df0/fn0/lv0/v0 18:st0/hp0/mx0/df0/fn0/lv0/v0 19:st0/hp0/mx0/df0/fn0/lv0/v0 
autobattle PET turn=0 myNo=0 row=0 si=0 seed=-2 target=15 validEnemy=1 minLv=2 pcEnable=0 cmd=W|0|F
autobattle tick cnt=183 smto=1 res=0 battling=1 ctype=0 ptype=0
autobattle CHAR t=171248265 turn=0 cliT=0 myNo=0 afl=8000 cb=0 pb=0 subP=3 procN=10 actInf=0 menuF=0 tgtSel=0 resW=0 self=hp252/st0 pet=hp342/st0 validEnemy=1 fallback=15 delay=0 cmd=H|F heal[en=1 tf=3 c=95 p=95 a=95 mag=3 selfP=95/mx263 petP=99/mx345] | enemies=10:st0/hp0/mx0/df0/fn0/lv0/v0 11:st0/hp0/mx0/df0/fn0/lv0/v0 12:st0/hp0/mx0/df0/fn0/lv0/v0 13:st0/hp0/mx0/df0/fn0/lv0/v0 14:st0/hp0/mx0/df0/fn0/lv0/v0 15:st0/hp44/mx44/df0/fn4909D0/lv3/v1 16:st0/hp0/mx0/df0/fn0/lv0/v0 17:st0/hp0/mx0/df0/fn0/lv0/v0 18:st0/hp0/mx0/df0/fn0/lv0/v0 19:st0/hp0/mx0/df0/fn0/lv0/v0 
autobattle PET turn=0 myNo=0 row=0 si=0 seed=-2 target=15 validEnemy=1 minLv=3 pcEnable=0 cmd=W|0|F
autobattle tick cnt=197 smto=1 res=0 battling=1 ctype=0 ptype=0
autobattle CHAR t=171252515 turn=0 cliT=0 myNo=0 afl=F9C00 cb=0 pb=0 subP=3 procN=10 actInf=0 menuF=0 tgtSel=0 resW=0 self=hp252/st0 pet=hp342/st0 validEnemy=8 fallback=19 delay=0 cmd=H|13 heal[en=1 tf=3 c=95 p=95 a=95 mag=3 selfP=95/mx263 petP=99/mx345] | enemies=10:st0/hp28/mx28/df0/fn4909D0/lv3/v1 11:st0/hp24/mx24/df0/fn4909D0/lv2/v1 12:st0/hp26/mx26/df0/fn4909D0/lv2/v1 13:st0/hp0/mx0/df0/fn0/lv0/v0 14:st0/hp0/mx0/df0/fn0/lv0/v0 15:st0/hp30/mx30/df0/fn4909D0/lv3/v1 16:st0/hp29/mx29/df0/fn4909D0/lv3/v1 17:st0/hp25/mx25/df0/fn4909D0/lv2/v1 18:st0/hp23/mx23/df0/fn4909D0/lv2/v1 19:st0/hp31/mx31/df0/fn4909D0/lv3/v1 
autobattle PET turn=0 myNo=0 row=0 si=0 seed=-2 target=19 validEnemy=8 minLv=2 pcEnable=0 cmd=W|0|13
autobattle tick cnt=213 smto=1 res=0 battling=1 ctype=0 ptype=0
autobattle tick cnt=229 smto=1 res=0 battling=1 ctype=0 ptype=0
autobattle CHAR t=171254578 turn=1 cliT=1 myNo=0 afl=39C00 cb=0 pb=0 subP=4 procN=10 actInf=0 menuF=0 tgtSel=0 resW=0 self=hp252/st0 pet=hp339/st0 validEnemy=6 fallback=17 delay=0 cmd=H|11 heal[en=1 tf=3 c=95 p=95 a=95 mag=3 selfP=95/mx263 petP=98/mx345] | enemies=10:st0/hp28/mx28/df0/fn4909D0/lv3/v1 11:st0/hp24/mx24/df0/fn4909D0/lv2/v1 12:st0/hp26/mx26/df0/fn4909D0/lv2/v1 13:st0/hp0/mx0/df0/fn0/lv0/v0 14:st0/hp0/mx0/df0/fn0/lv0/v0 15:st0/hp30/mx30/df0/fn4909D0/lv3/v1 16:st0/hp29/mx29/df0/fn4909D0/lv3/v1 17:st0/hp25/mx25/df0/fn4909D0/lv2/v1 18:st0/hp0/mx23/df0/fn0/lv2/v0 19:st0/hp0/mx31/df0/fn0/lv3/v0 
autobattle PET turn=1 myNo=0 row=0 si=0 seed=-2 target=17 validEnemy=6 minLv=2 pcEnable=0 cmd=W|0|11
autobattle tick cnt=245 smto=1 res=0 battling=1 ctype=0 ptype=0
autobattle tick cnt=262 smto=1 res=0 battling=1 ctype=0 ptype=0
autobattle CHAR t=171257062 turn=2 cliT=2 myNo=0 afl=9000 cb=0 pb=0 subP=5 procN=10 actInf=0 menuF=0 tgtSel=0 resW=0 self=hp252/st0 pet=hp338/st0 validEnemy=2 fallback=15 delay=0 cmd=H|F heal[en=1 tf=3 c=95 p=95 a=95 mag=3 selfP=95/mx263 petP=97/mx345] | enemies=10:st0/hp0/mx28/df0/fn0/lv3/v0 11:st0/hp0/mx24/df0/fn0/lv2/v0 12:st0/hp26/mx26/df0/fn4909D0/lv2/v1 13:st0/hp0/mx0/df0/fn0/lv0/v0 14:st0/hp0/mx0/df0/fn0/lv0/v0 15:st0/hp30/mx30/df0/fn4909D0/lv3/v1 16:st0/hp0/mx29/df0/fn0/lv3/v0 17:st0/hp0/mx25/df0/fn0/lv2/v0 18:st0/hp0/mx23/df0/fn0/lv2/v0 19:st0/hp0/mx31/df0/fn0/lv3/v0 
autobattle PET turn=2 myNo=0 row=0 si=0 seed=-2 target=15 validEnemy=2 minLv=2 pcEnable=0 cmd=W|0|F
autobattle tick cnt=279 smto=1 res=0 battling=1 ctype=0 ptype=0
autobattle CHAR t=171257984 turn=3 cliT=3 myNo=0 afl=1000 cb=0 pb=0 subP=5 procN=10 actInf=0 menuF=0 tgtSel=0 resW=0 self=hp252/st0 pet=hp338/st0 validEnemy=1 fallback=12 delay=0 cmd=H|C heal[en=1 tf=3 c=95 p=95 a=95 mag=3 selfP=95/mx263 petP=97/mx345] | enemies=10:st0/hp0/mx28/df0/fn0/lv3/v0 11:st0/hp0/mx24/df0/fn0/lv2/v0 12:st0/hp26/mx26/df0/fn4909D0/lv2/v1 13:st0/hp0/mx0/df0/fn0/lv0/v0 14:st0/hp0/mx0/df0/fn0/lv0/v0 15:st0/hp0/mx30/df0/fn0/lv3/v0 16:st0/hp0/mx29/df0/fn0/lv3/v0 17:st0/hp0/mx25/df0/fn0/lv2/v0 18:st0/hp0/mx23/df0/fn0/lv2/v0 19:st0/hp0/mx31/df0/fn0/lv3/v0 
autobattle PET turn=3 myNo=0 row=0 si=0 seed=-2 target=12 validEnemy=1 minLv=2 pcEnable=0 cmd=W|0|C
autobattle tick cnt=296 smto=1 res=0 battling=1 ctype=0 ptype=0
autobattle tick cnt=299 smto=1 res=0 battling=1 ctype=0 ptype=0
autobattle CHAR t=171261343 turn=0 cliT=0 myNo=0 afl=F8400 cb=0 pb=0 subP=3 procN=10 actInf=0 menuF=0 tgtSel=0 resW=0 self=hp252/st0 pet=hp338/st0 validEnemy=6 fallback=19 delay=0 cmd=H|13 heal[en=1 tf=3 c=95 p=95 a=95 mag=3 selfP=95/mx263 petP=97/mx345] | enemies=10:st0/hp35/mx35/df0/fn4909D0/lv3/v1 11:st0/hp0/mx0/df0/fn0/lv0/v0 12:st0/hp0/mx0/df0/fn0/lv0/v0 13:st0/hp0/mx0/df0/fn0/lv0/v0 14:st0/hp0/mx0/df0/fn0/lv0/v0 15:st0/hp29/mx29/df0/fn4909D0/lv2/v1 16:st0/hp30/mx30/df0/fn4909D0/lv2/v1 17:st0/hp34/mx34/df0/fn4909D0/lv3/v1 18:st0/hp37/mx37/df0/fn4909D0/lv3/v1 19:st0/hp37/mx37/df0/fn4909D0/lv3/v1 
autobattle PET turn=0 myNo=0 row=0 si=0 seed=-2 target=19 validEnemy=6 minLv=2 pcEnable=0 cmd=W|0|13
autobattle tick cnt=316 smto=1 res=0 battling=1 ctype=0 ptype=0
autobattle CHAR t=171262453 turn=1 cliT=1 myNo=0 afl=78400 cb=0 pb=0 subP=5 procN=10 actInf=0 menuF=0 tgtSel=0 resW=0 self=hp247/st0 pet=hp338/st0 validEnemy=5 fallback=17 delay=0 cmd=J|0|14 heal[en=1 tf=3 c=95 p=95 a=95 mag=3 selfP=93/mx263 petP=97/mx345] | enemies=10:st0/hp35/mx35/df0/fn4909D0/lv3/v1 11:st0/hp0/mx0/df0/fn0/lv0/v0 12:st0/hp0/mx0/df0/fn0/lv0/v0 13:st0/hp0/mx0/df0/fn0/lv0/v0 14:st0/hp0/mx0/df0/fn0/lv0/v0 15:st0/hp29/mx29/df0/fn4909D0/lv2/v1 16:st0/hp30/mx30/df0/fn4909D0/lv2/v1 17:st0/hp34/mx34/df0/fn4909D0/lv3/v1 18:st0/hp37/mx37/df0/fn4909D0/lv3/v1 19:st0/hp0/mx37/df0/fn0/lv3/v0 
autobattle PET turn=1 myNo=0 row=0 si=0 seed=-2 target=17 validEnemy=5 minLv=2 pcEnable=0 cmd=W|0|11
autobattle tick cnt=333 smto=1 res=0 battling=1 ctype=0 ptype=0
autobattle tick cnt=350 smto=1 res=0 battling=1 ctype=0 ptype=0
autobattle CHAR t=171264546 turn=2 cliT=2 myNo=0 afl=48400 cb=0 pb=0 subP=5 procN=10 actInf=0 menuF=0 tgtSel=0 resW=0 self=hp263/st0 pet=hp344/st0 validEnemy=3 fallback=15 delay=0 cmd=H|F heal[en=1 tf=3 c=95 p=95 a=95 mag=3 selfP=100/mx263 petP=99/mx345] | enemies=10:st0/hp35/mx35/df0/fn4909D0/lv3/v1 11:st0/hp0/mx0/df0/fn0/lv0/v0 12:st0/hp0/mx0/df0/fn0/lv0/v0 13:st0/hp0/mx0/df0/fn0/lv0/v0 14:st0/hp0/mx0/df0/fn0/lv0/v0 15:st0/hp29/mx29/df0/fn4909D0/lv2/v1 16:st0/hp0/mx30/df0/fn0/lv2/v0 17:st0/hp0/mx34/df0/fn0/lv3/v0 18:st0/hp37/mx37/df0/fn4909D0/lv3/v1 19:st0/hp0/mx37/df0/fn0/lv3/v0 
autobattle PET turn=2 myNo=0 row=0 si=0 seed=-2 target=15 validEnemy=3 minLv=2 pcEnable=0 cmd=W|0|F
autobattle CHAR t=171265296 turn=3 cliT=3 myNo=0 afl=0 cb=0 pb=0 subP=6 procN=10 actInf=0 menuF=0 tgtSel=0 resW=0 self=hp263/st0 pet=hp344/st0 validEnemy=1 fallback=10 delay=0 cmd=H|A heal[en=1 tf=3 c=95 p=95 a=95 mag=3 selfP=100/mx263 petP=99/mx345] | enemies=10:st0/hp35/mx35/df0/fn4909D0/lv3/v1 11:st0/hp0/mx0/df0/fn0/lv0/v0 12:st0/hp0/mx0/df0/fn0/lv0/v0 13:st0/hp0/mx0/df0/fn0/lv0/v0 14:st0/hp0/mx0/df0/fn0/lv0/v0 15:st0/hp0/mx29/df0/fn0/lv2/v0 16:st0/hp0/mx30/df0/fn0/lv2/v0 17:st0/hp0/mx34/df0/fn0/lv3/v0 18:st0/hp0/mx37/df0/fn4909D0/lv3/v0 19:st0/hp0/mx37/df0/fn0/lv3/v0 
autobattle tick cnt=366 smto=1 res=0 battling=1 ctype=0 ptype=0
autobattle tick cnt=380 smto=1 res=0 battling=1 ctype=0 ptype=0
autobattle CHAR t=171313265 turn=0 cliT=0 myNo=0 afl=F8400 cb=0 pb=0 subP=3 procN=10 actInf=0 menuF=0 tgtSel=0 resW=0 self=hp263/st0 pet=hp344/st0 validEnemy=6 fallback=19 delay=0 cmd=H|13 heal[en=1 tf=3 c=95 p=95 a=95 mag=3 selfP=100/mx263 petP=99/mx345] | enemies=10:st0/hp26/mx26/df0/fn4909D0/lv3/v1 11:st0/hp0/mx0/df0/fn0/lv0/v0 12:st0/hp0/mx0/df0/fn0/lv0/v0 13:st0/hp0/mx0/df0/fn0/lv0/v0 14:st0/hp0/mx0/df0/fn0/lv0/v0 15:st0/hp25/mx25/df0/fn4909D0/lv3/v1 16:st0/hp22/mx22/df0/fn4909D0/lv2/v1 17:st0/hp21/mx21/df0/fn4909D0/lv2/v1 18:st0/hp28/mx28/df0/fn4909D0/lv3/v1 19:st0/hp24/mx24/df0/fn4909D0/lv3/v1 
autobattle PET turn=0 myNo=0 row=0 si=0 seed=-2 target=19 validEnemy=6 minLv=2 pcEnable=0 cmd=W|0|13
autobattle tick cnt=397 smto=1 res=0 battling=1 ctype=0 ptype=0
autobattle CHAR t=171314859 turn=1 cliT=1 myNo=0 afl=78400 cb=0 pb=0 subP=5 procN=10 actInf=0 menuF=0 tgtSel=0 resW=0 self=hp262/st0 pet=hp342/st0 validEnemy=5 fallback=17 delay=0 cmd=H|11 heal[en=1 tf=3 c=95 p=95 a=95 mag=3 selfP=99/mx263 petP=99/mx345] | enemies=10:st0/hp26/mx26/df0/fn4909D0/lv3/v1 11:st0/hp0/mx0/df0/fn0/lv0/v0 12:st0/hp0/mx0/df0/fn0/lv0/v0 13:st0/hp0/mx0/df0/fn0/lv0/v0 14:st0/hp0/mx0/df0/fn0/lv0/v0 15:st0/hp25/mx25/df0/fn4909D0/lv3/v1 16:st0/hp22/mx22/df0/fn4909D0/lv2/v1 17:st0/hp21/mx21/df0/fn4909D0/lv2/v1 18:st0/hp28/mx28/df0/fn4909D0/lv3/v1 19:st0/hp0/mx24/df0/fn0/lv3/v0 
autobattle PET turn=1 myNo=0 row=0 si=0 seed=-2 target=17 validEnemy=5 minLv=2 pcEnable=0 cmd=W|0|11
autobattle tick cnt=414 smto=1 res=0 battling=1 ctype=0 ptype=0
autobattle tick cnt=431 smto=1 res=0 battling=1 ctype=0 ptype=0
autobattle CHAR t=171316765 turn=2 cliT=2 myNo=0 afl=40400 cb=0 pb=0 subP=5 procN=10 actInf=0 menuF=0 tgtSel=0 resW=0 self=hp262/st0 pet=hp341/st0 validEnemy=2 fallback=18 delay=0 cmd=H|12 heal[en=1 tf=3 c=95 p=95 a=95 mag=3 selfP=99/mx263 petP=98/mx345] | enemies=10:st0/hp26/mx26/df0/fn4909D0/lv3/v1 11:st0/hp0/mx0/df0/fn0/lv0/v0 12:st0/hp0/mx0/df0/fn0/lv0/v0 13:st0/hp0/mx0/df0/fn0/lv0/v0 14:st0/hp0/mx0/df0/fn0/lv0/v0 15:st0/hp0/mx25/df0/fn0/lv3/v0 16:st0/hp0/mx22/df0/fn0/lv2/v0 17:st0/hp0/mx21/df0/fn0/lv2/v0 18:st0/hp28/mx28/df0/fn4909D0/lv3/v1 19:st0/hp0/mx24/df0/fn0/lv3/v0 
autobattle PET turn=2 myNo=0 row=0 si=0 seed=-2 target=18 validEnemy=2 minLv=3 pcEnable=0 cmd=W|0|12
autobattle tick cnt=448 smto=1 res=0 battling=1 ctype=0 ptype=0
autobattle CHAR t=171317750 turn=3 cliT=3 myNo=0 afl=400 cb=0 pb=0 subP=5 procN=10 actInf=0 menuF=0 tgtSel=0 resW=0 self=hp262/st0 pet=hp341/st0 validEnemy=1 fallback=10 delay=0 cmd=H|A heal[en=1 tf=3 c=95 p=95 a=95 mag=3 selfP=99/mx263 petP=98/mx345] | enemies=10:st0/hp26/mx26/df0/fn4909D0/lv3/v1 11:st0/hp0/mx0/df0/fn0/lv0/v0 12:st0/hp0/mx0/df0/fn0/lv0/v0 13:st0/hp0/mx0/df0/fn0/lv0/v0 14:st0/hp0/mx0/df0/fn0/lv0/v0 15:st0/hp0/mx25/df0/fn0/lv3/v0 16:st0/hp0/mx22/df0/fn0/lv2/v0 17:st0/hp0/mx21/df0/fn0/lv2/v0 18:st0/hp0/mx28/df0/fn0/lv3/v0 19:st0/hp0/mx24/df0/fn0/lv3/v0 
autobattle PET turn=3 myNo=0 row=0 si=0 seed=-2 target=10 validEnemy=1 minLv=3 pcEnable=0 cmd=W|0|A
autobattle tick cnt=464 smto=1 res=0 battling=1 ctype=0 ptype=0
autobattle CHAR t=171320953 turn=0 cliT=0 myNo=0 afl=78000 cb=0 pb=0 subP=3 procN=10 actInf=0 menuF=0 tgtSel=0 resW=0 self=hp262/st0 pet=hp341/st0 validEnemy=4 fallback=17 delay=0 cmd=H|11 heal[en=1 tf=3 c=95 p=95 a=95 mag=3 selfP=99/mx263 petP=98/mx345] | enemies=10:st0/hp0/mx0/df0/fn0/lv0/v0 11:st0/hp0/mx0/df0/fn0/lv0/v0 12:st0/hp0/mx0/df0/fn0/lv0/v0 13:st0/hp0/mx0/df0/fn0/lv0/v0 14:st0/hp0/mx0/df0/fn0/lv0/v0 15:st0/hp23/mx23/df0/fn4909D0/lv2/v1 16:st0/hp27/mx27/df0/fn4909D0/lv3/v1 17:st0/hp23/mx23/df0/fn4909D0/lv2/v1 18:st0/hp31/mx31/df0/fn4909D0/lv3/v1 19:st0/hp0/mx0/df0/fn0/lv0/v0 
autobattle PET turn=0 myNo=0 row=0 si=0 seed=-2 target=17 validEnemy=4 minLv=2 pcEnable=0 cmd=W|0|11
autobattle tick cnt=481 smto=1 res=0 battling=1 ctype=0 ptype=0
autobattle CHAR t=171322187 turn=1 cliT=1 myNo=0 afl=58000 cb=0 pb=0 subP=5 procN=10 actInf=0 menuF=0 tgtSel=0 resW=0 self=hp262/st0 pet=hp340/st0 validEnemy=3 fallback=15 delay=0 cmd=H|F heal[en=1 tf=3 c=95 p=95 a=95 mag=3 selfP=99/mx263 petP=98/mx345] | enemies=10:st0/hp0/mx0/df0/fn0/lv0/v0 11:st0/hp0/mx0/df0/fn0/lv0/v0 12:st0/hp0/mx0/df0/fn0/lv0/v0 13:st0/hp0/mx0/df0/fn0/lv0/v0 14:st0/hp0/mx0/df0/fn0/lv0/v0 15:st0/hp23/mx23/df0/fn4909D0/lv2/v1 16:st0/hp27/mx27/df0/fn4909D0/lv3/v1 17:st0/hp0/mx23/df0/fn0/lv2/v0 18:st0/hp31/mx31/df0/fn4909D0/lv3/v1 19:st0/hp0/mx0/df0/fn0/lv0/v0 
autobattle PET turn=1 myNo=0 row=0 si=0 seed=-2 target=15 validEnemy=3 minLv=2 pcEnable=0 cmd=W|0|F
autobattle tick cnt=498 smto=1 res=0 battling=1 ctype=0 ptype=0
autobattle CHAR t=171323296 turn=2 cliT=2 myNo=0 afl=50000 cb=0 pb=0 subP=5 procN=10 actInf=0 menuF=0 tgtSel=0 resW=0 self=hp262/st0 pet=hp340/st0 validEnemy=2 fallback=16 delay=0 cmd=H|10 heal[en=1 tf=3 c=95 p=95 a=95 mag=3 selfP=99/mx263 petP=98/mx345] | enemies=10:st0/hp0/mx0/df0/fn0/lv0/v0 11:st0/hp0/mx0/df0/fn0/lv0/v0 12:st0/hp0/mx0/df0/fn0/lv0/v0 13:st0/hp0/mx0/df0/fn0/lv0/v0 14:st0/hp0/mx0/df0/fn0/lv0/v0 15:st0/hp0/mx23/df0/fn0/lv2/v0 16:st0/hp27/mx27/df0/fn4909D0/lv3/v1 17:st0/hp0/mx23/df0/fn0/lv2/v0 18:st0/hp31/mx31/df0/fn4909D0/lv3/v1 19:st0/hp0/mx0/df0/fn0/lv0/v0 
autobattle PET turn=2 myNo=0 row=0 si=0 seed=-2 target=16 validEnemy=2 minLv=3 pcEnable=0 cmd=W|0|10
autobattle tick cnt=515 smto=1 res=0 battling=1 ctype=0 ptype=0
autobattle CHAR t=171324156 turn=3 cliT=3 myNo=0 afl=40000 cb=0 pb=0 subP=5 procN=10 actInf=0 menuF=0 tgtSel=0 resW=0 self=hp262/st0 pet=hp340/st0 validEnemy=1 fallback=18 delay=0 cmd=H|12 heal[en=1 tf=3 c=95 p=95 a=95 mag=3 selfP=99/mx263 petP=98/mx345] | enemies=10:st0/hp0/mx0/df0/fn0/lv0/v0 11:st0/hp0/mx0/df0/fn0/lv0/v0 12:st0/hp0/mx0/df0/fn0/lv0/v0 13:st0/hp0/mx0/df0/fn0/lv0/v0 14:st0/hp0/mx0/df0/fn0/lv0/v0 15:st0/hp0/mx23/df0/fn0/lv2/v0 16:st0/hp0/mx27/df0/fn0/lv3/v0 17:st0/hp0/mx23/df0/fn0/lv2/v0 18:st0/hp31/mx31/df0/fn4909D0/lv3/v1 19:st0/hp0/mx0/df0/fn0/lv0/v0 
autobattle PET turn=3 myNo=0 row=0 si=0 seed=-2 target=18 validEnemy=1 minLv=3 pcEnable=0 cmd=W|0|12
autobattle tick cnt=530 smto=1 res=0 battling=1 ctype=0 ptype=0
autobattle CHAR t=171326125 turn=0 cliT=0 myNo=0 afl=F8C00 cb=0 pb=0 subP=3 procN=10 actInf=0 menuF=0 tgtSel=0 resW=0 self=hp262/st0 pet=hp340/st0 validEnemy=7 fallback=19 delay=0 cmd=H|13 heal[en=1 tf=3 c=95 p=95 a=95 mag=3 selfP=99/mx263 petP=98/mx345] | enemies=10:st0/hp31/mx31/df0/fn4909D0/lv3/v1 11:st0/hp23/mx23/df0/fn4909D0/lv2/v1 12:st0/hp0/mx0/df0/fn0/lv0/v0 13:st0/hp0/mx0/df0/fn0/lv0/v0 14:st0/hp0/mx0/df0/fn0/lv0/v0 15:st0/hp34/mx34/df0/fn4909D0/lv3/v1 16:st0/hp28/mx28/df0/fn4909D0/lv3/v1 17:st0/hp24/mx24/df0/fn4909D0/lv2/v1 18:st0/hp28/mx28/df0/fn4909D0/lv3/v1 19:st0/hp22/mx22/df0/fn4909D0/lv2/v1 
autobattle PET turn=0 myNo=0 row=0 si=0 seed=-2 target=19 validEnemy=7 minLv=2 pcEnable=0 cmd=W|0|13
autobattle tick cnt=547 smto=1 res=0 battling=1 ctype=0 ptype=0
autobattle tick cnt=563 smto=1 res=0 battling=1 ctype=0 ptype=0
autobattle CHAR t=171328171 turn=1 cliT=1 myNo=0 afl=78C00 cb=0 pb=0 subP=5 procN=10 actInf=0 menuF=0 tgtSel=0 resW=0 self=hp261/st0 pet=hp339/st0 validEnemy=6 fallback=17 delay=0 cmd=H|11 heal[en=1 tf=3 c=95 p=95 a=95 mag=3 selfP=99/mx263 petP=98/mx345] | enemies=10:st0/hp31/mx31/df0/fn4909D0/lv3/v1 11:st0/hp23/mx23/df0/fn4909D0/lv2/v1 12:st0/hp0/mx0/df0/fn0/lv0/v0 13:st0/hp0/mx0/df0/fn0/lv0/v0 14:st0/hp0/mx0/df0/fn0/lv0/v0 15:st0/hp34/mx34/df0/fn4909D0/lv3/v1 16:st0/hp28/mx28/df0/fn4909D0/lv3/v1 17:st0/hp24/mx24/df0/fn4909D0/lv2/v1 18:st0/hp28/mx28/df0/fn4909D0/lv3/v1 19:st0/hp0/mx22/df0/fn0/lv2/v0 
autobattle PET turn=1 myNo=0 row=0 si=0 seed=-2 target=17 validEnemy=6 minLv=2 pcEnable=0 cmd=W|0|11
autobattle tick cnt=580 smto=1 res=0 battling=1 ctype=0 ptype=0
autobattle CHAR t=171329890 turn=2 cliT=2 myNo=0 afl=58C00 cb=0 pb=0 subP=5 procN=10 actInf=0 menuF=0 tgtSel=0 resW=0 self=hp261/st0 pet=hp337/st0 validEnemy=5 fallback=15 delay=0 cmd=H|F heal[en=1 tf=3 c=95 p=95 a=95 mag=3 selfP=99/mx263 petP=97/mx345] | enemies=10:st0/hp31/mx31/df0/fn4909D0/lv3/v1 11:st0/hp23/mx23/df0/fn4909D0/lv2/v1 12:st0/hp0/mx0/df0/fn0/lv0/v0 13:st0/hp0/mx0/df0/fn0/lv0/v0 14:st0/hp0/mx0/df0/fn0/lv0/v0 15:st0/hp34/mx34/df0/fn4909D0/lv3/v1 16:st0/hp28/mx28/df0/fn4909D0/lv3/v1 17:st0/hp0/mx24/df0/fn0/lv2/v0 18:st0/hp28/mx28/df0/fn4909D0/lv3/v1 19:st0/hp0/mx22/df0/fn0/lv2/v0 
autobattle PET turn=2 myNo=0 row=0 si=0 seed=-2 target=15 validEnemy=5 minLv=2 pcEnable=0 cmd=W|0|F
autobattle tick cnt=597 smto=1 res=0 battling=1 ctype=0 ptype=0
autobattle tick cnt=614 smto=1 res=0 battling=1 ctype=0 ptype=0
autobattle CHAR t=171331421 turn=3 cliT=3 myNo=0 afl=50C00 cb=0 pb=0 subP=5 procN=10 actInf=0 menuF=0 tgtSel=0 resW=0 self=hp261/st0 pet=hp336/st0 validEnemy=4 fallback=16 delay=0 cmd=H|10 heal[en=1 tf=3 c=95 p=95 a=95 mag=3 selfP=99/mx263 petP=97/mx345] | enemies=10:st0/hp31/mx31/df0/fn4909D0/lv3/v1 11:st0/hp23/mx23/df0/fn4909D0/lv2/v1 12:st0/hp0/mx0/df0/fn0/lv0/v0 13:st0/hp0/mx0/df0/fn0/lv0/v0 14:st0/hp0/mx0/df0/fn0/lv0/v0 15:st0/hp0/mx34/df0/fn0/lv3/v0 16:st0/hp28/mx28/df0/fn4909D0/lv3/v1 17:st0/hp0/mx24/df0/fn0/lv2/v0 18:st0/hp28/mx28/df0/fn4909D0/lv3/v1 19:st0/hp0/mx22/df0/fn0/lv2/v0 
autobattle PET turn=3 myNo=0 row=0 si=0 seed=-2 target=16 validEnemy=4 minLv=2 pcEnable=0 cmd=W|0|10
autobattle tick cnt=631 smto=1 res=0 battling=1 ctype=0 ptype=0
autobattle CHAR t=171333031 turn=4 cliT=4 myNo=0 afl=800 cb=0 pb=0 subP=5 procN=10 actInf=0 menuF=0 tgtSel=0 resW=0 self=hp260/st0 pet=hp336/st0 validEnemy=1 fallback=11 delay=0 cmd=H|B heal[en=1 tf=3 c=95 p=95 a=95 mag=3 selfP=98/mx263 petP=97/mx345] | enemies=10:st0/hp0/mx31/df0/fn0/lv3/v0 11:st0/hp23/mx23/df0/fn4909D0/lv2/v1 12:st0/hp0/mx0/df0/fn0/lv0/v0 13:st0/hp0/mx0/df0/fn0/lv0/v0 14:st0/hp0/mx0/df0/fn0/lv0/v0 15:st0/hp0/mx34/df0/fn0/lv3/v0 16:st0/hp0/mx28/df0/fn0/lv3/v0 17:st0/hp0/mx24/df0/fn0/lv2/v0 18:st0/hp0/mx28/df0/fn0/lv3/v0 19:st0/hp0/mx22/df0/fn0/lv2/v0 
autobattle PET turn=4 myNo=0 row=0 si=0 seed=-2 target=11 validEnemy=1 minLv=2 pcEnable=0 cmd=W|0|B
autobattle tick cnt=648 smto=1 res=0 battling=1 ctype=0 ptype=0
autobattle CHAR t=171334203 turn=0 cliT=0 myNo=0 afl=F9C00 cb=0 pb=0 subP=3 procN=10 actInf=0 menuF=0 tgtSel=0 resW=0 self=hp260/st0 pet=hp336/st0 validEnemy=8 fallback=19 delay=0 cmd=H|13 heal[en=1 tf=3 c=95 p=95 a=95 mag=3 selfP=98/mx263 petP=97/mx345] | enemies=10:st0/hp33/mx33/df0/fn4909D0/lv3/v1 11:st0/hp23/mx23/df0/fn4909D0/lv2/v1 12:st0/hp33/mx33/df0/fn4909D0/lv3/v1 13:st0/hp0/mx0/df0/fn0/lv0/v0 14:st0/hp0/mx0/df0/fn0/lv0/v0 15:st0/hp23/mx23/df0/fn4909D0/lv2/v1 16:st0/hp32/mx32/df0/fn4909D0/lv3/v1 17:st0/hp22/mx22/df0/fn4909D0/lv2/v1 18:st0/hp25/mx25/df0/fn4909D0/lv2/v1 19:st0/hp22/mx22/df0/fn4909D0/lv2/v1 
autobattle PET turn=0 myNo=0 row=0 si=0 seed=-2 target=19 validEnemy=8 minLv=2 pcEnable=0 cmd=W|0|13
autobattle tick cnt=659 smto=1 res=0 battling=1 ctype=0 ptype=0
autobattle CHAR t=171335125 turn=1 cliT=1 myNo=0 afl=69C00 cb=0 pb=0 subP=5 procN=10 actInf=0 menuF=0 tgtSel=0 resW=0 self=hp260/st0 pet=hp336/st0 validEnemy=6 fallback=17 delay=0 cmd=H|11 heal[en=1 tf=3 c=95 p=95 a=95 mag=3 selfP=98/mx263 petP=97/mx345] | enemies=10:st0/hp33/mx33/df0/fn4909D0/lv3/v1 11:st0/hp23/mx23/df0/fn4909D0/lv2/v1 12:st0/hp33/mx33/df0/fn4909D0/lv3/v1 13:st0/hp0/mx0/df0/fn0/lv0/v0 14:st0/hp0/mx0/df0/fn0/lv0/v0 15:st0/hp23/mx23/df0/fn4909D0/lv2/v1 16:st0/hp0/mx32/df0/fn0/lv3/v0 17:st0/hp22/mx22/df0/fn4909D0/lv2/v1 18:st0/hp25/mx25/df0/fn4909D0/lv2/v1 19:st0/hp0/mx22/df0/fn0/lv2/v0 
autobattle PET turn=1 myNo=0 row=0 si=0 seed=-2 target=17 validEnemy=6 minLv=2 pcEnable=0 cmd=W|0|11
autobattle tick cnt=676 smto=1 res=0 battling=1 ctype=0 ptype=0
autobattle tick cnt=693 smto=1 res=0 battling=1 ctype=0 ptype=0
autobattle CHAR t=171337343 turn=2 cliT=2 myNo=0 afl=49000 cb=0 pb=0 subP=2 procN=10 actInf=0 menuF=0 tgtSel=0 resW=0 self=hp258/st0 pet=hp334/st0 validEnemy=3 fallback=15 delay=0 cmd=H|F heal[en=1 tf=3 c=95 p=95 a=95 mag=3 selfP=98/mx263 petP=96/mx345] | enemies=10:st0/hp0/mx33/df0/fn0/lv3/v0 11:st0/hp0/mx23/df0/fn0/lv2/v0 12:st0/hp33/mx33/df0/fn4909D0/lv3/v1 13:st0/hp0/mx0/df0/fn0/lv0/v0 14:st0/hp0/mx0/df0/fn0/lv0/v0 15:st0/hp23/mx23/df0/fn4909D0/lv2/v1 16:st0/hp0/mx32/df0/fn0/lv3/v0 17:st0/hp0/mx22/df0/fn0/lv2/v0 18:st0/hp25/mx25/df0/fn4909D0/lv2/v1 19:st0/hp0/mx22/df0/fn0/lv2/v0 
autobattle PET turn=2 myNo=0 row=0 si=0 seed=-2 target=15 validEnemy=3 minLv=2 pcEnable=0 cmd=W|0|F
autobattle tick cnt=710 smto=1 res=0 battling=1 ctype=0 ptype=0
autobattle tick cnt=727 smto=1 res=0 battling=1 ctype=0 ptype=0
autobattle CHAR t=171338515 turn=3 cliT=3 myNo=0 afl=1000 cb=0 pb=0 subP=5 procN=10 actInf=0 menuF=0 tgtSel=0 resW=0 self=hp257/st0 pet=hp334/st0 validEnemy=1 fallback=12 delay=0 cmd=H|C heal[en=1 tf=3 c=95 p=95 a=95 mag=3 selfP=97/mx263 petP=96/mx345] | enemies=10:st0/hp0/mx33/df0/fn0/lv3/v0 11:st0/hp0/mx23/df0/fn0/lv2/v0 12:st0/hp33/mx33/df0/fn4909D0/lv3/v1 13:st0/hp0/mx0/df0/fn0/lv0/v0 14:st0/hp0/mx0/df0/fn0/lv0/v0 15:st0/hp0/mx23/df0/fn0/lv2/v0 16:st0/hp0/mx32/df0/fn0/lv3/v0 17:st0/hp0/mx22/df0/fn0/lv2/v0 18:st0/hp0/mx25/df0/fn0/lv2/v0 19:st0/hp0/mx22/df0/fn0/lv2/v0 
autobattle PET turn=3 myNo=0 row=0 si=0 seed=-2 target=12 validEnemy=1 minLv=3 pcEnable=0 cmd=W|0|C
autobattle tick cnt=740 smto=1 res=0 battling=1 ctype=0 ptype=0
autobattle CHAR t=171339625 turn=0 cliT=0 myNo=0 afl=18000 cb=0 pb=0 subP=3 procN=10 actInf=0 menuF=0 tgtSel=0 resW=0 self=hp257/st0 pet=hp334/st0 validEnemy=2 fallback=15 delay=0 cmd=H|F heal[en=1 tf=3 c=95 p=95 a=95 mag=3 selfP=97/mx263 petP=96/mx345] | enemies=10:st0/hp0/mx0/df0/fn0/lv0/v0 11:st0/hp0/mx0/df0/fn0/lv0/v0 12:st0/hp0/mx0/df0/fn0/lv0/v0 13:st0/hp0/mx0/df0/fn0/lv0/v0 14:st0/hp0/mx0/df0/fn0/lv0/v0 15:st0/hp19/mx19/df0/fn4909D0/lv2/v1 16:st0/hp21/mx21/df0/fn4909D0/lv2/v1 17:st0/hp0/mx0/df0/fn0/lv0/v0 18:st0/hp0/mx0/df0/fn0/lv0/v0 19:st0/hp0/mx0/df0/fn0/lv0/v0 
autobattle PET turn=0 myNo=0 row=0 si=0 seed=-2 target=15 validEnemy=2 minLv=2 pcEnable=0 cmd=W|0|F
autobattle tick cnt=757 smto=1 res=0 battling=1 ctype=0 ptype=0
autobattle tick cnt=759 smto=1 res=0 battling=1 ctype=0 ptype=0
autobattle CHAR t=171341890 turn=0 cliT=0 myNo=0 afl=F8400 cb=0 pb=0 subP=3 procN=10 actInf=0 menuF=0 tgtSel=0 resW=0 self=hp257/st0 pet=hp334/st0 validEnemy=6 fallback=19 delay=0 cmd=H|13 heal[en=1 tf=3 c=95 p=95 a=95 mag=3 selfP=97/mx263 petP=96/mx345] | enemies=10:st0/hp20/mx20/df0/fn4909D0/lv2/v1 11:st0/hp0/mx0/df0/fn0/lv0/v0 12:st0/hp0/mx0/df0/fn0/lv0/v0 13:st0/hp0/mx0/df0/fn0/lv0/v0 14:st0/hp0/mx0/df0/fn0/lv0/v0 15:st0/hp23/mx23/df0/fn4909D0/lv2/v1 16:st0/hp27/mx27/df0/fn4909D0/lv3/v1 17:st0/hp21/mx21/df0/fn4909D0/lv2/v1 18:st0/hp21/mx21/df0/fn4909D0/lv2/v1 19:st0/hp20/mx20/df0/fn4909D0/lv2/v1 
autobattle PET turn=0 myNo=0 row=0 si=0 seed=-2 target=19 validEnemy=6 minLv=2 pcEnable=0 cmd=W|0|13
autobattle tick cnt=776 smto=1 res=0 battling=1 ctype=0 ptype=0
autobattle CHAR t=171343625 turn=1 cliT=1 myNo=0 afl=78400 cb=0 pb=0 subP=3 procN=10 actInf=3 menuF=0 tgtSel=0 resW=0 self=hp255/st0 pet=hp332/st0 validEnemy=5 fallback=17 delay=0 cmd=H|11 heal[en=1 tf=3 c=95 p=95 a=95 mag=3 selfP=96/mx263 petP=96/mx345] | enemies=10:st0/hp20/mx20/df0/fn4909D0/lv2/v1 11:st0/hp0/mx0/df0/fn0/lv0/v0 12:st0/hp0/mx0/df0/fn0/lv0/v0 13:st0/hp0/mx0/df0/fn0/lv0/v0 14:st0/hp0/mx0/df0/fn0/lv0/v0 15:st0/hp23/mx23/df0/fn4909D0/lv2/v1 16:st0/hp27/mx27/df0/fn4909D0/lv3/v1 17:st0/hp21/mx21/df0/fn4909D0/lv2/v1 18:st0/hp21/mx21/df0/fn4909D0/lv2/v1 19:st0/hp0/mx20/df0/fn0/lv2/v0 
autobattle PET turn=1 myNo=0 row=0 si=0 seed=-2 target=17 validEnemy=5 minLv=2 pcEnable=0 cmd=W|0|11
autobattle tick cnt=793 smto=1 res=0 battling=1 ctype=0 ptype=0
autobattle tick cnt=810 smto=1 res=0 battling=1 ctype=0 ptype=0
autobattle CHAR t=171345546 turn=2 cliT=2 myNo=0 afl=58000 cb=0 pb=0 subP=5 procN=10 actInf=0 menuF=0 tgtSel=0 resW=0 self=hp255/st0 pet=hp330/st0 validEnemy=3 fallback=15 delay=0 cmd=J|0|14 heal[en=1 tf=3 c=95 p=95 a=95 mag=3 selfP=96/mx263 petP=95/mx345] | enemies=10:st0/hp0/mx20/df0/fn0/lv2/v0 11:st0/hp0/mx0/df0/fn0/lv0/v0 12:st0/hp0/mx0/df0/fn0/lv0/v0 13:st0/hp0/mx0/df0/fn0/lv0/v0 14:st0/hp0/mx0/df0/fn0/lv0/v0 15:st0/hp23/mx23/df0/fn4909D0/lv2/v1 16:st0/hp27/mx27/df0/fn4909D0/lv3/v1 17:st0/hp0/mx21/df0/fn0/lv2/v0 18:st0/hp21/mx21/df0/fn4909D0/lv2/v1 19:st0/hp0/mx20/df0/fn0/lv2/v0 
autobattle PET turn=2 myNo=0 row=0 si=0 seed=-2 target=15 validEnemy=3 minLv=2 pcEnable=0 cmd=W|0|F
autobattle tick cnt=826 smto=1 res=0 battling=1 ctype=0 ptype=0
autobattle CHAR t=171346828 turn=3 cliT=3 myNo=0 afl=50000 cb=0 pb=0 subP=5 procN=10 actInf=0 menuF=0 tgtSel=0 resW=0 self=hp262/st0 pet=hp344/st0 validEnemy=2 fallback=16 delay=0 cmd=H|10 heal[en=1 tf=3 c=95 p=95 a=95 mag=3 selfP=99/mx263 petP=99/mx345] | enemies=10:st0/hp0/mx20/df0/fn0/lv2/v0 11:st0/hp0/mx0/df0/fn0/lv0/v0 12:st0/hp0/mx0/df0/fn0/lv0/v0 13:st0/hp0/mx0/df0/fn0/lv0/v0 14:st0/hp0/mx0/df0/fn0/lv0/v0 15:st0/hp0/mx23/df0/fn0/lv2/v0 16:st0/hp27/mx27/df0/fn4909D0/lv3/v1 17:st0/hp0/mx21/df0/fn0/lv2/v0 18:st0/hp21/mx21/df0/fn4909D0/lv2/v1 19:st0/hp0/mx20/df0/fn0/lv2/v0 
autobattle PET turn=3 myNo=0 row=0 si=0 seed=-2 target=16 validEnemy=2 minLv=2 pcEnable=0 cmd=W|0|10
autobattle tick cnt=843 smto=1 res=0 battling=1 ctype=0 ptype=0
autobattle tick cnt=859 smto=1 res=0 battling=1 ctype=0 ptype=0
autobattle CHAR t=171349046 turn=0 cliT=0 myNo=0 afl=F8000 cb=0 pb=0 subP=3 procN=10 actInf=0 menuF=0 tgtSel=0 resW=0 self=hp262/st0 pet=hp344/st0 validEnemy=5 fallback=19 delay=0 cmd=H|13 heal[en=1 tf=3 c=95 p=95 a=95 mag=3 selfP=99/mx263 petP=99/mx345] | enemies=10:st0/hp0/mx0/df0/fn0/lv0/v0 11:st0/hp0/mx0/df0/fn0/lv0/v0 12:st0/hp0/mx0/df0/fn0/lv0/v0 13:st0/hp0/mx0/df0/fn0/lv0/v0 14:st0/hp0/mx0/df0/fn0/lv0/v0 15:st0/hp34/mx34/df0/fn4909D0/lv3/v1 16:st0/hp30/mx30/df0/fn4909D0/lv2/v1 17:st0/hp30/mx30/df0/fn4909D0/lv2/v1 18:st0/hp28/mx28/df0/fn4909D0/lv2/v1 19:st0/hp38/mx38/df0/fn4909D0/lv3/v1 
autobattle PET turn=0 myNo=0 row=0 si=0 seed=-2 target=19 validEnemy=5 minLv=2 pcEnable=0 cmd=W|0|13
autobattle tick cnt=876 smto=1 res=0 battling=1 ctype=0 ptype=0
autobattle CHAR t=171350281 turn=1 cliT=1 myNo=0 afl=78000 cb=0 pb=0 subP=5 procN=10 actInf=0 menuF=0 tgtSel=0 resW=0 self=hp262/st0 pet=hp341/st0 validEnemy=4 fallback=17 delay=0 cmd=H|11 heal[en=1 tf=3 c=95 p=95 a=95 mag=3 selfP=99/mx263 petP=98/mx345] | enemies=10:st0/hp0/mx0/df0/fn0/lv0/v0 11:st0/hp0/mx0/df0/fn0/lv0/v0 12:st0/hp0/mx0/df0/fn0/lv0/v0 13:st0/hp0/mx0/df0/fn0/lv0/v0 14:st0/hp0/mx0/df0/fn0/lv0/v0 15:st0/hp34/mx34/df0/fn4909D0/lv3/v1 16:st0/hp30/mx30/df0/fn4909D0/lv2/v1 17:st0/hp30/mx30/df0/fn4909D0/lv2/v1 18:st0/hp28/mx28/df0/fn4909D0/lv2/v1 19:st0/hp0/mx38/df0/fn0/lv3/v0 
autobattle PET turn=1 myNo=0 row=0 si=0 seed=-2 target=17 validEnemy=4 minLv=2 pcEnable=0 cmd=W|0|11
autobattle tick cnt=893 smto=1 res=0 battling=1 ctype=0 ptype=0
autobattle CHAR t=171351640 turn=2 cliT=2 myNo=0 afl=58000 cb=0 pb=0 subP=5 procN=10 actInf=0 menuF=0 tgtSel=0 resW=0 self=hp262/st0 pet=hp339/st0 validEnemy=3 fallback=15 delay=0 cmd=H|F heal[en=1 tf=3 c=95 p=95 a=95 mag=3 selfP=99/mx263 petP=98/mx345] | enemies=10:st0/hp0/mx0/df0/fn0/lv0/v0 11:st0/hp0/mx0/df0/fn0/lv0/v0 12:st0/hp0/mx0/df0/fn0/lv0/v0 13:st0/hp0/mx0/df0/fn0/lv0/v0 14:st0/hp0/mx0/df0/fn0/lv0/v0 15:st0/hp34/mx34/df0/fn4909D0/lv3/v1 16:st0/hp30/mx30/df0/fn4909D0/lv2/v1 17:st0/hp0/mx30/df0/fn0/lv2/v0 18:st0/hp28/mx28/df0/fn4909D0/lv2/v1 19:st0/hp0/mx38/df0/fn0/lv3/v0 
autobattle PET turn=2 myNo=0 row=0 si=0 seed=-2 target=15 validEnemy=3 minLv=2 pcEnable=0 cmd=W|0|F
autobattle tick cnt=909 smto=1 res=0 battling=1 ctype=0 ptype=0
autobattle CHAR t=171352750 turn=3 cliT=3 myNo=0 afl=50000 cb=0 pb=0 subP=5 procN=10 actInf=0 menuF=0 tgtSel=0 resW=0 self=hp262/st0 pet=hp339/st0 validEnemy=2 fallback=16 delay=0 cmd=H|10 heal[en=1 tf=3 c=95 p=95 a=95 mag=3 selfP=99/mx263 petP=98/mx345] | enemies=10:st0/hp0/mx0/df0/fn0/lv0/v0 11:st0/hp0/mx0/df0/fn0/lv0/v0 12:st0/hp0/mx0/df0/fn0/lv0/v0 13:st0/hp0/mx0/df0/fn0/lv0/v0 14:st0/hp0/mx0/df0/fn0/lv0/v0 15:st0/hp0/mx34/df0/fn0/lv3/v0 16:st0/hp30/mx30/df0/fn4909D0/lv2/v1 17:st0/hp0/mx30/df0/fn0/lv2/v0 18:st0/hp28/mx28/df0/fn4909D0/lv2/v1 19:st0/hp0/mx38/df0/fn0/lv3/v0 
autobattle PET turn=3 myNo=0 row=0 si=0 seed=-2 target=16 validEnemy=2 minLv=2 pcEnable=0 cmd=W|0|10
autobattle tick cnt=925 smto=1 res=0 battling=1 ctype=0 ptype=0
autobattle CHAR t=171353687 turn=4 cliT=4 myNo=0 afl=40000 cb=0 pb=0 subP=5 procN=10 actInf=0 menuF=0 tgtSel=0 resW=0 self=hp262/st0 pet=hp339/st0 validEnemy=1 fallback=18 delay=0 cmd=H|12 heal[en=1 tf=3 c=95 p=95 a=95 mag=3 selfP=99/mx263 petP=98/mx345] | enemies=10:st0/hp0/mx0/df0/fn0/lv0/v0 11:st0/hp0/mx0/df0/fn0/lv0/v0 12:st0/hp0/mx0/df0/fn0/lv0/v0 13:st0/hp0/mx0/df0/fn0/lv0/v0 14:st0/hp0/mx0/df0/fn0/lv0/v0 15:st0/hp0/mx34/df0/fn0/lv3/v0 16:st0/hp0/mx30/df0/fn0/lv2/v0 17:st0/hp0/mx30/df0/fn0/lv2/v0 18:st0/hp28/mx28/df0/fn4909D0/lv2/v1 19:st0/hp0/mx38/df0/fn0/lv3/v0 
autobattle PET turn=4 myNo=0 row=0 si=0 seed=-2 target=18 validEnemy=1 minLv=2 pcEnable=0 cmd=W|0|12
autobattle tick cnt=942 smto=1 res=0 battling=1 ctype=0 ptype=0
autobattle tick cnt=946 smto=1 res=0 battling=1 ctype=0 ptype=0
autobattle CHAR t=171357015 turn=0 cliT=0 myNo=0 afl=F8000 cb=0 pb=0 subP=3 procN=10 actInf=0 menuF=0 tgtSel=0 resW=0 self=hp262/st0 pet=hp339/st0 validEnemy=5 fallback=19 delay=0 cmd=H|13 heal[en=1 tf=3 c=95 p=95 a=95 mag=3 selfP=99/mx263 petP=98/mx345] | enemies=10:st0/hp0/mx0/df0/fn0/lv0/v0 11:st0/hp0/mx0/df0/fn0/lv0/v0 12:st0/hp0/mx0/df0/fn0/lv0/v0 13:st0/hp0/mx0/df0/fn0/lv0/v0 14:st0/hp0/mx0/df0/fn0/lv0/v0 15:st0/hp52/mx52/df0/fn4909D0/lv4/v1 16:st0/hp52/mx52/df0/fn4909D0/lv4/v1 17:st0/hp45/mx45/df0/fn4909D0/lv3/v1 18:st0/hp47/mx47/df0/fn4909D0/lv4/v1 19:st0/hp52/mx52/df0/fn4909D0/lv4/v1 
autobattle PET turn=0 myNo=0 row=0 si=0 seed=-2 target=19 validEnemy=5 minLv=3 pcEnable=0 cmd=W|0|13
autobattle tick cnt=963 smto=1 res=0 battling=1 ctype=0 ptype=0
autobattle tick cnt=980 smto=1 res=0 battling=1 ctype=0 ptype=0
autobattle CHAR t=171359468 turn=1 cliT=1 myNo=0 afl=C0000 cb=0 pb=0 subP=5 procN=10 actInf=0 menuF=0 tgtSel=0 resW=0 self=hp262/st0 pet=hp339/st0 validEnemy=2 fallback=19 delay=0 cmd=H|13 heal[en=1 tf=3 c=95 p=95 a=95 mag=3 selfP=99/mx263 petP=98/mx345] | enemies=10:st0/hp0/mx0/df0/fn0/lv0/v0 11:st0/hp0/mx0/df0/fn0/lv0/v0 12:st0/hp0/mx0/df0/fn0/lv0/v0 13:st0/hp0/mx0/df0/fn0/lv0/v0 14:st0/hp0/mx0/df0/fn0/lv0/v0 15:st0/hp0/mx52/df0/fn0/lv4/v0 16:st0/hp0/mx52/df0/fn0/lv4/v0 17:st0/hp0/mx45/df0/fn0/lv3/v0 18:st0/hp47/mx47/df0/fn4909D0/lv4/v1 19:st0/hp36/mx52/df0/fn4909D0/lv4/v1 
autobattle PET turn=1 myNo=0 row=0 si=0 seed=-2 target=19 validEnemy=2 minLv=4 pcEnable=0 cmd=W|0|13
autobattle tick cnt=997 smto=1 res=0 battling=1 ctype=0 ptype=0
autobattle CHAR t=171360328 turn=2 cliT=2 myNo=0 afl=40000 cb=0 pb=0 subP=5 procN=10 actInf=0 menuF=0 tgtSel=0 resW=0 self=hp262/st0 pet=hp339/st0 validEnemy=1 fallback=18 delay=0 cmd=H|12 heal[en=1 tf=3 c=95 p=95 a=95 mag=3 selfP=99/mx263 petP=98/mx345] | enemies=10:st0/hp0/mx0/df0/fn0/lv0/v0 11:st0/hp0/mx0/df0/fn0/lv0/v0 12:st0/hp0/mx0/df0/fn0/lv0/v0 13:st0/hp0/mx0/df0/fn0/lv0/v0 14:st0/hp0/mx0/df0/fn0/lv0/v0 15:st0/hp0/mx52/df0/fn0/lv4/v0 16:st0/hp0/mx52/df0/fn0/lv4/v0 17:st0/hp0/mx45/df0/fn0/lv3/v0 18:st0/hp47/mx47/df0/fn4909D0/lv4/v1 19:st0/hp0/mx52/df0/fn0/lv4/v0 
autobattle PET turn=2 myNo=0 row=0 si=0 seed=-2 target=18 validEnemy=1 minLv=4 pcEnable=0 cmd=W|0|12
autobattle CHAR t=171361031 turn=3 cliT=3 myNo=0 afl=40000 cb=0 pb=0 subP=5 procN=10 actInf=0 menuF=0 tgtSel=0 resW=0 self=hp262/st0 pet=hp339/st0 validEnemy=1 fallback=18 delay=0 cmd=H|12 heal[en=1 tf=3 c=95 p=95 a=95 mag=3 selfP=99/mx263 petP=98/mx345] | enemies=10:st0/hp0/mx0/df0/fn0/lv0/v0 11:st0/hp0/mx0/df0/fn0/lv0/v0 12:st0/hp0/mx0/df0/fn0/lv0/v0 13:st0/hp0/mx0/df0/fn0/lv0/v0 14:st0/hp0/mx0/df0/fn0/lv0/v0 15:st0/hp0/mx52/df0/fn0/lv4/v0 16:st0/hp0/mx52/df0/fn0/lv4/v0 17:st0/hp0/mx45/df0/fn0/lv3/v0 18:st0/hp8/mx47/df0/fn4909D0/lv4/v1 19:st0/hp0/mx52/df0/fn0/lv4/v0 
autobattle PET turn=3 myNo=0 row=0 si=0 seed=-2 target=18 validEnemy=1 minLv=4 pcEnable=0 cmd=W|0|12
autobattle tick cnt=1013 smto=1 res=0 battling=1 ctype=0 ptype=0
autobattle tick cnt=1025 smto=1 res=0 battling=1 ctype=0 ptype=0
autobattle CHAR t=171366671 turn=0 cliT=0 myNo=0 afl=8000 cb=0 pb=0 subP=3 procN=10 actInf=0 menuF=0 tgtSel=0 resW=0 self=hp262/st0 pet=hp339/st0 validEnemy=1 fallback=15 delay=0 cmd=H|F heal[en=1 tf=3 c=95 p=95 a=95 mag=3 selfP=99/mx263 petP=98/mx345] | enemies=10:st0/hp0/mx0/df0/fn0/lv0/v0 11:st0/hp0/mx0/df0/fn0/lv0/v0 12:st0/hp0/mx0/df0/fn0/lv0/v0 13:st0/hp0/mx0/df0/fn0/lv0/v0 14:st0/hp0/mx0/df0/fn0/lv0/v0 15:st0/hp28/mx28/df0/fn4909D0/lv2/v1 16:st0/hp0/mx0/df0/fn0/lv0/v0 17:st0/hp0/mx0/df0/fn0/lv0/v0 18:st0/hp0/mx0/df0/fn0/lv0/v0 19:st0/hp0/mx0/df0/fn0/lv0/v0 
autobattle PET turn=0 myNo=0 row=0 si=0 seed=-2 target=15 validEnemy=1 minLv=2 pcEnable=0 cmd=W|0|F
autobattle tick cnt=1038 smto=1 res=0 battling=1 ctype=0 ptype=0
autobattle CHAR t=171368328 turn=0 cliT=0 myNo=0 afl=18000 cb=0 pb=0 subP=3 procN=10 actInf=0 menuF=0 tgtSel=0 resW=0 self=hp262/st0 pet=hp339/st0 validEnemy=2 fallback=15 delay=0 cmd=H|F heal[en=1 tf=3 c=95 p=95 a=95 mag=3 selfP=99/mx263 petP=98/mx345] | enemies=10:st0/hp0/mx0/df0/fn0/lv0/v0 11:st0/hp0/mx0/df0/fn0/lv0/v0 12:st0/hp0/mx0/df0/fn0/lv0/v0 13:st0/hp0/mx0/df0/fn0/lv0/v0 14:st0/hp0/mx0/df0/fn0/lv0/v0 15:st0/hp23/mx23/df0/fn4909D0/lv2/v1 16:st0/hp27/mx27/df0/fn4909D0/lv3/v1 17:st0/hp0/mx0/df0/fn0/lv0/v0 18:st0/hp0/mx0/df0/fn0/lv0/v0 19:st0/hp0/mx0/df0/fn0/lv0/v0 
autobattle PET turn=0 myNo=0 row=0 si=0 seed=-2 target=15 validEnemy=2 minLv=2 pcEnable=0 cmd=W|0|F
autobattle tick cnt=1055 smto=1 res=0 battling=1 ctype=0 ptype=0
autobattle tick cnt=1057 smto=1 res=0 battling=1 ctype=0 ptype=0
autobattle CHAR t=171370546 turn=0 cliT=0 myNo=0 afl=18000 cb=0 pb=0 subP=3 procN=10 actInf=0 menuF=0 tgtSel=0 resW=0 self=hp262/st0 pet=hp339/st0 validEnemy=2 fallback=15 delay=0 cmd=H|F heal[en=1 tf=3 c=95 p=95 a=95 mag=3 selfP=99/mx263 petP=98/mx345] | enemies=10:st0/hp0/mx0/df0/fn0/lv0/v0 11:st0/hp0/mx0/df0/fn0/lv0/v0 12:st0/hp0/mx0/df0/fn0/lv0/v0 13:st0/hp0/mx0/df0/fn0/lv0/v0 14:st0/hp0/mx0/df0/fn0/lv0/v0 15:st0/hp31/mx31/df0/fn4909D0/lv2/v1 16:st0/hp35/mx35/df0/fn4909D0/lv3/v1 17:st0/hp0/mx0/df0/fn0/lv0/v0 18:st0/hp0/mx0/df0/fn0/lv0/v0 19:st0/hp0/mx0/df0/fn0/lv0/v0 
autobattle PET turn=0 myNo=0 row=0 si=0 seed=-2 target=15 validEnemy=2 minLv=2 pcEnable=0 cmd=W|0|F
autobattle tick cnt=1074 smto=1 res=0 battling=1 ctype=0 ptype=0
autobattle CHAR t=171372078 turn=0 cliT=0 myNo=0 afl=18000 cb=0 pb=0 subP=3 procN=10 actInf=0 menuF=0 tgtSel=0 resW=0 self=hp262/st0 pet=hp339/st0 validEnemy=2 fallback=15 delay=0 cmd=H|F heal[en=1 tf=3 c=95 p=95 a=95 mag=3 selfP=99/mx263 petP=98/mx345] | enemies=10:st0/hp0/mx0/df0/fn0/lv0/v0 11:st0/hp0/mx0/df0/fn0/lv0/v0 12:st0/hp0/mx0/df0/fn0/lv0/v0 13:st0/hp0/mx0/df0/fn0/lv0/v0 14:st0/hp0/mx0/df0/fn0/lv0/v0 15:st0/hp38/mx38/df0/fn4909D0/lv2/v1 16:st0/hp45/mx45/df0/fn4909D0/lv3/v1 17:st0/hp0/mx0/df0/fn0/lv0/v0 18:st0/hp0/mx0/df0/fn0/lv0/v0 19:st0/hp0/mx0/df0/fn0/lv0/v0 
autobattle PET turn=0 myNo=0 row=0 si=0 seed=-2 target=15 validEnemy=2 minLv=2 pcEnable=0 cmd=W|0|F
autobattle tick cnt=1085 smto=1 res=0 battling=1 ctype=0 ptype=0
autobattle tick cnt=1096 smto=1 res=0 battling=1 ctype=0 ptype=0
autobattle CHAR t=171374843 turn=0 cliT=0 myNo=0 afl=F8000 cb=0 pb=0 subP=3 procN=10 actInf=0 menuF=0 tgtSel=0 resW=0 self=hp262/st0 pet=hp339/st0 validEnemy=5 fallback=19 delay=0 cmd=H|13 heal[en=1 tf=3 c=95 p=95 a=95 mag=3 selfP=99/mx263 petP=98/mx345] | enemies=10:st0/hp0/mx0/df0/fn0/lv0/v0 11:st0/hp0/mx0/df0/fn0/lv0/v0 12:st0/hp0/mx0/df0/fn0/lv0/v0 13:st0/hp0/mx0/df0/fn0/lv0/v0 14:st0/hp0/mx0/df0/fn0/lv0/v0 15:st0/hp49/mx49/df0/fn4909D0/lv4/v1 16:st0/hp50/mx50/df0/fn4909D0/lv4/v1 17:st0/hp52/mx52/df0/fn4909D0/lv4/v1 18:st0/hp43/mx43/df0/fn4909D0/lv3/v1 19:st0/hp38/mx38/df0/fn4909D0/lv2/v1 
autobattle PET turn=0 myNo=0 row=0 si=0 seed=-2 target=19 validEnemy=5 minLv=2 pcEnable=0 cmd=W|0|13
autobattle tick cnt=1113 smto=1 res=0 battling=1 ctype=0 ptype=0
autobattle CHAR t=171376203 turn=1 cliT=1 myNo=0 afl=78000 cb=0 pb=0 subP=4 procN=10 actInf=0 menuF=0 tgtSel=0 resW=0 self=hp259/st0 pet=hp338/st0 validEnemy=4 fallback=17 delay=0 cmd=H|11 heal[en=1 tf=3 c=95 p=95 a=95 mag=3 selfP=98/mx263 petP=97/mx345] | enemies=10:st0/hp0/mx0/df0/fn0/lv0/v0 11:st0/hp0/mx0/df0/fn0/lv0/v0 12:st0/hp0/mx0/df0/fn0/lv0/v0 13:st0/hp0/mx0/df0/fn0/lv0/v0 14:st0/hp0/mx0/df0/fn0/lv0/v0 15:st0/hp49/mx49/df0/fn4909D0/lv4/v1 16:st0/hp50/mx50/df0/fn4909D0/lv4/v1 17:st0/hp52/mx52/df0/fn4909D0/lv4/v1 18:st0/hp43/mx43/df0/fn4909D0/lv3/v1 19:st0/hp0/mx38/df0/fn0/lv2/v0 
autobattle PET turn=1 myNo=0 row=0 si=0 seed=-2 target=17 validEnemy=4 minLv=3 pcEnable=0 cmd=W|0|11
autobattle tick cnt=1130 smto=1 res=0 battling=1 ctype=0 ptype=0
autobattle CHAR t=171377437 turn=2 cliT=2 myNo=0 afl=58000 cb=0 pb=0 subP=5 procN=10 actInf=0 menuF=0 tgtSel=0 resW=0 self=hp259/st0 pet=hp338/st0 validEnemy=3 fallback=15 delay=0 cmd=H|F heal[en=1 tf=3 c=95 p=95 a=95 mag=3 selfP=98/mx263 petP=97/mx345] | enemies=10:st0/hp0/mx0/df0/fn0/lv0/v0 11:st0/hp0/mx0/df0/fn0/lv0/v0 12:st0/hp0/mx0/df0/fn0/lv0/v0 13:st0/hp0/mx0/df0/fn0/lv0/v0 14:st0/hp0/mx0/df0/fn0/lv0/v0 15:st0/hp49/mx49/df0/fn4909D0/lv4/v1 16:st0/hp50/mx50/df0/fn4909D0/lv4/v1 17:st0/hp0/mx52/df0/fn0/lv4/v0 18:st0/hp43/mx43/df0/fn4909D0/lv3/v1 19:st0/hp0/mx38/df0/fn0/lv2/v0 
autobattle PET turn=2 myNo=0 row=0 si=0 seed=-2 target=15 validEnemy=3 minLv=3 pcEnable=0 cmd=W|0|F
autobattle tick cnt=1146 smto=1 res=0 battling=1 ctype=0 ptype=0
autobattle CHAR t=171378484 turn=3 cliT=3 myNo=0 afl=50000 cb=0 pb=0 subP=5 procN=10 actInf=0 menuF=0 tgtSel=0 resW=0 self=hp259/st0 pet=hp337/st0 validEnemy=2 fallback=16 delay=0 cmd=H|10 heal[en=1 tf=3 c=95 p=95 a=95 mag=3 selfP=98/mx263 petP=97/mx345] | enemies=10:st0/hp0/mx0/df0/fn0/lv0/v0 11:st0/hp0/mx0/df0/fn0/lv0/v0 12:st0/hp0/mx0/df0/fn0/lv0/v0 13:st0/hp0/mx0/df0/fn0/lv0/v0 14:st0/hp0/mx0/df0/fn0/lv0/v0 15:st0/hp0/mx49/df0/fn0/lv4/v0 16:st0/hp50/mx50/df0/fn4909D0/lv4/v1 17:st0/hp0/mx52/df0/fn0/lv4/v0 18:st0/hp43/mx43/df0/fn4909D0/lv3/v1 19:st0/hp0/mx38/df0/fn0/lv2/v0 
autobattle PET turn=3 myNo=0 row=0 si=0 seed=-2 target=16 validEnemy=2 minLv=3 pcEnable=0 cmd=W|0|10
autobattle tick cnt=1163 smto=1 res=0 battling=1 ctype=0 ptype=0
autobattle tick cnt=1173 smto=1 res=0 battling=1 ctype=0 ptype=0
autobattle CHAR t=171382609 turn=0 cliT=0 myNo=0 afl=18000 cb=0 pb=0 subP=3 procN=10 actInf=0 menuF=0 tgtSel=0 resW=0 self=hp259/st0 pet=hp337/st0 validEnemy=2 fallback=15 delay=0 cmd=H|F heal[en=1 tf=3 c=95 p=95 a=95 mag=3 selfP=98/mx263 petP=97/mx345] | enemies=10:st0/hp0/mx0/df0/fn0/lv0/v0 11:st0/hp0/mx0/df0/fn0/lv0/v0 12:st0/hp0/mx0/df0/fn0/lv0/v0 13:st0/hp0/mx0/df0/fn0/lv0/v0 14:st0/hp0/mx0/df0/fn0/lv0/v0 15:st0/hp29/mx29/df0/fn4909D0/lv2/v1 16:st0/hp35/mx35/df0/fn4909D0/lv3/v1 17:st0/hp0/mx0/df0/fn0/lv0/v0 18:st0/hp0/mx0/df0/fn0/lv0/v0 19:st0/hp0/mx0/df0/fn0/lv0/v0 
autobattle PET turn=0 myNo=0 row=0 si=0 seed=-2 target=15 validEnemy=2 minLv=2 pcEnable=0 cmd=W|0|F
autobattle tick cnt=1189 smto=1 res=0 battling=1 ctype=0 ptype=0
autobattle CHAR t=171383546 turn=1 cliT=1 myNo=0 afl=10000 cb=0 pb=0 subP=5 procN=10 actInf=0 menuF=0 tgtSel=0 resW=0 self=hp259/st0 pet=hp337/st0 validEnemy=1 fallback=16 delay=0 cmd=H|10 heal[en=1 tf=3 c=95 p=95 a=95 mag=3 selfP=98/mx263 petP=97/mx345] | enemies=10:st0/hp0/mx0/df0/fn0/lv0/v0 11:st0/hp0/mx0/df0/fn0/lv0/v0 12:st0/hp0/mx0/df0/fn0/lv0/v0 13:st0/hp0/mx0/df0/fn0/lv0/v0 14:st0/hp0/mx0/df0/fn0/lv0/v0 15:st0/hp0/mx29/df0/fn0/lv2/v0 16:st0/hp35/mx35/df0/fn4909D0/lv3/v1 17:st0/hp0/mx0/df0/fn0/lv0/v0 18:st0/hp0/mx0/df0/fn0/lv0/v0 19:st0/hp0/mx0/df0/fn0/lv0/v0 
autobattle PET turn=1 myNo=0 row=0 si=0 seed=-2 target=16 validEnemy=1 minLv=3 pcEnable=0 cmd=W|0|10
autobattle tick cnt=1201 smto=1 res=0 battling=1 ctype=0 ptype=0
autobattle CHAR t=171385578 turn=0 cliT=0 myNo=0 afl=18000 cb=0 pb=0 subP=3 procN=10 actInf=0 menuF=0 tgtSel=0 resW=0 self=hp259/st0 pet=hp337/st0 validEnemy=2 fallback=15 delay=0 cmd=H|F heal[en=1 tf=3 c=95 p=95 a=95 mag=3 selfP=98/mx263 petP=97/mx345] | enemies=10:st0/hp0/mx0/df0/fn0/lv0/v0 11:st0/hp0/mx0/df0/fn0/lv0/v0 12:st0/hp0/mx0/df0/fn0/lv0/v0 13:st0/hp0/mx0/df0/fn0/lv0/v0 14:st0/hp0/mx0/df0/fn0/lv0/v0 15:st0/hp25/mx25/df0/fn4909D0/lv3/v1 16:st0/hp25/mx25/df0/fn4909D0/lv3/v1 17:st0/hp0/mx0/df0/fn0/lv0/v0 18:st0/hp0/mx0/df0/fn0/lv0/v0 19:st0/hp0/mx0/df0/fn0/lv0/v0 
autobattle PET turn=0 myNo=0 row=0 si=0 seed=-2 target=15 validEnemy=2 minLv=3 pcEnable=0 cmd=W|0|F
autobattle tick cnt=1218 smto=1 res=0 battling=1 ctype=0 ptype=0
autobattle tick cnt=1221 smto=1 res=0 battling=1 ctype=0 ptype=0
autobattle CHAR t=171387921 turn=0 cliT=0 myNo=0 afl=F9C00 cb=0 pb=0 subP=3 procN=10 actInf=0 menuF=0 tgtSel=0 resW=0 self=hp259/st0 pet=hp337/st0 validEnemy=8 fallback=19 delay=0 cmd=H|13 heal[en=1 tf=3 c=95 p=95 a=95 mag=3 selfP=98/mx263 petP=97/mx345] | enemies=10:st0/hp32/mx32/df0/fn4909D0/lv3/v1 11:st0/hp34/mx34/df0/fn4909D0/lv3/v1 12:st0/hp35/mx35/df0/fn4909D0/lv3/v1 13:st0/hp0/mx0/df0/fn0/lv0/v0 14:st0/hp0/mx0/df0/fn0/lv0/v0 15:st0/hp30/mx30/df0/fn4909D0/lv2/v1 16:st0/hp31/mx31/df0/fn4909D0/lv2/v1 17:st0/hp30/mx30/df0/fn4909D0/lv2/v1 18:st0/hp33/mx33/df0/fn4909D0/lv3/v1 19:st0/hp30/mx30/df0/fn4909D0/lv2/v1 
autobattle PET turn=0 myNo=0 row=0 si=0 seed=-2 target=19 validEnemy=8 minLv=2 pcEnable=0 cmd=W|0|13
autobattle tick cnt=1238 smto=1 res=0 battling=1 ctype=0 ptype=0
autobattle tick cnt=1255 smto=1 res=0 battling=1 ctype=0 ptype=0
autobattle CHAR t=171390625 turn=1 cliT=1 myNo=0 afl=78800 cb=0 pb=0 subP=5 procN=10 actInf=0 menuF=0 tgtSel=0 resW=0 self=hp259/st0 pet=hp335/st0 validEnemy=5 fallback=17 delay=0 cmd=H|11 heal[en=1 tf=3 c=95 p=95 a=95 mag=3 selfP=98/mx263 petP=97/mx345] | enemies=10:st0/hp0/mx32/df0/fn0/lv3/v0 11:st0/hp34/mx34/df0/fn4909D0/lv3/v1 12:st0/hp0/mx35/df0/fn0/lv3/v0 13:st0/hp0/mx0/df0/fn0/lv0/v0 14:st0/hp0/mx0/df0/fn0/lv0/v0 15:st0/hp30/mx30/df0/fn4909D0/lv2/v1 16:st0/hp31/mx31/df0/fn4909D0/lv2/v1 17:st0/hp30/mx30/df0/fn4909D0/lv2/v1 18:st0/hp33/mx33/df0/fn4909D0/lv3/v1 19:st0/hp0/mx30/df0/fn0/lv2/v0 
autobattle PET turn=1 myNo=0 row=0 si=0 seed=-2 target=17 validEnemy=5 minLv=2 pcEnable=0 cmd=W|0|11
autobattle tick cnt=1272 smto=1 res=0 battling=1 ctype=0 ptype=0
autobattle tick cnt=1289 smto=1 res=0 battling=1 ctype=0 ptype=0
autobattle CHAR t=171392281 turn=2 cliT=2 myNo=0 afl=58800 cb=0 pb=0 subP=5 procN=10 actInf=0 menuF=0 tgtSel=0 resW=0 self=hp257/st0 pet=hp335/st0 validEnemy=4 fallback=15 delay=0 cmd=H|F heal[en=1 tf=3 c=95 p=95 a=95 mag=3 selfP=97/mx263 petP=97/mx345] | enemies=10:st0/hp0/mx32/df0/fn0/lv3/v0 11:st0/hp34/mx34/df0/fn4909D0/lv3/v1 12:st0/hp0/mx35/df0/fn0/lv3/v0 13:st0/hp0/mx0/df0/fn0/lv0/v0 14:st0/hp0/mx0/df0/fn0/lv0/v0 15:st0/hp30/mx30/df0/fn4909D0/lv2/v1 16:st0/hp31/mx31/df0/fn4909D0/lv2/v1 17:st0/hp0/mx30/df0/fn0/lv2/v0 18:st0/hp33/mx33/df0/fn4909D0/lv3/v1 19:st0/hp0/mx30/df0/fn0/lv2/v0 
autobattle PET turn=2 myNo=0 row=0 si=0 seed=-2 target=15 validEnemy=4 minLv=2 pcEnable=0 cmd=W|0|F
autobattle tick cnt=1306 smto=1 res=0 battling=1 ctype=0 ptype=0
autobattle CHAR t=171393937 turn=3 cliT=3 myNo=0 afl=800 cb=0 pb=0 subP=5 procN=10 actInf=0 menuF=0 tgtSel=0 resW=0 self=hp256/st0 pet=hp335/st0 validEnemy=1 fallback=11 delay=0 cmd=H|B heal[en=1 tf=3 c=95 p=95 a=95 mag=3 selfP=97/mx263 petP=97/mx345] | enemies=10:st0/hp0/mx32/df0/fn0/lv3/v0 11:st0/hp34/mx34/df0/fn4909D0/lv3/v1 12:st0/hp0/mx35/df0/fn0/lv3/v0 13:st0/hp0/mx0/df0/fn0/lv0/v0 14:st0/hp0/mx0/df0/fn0/lv0/v0 15:st0/hp0/mx30/df0/fn0/lv2/v0 16:st0/hp0/mx31/df0/fn0/lv2/v0 17:st0/hp0/mx30/df0/fn0/lv2/v0 18:st0/hp0/mx33/df0/fn0/lv3/v0 19:st0/hp0/mx30/df0/fn0/lv2/v0 
autobattle PET turn=3 myNo=0 row=0 si=0 seed=-2 target=11 validEnemy=1 minLv=3 pcEnable=0 cmd=W|0|B
autobattle tick cnt=1323 smto=1 res=0 battling=1 ctype=0 ptype=0
autobattle tick cnt=1332 smto=1 res=0 battling=1 ctype=0 ptype=0
autobattle CHAR t=171396281 turn=0 cliT=0 myNo=0 afl=F8400 cb=0 pb=0 subP=3 procN=10 actInf=0 menuF=0 tgtSel=0 resW=0 self=hp256/st0 pet=hp335/st0 validEnemy=6 fallback=19 delay=0 cmd=H|13 heal[en=1 tf=3 c=95 p=95 a=95 mag=3 selfP=97/mx263 petP=97/mx345] | enemies=10:st0/hp30/mx30/df0/fn4909D0/lv2/v1 11:st0/hp0/mx0/df0/fn0/lv0/v0 12:st0/hp0/mx0/df0/fn0/lv0/v0 13:st0/hp0/mx0/df0/fn0/lv0/v0 14:st0/hp0/mx0/df0/fn0/lv0/v0 15:st0/hp36/mx36/df0/fn4909D0/lv3/v1 16:st0/hp35/mx35/df0/fn4909D0/lv3/v1 17:st0/hp27/mx27/df0/fn4909D0/lv2/v1 18:st0/hp35/mx35/df0/fn4909D0/lv3/v1 19:st0/hp37/mx37/df0/fn4909D0/lv3/v1 
autobattle PET turn=0 myNo=0 row=0 si=0 seed=-2 target=19 validEnemy=6 minLv=2 pcEnable=0 cmd=W|0|13
