enter B1-steps
ok objects
ok resolveMainUiThread
ok configure
ok startHandshake
ok installReceiveHook SUCCESS
enter B1-steps
ok objects
ok resolveMainUiThread
ok configure
ok startHandshake
ok installReceiveHook SUCCESS
enter B1-steps
ok objects
ok resolveMainUiThread
ok configure
ok startHandshake
ok installReceiveHook SUCCESS
enter B1-steps
ok objects
ok resolveMainUiThread
ok configure
ok startHandshake
ok installReceiveHook SUCCESS
enter B1-steps
ok objects
ok resolveMainUiThread
ok configure
ok startHandshake
ok installReceiveHook SUCCESS
enter B1-steps
ok objects
ok resolveMainUiThread
ok configure
ok startHandshake
ok installReceiveHook SUCCESS
