battlemenu-suppress want=1 patched=4/4 (ab=1 ae=0)
autobattle ENABLED hwnd=004B02C6 old=FFFF02D1 pid=2756
autobattle tick cnt=1 smto=1 res=0 battling=1 ctype=0 ptype=0
autobattle CHAR t=172473000 turn=0 cliT=0 myNo=0 afl=38000 cb=0 pb=0 subP=3 procN=10 actInf=0 menuF=0 tgtSel=0 resW=0 self=hp262/st0 pet=hp345/st0 validEnemy=3 fallback=17 delay=0 cmd=H|11 heal[en=1 tf=3 c=95 p=95 a=95 mag=3 selfP=99/mx263 petP=100/mx345] | enemies=10:st0/hp0/mx0/df0/fn0/lv0/v0 11:st0/hp0/mx0/df0/fn0/lv0/v0 12:st0/hp0/mx0/df0/fn0/lv0/v0 13:st0/hp0/mx0/df0/fn0/lv0/v0 14:st0/hp0/mx0/df0/fn0/lv0/v0 15:st0/hp38/mx38/df0/fn4909D0/lv3/v1 16:st0/hp36/mx36/df0/fn4909D0/lv3/v1 17:st0/hp37/mx37/df0/fn4909D0/lv3/v1 18:st0/hp0/mx0/df0/fn0/lv0/v0 19:st0/hp0/mx0/df0/fn0/lv0/v0 
autobattle PET turn=0 myNo=0 row=0 si=0 seed=-2 target=17 validEnemy=3 minLv=3 pcEnable=0 cmd=W|0|11
autobattle tick cnt=18 smto=1 res=0 battling=1 ctype=0 ptype=0
autobattle CHAR t=172474171 turn=1 cliT=1 myNo=0 afl=18000 cb=0 pb=0 subP=5 procN=10 actInf=0 menuF=0 tgtSel=0 resW=0 self=hp261/st0 pet=hp345/st0 validEnemy=2 fallback=15 delay=0 cmd=H|F heal[en=1 tf=3 c=95 p=95 a=95 mag=3 selfP=99/mx263 petP=100/mx345] | enemies=10:st0/hp0/mx0/df0/fn0/lv0/v0 11:st0/hp0/mx0/df0/fn0/lv0/v0 12:st0/hp0/mx0/df0/fn0/lv0/v0 13:st0/hp0/mx0/df0/fn0/lv0/v0 14:st0/hp0/mx0/df0/fn0/lv0/v0 15:st0/hp38/mx38/df0/fn4909D0/lv3/v1 16:st0/hp36/mx36/df0/fn4909D0/lv3/v1 17:st0/hp0/mx37/df0/fn0/lv3/v0 18:st0/hp0/mx0/df0/fn0/lv0/v0 19:st0/hp0/mx0/df0/fn0/lv0/v0 
autobattle PET turn=1 myNo=0 row=0 si=0 seed=-2 target=15 validEnemy=2 minLv=3 pcEnable=0 cmd=W|0|F
autobattle tick cnt=35 smto=1 res=0 battling=1 ctype=0 ptype=0
autobattle tick cnt=39 smto=1 res=0 battling=1 ctype=0 ptype=0
autobattle CHAR t=172476687 turn=0 cliT=0 myNo=0 afl=18000 cb=0 pb=0 subP=3 procN=10 actInf=0 menuF=0 tgtSel=0 resW=0 self=hp261/st0 pet=hp345/st0 validEnemy=2 fallback=15 delay=0 cmd=H|F heal[en=1 tf=3 c=95 p=95 a=95 mag=3 selfP=99/mx263 petP=100/mx345] | enemies=10:st0/hp0/mx0/df0/fn0/lv0/v0 11:st0/hp0/mx0/df0/fn0/lv0/v0 12:st0/hp0/mx0/df0/fn0/lv0/v0 13:st0/hp0/mx0/df0/fn0/lv0/v0 14:st0/hp0/mx0/df0/fn0/lv0/v0 15:st0/hp52/mx52/df0/fn4909D0/lv4/v1 16:st0/hp54/mx54/df0/fn4909D0/lv4/v1 17:st0/hp0/mx0/df0/fn0/lv0/v0 18:st0/hp0/mx0/df0/fn0/lv0/v0 19:st0/hp0/mx0/df0/fn0/lv0/v0 
autobattle PET turn=0 myNo=0 row=0 si=0 seed=-2 target=15 validEnemy=2 minLv=4 pcEnable=0 cmd=W|0|F
autobattle tick cnt=56 smto=1 res=0 battling=1 ctype=0 ptype=0
autobattle CHAR t=172478609 turn=0 cliT=0 myNo=0 afl=38000 cb=0 pb=0 subP=3 procN=10 actInf=0 menuF=0 tgtSel=0 resW=0 self=hp261/st0 pet=hp345/st0 validEnemy=3 fallback=17 delay=0 cmd=H|11 heal[en=1 tf=3 c=95 p=95 a=95 mag=3 selfP=99/mx263 petP=100/mx345] | enemies=10:st0/hp0/mx0/df0/fn0/lv0/v0 11:st0/hp0/mx0/df0/fn0/lv0/v0 12:st0/hp0/mx0/df0/fn0/lv0/v0 13:st0/hp0/mx0/df0/fn0/lv0/v0 14:st0/hp0/mx0/df0/fn0/lv0/v0 15:st0/hp34/mx34/df0/fn4909D0/lv3/v1 16:st0/hp29/mx29/df0/fn4909D0/lv2/v1 17:st0/hp35/mx35/df0/fn4909D0/lv3/v1 18:st0/hp0/mx0/df0/fn0/lv0/v0 19:st0/hp0/mx0/df0/fn0/lv0/v0 
autobattle tick cnt=60 smto=1 res=0 battling=1 ctype=0 ptype=0
autobattle PET turn=0 myNo=0 row=0 si=0 seed=-2 target=17 validEnemy=3 minLv=2 pcEnable=0 cmd=W|0|11
autobattle tick cnt=77 smto=1 res=0 battling=1 ctype=0 ptype=0
autobattle CHAR t=172479781 turn=1 cliT=1 myNo=0 afl=18000 cb=0 pb=0 subP=5 procN=10 actInf=0 menuF=0 tgtSel=0 resW=0 self=hp261/st0 pet=hp345/st0 validEnemy=2 fallback=15 delay=0 cmd=H|F heal[en=1 tf=3 c=95 p=95 a=95 mag=3 selfP=99/mx263 petP=100/mx345] | enemies=10:st0/hp0/mx0/df0/fn0/lv0/v0 11:st0/hp0/mx0/df0/fn0/lv0/v0 12:st0/hp0/mx0/df0/fn0/lv0/v0 13:st0/hp0/mx0/df0/fn0/lv0/v0 14:st0/hp0/mx0/df0/fn0/lv0/v0 15:st0/hp34/mx34/df0/fn4909D0/lv3/v1 16:st0/hp29/mx29/df0/fn4909D0/lv2/v1 17:st0/hp0/mx35/df0/fn0/lv3/v0 18:st0/hp0/mx0/df0/fn0/lv0/v0 19:st0/hp0/mx0/df0/fn0/lv0/v0 
autobattle PET turn=1 myNo=0 row=0 si=0 seed=-2 target=15 validEnemy=2 minLv=2 pcEnable=0 cmd=W|0|F
autobattle tick cnt=94 smto=1 res=0 battling=1 ctype=0 ptype=0
autobattle tick cnt=96 smto=1 res=0 battling=1 ctype=0 ptype=0
autobattle CHAR t=172482375 turn=0 cliT=0 myNo=0 afl=38000 cb=0 pb=0 subP=3 procN=10 actInf=0 menuF=0 tgtSel=0 resW=0 self=hp261/st0 pet=hp345/st0 validEnemy=3 fallback=17 delay=0 cmd=H|11 heal[en=1 tf=3 c=95 p=95 a=95 mag=3 selfP=99/mx263 petP=100/mx345] | enemies=10:st0/hp0/mx0/df0/fn0/lv0/v0 11:st0/hp0/mx0/df0/fn0/lv0/v0 12:st0/hp0/mx0/df0/fn0/lv0/v0 13:st0/hp0/mx0/df0/fn0/lv0/v0 14:st0/hp0/mx0/df0/fn0/lv0/v0 15:st0/hp47/mx47/df0/fn4909D0/lv3/v1 16:st0/hp44/mx44/df0/fn4909D0/lv3/v1 17:st0/hp46/mx46/df0/fn4909D0/lv3/v1 18:st0/hp0/mx0/df0/fn0/lv0/v0 19:st0/hp0/mx0/df0/fn0/lv0/v0 
autobattle PET turn=0 myNo=0 row=0 si=0 seed=-2 target=17 validEnemy=3 minLv=3 pcEnable=0 cmd=W|0|11
autobattle tick cnt=113 smto=1 res=0 battling=1 ctype=0 ptype=0
autobattle CHAR t=172483484 turn=1 cliT=1 myNo=0 afl=18000 cb=0 pb=0 subP=5 procN=10 actInf=0 menuF=0 tgtSel=0 resW=0 self=hp261/st0 pet=hp345/st0 validEnemy=2 fallback=15 delay=0 cmd=H|F heal[en=1 tf=3 c=95 p=95 a=95 mag=3 selfP=99/mx263 petP=100/mx345] | enemies=10:st0/hp0/mx0/df0/fn0/lv0/v0 11:st0/hp0/mx0/df0/fn0/lv0/v0 12:st0/hp0/mx0/df0/fn0/lv0/v0 13:st0/hp0/mx0/df0/fn0/lv0/v0 14:st0/hp0/mx0/df0/fn0/lv0/v0 15:st0/hp47/mx47/df0/fn4909D0/lv3/v1 16:st0/hp44/mx44/df0/fn4909D0/lv3/v1 17:st0/hp0/mx46/df0/fn0/lv3/v0 18:st0/hp0/mx0/df0/fn0/lv0/v0 19:st0/hp0/mx0/df0/fn0/lv0/v0 
autobattle PET turn=1 myNo=0 row=0 si=0 seed=-2 target=15 validEnemy=2 minLv=3 pcEnable=0 cmd=W|0|F
autobattle tick cnt=129 smto=1 res=0 battling=1 ctype=0 ptype=0
autobattle CHAR t=172484984 turn=0 cliT=0 myNo=0 afl=38000 cb=0 pb=0 subP=3 procN=10 actInf=0 menuF=0 tgtSel=0 resW=0 self=hp261/st0 pet=hp345/st0 validEnemy=3 fallback=17 delay=0 cmd=H|11 heal[en=1 tf=3 c=95 p=95 a=95 mag=3 selfP=99/mx263 petP=100/mx345] | enemies=10:st0/hp0/mx0/df0/fn0/lv0/v0 11:st0/hp0/mx0/df0/fn0/lv0/v0 12:st0/hp0/mx0/df0/fn0/lv0/v0 13:st0/hp0/mx0/df0/fn0/lv0/v0 14:st0/hp0/mx0/df0/fn0/lv0/v0 15:st0/hp26/mx26/df0/fn4909D0/lv2/v1 16:st0/hp38/mx38/df0/fn4909D0/lv3/v1 17:st0/hp32/mx32/df0/fn4909D0/lv2/v1 18:st0/hp0/mx0/df0/fn0/lv0/v0 19:st0/hp0/mx0/df0/fn0/lv0/v0 
autobattle PET turn=0 myNo=0 row=0 si=0 seed=-2 target=17 validEnemy=3 minLv=2 pcEnable=0 cmd=W|0|11
autobattle tick cnt=140 smto=1 res=0 battling=1 ctype=0 ptype=0
autobattle CHAR t=172486203 turn=1 cliT=1 myNo=0 afl=10000 cb=0 pb=0 subP=5 procN=10 actInf=0 menuF=0 tgtSel=0 resW=0 self=hp260/st0 pet=hp345/st0 validEnemy=1 fallback=16 delay=0 cmd=H|10 heal[en=1 tf=3 c=95 p=95 a=95 mag=3 selfP=98/mx263 petP=100/mx345] | enemies=10:st0/hp0/mx0/df0/fn0/lv0/v0 11:st0/hp0/mx0/df0/fn0/lv0/v0 12:st0/hp0/mx0/df0/fn0/lv0/v0 13:st0/hp0/mx0/df0/fn0/lv0/v0 14:st0/hp0/mx0/df0/fn0/lv0/v0 15:st0/hp0/mx26/df0/fn0/lv2/v0 16:st0/hp38/mx38/df0/fn4909D0/lv3/v1 17:st0/hp0/mx32/df0/fn0/lv2/v0 18:st0/hp0/mx0/df0/fn0/lv0/v0 19:st0/hp0/mx0/df0/fn0/lv0/v0 
autobattle PET turn=1 myNo=0 row=0 si=0 seed=-2 target=16 validEnemy=1 minLv=3 pcEnable=0 cmd=W|0|10
autobattle tick cnt=157 smto=1 res=0 battling=1 ctype=0 ptype=0
autobattle tick cnt=164 smto=1 res=0 battling=1 ctype=0 ptype=0
autobattle CHAR t=172491703 turn=0 cliT=0 myNo=0 afl=F8000 cb=0 pb=0 subP=3 procN=10 actInf=0 menuF=0 tgtSel=0 resW=0 self=hp260/st0 pet=hp345/st0 validEnemy=5 fallback=19 delay=0 cmd=H|13 heal[en=1 tf=3 c=95 p=95 a=95 mag=3 selfP=98/mx263 petP=100/mx345] | enemies=10:st0/hp0/mx0/df0/fn0/lv0/v0 11:st0/hp0/mx0/df0/fn0/lv0/v0 12:st0/hp0/mx0/df0/fn0/lv0/v0 13:st0/hp0/mx0/df0/fn0/lv0/v0 14:st0/hp0/mx0/df0/fn0/lv0/v0 15:st0/hp39/mx39/df0/fn4909D0/lv3/v1 16:st0/hp35/mx35/df0/fn4909D0/lv3/v1 17:st0/hp28/mx28/df0/fn4909D0/lv2/v1 18:st0/hp30/mx30/df0/fn4909D0/lv2/v1 19:st0/hp29/mx29/df0/fn4909D0/lv2/v1 
autobattle PET turn=0 myNo=0 row=0 si=0 seed=-2 target=19 validEnemy=5 minLv=2 pcEnable=0 cmd=W|0|13
autobattle tick cnt=181 smto=1 res=0 battling=1 ctype=0 ptype=0
autobattle CHAR t=172493312 turn=1 cliT=1 myNo=0 afl=78000 cb=0 pb=0 subP=5 procN=10 actInf=0 menuF=0 tgtSel=0 resW=0 self=hp259/st0 pet=hp345/st0 validEnemy=4 fallback=17 delay=0 cmd=H|11 heal[en=1 tf=3 c=95 p=95 a=95 mag=3 selfP=98/mx263 petP=100/mx345] | enemies=10:st0/hp0/mx0/df0/fn0/lv0/v0 11:st0/hp0/mx0/df0/fn0/lv0/v0 12:st0/hp0/mx0/df0/fn0/lv0/v0 13:st0/hp0/mx0/df0/fn0/lv0/v0 14:st0/hp0/mx0/df0/fn0/lv0/v0 15:st0/hp39/mx39/df0/fn4909D0/lv3/v1 16:st0/hp35/mx35/df0/fn4909D0/lv3/v1 17:st0/hp28/mx28/df0/fn4909D0/lv2/v1 18:st0/hp30/mx30/df0/fn4909D0/lv2/v1 19:st0/hp0/mx29/df0/fn0/lv2/v0 
autobattle PET turn=1 myNo=0 row=0 si=0 seed=-2 target=17 validEnemy=4 minLv=2 pcEnable=0 cmd=W|0|11
autobattle tick cnt=197 smto=1 res=0 battling=1 ctype=0 ptype=0
autobattle CHAR t=172494171 turn=2 cliT=2 myNo=0 afl=58000 cb=0 pb=0 subP=5 procN=10 actInf=0 menuF=0 tgtSel=0 resW=0 self=hp259/st0 pet=hp342/st0 validEnemy=3 fallback=15 delay=0 cmd=H|F heal[en=1 tf=3 c=95 p=95 a=95 mag=3 selfP=98/mx263 petP=99/mx345] | enemies=10:st0/hp0/mx0/df0/fn0/lv0/v0 11:st0/hp0/mx0/df0/fn0/lv0/v0 12:st0/hp0/mx0/df0/fn0/lv0/v0 13:st0/hp0/mx0/df0/fn0/lv0/v0 14:st0/hp0/mx0/df0/fn0/lv0/v0 15:st0/hp39/mx39/df0/fn4909D0/lv3/v1 16:st0/hp35/mx35/df0/fn4909D0/lv3/v1 17:st0/hp0/mx28/df0/fn0/lv2/v0 18:st0/hp30/mx30/df0/fn4909D0/lv2/v1 19:st0/hp0/mx29/df0/fn0/lv2/v0 
autobattle PET turn=2 myNo=0 row=0 si=0 seed=-2 target=15 validEnemy=3 minLv=2 pcEnable=0 cmd=W|0|F
autobattle tick cnt=213 smto=1 res=0 battling=1 ctype=0 ptype=0
autobattle CHAR t=172495109 turn=3 cliT=3 myNo=0 afl=50000 cb=0 pb=0 subP=5 procN=10 actInf=0 menuF=0 tgtSel=0 resW=0 self=hp259/st0 pet=hp340/st0 validEnemy=2 fallback=16 delay=0 cmd=H|10 heal[en=1 tf=3 c=95 p=95 a=95 mag=3 selfP=98/mx263 petP=98/mx345] | enemies=10:st0/hp0/mx0/df0/fn0/lv0/v0 11:st0/hp0/mx0/df0/fn0/lv0/v0 12:st0/hp0/mx0/df0/fn0/lv0/v0 13:st0/hp0/mx0/df0/fn0/lv0/v0 14:st0/hp0/mx0/df0/fn0/lv0/v0 15:st0/hp0/mx39/df0/fn0/lv3/v0 16:st0/hp35/mx35/df0/fn4909D0/lv3/v1 17:st0/hp0/mx28/df0/fn0/lv2/v0 18:st0/hp30/mx30/df0/fn4909D0/lv2/v1 19:st0/hp0/mx29/df0/fn0/lv2/v0 
autobattle PET turn=3 myNo=0 row=0 si=0 seed=-2 target=16 validEnemy=2 minLv=2 pcEnable=0 cmd=W|0|10
autobattle tick cnt=230 smto=1 res=0 battling=1 ctype=0 ptype=0
autobattle CHAR t=172496031 turn=4 cliT=4 myNo=0 afl=40000 cb=0 pb=0 subP=5 procN=10 actInf=0 menuF=0 tgtSel=0 resW=0 self=hp259/st0 pet=hp340/st0 validEnemy=1 fallback=18 delay=0 cmd=H|12 heal[en=1 tf=3 c=95 p=95 a=95 mag=3 selfP=98/mx263 petP=98/mx345] | enemies=10:st0/hp0/mx0/df0/fn0/lv0/v0 11:st0/hp0/mx0/df0/fn0/lv0/v0 12:st0/hp0/mx0/df0/fn0/lv0/v0 13:st0/hp0/mx0/df0/fn0/lv0/v0 14:st0/hp0/mx0/df0/fn0/lv0/v0 15:st0/hp0/mx39/df0/fn0/lv3/v0 16:st0/hp0/mx35/df0/fn0/lv3/v0 17:st0/hp0/mx28/df0/fn0/lv2/v0 18:st0/hp30/mx30/df0/fn4909D0/lv2/v1 19:st0/hp0/mx29/df0/fn0/lv2/v0 
autobattle PET turn=4 myNo=0 row=0 si=0 seed=-2 target=18 validEnemy=1 minLv=2 pcEnable=0 cmd=W|0|12
autobattle tick cnt=247 smto=1 res=0 battling=1 ctype=0 ptype=0
autobattle tick cnt=249 smto=1 res=0 battling=1 ctype=0 ptype=0
autobattle CHAR t=172497875 turn=0 cliT=0 myNo=0 afl=38000 cb=0 pb=0 subP=3 procN=10 actInf=0 menuF=0 tgtSel=0 resW=0 self=hp259/st0 pet=hp340/st0 validEnemy=3 fallback=17 delay=0 cmd=H|11 heal[en=1 tf=3 c=95 p=95 a=95 mag=3 selfP=98/mx263 petP=98/mx345] | enemies=10:st0/hp0/mx0/df0/fn0/lv0/v0 11:st0/hp0/mx0/df0/fn0/lv0/v0 12:st0/hp0/mx0/df0/fn0/lv0/v0 13:st0/hp0/mx0/df0/fn0/lv0/v0 14:st0/hp0/mx0/df0/fn0/lv0/v0 15:st0/hp35/mx35/df0/fn4909D0/lv3/v1 16:st0/hp28/mx28/df0/fn4909D0/lv2/v1 17:st0/hp37/mx37/df0/fn4909D0/lv3/v1 18:st0/hp0/mx0/df0/fn0/lv0/v0 19:st0/hp0/mx0/df0/fn0/lv0/v0 
autobattle PET turn=0 myNo=0 row=0 si=0 seed=-2 target=17 validEnemy=3 minLv=2 pcEnable=0 cmd=W|0|11
autobattle CHAR t=172498625 turn=1 cliT=1 myNo=0 afl=18000 cb=0 pb=0 subP=5 procN=10 actInf=0 menuF=0 tgtSel=0 resW=0 self=hp259/st0 pet=hp340/st0 validEnemy=2 fallback=15 delay=0 cmd=H|F heal[en=1 tf=3 c=95 p=95 a=95 mag=3 selfP=98/mx263 petP=98/mx345] | enemies=10:st0/hp0/mx0/df0/fn0/lv0/v0 11:st0/hp0/mx0/df0/fn0/lv0/v0 12:st0/hp0/mx0/df0/fn0/lv0/v0 13:st0/hp0/mx0/df0/fn0/lv0/v0 14:st0/hp0/mx0/df0/fn0/lv0/v0 15:st0/hp35/mx35/df0/fn4909D0/lv3/v1 16:st0/hp28/mx28/df0/fn4909D0/lv2/v1 17:st0/hp0/mx37/df0/fn0/lv3/v0 18:st0/hp0/mx0/df0/fn0/lv0/v0 19:st0/hp0/mx0/df0/fn0/lv0/v0 
autobattle PET turn=1 myNo=0 row=0 si=0 seed=-2 target=15 validEnemy=2 minLv=2 pcEnable=0 cmd=W|0|F
autobattle tick cnt=266 smto=1 res=0 battling=1 ctype=0 ptype=0
autobattle CHAR t=172499546 turn=2 cliT=2 myNo=0 afl=10000 cb=0 pb=0 subP=5 procN=10 actInf=0 menuF=0 tgtSel=0 resW=0 self=hp259/st0 pet=hp340/st0 validEnemy=1 fallback=16 delay=0 cmd=H|10 heal[en=1 tf=3 c=95 p=95 a=95 mag=3 selfP=98/mx263 petP=98/mx345] | enemies=10:st0/hp0/mx0/df0/fn0/lv0/v0 11:st0/hp0/mx0/df0/fn0/lv0/v0 12:st0/hp0/mx0/df0/fn0/lv0/v0 13:st0/hp0/mx0/df0/fn0/lv0/v0 14:st0/hp0/mx0/df0/fn0/lv0/v0 15:st0/hp0/mx35/df0/fn0/lv3/v0 16:st0/hp28/mx28/df0/fn4909D0/lv2/v1 17:st0/hp0/mx37/df0/fn0/lv3/v0 18:st0/hp0/mx0/df0/fn0/lv0/v0 19:st0/hp0/mx0/df0/fn0/lv0/v0 
autobattle PET turn=2 myNo=0 row=0 si=0 seed=-2 target=16 validEnemy=1 minLv=2 pcEnable=0 cmd=W|0|10
autobattle tick cnt=283 smto=1 res=0 battling=1 ctype=0 ptype=0
autobattle tick cnt=288 smto=1 res=0 battling=1 ctype=0 ptype=0
autobattle CHAR t=172502312 turn=0 cliT=0 myNo=0 afl=38000 cb=0 pb=0 subP=3 procN=10 actInf=0 menuF=0 tgtSel=0 resW=0 self=hp259/st0 pet=hp340/st0 validEnemy=3 fallback=17 delay=0 cmd=H|11 heal[en=1 tf=3 c=95 p=95 a=95 mag=3 selfP=98/mx263 petP=98/mx345] | enemies=10:st0/hp0/mx0/df0/fn0/lv0/v0 11:st0/hp0/mx0/df0/fn0/lv0/v0 12:st0/hp0/mx0/df0/fn0/lv0/v0 13:st0/hp0/mx0/df0/fn0/lv0/v0 14:st0/hp0/mx0/df0/fn0/lv0/v0 15:st0/hp32/mx32/df0/fn4909D0/lv3/v1 16:st0/hp29/mx29/df0/fn4909D0/lv3/v1 17:st0/hp30/mx30/df0/fn4909D0/lv3/v1 18:st0/hp0/mx0/df0/fn0/lv0/v0 19:st0/hp0/mx0/df0/fn0/lv0/v0 
autobattle PET turn=0 myNo=0 row=0 si=0 seed=-2 target=17 validEnemy=3 minLv=3 pcEnable=0 cmd=W|0|11
autobattle CHAR t=172503046 turn=1 cliT=1 myNo=0 afl=18000 cb=0 pb=0 subP=5 procN=10 actInf=0 menuF=0 tgtSel=0 resW=0 self=hp259/st0 pet=hp340/st0 validEnemy=2 fallback=15 delay=0 cmd=H|F heal[en=1 tf=3 c=95 p=95 a=95 mag=3 selfP=98/mx263 petP=98/mx345] | enemies=10:st0/hp0/mx0/df0/fn0/lv0/v0 11:st0/hp0/mx0/df0/fn0/lv0/v0 12:st0/hp0/mx0/df0/fn0/lv0/v0 13:st0/hp0/mx0/df0/fn0/lv0/v0 14:st0/hp0/mx0/df0/fn0/lv0/v0 15:st0/hp32/mx32/df0/fn4909D0/lv3/v1 16:st0/hp29/mx29/df0/fn4909D0/lv3/v1 17:st0/hp0/mx30/df0/fn0/lv3/v0 18:st0/hp0/mx0/df0/fn0/lv0/v0 19:st0/hp0/mx0/df0/fn0/lv0/v0 
autobattle PET turn=1 myNo=0 row=0 si=0 seed=-2 target=15 validEnemy=2 minLv=3 pcEnable=0 cmd=W|0|F
autobattle tick cnt=305 smto=1 res=0 battling=1 ctype=0 ptype=0
autobattle CHAR t=172503906 turn=2 cliT=2 myNo=0 afl=10000 cb=0 pb=0 subP=5 procN=10 actInf=0 menuF=0 tgtSel=0 resW=0 self=hp259/st0 pet=hp340/st0 validEnemy=1 fallback=16 delay=0 cmd=H|10 heal[en=1 tf=3 c=95 p=95 a=95 mag=3 selfP=98/mx263 petP=98/mx345] | enemies=10:st0/hp0/mx0/df0/fn0/lv0/v0 11:st0/hp0/mx0/df0/fn0/lv0/v0 12:st0/hp0/mx0/df0/fn0/lv0/v0 13:st0/hp0/mx0/df0/fn0/lv0/v0 14:st0/hp0/mx0/df0/fn0/lv0/v0 15:st0/hp0/mx32/df0/fn0/lv3/v0 16:st0/hp29/mx29/df0/fn4909D0/lv3/v1 17:st0/hp0/mx30/df0/fn0/lv3/v0 18:st0/hp0/mx0/df0/fn0/lv0/v0 19:st0/hp0/mx0/df0/fn0/lv0/v0 
autobattle PET turn=2 myNo=0 row=0 si=0 seed=-2 target=16 validEnemy=1 minLv=3 pcEnable=0 cmd=W|0|10
autobattle tick cnt=322 smto=1 res=0 battling=1 ctype=0 ptype=0
autobattle tick cnt=326 smto=1 res=0 battling=1 ctype=0 ptype=0
autobattle CHAR t=172506703 turn=0 cliT=0 myNo=0 afl=38000 cb=0 pb=0 subP=3 procN=10 actInf=0 menuF=0 tgtSel=0 resW=0 self=hp259/st0 pet=hp340/st0 validEnemy=3 fallback=17 delay=0 cmd=H|11 heal[en=1 tf=3 c=95 p=95 a=95 mag=3 selfP=98/mx263 petP=98/mx345] | enemies=10:st0/hp0/mx0/df0/fn0/lv0/v0 11:st0/hp0/mx0/df0/fn0/lv0/v0 12:st0/hp0/mx0/df0/fn0/lv0/v0 13:st0/hp0/mx0/df0/fn0/lv0/v0 14:st0/hp0/mx0/df0/fn0/lv0/v0 15:st0/hp30/mx30/df0/fn4909D0/lv3/v1 16:st0/hp25/mx25/df0/fn4909D0/lv2/v1 17:st0/hp28/mx28/df0/fn4909D0/lv3/v1 18:st0/hp0/mx0/df0/fn0/lv0/v0 19:st0/hp0/mx0/df0/fn0/lv0/v0 
autobattle PET turn=0 myNo=0 row=0 si=0 seed=-2 target=17 validEnemy=3 minLv=2 pcEnable=0 cmd=W|0|11
autobattle tick cnt=343 smto=1 res=0 battling=1 ctype=0 ptype=0
autobattle CHAR t=172507812 turn=1 cliT=1 myNo=0 afl=10000 cb=0 pb=0 subP=5 procN=10 actInf=0 menuF=0 tgtSel=0 resW=0 self=hp259/st0 pet=hp340/st0 validEnemy=1 fallback=16 delay=0 cmd=H|10 heal[en=1 tf=3 c=95 p=95 a=95 mag=3 selfP=98/mx263 petP=98/mx345] | enemies=10:st0/hp0/mx0/df0/fn0/lv0/v0 11:st0/hp0/mx0/df0/fn0/lv0/v0 12:st0/hp0/mx0/df0/fn0/lv0/v0 13:st0/hp0/mx0/df0/fn0/lv0/v0 14:st0/hp0/mx0/df0/fn0/lv0/v0 15:st0/hp0/mx30/df0/fn0/lv3/v0 16:st0/hp25/mx25/df0/fn4909D0/lv2/v1 17:st0/hp0/mx28/df0/fn0/lv3/v0 18:st0/hp0/mx0/df0/fn0/lv0/v0 19:st0/hp0/mx0/df0/fn0/lv0/v0 
autobattle PET turn=1 myNo=0 row=0 si=0 seed=-2 target=16 validEnemy=1 minLv=2 pcEnable=0 cmd=W|0|10
autobattle tick cnt=357 smto=1 res=0 battling=1 ctype=0 ptype=0
autobattle CHAR t=172509343 turn=0 cliT=0 myNo=0 afl=F8000 cb=0 pb=0 subP=3 procN=10 actInf=0 menuF=0 tgtSel=0 resW=0 self=hp259/st0 pet=hp340/st0 validEnemy=5 fallback=19 delay=0 cmd=H|13 heal[en=1 tf=3 c=95 p=95 a=95 mag=3 selfP=98/mx263 petP=98/mx345] | enemies=10:st0/hp0/mx0/df0/fn0/lv0/v0 11:st0/hp0/mx0/df0/fn0/lv0/v0 12:st0/hp0/mx0/df0/fn0/lv0/v0 13:st0/hp0/mx0/df0/fn0/lv0/v0 14:st0/hp0/mx0/df0/fn0/lv0/v0 15:st0/hp37/mx37/df0/fn4909D0/lv3/v1 16:st0/hp29/mx29/df0/fn4909D0/lv2/v1 17:st0/hp37/mx37/df0/fn4909D0/lv3/v1 18:st0/hp31/mx31/df0/fn4909D0/lv2/v1 19:st0/hp31/mx31/df0/fn4909D0/lv2/v1 
autobattle PET turn=0 myNo=0 row=0 si=0 seed=-2 target=19 validEnemy=5 minLv=2 pcEnable=0 cmd=W|0|13
autobattle CHAR t=172510093 turn=1 cliT=1 myNo=0 afl=78000 cb=0 pb=0 subP=5 procN=10 actInf=0 menuF=0 tgtSel=0 resW=0 self=hp259/st0 pet=hp340/st0 validEnemy=4 fallback=17 delay=0 cmd=H|11 heal[en=1 tf=3 c=95 p=95 a=95 mag=3 selfP=98/mx263 petP=98/mx345] | enemies=10:st0/hp0/mx0/df0/fn0/lv0/v0 11:st0/hp0/mx0/df0/fn0/lv0/v0 12:st0/hp0/mx0/df0/fn0/lv0/v0 13:st0/hp0/mx0/df0/fn0/lv0/v0 14:st0/hp0/mx0/df0/fn0/lv0/v0 15:st0/hp37/mx37/df0/fn4909D0/lv3/v1 16:st0/hp29/mx29/df0/fn4909D0/lv2/v1 17:st0/hp37/mx37/df0/fn4909D0/lv3/v1 18:st0/hp31/mx31/df0/fn4909D0/lv2/v1 19:st0/hp0/mx31/df0/fn0/lv2/v0 
autobattle PET turn=1 myNo=0 row=0 si=0 seed=-2 target=17 validEnemy=4 minLv=2 pcEnable=0 cmd=W|0|11
autobattle tick cnt=374 smto=1 res=0 battling=1 ctype=0 ptype=0
autobattle tick cnt=391 smto=1 res=0 battling=1 ctype=0 ptype=0
autobattle CHAR t=172511515 turn=2 cliT=2 myNo=0 afl=48000 cb=0 pb=0 subP=5 procN=10 actInf=0 menuF=0 tgtSel=0 resW=0 self=hp258/st0 pet=hp340/st0 validEnemy=2 fallback=15 delay=0 cmd=H|F heal[en=1 tf=3 c=95 p=95 a=95 mag=3 selfP=98/mx263 petP=98/mx345] | enemies=10:st0/hp0/mx0/df0/fn0/lv0/v0 11:st0/hp0/mx0/df0/fn0/lv0/v0 12:st0/hp0/mx0/df0/fn0/lv0/v0 13:st0/hp0/mx0/df0/fn0/lv0/v0 14:st0/hp0/mx0/df0/fn0/lv0/v0 15:st0/hp37/mx37/df0/fn4909D0/lv3/v1 16:st0/hp0/mx29/df0/fn0/lv2/v0 17:st0/hp0/mx37/df0/fn0/lv3/v0 18:st0/hp31/mx31/df0/fn4909D0/lv2/v1 19:st0/hp0/mx31/df0/fn0/lv2/v0 
autobattle PET turn=2 myNo=0 row=0 si=0 seed=-2 target=15 validEnemy=2 minLv=2 pcEnable=0 cmd=W|0|F
autobattle tick cnt=408 smto=1 res=0 battling=1 ctype=0 ptype=0
autobattle CHAR t=172512500 turn=3 cliT=3 myNo=0 afl=40000 cb=0 pb=0 subP=5 procN=10 actInf=0 menuF=0 tgtSel=0 resW=0 self=hp257/st0 pet=hp340/st0 validEnemy=1 fallback=18 delay=0 cmd=H|12 heal[en=1 tf=3 c=95 p=95 a=95 mag=3 selfP=97/mx263 petP=98/mx345] | enemies=10:st0/hp0/mx0/df0/fn0/lv0/v0 11:st0/hp0/mx0/df0/fn0/lv0/v0 12:st0/hp0/mx0/df0/fn0/lv0/v0 13:st0/hp0/mx0/df0/fn0/lv0/v0 14:st0/hp0/mx0/df0/fn0/lv0/v0 15:st0/hp0/mx37/df0/fn0/lv3/v0 16:st0/hp0/mx29/df0/fn0/lv2/v0 17:st0/hp0/mx37/df0/fn0/lv3/v0 18:st0/hp31/mx31/df0/fn4909D0/lv2/v1 19:st0/hp0/mx31/df0/fn0/lv2/v0 
autobattle PET turn=3 myNo=0 row=0 si=0 seed=-2 target=18 validEnemy=1 minLv=2 pcEnable=0 cmd=W|0|12
autobattle tick cnt=422 smto=1 res=0 battling=1 ctype=0 ptype=0
autobattle CHAR t=172513984 turn=0 cliT=0 myNo=0 afl=8000 cb=0 pb=0 subP=3 procN=10 actInf=0 menuF=0 tgtSel=0 resW=0 self=hp257/st0 pet=hp340/st0 validEnemy=1 fallback=15 delay=0 cmd=H|F heal[en=1 tf=3 c=95 p=95 a=95 mag=3 selfP=97/mx263 petP=98/mx345] | enemies=10:st0/hp0/mx0/df0/fn0/lv0/v0 11:st0/hp0/mx0/df0/fn0/lv0/v0 12:st0/hp0/mx0/df0/fn0/lv0/v0 13:st0/hp0/mx0/df0/fn0/lv0/v0 14:st0/hp0/mx0/df0/fn0/lv0/v0 15:st0/hp29/mx29/df0/fn4909D0/lv2/v1 16:st0/hp0/mx0/df0/fn0/lv0/v0 17:st0/hp0/mx0/df0/fn0/lv0/v0 18:st0/hp0/mx0/df0/fn0/lv0/v0 19:st0/hp0/mx0/df0/fn0/lv0/v0 
autobattle PET turn=0 myNo=0 row=0 si=0 seed=-2 target=15 validEnemy=1 minLv=2 pcEnable=0 cmd=W|0|F
autobattle tick cnt=436 smto=1 res=0 battling=1 ctype=0 ptype=0
autobattle CHAR t=172520203 turn=0 cliT=0 myNo=0 afl=78000 cb=0 pb=0 subP=3 procN=10 actInf=0 menuF=0 tgtSel=0 resW=0 self=hp257/st0 pet=hp340/st0 validEnemy=4 fallback=17 delay=0 cmd=H|11 heal[en=1 tf=3 c=95 p=95 a=95 mag=3 selfP=97/mx263 petP=98/mx345] | enemies=10:st0/hp0/mx0/df0/fn0/lv0/v0 11:st0/hp0/mx0/df0/fn0/lv0/v0 12:st0/hp0/mx0/df0/fn0/lv0/v0 13:st0/hp0/mx0/df0/fn0/lv0/v0 14:st0/hp0/mx0/df0/fn0/lv0/v0 15:st0/hp28/mx28/df0/fn4909D0/lv3/v1 16:st0/hp24/mx24/df0/fn4909D0/lv2/v1 17:st0/hp26/mx26/df0/fn4909D0/lv2/v1 18:st0/hp23/mx23/df0/fn4909D0/lv2/v1 19:st0/hp0/mx0/df0/fn0/lv0/v0 
autobattle PET turn=0 myNo=0 row=0 si=0 seed=-2 target=17 validEnemy=4 minLv=2 pcEnable=0 cmd=W|0|11
autobattle tick cnt=453 smto=1 res=0 battling=1 ctype=0 ptype=0
autobattle CHAR t=172521500 turn=1 cliT=1 myNo=0 afl=58000 cb=0 pb=0 subP=5 procN=10 actInf=0 menuF=0 tgtSel=0 resW=0 self=hp256/st0 pet=hp340/st0 validEnemy=3 fallback=15 delay=0 cmd=H|F heal[en=1 tf=3 c=95 p=95 a=95 mag=3 selfP=97/mx263 petP=98/mx345] | enemies=10:st0/hp0/mx0/df0/fn0/lv0/v0 11:st0/hp0/mx0/df0/fn0/lv0/v0 12:st0/hp0/mx0/df0/fn0/lv0/v0 13:st0/hp0/mx0/df0/fn0/lv0/v0 14:st0/hp0/mx0/df0/fn0/lv0/v0 15:st0/hp28/mx28/df0/fn4909D0/lv3/v1 16:st0/hp24/mx24/df0/fn4909D0/lv2/v1 17:st0/hp0/mx26/df0/fn0/lv2/v0 18:st0/hp23/mx23/df0/fn4909D0/lv2/v1 19:st0/hp0/mx0/df0/fn0/lv0/v0 
autobattle PET turn=1 myNo=0 row=0 si=0 seed=-2 target=15 validEnemy=3 minLv=2 pcEnable=0 cmd=W|0|F
autobattle tick cnt=470 smto=1 res=0 battling=1 ctype=0 ptype=0
autobattle CHAR t=172522625 turn=2 cliT=2 myNo=0 afl=50000 cb=0 pb=0 subP=5 procN=10 actInf=0 menuF=0 tgtSel=0 resW=0 self=hp256/st0 pet=hp339/st0 validEnemy=2 fallback=16 delay=0 cmd=H|10 heal[en=1 tf=3 c=95 p=95 a=95 mag=3 selfP=97/mx263 petP=98/mx345] | enemies=10:st0/hp0/mx0/df0/fn0/lv0/v0 11:st0/hp0/mx0/df0/fn0/lv0/v0 12:st0/hp0/mx0/df0/fn0/lv0/v0 13:st0/hp0/mx0/df0/fn0/lv0/v0 14:st0/hp0/mx0/df0/fn0/lv0/v0 15:st0/hp0/mx28/df0/fn0/lv3/v0 16:st0/hp24/mx24/df0/fn4909D0/lv2/v1 17:st0/hp0/mx26/df0/fn0/lv2/v0 18:st0/hp23/mx23/df0/fn4909D0/lv2/v1 19:st0/hp0/mx0/df0/fn0/lv0/v0 
autobattle PET turn=2 myNo=0 row=0 si=0 seed=-2 target=16 validEnemy=2 minLv=2 pcEnable=0 cmd=W|0|10
autobattle tick cnt=486 smto=1 res=0 battling=1 ctype=0 ptype=0
autobattle CHAR t=172523484 turn=3 cliT=3 myNo=0 afl=40000 cb=0 pb=0 subP=5 procN=10 actInf=0 menuF=0 tgtSel=0 resW=0 self=hp256/st0 pet=hp339/st0 validEnemy=1 fallback=18 delay=0 cmd=H|12 heal[en=1 tf=3 c=95 p=95 a=95 mag=3 selfP=97/mx263 petP=98/mx345] | enemies=10:st0/hp0/mx0/df0/fn0/lv0/v0 11:st0/hp0/mx0/df0/fn0/lv0/v0 12:st0/hp0/mx0/df0/fn0/lv0/v0 13:st0/hp0/mx0/df0/fn0/lv0/v0 14:st0/hp0/mx0/df0/fn0/lv0/v0 15:st0/hp0/mx28/df0/fn0/lv3/v0 16:st0/hp0/mx24/df0/fn0/lv2/v0 17:st0/hp0/mx26/df0/fn0/lv2/v0 18:st0/hp23/mx23/df0/fn4909D0/lv2/v1 19:st0/hp0/mx0/df0/fn0/lv0/v0 
autobattle PET turn=3 myNo=0 row=0 si=0 seed=-2 target=18 validEnemy=1 minLv=2 pcEnable=0 cmd=W|0|12
autobattle tick cnt=503 smto=1 res=0 battling=1 ctype=0 ptype=0
autobattle CHAR t=172528546 turn=0 cliT=0 myNo=0 afl=8000 cb=0 pb=0 subP=3 procN=10 actInf=0 menuF=0 tgtSel=0 resW=0 self=hp256/st0 pet=hp339/st0 validEnemy=1 fallback=15 delay=0 cmd=H|F heal[en=1 tf=3 c=95 p=95 a=95 mag=3 selfP=97/mx263 petP=98/mx345] | enemies=10:st0/hp0/mx0/df0/fn0/lv0/v0 11:st0/hp0/mx0/df0/fn0/lv0/v0 12:st0/hp0/mx0/df0/fn0/lv0/v0 13:st0/hp0/mx0/df0/fn0/lv0/v0 14:st0/hp0/mx0/df0/fn0/lv0/v0 15:st0/hp23/mx23/df0/fn4909D0/lv2/v1 16:st0/hp0/mx0/df0/fn0/lv0/v0 17:st0/hp0/mx0/df0/fn0/lv0/v0 18:st0/hp0/mx0/df0/fn0/lv0/v0 19:st0/hp0/mx0/df0/fn0/lv0/v0 
autobattle PET turn=0 myNo=0 row=0 si=0 seed=-2 target=15 validEnemy=1 minLv=2 pcEnable=0 cmd=W|0|F
autobattle tick cnt=517 smto=1 res=0 battling=1 ctype=0 ptype=0
autobattle CHAR t=172530953 turn=0 cliT=0 myNo=0 afl=38000 cb=0 pb=0 subP=3 procN=10 actInf=0 menuF=0 tgtSel=0 resW=0 self=hp256/st0 pet=hp339/st0 validEnemy=3 fallback=17 delay=0 cmd=H|11 heal[en=1 tf=3 c=95 p=95 a=95 mag=3 selfP=97/mx263 petP=98/mx345] | enemies=10:st0/hp0/mx0/df0/fn0/lv0/v0 11:st0/hp0/mx0/df0/fn0/lv0/v0 12:st0/hp0/mx0/df0/fn0/lv0/v0 13:st0/hp0/mx0/df0/fn0/lv0/v0 14:st0/hp0/mx0/df0/fn0/lv0/v0 15:st0/hp24/mx24/df0/fn4909D0/lv2/v1 16:st0/hp23/mx23/df0/fn4909D0/lv2/v1 17:st0/hp28/mx28/df0/fn4909D0/lv3/v1 18:st0/hp0/mx0/df0/fn0/lv0/v0 19:st0/hp0/mx0/df0/fn0/lv0/v0 
autobattle PET turn=0 myNo=0 row=0 si=0 seed=-2 target=17 validEnemy=3 minLv=2 pcEnable=0 cmd=W|0|11
autobattle CHAR t=172531687 turn=1 cliT=1 myNo=0 afl=0 cb=0 pb=0 subP=6 procN=10 actInf=0 menuF=0 tgtSel=0 resW=0 self=hp256/st0 pet=hp339/st0 validEnemy=1 fallback=15 delay=0 cmd=H|F heal[en=1 tf=3 c=95 p=95 a=95 mag=3 selfP=97/mx263 petP=98/mx345] | enemies=10:st0/hp0/mx0/df0/fn0/lv0/v0 11:st0/hp0/mx0/df0/fn0/lv0/v0 12:st0/hp0/mx0/df0/fn0/lv0/v0 13:st0/hp0/mx0/df0/fn0/lv0/v0 14:st0/hp0/mx0/df0/fn0/lv0/v0 15:st0/hp24/mx24/df0/fn4909D0/lv2/v1 16:st0/hp0/mx23/df0/fn4909D0/lv2/v0 17:st0/hp0/mx28/df0/fn0/lv3/v0 18:st0/hp0/mx0/df0/fn0/lv0/v0 19:st0/hp0/mx0/df0/fn0/lv0/v0 
autobattle tick cnt=534 smto=1 res=0 battling=1 ctype=0 ptype=0
autobattle tick cnt=546 smto=1 res=0 battling=1 ctype=0 ptype=0
autobattle CHAR t=172532937 turn=0 cliT=0 myNo=0 afl=8000 cb=0 pb=0 subP=3 procN=10 actInf=0 menuF=0 tgtSel=0 resW=0 self=hp256/st0 pet=hp339/st0 validEnemy=1 fallback=15 delay=0 cmd=H|F heal[en=1 tf=3 c=95 p=95 a=95 mag=3 selfP=97/mx263 petP=98/mx345] | enemies=10:st0/hp0/mx0/df0/fn0/lv0/v0 11:st0/hp0/mx0/df0/fn0/lv0/v0 12:st0/hp0/mx0/df0/fn0/lv0/v0 13:st0/hp0/mx0/df0/fn0/lv0/v0 14:st0/hp0/mx0/df0/fn0/lv0/v0 15:st0/hp25/mx25/df0/fn4909D0/lv2/v1 16:st0/hp0/mx0/df0/fn0/lv0/v0 17:st0/hp0/mx0/df0/fn0/lv0/v0 18:st0/hp0/mx0/df0/fn0/lv0/v0 19:st0/hp0/mx0/df0/fn0/lv0/v0 
autobattle PET turn=0 myNo=0 row=0 si=0 seed=-2 target=15 validEnemy=1 minLv=2 pcEnable=0 cmd=W|0|F
autobattle tick cnt=557 smto=1 res=0 battling=1 ctype=0 ptype=0
autobattle CHAR t=172534171 turn=0 cliT=0 myNo=0 afl=8000 cb=0 pb=0 subP=3 procN=10 actInf=0 menuF=0 tgtSel=0 resW=0 self=hp256/st0 pet=hp339/st0 validEnemy=1 fallback=15 delay=0 cmd=H|F heal[en=1 tf=3 c=95 p=95 a=95 mag=3 selfP=97/mx263 petP=98/mx345] | enemies=10:st0/hp0/mx0/df0/fn0/lv0/v0 11:st0/hp0/mx0/df0/fn0/lv0/v0 12:st0/hp0/mx0/df0/fn0/lv0/v0 13:st0/hp0/mx0/df0/fn0/lv0/v0 14:st0/hp0/mx0/df0/fn0/lv0/v0 15:st0/hp39/mx39/df0/fn4909D0/lv2/v1 16:st0/hp0/mx0/df0/fn0/lv0/v0 17:st0/hp0/mx0/df0/fn0/lv0/v0 18:st0/hp0/mx0/df0/fn0/lv0/v0 19:st0/hp0/mx0/df0/fn0/lv0/v0 
autobattle PET turn=0 myNo=0 row=0 si=0 seed=-2 target=15 validEnemy=1 minLv=2 pcEnable=0 cmd=W|0|F
autobattle tick cnt=571 smto=1 res=0 battling=1 ctype=0 ptype=0
autobattle CHAR t=172536703 turn=0 cliT=0 myNo=0 afl=38000 cb=0 pb=0 subP=3 procN=10 actInf=0 menuF=0 tgtSel=0 resW=0 self=hp256/st0 pet=hp339/st0 validEnemy=3 fallback=17 delay=0 cmd=H|11 heal[en=1 tf=3 c=95 p=95 a=95 mag=3 selfP=97/mx263 petP=98/mx345] | enemies=10:st0/hp0/mx0/df0/fn0/lv0/v0 11:st0/hp0/mx0/df0/fn0/lv0/v0 12:st0/hp0/mx0/df0/fn0/lv0/v0 13:st0/hp0/mx0/df0/fn0/lv0/v0 14:st0/hp0/mx0/df0/fn0/lv0/v0 15:st0/hp25/mx25/df0/fn4909D0/lv2/v1 16:st0/hp24/mx24/df0/fn4909D0/lv2/v1 17:st0/hp31/mx31/df0/fn4909D0/lv3/v1 18:st0/hp0/mx0/df0/fn0/lv0/v0 19:st0/hp0/mx0/df0/fn0/lv0/v0 
autobattle PET turn=0 myNo=0 row=0 si=0 seed=-2 target=17 validEnemy=3 minLv=2 pcEnable=0 cmd=W|0|11
autobattle tick cnt=588 smto=1 res=0 battling=1 ctype=0 ptype=0
autobattle CHAR t=172537812 turn=1 cliT=1 myNo=0 afl=18000 cb=0 pb=0 subP=5 procN=10 actInf=0 menuF=0 tgtSel=0 resW=0 self=hp256/st0 pet=hp339/st0 validEnemy=2 fallback=15 delay=0 cmd=H|F heal[en=1 tf=3 c=95 p=95 a=95 mag=3 selfP=97/mx263 petP=98/mx345] | enemies=10:st0/hp0/mx0/df0/fn0/lv0/v0 11:st0/hp0/mx0/df0/fn0/lv0/v0 12:st0/hp0/mx0/df0/fn0/lv0/v0 13:st0/hp0/mx0/df0/fn0/lv0/v0 14:st0/hp0/mx0/df0/fn0/lv0/v0 15:st0/hp25/mx25/df0/fn4909D0/lv2/v1 16:st0/hp24/mx24/df0/fn4909D0/lv2/v1 17:st0/hp0/mx31/df0/fn0/lv3/v0 18:st0/hp0/mx0/df0/fn0/lv0/v0 19:st0/hp0/mx0/df0/fn0/lv0/v0 
autobattle PET turn=1 myNo=0 row=0 si=0 seed=-2 target=15 validEnemy=2 minLv=2 pcEnable=0 cmd=W|0|F
autobattle tick cnt=605 smto=1 res=0 battling=1 ctype=0 ptype=0
autobattle tick cnt=608 smto=1 res=0 battling=1 ctype=0 ptype=0
autobattle CHAR t=172540328 turn=0 cliT=0 myNo=0 afl=18000 cb=0 pb=0 subP=3 procN=10 actInf=0 menuF=0 tgtSel=0 resW=0 self=hp256/st0 pet=hp339/st0 validEnemy=2 fallback=15 delay=0 cmd=H|F heal[en=1 tf=3 c=95 p=95 a=95 mag=3 selfP=97/mx263 petP=98/mx345] | enemies=10:st0/hp0/mx0/df0/fn0/lv0/v0 11:st0/hp0/mx0/df0/fn0/lv0/v0 12:st0/hp0/mx0/df0/fn0/lv0/v0 13:st0/hp0/mx0/df0/fn0/lv0/v0 14:st0/hp0/mx0/df0/fn0/lv0/v0 15:st0/hp27/mx27/df0/fn4909D0/lv2/v1 16:st0/hp33/mx33/df0/fn4909D0/lv3/v1 17:st0/hp0/mx0/df0/fn0/lv0/v0 18:st0/hp0/mx0/df0/fn0/lv0/v0 19:st0/hp0/mx0/df0/fn0/lv0/v0 
autobattle PET turn=0 myNo=0 row=0 si=0 seed=-2 target=15 validEnemy=2 minLv=2 pcEnable=0 cmd=W|0|F
autobattle CHAR t=172541078 turn=1 cliT=1 myNo=0 afl=0 cb=0 pb=0 subP=6 procN=10 actInf=0 menuF=0 tgtSel=0 resW=0 self=hp256/st0 pet=hp339/st0 validEnemy=1 fallback=16 delay=0 cmd=H|10 heal[en=1 tf=3 c=95 p=95 a=95 mag=3 selfP=97/mx263 petP=98/mx345] | enemies=10:st0/hp0/mx0/df0/fn0/lv0/v0 11:st0/hp0/mx0/df0/fn0/lv0/v0 12:st0/hp0/mx0/df0/fn0/lv0/v0 13:st0/hp0/mx0/df0/fn0/lv0/v0 14:st0/hp0/mx0/df0/fn0/lv0/v0 15:st0/hp0/mx27/df0/fn0/lv2/v0 16:st0/hp33/mx33/df0/fn4909D0/lv3/v1 17:st0/hp0/mx0/df0/fn0/lv0/v0 18:st0/hp0/mx0/df0/fn0/lv0/v0 19:st0/hp0/mx0/df0/fn0/lv0/v0 
autobattle tick cnt=625 smto=1 res=0 battling=1 ctype=0 ptype=0
autobattle tick cnt=633 smto=1 res=0 battling=1 ctype=0 ptype=0
autobattle CHAR t=172542796 turn=0 cliT=0 myNo=0 afl=F8000 cb=0 pb=0 subP=3 procN=10 actInf=0 menuF=0 tgtSel=0 resW=0 self=hp256/st0 pet=hp339/st0 validEnemy=5 fallback=19 delay=0 cmd=H|13 heal[en=1 tf=3 c=95 p=95 a=95 mag=3 selfP=97/mx263 petP=98/mx345] | enemies=10:st0/hp0/mx0/df0/fn0/lv0/v0 11:st0/hp0/mx0/df0/fn0/lv0/v0 12:st0/hp0/mx0/df0/fn0/lv0/v0 13:st0/hp0/mx0/df0/fn0/lv0/v0 14:st0/hp0/mx0/df0/fn0/lv0/v0 15:st0/hp50/mx50/df0/fn4909D0/lv4/v1 16:st0/hp38/mx38/df0/fn4909D0/lv2/v1 17:st0/hp44/mx44/df0/fn4909D0/lv3/v1 18:st0/hp49/mx49/df0/fn4909D0/lv4/v1 19:st0/hp40/mx40/df0/fn4909D0/lv2/v1 
autobattle PET turn=0 myNo=0 row=0 si=0 seed=-2 target=19 validEnemy=5 minLv=2 pcEnable=0 cmd=W|0|13
autobattle tick cnt=650 smto=1 res=0 battling=1 ctype=0 ptype=0
autobattle CHAR t=172544140 turn=1 cliT=1 myNo=0 afl=70000 cb=0 pb=0 subP=5 procN=10 actInf=0 menuF=0 tgtSel=0 resW=0 self=hp256/st0 pet=hp339/st0 validEnemy=3 fallback=17 delay=0 cmd=H|11 heal[en=1 tf=3 c=95 p=95 a=95 mag=3 selfP=97/mx263 petP=98/mx345] | enemies=10:st0/hp0/mx0/df0/fn0/lv0/v0 11:st0/hp0/mx0/df0/fn0/lv0/v0 12:st0/hp0/mx0/df0/fn0/lv0/v0 13:st0/hp0/mx0/df0/fn0/lv0/v0 14:st0/hp0/mx0/df0/fn0/lv0/v0 15:st0/hp0/mx50/df0/fn0/lv4/v0 16:st0/hp38/mx38/df0/fn4909D0/lv2/v1 17:st0/hp44/mx44/df0/fn4909D0/lv3/v1 18:st0/hp49/mx49/df0/fn4909D0/lv4/v1 19:st0/hp0/mx40/df0/fn0/lv2/v0 
autobattle PET turn=1 myNo=0 row=0 si=0 seed=-2 target=17 validEnemy=3 minLv=2 pcEnable=0 cmd=W|0|11
autobattle tick cnt=667 smto=1 res=0 battling=1 ctype=0 ptype=0
autobattle CHAR t=172545187 turn=2 cliT=2 myNo=0 afl=50000 cb=0 pb=0 subP=5 procN=10 actInf=0 menuF=0 tgtSel=0 resW=0 self=hp256/st0 pet=hp339/st0 validEnemy=2 fallback=16 delay=0 cmd=H|10 heal[en=1 tf=3 c=95 p=95 a=95 mag=3 selfP=97/mx263 petP=98/mx345] | enemies=10:st0/hp0/mx0/df0/fn0/lv0/v0 11:st0/hp0/mx0/df0/fn0/lv0/v0 12:st0/hp0/mx0/df0/fn0/lv0/v0 13:st0/hp0/mx0/df0/fn0/lv0/v0 14:st0/hp0/mx0/df0/fn0/lv0/v0 15:st0/hp0/mx50/df0/fn0/lv4/v0 16:st0/hp38/mx38/df0/fn4909D0/lv2/v1 17:st0/hp0/mx44/df0/fn0/lv3/v0 18:st0/hp49/mx49/df0/fn4909D0/lv4/v1 19:st0/hp0/mx40/df0/fn0/lv2/v0 
autobattle PET turn=2 myNo=0 row=0 si=0 seed=-2 target=16 validEnemy=2 minLv=2 pcEnable=0 cmd=W|0|10
autobattle tick cnt=683 smto=1 res=0 battling=1 ctype=0 ptype=0
autobattle tick cnt=692 smto=1 res=0 battling=1 ctype=0 ptype=0
autobattle CHAR t=172548468 turn=0 cliT=0 myNo=0 afl=38000 cb=0 pb=0 subP=3 procN=10 actInf=0 menuF=0 tgtSel=0 resW=0 self=hp256/st0 pet=hp339/st0 validEnemy=3 fallback=17 delay=0 cmd=H|11 heal[en=1 tf=3 c=95 p=95 a=95 mag=3 selfP=97/mx263 petP=98/mx345] | enemies=10:st0/hp0/mx0/df0/fn0/lv0/v0 11:st0/hp0/mx0/df0/fn0/lv0/v0 12:st0/hp0/mx0/df0/fn0/lv0/v0 13:st0/hp0/mx0/df0/fn0/lv0/v0 14:st0/hp0/mx0/df0/fn0/lv0/v0 15:st0/hp25/mx25/df0/fn4909D0/lv2/v1 16:st0/hp25/mx25/df0/fn4909D0/lv2/v1 17:st0/hp22/mx22/df0/fn4909D0/lv2/v1 18:st0/hp0/mx0/df0/fn0/lv0/v0 19:st0/hp0/mx0/df0/fn0/lv0/v0 
autobattle PET turn=0 myNo=0 row=0 si=0 seed=-2 target=17 validEnemy=3 minLv=2 pcEnable=0 cmd=W|0|11
autobattle tick cnt=709 smto=1 res=0 battling=1 ctype=0 ptype=0
autobattle CHAR t=172549640 turn=1 cliT=1 myNo=0 afl=18000 cb=0 pb=0 subP=5 procN=10 actInf=0 menuF=0 tgtSel=0 resW=0 self=hp255/st0 pet=hp338/st0 validEnemy=2 fallback=15 delay=0 cmd=H|F heal[en=1 tf=3 c=95 p=95 a=95 mag=3 selfP=96/mx263 petP=97/mx345] | enemies=10:st0/hp0/mx0/df0/fn0/lv0/v0 11:st0/hp0/mx0/df0/fn0/lv0/v0 12:st0/hp0/mx0/df0/fn0/lv0/v0 13:st0/hp0/mx0/df0/fn0/lv0/v0 14:st0/hp0/mx0/df0/fn0/lv0/v0 15:st0/hp25/mx25/df0/fn4909D0/lv2/v1 16:st0/hp25/mx25/df0/fn4909D0/lv2/v1 17:st0/hp0/mx22/df0/fn0/lv2/v0 18:st0/hp0/mx0/df0/fn0/lv0/v0 19:st0/hp0/mx0/df0/fn0/lv0/v0 
autobattle PET turn=1 myNo=0 row=0 si=0 seed=-2 target=15 validEnemy=2 minLv=2 pcEnable=0 cmd=W|0|F
autobattle tick cnt=726 smto=1 res=0 battling=1 ctype=0 ptype=0
autobattle tick cnt=729 smto=1 res=0 battling=1 ctype=0 ptype=0
autobattle CHAR t=172551734 turn=0 cliT=0 myNo=0 afl=78000 cb=0 pb=0 subP=3 procN=10 actInf=0 menuF=0 tgtSel=0 resW=0 self=hp255/st0 pet=hp338/st0 validEnemy=4 fallback=17 delay=0 cmd=H|11 heal[en=1 tf=3 c=95 p=95 a=95 mag=3 selfP=96/mx263 petP=97/mx345] | enemies=10:st0/hp0/mx0/df0/fn0/lv0/v0 11:st0/hp0/mx0/df0/fn0/lv0/v0 12:st0/hp0/mx0/df0/fn0/lv0/v0 13:st0/hp0/mx0/df0/fn0/lv0/v0 14:st0/hp0/mx0/df0/fn0/lv0/v0 15:st0/hp32/mx32/df0/fn4909D0/lv2/v1 16:st0/hp29/mx29/df0/fn4909D0/lv2/v1 17:st0/hp36/mx36/df0/fn4909D0/lv3/v1 18:st0/hp30/mx30/df0/fn4909D0/lv2/v1 19:st0/hp0/mx0/df0/fn0/lv0/v0 
autobattle PET turn=0 myNo=0 row=0 si=0 seed=-2 target=17 validEnemy=4 minLv=2 pcEnable=0 cmd=W|0|11
autobattle tick cnt=746 smto=1 res=0 battling=1 ctype=0 ptype=0
autobattle CHAR t=172553140 turn=1 cliT=1 myNo=0 afl=58000 cb=0 pb=0 subP=5 procN=10 actInf=0 menuF=0 tgtSel=0 resW=0 self=hp255/st0 pet=hp338/st0 validEnemy=3 fallback=15 delay=0 cmd=H|F heal[en=1 tf=3 c=95 p=95 a=95 mag=3 selfP=96/mx263 petP=97/mx345] | enemies=10:st0/hp0/mx0/df0/fn0/lv0/v0 11:st0/hp0/mx0/df0/fn0/lv0/v0 12:st0/hp0/mx0/df0/fn0/lv0/v0 13:st0/hp0/mx0/df0/fn0/lv0/v0 14:st0/hp0/mx0/df0/fn0/lv0/v0 15:st0/hp32/mx32/df0/fn4909D0/lv2/v1 16:st0/hp29/mx29/df0/fn4909D0/lv2/v1 17:st0/hp0/mx36/df0/fn0/lv3/v0 18:st0/hp30/mx30/df0/fn4909D0/lv2/v1 19:st0/hp0/mx0/df0/fn0/lv0/v0 
autobattle PET turn=1 myNo=0 row=0 si=0 seed=-2 target=15 validEnemy=3 minLv=2 pcEnable=0 cmd=W|0|F
autobattle tick cnt=763 smto=1 res=0 battling=1 ctype=0 ptype=0
autobattle CHAR t=172553875 turn=2 cliT=2 myNo=0 afl=0 cb=0 pb=0 subP=6 procN=10 actInf=0 menuF=0 tgtSel=0 resW=0 self=hp255/st0 pet=hp338/st0 validEnemy=1 fallback=18 delay=0 cmd=H|12 heal[en=1 tf=3 c=95 p=95 a=95 mag=3 selfP=96/mx263 petP=97/mx345] | enemies=10:st0/hp0/mx0/df0/fn0/lv0/v0 11:st0/hp0/mx0/df0/fn0/lv0/v0 12:st0/hp0/mx0/df0/fn0/lv0/v0 13:st0/hp0/mx0/df0/fn0/lv0/v0 14:st0/hp0/mx0/df0/fn0/lv0/v0 15:st0/hp0/mx32/df0/fn0/lv2/v0 16:st0/hp0/mx29/df0/fn4909D0/lv2/v0 17:st0/hp0/mx36/df0/fn0/lv3/v0 18:st0/hp30/mx30/df0/fn4909D0/lv2/v1 19:st0/hp0/mx0/df0/fn0/lv0/v0 
autobattle tick cnt=780 smto=1 res=0 battling=1 ctype=0 ptype=0
autobattle CHAR t=172555312 turn=0 cliT=0 myNo=0 afl=78000 cb=0 pb=0 subP=3 procN=10 actInf=0 menuF=0 tgtSel=0 resW=0 self=hp255/st0 pet=hp338/st0 validEnemy=4 fallback=17 delay=0 cmd=H|11 heal[en=1 tf=3 c=95 p=95 a=95 mag=3 selfP=96/mx263 petP=97/mx345] | enemies=10:st0/hp0/mx0/df0/fn0/lv0/v0 11:st0/hp0/mx0/df0/fn0/lv0/v0 12:st0/hp0/mx0/df0/fn0/lv0/v0 13:st0/hp0/mx0/df0/fn0/lv0/v0 14:st0/hp0/mx0/df0/fn0/lv0/v0 15:st0/hp30/mx30/df0/fn4909D0/lv3/v1 16:st0/hp32/mx32/df0/fn4909D0/lv3/v1 17:st0/hp25/mx25/df0/fn4909D0/lv2/v1 18:st0/hp22/mx22/df0/fn4909D0/lv2/v1 19:st0/hp0/mx0/df0/fn0/lv0/v0 
autobattle PET turn=0 myNo=0 row=0 si=0 seed=-2 target=17 validEnemy=4 minLv=2 pcEnable=0 cmd=W|0|11
autobattle tick cnt=790 smto=1 res=0 battling=1 ctype=0 ptype=0
autobattle tick cnt=807 smto=1 res=0 battling=1 ctype=0 ptype=0
autobattle CHAR t=172557046 turn=1 cliT=1 myNo=0 afl=10000 cb=0 pb=0 subP=5 procN=10 actInf=0 menuF=0 tgtSel=0 resW=0 self=hp255/st0 pet=hp337/st0 validEnemy=1 fallback=16 delay=0 cmd=H|10 heal[en=1 tf=3 c=95 p=95 a=95 mag=3 selfP=96/mx263 petP=97/mx345] | enemies=10:st0/hp0/mx0/df0/fn0/lv0/v0 11:st0/hp0/mx0/df0/fn0/lv0/v0 12:st0/hp0/mx0/df0/fn0/lv0/v0 13:st0/hp0/mx0/df0/fn0/lv0/v0 14:st0/hp0/mx0/df0/fn0/lv0/v0 15:st0/hp0/mx30/df0/fn0/lv3/v0 16:st0/hp32/mx32/df0/fn4909D0/lv3/v1 17:st0/hp0/mx25/df0/fn0/lv2/v0 18:st0/hp0/mx22/df0/fn0/lv2/v0 19:st0/hp0/mx0/df0/fn0/lv0/v0 
autobattle PET turn=1 myNo=0 row=0 si=0 seed=-2 target=16 validEnemy=1 minLv=3 pcEnable=0 cmd=W|0|10
autobattle tick cnt=823 smto=1 res=0 battling=1 ctype=0 ptype=0
autobattle CHAR t=172560562 turn=0 cliT=0 myNo=0 afl=8000 cb=0 pb=0 subP=3 procN=10 actInf=0 menuF=0 tgtSel=0 resW=0 self=hp255/st0 pet=hp337/st0 validEnemy=1 fallback=15 delay=0 cmd=H|F heal[en=1 tf=3 c=95 p=95 a=95 mag=3 selfP=96/mx263 petP=97/mx345] | enemies=10:st0/hp0/mx0/df0/fn0/lv0/v0 11:st0/hp0/mx0/df0/fn0/lv0/v0 12:st0/hp0/mx0/df0/fn0/lv0/v0 13:st0/hp0/mx0/df0/fn0/lv0/v0 14:st0/hp0/mx0/df0/fn0/lv0/v0 15:st0/hp39/mx39/df0/fn4909D0/lv3/v1 16:st0/hp0/mx0/df0/fn0/lv0/v0 17:st0/hp0/mx0/df0/fn0/lv0/v0 18:st0/hp0/mx0/df0/fn0/lv0/v0 19:st0/hp0/mx0/df0/fn0/lv0/v0 
autobattle PET turn=0 myNo=0 row=0 si=0 seed=-2 target=15 validEnemy=1 minLv=3 pcEnable=0 cmd=W|0|F
autobattle tick cnt=837 smto=1 res=0 battling=1 ctype=0 ptype=0
autobattle CHAR t=172563234 turn=0 cliT=0 myNo=0 afl=8000 cb=0 pb=0 subP=3 procN=10 actInf=0 menuF=0 tgtSel=0 resW=0 self=hp255/st0 pet=hp337/st0 validEnemy=1 fallback=15 delay=0 cmd=H|F heal[en=1 tf=3 c=95 p=95 a=95 mag=3 selfP=96/mx263 petP=97/mx345] | enemies=10:st0/hp0/mx0/df0/fn0/lv0/v0 11:st0/hp0/mx0/df0/fn0/lv0/v0 12:st0/hp0/mx0/df0/fn0/lv0/v0 13:st0/hp0/mx0/df0/fn0/lv0/v0 14:st0/hp0/mx0/df0/fn0/lv0/v0 15:st0/hp40/mx40/df0/fn4909D0/lv2/v1 16:st0/hp0/mx0/df0/fn0/lv0/v0 17:st0/hp0/mx0/df0/fn0/lv0/v0 18:st0/hp0/mx0/df0/fn0/lv0/v0 19:st0/hp0/mx0/df0/fn0/lv0/v0 
autobattle PET turn=0 myNo=0 row=0 si=0 seed=-2 target=15 validEnemy=1 minLv=2 pcEnable=0 cmd=W|0|F
autobattle tick cnt=851 smto=1 res=0 battling=1 ctype=0 ptype=0
autobattle CHAR t=172564390 turn=0 cliT=0 myNo=0 afl=38000 cb=0 pb=0 subP=3 procN=10 actInf=0 menuF=0 tgtSel=0 resW=0 self=hp255/st0 pet=hp337/st0 validEnemy=3 fallback=17 delay=0 cmd=H|11 heal[en=1 tf=3 c=95 p=95 a=95 mag=3 selfP=96/mx263 petP=97/mx345] | enemies=10:st0/hp0/mx0/df0/fn0/lv0/v0 11:st0/hp0/mx0/df0/fn0/lv0/v0 12:st0/hp0/mx0/df0/fn0/lv0/v0 13:st0/hp0/mx0/df0/fn0/lv0/v0 14:st0/hp0/mx0/df0/fn0/lv0/v0 15:st0/hp23/mx23/df0/fn4909D0/lv2/v1 16:st0/hp29/mx29/df0/fn4909D0/lv3/v1 17:st0/hp24/mx24/df0/fn4909D0/lv2/v1 18:st0/hp0/mx0/df0/fn0/lv0/v0 19:st0/hp0/mx0/df0/fn0/lv0/v0 
autobattle PET turn=0 myNo=0 row=0 si=0 seed=-2 target=17 validEnemy=3 minLv=2 pcEnable=0 cmd=W|0|11
autobattle tick cnt=868 smto=1 res=0 battling=1 ctype=0 ptype=0
autobattle CHAR t=172565562 turn=1 cliT=1 myNo=0 afl=8000 cb=0 pb=0 subP=5 procN=10 actInf=0 menuF=0 tgtSel=0 resW=0 self=hp255/st0 pet=hp337/st0 validEnemy=1 fallback=15 delay=0 cmd=H|F heal[en=1 tf=3 c=95 p=95 a=95 mag=3 selfP=96/mx263 petP=97/mx345] | enemies=10:st0/hp0/mx0/df0/fn0/lv0/v0 11:st0/hp0/mx0/df0/fn0/lv0/v0 12:st0/hp0/mx0/df0/fn0/lv0/v0 13:st0/hp0/mx0/df0/fn0/lv0/v0 14:st0/hp0/mx0/df0/fn0/lv0/v0 15:st0/hp23/mx23/df0/fn4909D0/lv2/v1 16:st0/hp0/mx29/df0/fn0/lv3/v0 17:st0/hp0/mx24/df0/fn0/lv2/v0 18:st0/hp0/mx0/df0/fn0/lv0/v0 19:st0/hp0/mx0/df0/fn0/lv0/v0 
autobattle PET turn=1 myNo=0 row=0 si=0 seed=-2 target=15 validEnemy=1 minLv=2 pcEnable=0 cmd=W|0|F
autobattle tick cnt=883 smto=1 res=0 battling=1 ctype=0 ptype=0
autobattle CHAR t=172568031 turn=0 cliT=0 myNo=0 afl=18000 cb=0 pb=0 subP=3 procN=10 actInf=0 menuF=0 tgtSel=0 resW=0 self=hp255/st0 pet=hp337/st0 validEnemy=2 fallback=15 delay=0 cmd=H|F heal[en=1 tf=3 c=95 p=95 a=95 mag=3 selfP=96/mx263 petP=97/mx345] | enemies=10:st0/hp0/mx0/df0/fn0/lv0/v0 11:st0/hp0/mx0/df0/fn0/lv0/v0 12:st0/hp0/mx0/df0/fn0/lv0/v0 13:st0/hp0/mx0/df0/fn0/lv0/v0 14:st0/hp0/mx0/df0/fn0/lv0/v0 15:st0/hp25/mx25/df0/fn4909D0/lv2/v1 16:st0/hp28/mx28/df0/fn4909D0/lv3/v1 17:st0/hp0/mx0/df0/fn0/lv0/v0 18:st0/hp0/mx0/df0/fn0/lv0/v0 19:st0/hp0/mx0/df0/fn0/lv0/v0 
autobattle PET turn=0 myNo=0 row=0 si=0 seed=-2 target=15 validEnemy=2 minLv=2 pcEnable=0 cmd=W|0|F
autobattle tick cnt=900 smto=1 res=0 battling=1 ctype=0 ptype=0
autobattle tick cnt=903 smto=1 res=0 battling=1 ctype=0 ptype=0
autobattle CHAR t=172570421 turn=0 cliT=0 myNo=0 afl=8000 cb=0 pb=0 subP=3 procN=10 actInf=0 menuF=0 tgtSel=0 resW=0 self=hp255/st0 pet=hp337/st0 validEnemy=1 fallback=15 delay=0 cmd=H|F heal[en=1 tf=3 c=95 p=95 a=95 mag=3 selfP=96/mx263 petP=97/mx345] | enemies=10:st0/hp0/mx0/df0/fn0/lv0/v0 11:st0/hp0/mx0/df0/fn0/lv0/v0 12:st0/hp0/mx0/df0/fn0/lv0/v0 13:st0/hp0/mx0/df0/fn0/lv0/v0 14:st0/hp0/mx0/df0/fn0/lv0/v0 15:st0/hp44/mx44/df0/fn4909D0/lv3/v1 16:st0/hp0/mx0/df0/fn0/lv0/v0 17:st0/hp0/mx0/df0/fn0/lv0/v0 18:st0/hp0/mx0/df0/fn0/lv0/v0 19:st0/hp0/mx0/df0/fn0/lv0/v0 
autobattle PET turn=0 myNo=0 row=0 si=0 seed=-2 target=15 validEnemy=1 minLv=3 pcEnable=0 cmd=W|0|F
autobattle tick cnt=918 smto=1 res=0 battling=1 ctype=0 ptype=0
autobattle CHAR t=172571609 turn=0 cliT=0 myNo=0 afl=38000 cb=0 pb=0 subP=3 procN=10 actInf=0 menuF=0 tgtSel=0 resW=0 self=hp255/st0 pet=hp337/st0 validEnemy=3 fallback=17 delay=0 cmd=H|11 heal[en=1 tf=3 c=95 p=95 a=95 mag=3 selfP=96/mx263 petP=97/mx345] | enemies=10:st0/hp0/mx0/df0/fn0/lv0/v0 11:st0/hp0/mx0/df0/fn0/lv0/v0 12:st0/hp0/mx0/df0/fn0/lv0/v0 13:st0/hp0/mx0/df0/fn0/lv0/v0 14:st0/hp0/mx0/df0/fn0/lv0/v0 15:st0/hp28/mx28/df0/fn4909D0/lv2/v1 16:st0/hp32/mx32/df0/fn4909D0/lv2/v1 17:st0/hp30/mx30/df0/fn4909D0/lv2/v1 18:st0/hp0/mx0/df0/fn0/lv0/v0 19:st0/hp0/mx0/df0/fn0/lv0/v0 
autobattle PET turn=0 myNo=0 row=0 si=0 seed=-2 target=17 validEnemy=3 minLv=2 pcEnable=0 cmd=W|0|11
autobattle tick cnt=935 smto=1 res=0 battling=1 ctype=0 ptype=0
autobattle CHAR t=172572718 turn=1 cliT=1 myNo=0 afl=18000 cb=0 pb=0 subP=5 procN=10 actInf=0 menuF=0 tgtSel=0 resW=0 self=hp254/st0 pet=hp337/st0 validEnemy=2 fallback=15 delay=0 cmd=H|F heal[en=1 tf=3 c=95 p=95 a=95 mag=3 selfP=96/mx263 petP=97/mx345] | enemies=10:st0/hp0/mx0/df0/fn0/lv0/v0 11:st0/hp0/mx0/df0/fn0/lv0/v0 12:st0/hp0/mx0/df0/fn0/lv0/v0 13:st0/hp0/mx0/df0/fn0/lv0/v0 14:st0/hp0/mx0/df0/fn0/lv0/v0 15:st0/hp28/mx28/df0/fn4909D0/lv2/v1 16:st0/hp32/mx32/df0/fn4909D0/lv2/v1 17:st0/hp0/mx30/df0/fn0/lv2/v0 18:st0/hp0/mx0/df0/fn0/lv0/v0 19:st0/hp0/mx0/df0/fn0/lv0/v0 
autobattle PET turn=1 myNo=0 row=0 si=0 seed=-2 target=15 validEnemy=2 minLv=2 pcEnable=0 cmd=W|0|F
autobattle tick cnt=952 smto=1 res=0 battling=1 ctype=0 ptype=0
autobattle CHAR t=172573640 turn=2 cliT=2 myNo=0 afl=10000 cb=0 pb=0 subP=5 procN=10 actInf=0 menuF=0 tgtSel=0 resW=0 self=hp253/st0 pet=hp337/st0 validEnemy=1 fallback=16 delay=0 cmd=H|10 heal[en=1 tf=3 c=95 p=95 a=95 mag=3 selfP=96/mx263 petP=97/mx345] | enemies=10:st0/hp0/mx0/df0/fn0/lv0/v0 11:st0/hp0/mx0/df0/fn0/lv0/v0 12:st0/hp0/mx0/df0/fn0/lv0/v0 13:st0/hp0/mx0/df0/fn0/lv0/v0 14:st0/hp0/mx0/df0/fn0/lv0/v0 15:st0/hp0/mx28/df0/fn0/lv2/v0 16:st0/hp32/mx32/df0/fn4909D0/lv2/v1 17:st0/hp0/mx30/df0/fn0/lv2/v0 18:st0/hp0/mx0/df0/fn0/lv0/v0 19:st0/hp0/mx0/df0/fn0/lv0/v0 
autobattle PET turn=2 myNo=0 row=0 si=0 seed=-2 target=16 validEnemy=1 minLv=2 pcEnable=0 cmd=W|0|10
autobattle tick cnt=965 smto=1 res=0 battling=1 ctype=0 ptype=0
autobattle CHAR t=172575859 turn=0 cliT=0 myNo=0 afl=8000 cb=0 pb=0 subP=3 procN=10 actInf=0 menuF=0 tgtSel=0 resW=0 self=hp253/st0 pet=hp337/st0 validEnemy=1 fallback=15 delay=0 cmd=H|F heal[en=1 tf=3 c=95 p=95 a=95 mag=3 selfP=96/mx263 petP=97/mx345] | enemies=10:st0/hp0/mx0/df0/fn0/lv0/v0 11:st0/hp0/mx0/df0/fn0/lv0/v0 12:st0/hp0/mx0/df0/fn0/lv0/v0 13:st0/hp0/mx0/df0/fn0/lv0/v0 14:st0/hp0/mx0/df0/fn0/lv0/v0 15:st0/hp27/mx27/df0/fn4909D0/lv2/v1 16:st0/hp0/mx0/df0/fn0/lv0/v0 17:st0/hp0/mx0/df0/fn0/lv0/v0 18:st0/hp0/mx0/df0/fn0/lv0/v0 19:st0/hp0/mx0/df0/fn0/lv0/v0 
autobattle PET turn=0 myNo=0 row=0 si=0 seed=-2 target=15 validEnemy=1 minLv=2 pcEnable=0 cmd=W|0|F
autobattle tick cnt=977 smto=1 res=0 battling=1 ctype=0 ptype=0
autobattle CHAR t=172577078 turn=0 cliT=0 myNo=0 afl=38000 cb=0 pb=0 subP=3 procN=10 actInf=0 menuF=0 tgtSel=0 resW=0 self=hp253/st0 pet=hp337/st0 validEnemy=3 fallback=17 delay=0 cmd=H|11 heal[en=1 tf=3 c=95 p=95 a=95 mag=3 selfP=96/mx263 petP=97/mx345] | enemies=10:st0/hp0/mx0/df0/fn0/lv0/v0 11:st0/hp0/mx0/df0/fn0/lv0/v0 12:st0/hp0/mx0/df0/fn0/lv0/v0 13:st0/hp0/mx0/df0/fn0/lv0/v0 14:st0/hp0/mx0/df0/fn0/lv0/v0 15:st0/hp34/mx34/df0/fn4909D0/lv2/v1 16:st0/hp49/mx49/df0/fn4909D0/lv4/v1 17:st0/hp35/mx35/df0/fn4909D0/lv2/v1 18:st0/hp0/mx0/df0/fn0/lv0/v0 19:st0/hp0/mx0/df0/fn0/lv0/v0 
autobattle PET turn=0 myNo=0 row=0 si=0 seed=-2 target=17 validEnemy=3 minLv=2 pcEnable=0 cmd=W|0|11
autobattle tick cnt=994 smto=1 res=0 battling=1 ctype=0 ptype=0
autobattle CHAR t=172578187 turn=1 cliT=1 myNo=0 afl=8000 cb=0 pb=0 subP=5 procN=10 actInf=0 menuF=0 tgtSel=0 resW=0 self=hp253/st0 pet=hp337/st0 validEnemy=1 fallback=15 delay=0 cmd=H|F heal[en=1 tf=3 c=95 p=95 a=95 mag=3 selfP=96/mx263 petP=97/mx345] | enemies=10:st0/hp0/mx0/df0/fn0/lv0/v0 11:st0/hp0/mx0/df0/fn0/lv0/v0 12:st0/hp0/mx0/df0/fn0/lv0/v0 13:st0/hp0/mx0/df0/fn0/lv0/v0 14:st0/hp0/mx0/df0/fn0/lv0/v0 15:st0/hp34/mx34/df0/fn4909D0/lv2/v1 16:st0/hp0/mx49/df0/fn0/lv4/v0 17:st0/hp0/mx35/df0/fn0/lv2/v0 18:st0/hp0/mx0/df0/fn0/lv0/v0 19:st0/hp0/mx0/df0/fn0/lv0/v0 
autobattle PET turn=1 myNo=0 row=0 si=0 seed=-2 target=15 validEnemy=1 minLv=2 pcEnable=0 cmd=W|0|F
autobattle tick cnt=1008 smto=1 res=0 battling=1 ctype=0 ptype=0
autobattle CHAR t=172580671 turn=0 cliT=0 myNo=0 afl=78000 cb=0 pb=0 subP=3 procN=10 actInf=0 menuF=0 tgtSel=0 resW=0 self=hp253/st0 pet=hp337/st0 validEnemy=4 fallback=17 delay=0 cmd=H|11 heal[en=1 tf=3 c=95 p=95 a=95 mag=3 selfP=96/mx263 petP=97/mx345] | enemies=10:st0/hp0/mx0/df0/fn0/lv0/v0 11:st0/hp0/mx0/df0/fn0/lv0/v0 12:st0/hp0/mx0/df0/fn0/lv0/v0 13:st0/hp0/mx0/df0/fn0/lv0/v0 14:st0/hp0/mx0/df0/fn0/lv0/v0 15:st0/hp30/mx30/df0/fn4909D0/lv2/v1 16:st0/hp36/mx36/df0/fn4909D0/lv3/v1 17:st0/hp35/mx35/df0/fn4909D0/lv3/v1 18:st0/hp33/mx33/df0/fn4909D0/lv3/v1 19:st0/hp0/mx0/df0/fn0/lv0/v0 
autobattle PET turn=0 myNo=0 row=0 si=0 seed=-2 target=17 validEnemy=4 minLv=2 pcEnable=0 cmd=W|0|11
autobattle CHAR t=172581656 turn=1 cliT=1 myNo=0 afl=58000 cb=0 pb=0 subP=5 procN=10 actInf=0 menuF=0 tgtSel=0 resW=0 self=hp253/st0 pet=hp334/st0 validEnemy=3 fallback=15 delay=0 cmd=H|F heal[en=1 tf=3 c=95 p=95 a=95 mag=3 selfP=96/mx263 petP=96/mx345] | enemies=10:st0/hp0/mx0/df0/fn0/lv0/v0 11:st0/hp0/mx0/df0/fn0/lv0/v0 12:st0/hp0/mx0/df0/fn0/lv0/v0 13:st0/hp0/mx0/df0/fn0/lv0/v0 14:st0/hp0/mx0/df0/fn0/lv0/v0 15:st0/hp30/mx30/df0/fn4909D0/lv2/v1 16:st0/hp36/mx36/df0/fn4909D0/lv3/v1 17:st0/hp0/mx35/df0/fn0/lv3/v0 18:st0/hp33/mx33/df0/fn4909D0/lv3/v1 19:st0/hp0/mx0/df0/fn0/lv0/v0 
autobattle tick cnt=1025 smto=1 res=0 battling=1 ctype=0 ptype=0
autobattle PET turn=1 myNo=0 row=0 si=0 seed=-2 target=15 validEnemy=3 minLv=2 pcEnable=0 cmd=W|0|F
autobattle tick cnt=1042 smto=1 res=0 battling=1 ctype=0 ptype=0
autobattle CHAR t=172582750 turn=2 cliT=2 myNo=0 afl=50000 cb=0 pb=0 subP=5 procN=10 actInf=0 menuF=0 tgtSel=0 resW=0 self=hp253/st0 pet=hp334/st0 validEnemy=2 fallback=16 delay=0 cmd=H|10 heal[en=1 tf=3 c=95 p=95 a=95 mag=3 selfP=96/mx263 petP=96/mx345] | enemies=10:st0/hp0/mx0/df0/fn0/lv0/v0 11:st0/hp0/mx0/df0/fn0/lv0/v0 12:st0/hp0/mx0/df0/fn0/lv0/v0 13:st0/hp0/mx0/df0/fn0/lv0/v0 14:st0/hp0/mx0/df0/fn0/lv0/v0 15:st0/hp0/mx30/df0/fn0/lv2/v0 16:st0/hp36/mx36/df0/fn4909D0/lv3/v1 17:st0/hp0/mx35/df0/fn0/lv3/v0 18:st0/hp33/mx33/df0/fn4909D0/lv3/v1 19:st0/hp0/mx0/df0/fn0/lv0/v0 
autobattle PET turn=2 myNo=0 row=0 si=0 seed=-2 target=16 validEnemy=2 minLv=3 pcEnable=0 cmd=W|0|10
autobattle CHAR t=172583453 turn=3 cliT=3 myNo=0 afl=0 cb=0 pb=0 subP=6 procN=10 actInf=0 menuF=0 tgtSel=0 resW=0 self=hp253/st0 pet=hp334/st0 validEnemy=1 fallback=18 delay=0 cmd=H|12 heal[en=1 tf=3 c=95 p=95 a=95 mag=3 selfP=96/mx263 petP=96/mx345] | enemies=10:st0/hp0/mx0/df0/fn0/lv0/v0 11:st0/hp0/mx0/df0/fn0/lv0/v0 12:st0/hp0/mx0/df0/fn0/lv0/v0 13:st0/hp0/mx0/df0/fn0/lv0/v0 14:st0/hp0/mx0/df0/fn0/lv0/v0 15:st0/hp0/mx30/df0/fn0/lv2/v0 16:st0/hp0/mx36/df0/fn0/lv3/v0 17:st0/hp0/mx35/df0/fn0/lv3/v0 18:st0/hp33/mx33/df0/fn4909D0/lv3/v1 19:st0/hp0/mx0/df0/fn0/lv0/v0 
autobattle tick cnt=1058 smto=1 res=0 battling=1 ctype=0 ptype=0
autobattle tick cnt=1065 smto=1 res=0 battling=1 ctype=0 ptype=0
autobattle CHAR t=172588437 turn=0 cliT=0 myNo=0 afl=78000 cb=0 pb=0 subP=3 procN=10 actInf=0 menuF=0 tgtSel=0 resW=0 self=hp253/st0 pet=hp334/st0 validEnemy=4 fallback=17 delay=0 cmd=H|11 heal[en=1 tf=3 c=95 p=95 a=95 mag=3 selfP=96/mx263 petP=96/mx345] | enemies=10:st0/hp0/mx0/df0/fn0/lv0/v0 11:st0/hp0/mx0/df0/fn0/lv0/v0 12:st0/hp0/mx0/df0/fn0/lv0/v0 13:st0/hp0/mx0/df0/fn0/lv0/v0 14:st0/hp0/mx0/df0/fn0/lv0/v0 15:st0/hp37/mx37/df0/fn4909D0/lv3/v1 16:st0/hp29/mx29/df0/fn4909D0/lv2/v1 17:st0/hp36/mx36/df0/fn4909D0/lv3/v1 18:st0/hp27/mx27/df0/fn4909D0/lv2/v1 19:st0/hp0/mx0/df0/fn0/lv0/v0 
autobattle PET turn=0 myNo=0 row=0 si=0 seed=-2 target=17 validEnemy=4 minLv=2 pcEnable=0 cmd=W|0|11
autobattle tick cnt=1081 smto=1 res=0 battling=1 ctype=0 ptype=0
autobattle CHAR t=172590187 turn=1 cliT=1 myNo=0 afl=8000 cb=0 pb=0 subP=5 procN=10 actInf=0 menuF=0 tgtSel=0 resW=0 self=hp253/st0 pet=hp334/st0 validEnemy=1 fallback=15 delay=0 cmd=H|F heal[en=1 tf=3 c=95 p=95 a=95 mag=3 selfP=96/mx263 petP=96/mx345] | enemies=10:st0/hp0/mx0/df0/fn0/lv0/v0 11:st0/hp0/mx0/df0/fn0/lv0/v0 12:st0/hp0/mx0/df0/fn0/lv0/v0 13:st0/hp0/mx0/df0/fn0/lv0/v0 14:st0/hp0/mx0/df0/fn0/lv0/v0 15:st0/hp37/mx37/df0/fn4909D0/lv3/v1 16:st0/hp0/mx29/df0/fn0/lv2/v0 17:st0/hp0/mx36/df0/fn0/lv3/v0 18:st0/hp0/mx27/df0/fn0/lv2/v0 19:st0/hp0/mx0/df0/fn0/lv0/v0 
autobattle PET turn=1 myNo=0 row=0 si=0 seed=-2 target=15 validEnemy=1 minLv=3 pcEnable=0 cmd=W|0|F
autobattle tick cnt=1097 smto=1 res=0 battling=1 ctype=0 ptype=0
autobattle tick cnt=1107 smto=1 res=0 battling=1 ctype=0 ptype=0
autobattle CHAR t=172592328 turn=0 cliT=0 myNo=0 afl=18000 cb=0 pb=0 subP=3 procN=10 actInf=0 menuF=0 tgtSel=0 resW=0 self=hp253/st0 pet=hp334/st0 validEnemy=2 fallback=15 delay=0 cmd=H|F heal[en=1 tf=3 c=95 p=95 a=95 mag=3 selfP=96/mx263 petP=96/mx345] | enemies=10:st0/hp0/mx0/df0/fn0/lv0/v0 11:st0/hp0/mx0/df0/fn0/lv0/v0 12:st0/hp0/mx0/df0/fn0/lv0/v0 13:st0/hp0/mx0/df0/fn0/lv0/v0 14:st0/hp0/mx0/df0/fn0/lv0/v0 15:st0/hp35/mx35/df0/fn4909D0/lv2/v1 16:st0/hp50/mx50/df0/fn4909D0/lv4/v1 17:st0/hp0/mx0/df0/fn0/lv0/v0 18:st0/hp0/mx0/df0/fn0/lv0/v0 19:st0/hp0/mx0/df0/fn0/lv0/v0 
autobattle PET turn=0 myNo=0 row=0 si=0 seed=-2 target=15 validEnemy=2 minLv=2 pcEnable=0 cmd=W|0|F
autobattle CHAR t=172593218 turn=1 cliT=1 myNo=0 afl=10000 cb=0 pb=0 subP=3 procN=10 actInf=3 menuF=0 tgtSel=0 resW=0 self=hp253/st0 pet=hp334/st0 validEnemy=1 fallback=16 delay=0 cmd=H|10 heal[en=1 tf=3 c=95 p=95 a=95 mag=3 selfP=96/mx263 petP=96/mx345] | enemies=10:st0/hp0/mx0/df0/fn0/lv0/v0 11:st0/hp0/mx0/df0/fn0/lv0/v0 12:st0/hp0/mx0/df0/fn0/lv0/v0 13:st0/hp0/mx0/df0/fn0/lv0/v0 14:st0/hp0/mx0/df0/fn0/lv0/v0 15:st0/hp0/mx35/df0/fn0/lv2/v0 16:st0/hp50/mx50/df0/fn4909D0/lv4/v1 17:st0/hp0/mx0/df0/fn0/lv0/v0 18:st0/hp0/mx0/df0/fn0/lv0/v0 19:st0/hp0/mx0/df0/fn0/lv0/v0 
autobattle PET turn=1 myNo=0 row=0 si=0 seed=-2 target=16 validEnemy=1 minLv=4 pcEnable=0 cmd=W|0|10
autobattle tick cnt=1123 smto=1 res=0 battling=1 ctype=0 ptype=0
autobattle tick cnt=1134 smto=1 res=0 battling=1 ctype=0 ptype=0
autobattle CHAR t=172595187 turn=0 cliT=0 myNo=0 afl=18000 cb=0 pb=0 subP=3 procN=10 actInf=0 menuF=0 tgtSel=0 resW=0 self=hp253/st0 pet=hp334/st0 validEnemy=2 fallback=15 delay=0 cmd=H|F heal[en=1 tf=3 c=95 p=95 a=95 mag=3 selfP=96/mx263 petP=96/mx345] | enemies=10:st0/hp0/mx0/df0/fn0/lv0/v0 11:st0/hp0/mx0/df0/fn0/lv0/v0 12:st0/hp0/mx0/df0/fn0/lv0/v0 13:st0/hp0/mx0/df0/fn0/lv0/v0 14:st0/hp0/mx0/df0/fn0/lv0/v0 15:st0/hp52/mx52/df0/fn4909D0/lv4/v1 16:st0/hp47/mx47/df0/fn4909D0/lv3/v1 17:st0/hp0/mx0/df0/fn0/lv0/v0 18:st0/hp0/mx0/df0/fn0/lv0/v0 19:st0/hp0/mx0/df0/fn0/lv0/v0 
autobattle PET turn=0 myNo=0 row=0 si=0 seed=-2 target=15 validEnemy=2 minLv=3 pcEnable=0 cmd=W|0|F
autobattle CHAR t=172596046 turn=1 cliT=1 myNo=0 afl=10000 cb=0 pb=0 subP=5 procN=10 actInf=0 menuF=0 tgtSel=0 resW=0 self=hp253/st0 pet=hp334/st0 validEnemy=1 fallback=16 delay=0 cmd=H|10 heal[en=1 tf=3 c=95 p=95 a=95 mag=3 selfP=96/mx263 petP=96/mx345] | enemies=10:st0/hp0/mx0/df0/fn0/lv0/v0 11:st0/hp0/mx0/df0/fn0/lv0/v0 12:st0/hp0/mx0/df0/fn0/lv0/v0 13:st0/hp0/mx0/df0/fn0/lv0/v0 14:st0/hp0/mx0/df0/fn0/lv0/v0 15:st0/hp0/mx52/df0/fn0/lv4/v0 16:st0/hp47/mx47/df0/fn4909D0/lv3/v1 17:st0/hp0/mx0/df0/fn0/lv0/v0 18:st0/hp0/mx0/df0/fn0/lv0/v0 19:st0/hp0/mx0/df0/fn0/lv0/v0 
autobattle PET turn=1 myNo=0 row=0 si=0 seed=-2 target=16 validEnemy=1 minLv=3 pcEnable=0 cmd=W|0|10
autobattle tick cnt=1151 smto=1 res=0 battling=1 ctype=0 ptype=0
autobattle tick cnt=1162 smto=1 res=0 battling=1 ctype=0 ptype=0
autobattle CHAR t=172598812 turn=0 cliT=0 myNo=0 afl=F8000 cb=0 pb=0 subP=3 procN=10 actInf=0 menuF=0 tgtSel=0 resW=0 self=hp253/st0 pet=hp334/st0 validEnemy=5 fallback=19 delay=0 cmd=H|13 heal[en=1 tf=3 c=95 p=95 a=95 mag=3 selfP=96/mx263 petP=96/mx345] | enemies=10:st0/hp0/mx0/df0/fn0/lv0/v0 11:st0/hp0/mx0/df0/fn0/lv0/v0 12:st0/hp0/mx0/df0/fn0/lv0/v0 13:st0/hp0/mx0/df0/fn0/lv0/v0 14:st0/hp0/mx0/df0/fn0/lv0/v0 15:st0/hp38/mx38/df0/fn4909D0/lv3/v1 16:st0/hp33/mx33/df0/fn4909D0/lv3/v1 17:st0/hp38/mx38/df0/fn4909D0/lv3/v1 18:st0/hp32/mx32/df0/fn4909D0/lv2/v1 19:st0/hp35/mx35/df0/fn4909D0/lv3/v1 
autobattle PET turn=0 myNo=0 row=0 si=0 seed=-2 target=19 validEnemy=5 minLv=2 pcEnable=0 cmd=W|0|13
autobattle tick cnt=1178 smto=1 res=0 battling=1 ctype=0 ptype=0
autobattle CHAR t=172599812 turn=1 cliT=1 myNo=0 afl=68000 cb=0 pb=0 subP=5 procN=10 actInf=0 menuF=0 tgtSel=0 resW=0 self=hp253/st0 pet=hp334/st0 validEnemy=3 fallback=17 delay=0 cmd=H|11 heal[en=1 tf=3 c=95 p=95 a=95 mag=3 selfP=96/mx263 petP=96/mx345] | enemies=10:st0/hp0/mx0/df0/fn0/lv0/v0 11:st0/hp0/mx0/df0/fn0/lv0/v0 12:st0/hp0/mx0/df0/fn0/lv0/v0 13:st0/hp0/mx0/df0/fn0/lv0/v0 14:st0/hp0/mx0/df0/fn0/lv0/v0 15:st0/hp38/mx38/df0/fn4909D0/lv3/v1 16:st0/hp0/mx33/df0/fn0/lv3/v0 17:st0/hp38/mx38/df0/fn4909D0/lv3/v1 18:st0/hp32/mx32/df0/fn4909D0/lv2/v1 19:st0/hp0/mx35/df0/fn0/lv3/v0 
autobattle PET turn=1 myNo=0 row=0 si=0 seed=-2 target=17 validEnemy=3 minLv=2 pcEnable=0 cmd=W|0|11
autobattle tick cnt=1195 smto=1 res=0 battling=1 ctype=0 ptype=0
autobattle CHAR t=172600921 turn=2 cliT=2 myNo=0 afl=48000 cb=0 pb=0 subP=5 procN=10 actInf=0 menuF=0 tgtSel=0 resW=0 self=hp252/st0 pet=hp334/st0 validEnemy=2 fallback=15 delay=0 cmd=H|F heal[en=1 tf=3 c=95 p=95 a=95 mag=3 selfP=95/mx263 petP=96/mx345] | enemies=10:st0/hp0/mx0/df0/fn0/lv0/v0 11:st0/hp0/mx0/df0/fn0/lv0/v0 12:st0/hp0/mx0/df0/fn0/lv0/v0 13:st0/hp0/mx0/df0/fn0/lv0/v0 14:st0/hp0/mx0/df0/fn0/lv0/v0 15:st0/hp38/mx38/df0/fn4909D0/lv3/v1 16:st0/hp0/mx33/df0/fn0/lv3/v0 17:st0/hp0/mx38/df0/fn0/lv3/v0 18:st0/hp32/mx32/df0/fn4909D0/lv2/v1 19:st0/hp0/mx35/df0/fn0/lv3/v0 
autobattle PET turn=2 myNo=0 row=0 si=0 seed=-2 target=15 validEnemy=2 minLv=2 pcEnable=0 cmd=W|0|F
autobattle tick cnt=1212 smto=1 res=0 battling=1 ctype=0 ptype=0
autobattle tick cnt=1215 smto=1 res=0 battling=1 ctype=0 ptype=0
autobattle CHAR t=172605109 turn=0 cliT=0 myNo=0 afl=8000 cb=0 pb=0 subP=3 procN=10 actInf=0 menuF=0 tgtSel=0 resW=0 self=hp252/st0 pet=hp334/st0 validEnemy=1 fallback=15 delay=0 cmd=H|F heal[en=1 tf=3 c=95 p=95 a=95 mag=3 selfP=95/mx263 petP=96/mx345] | enemies=10:st0/hp0/mx0/df0/fn0/lv0/v0 11:st0/hp0/mx0/df0/fn0/lv0/v0 12:st0/hp0/mx0/df0/fn0/lv0/v0 13:st0/hp0/mx0/df0/fn0/lv0/v0 14:st0/hp0/mx0/df0/fn0/lv0/v0 15:st0/hp26/mx26/df0/fn4909D0/lv2/v1 16:st0/hp0/mx0/df0/fn0/lv0/v0 17:st0/hp0/mx0/df0/fn0/lv0/v0 18:st0/hp0/mx0/df0/fn0/lv0/v0 19:st0/hp0/mx0/df0/fn0/lv0/v0 
autobattle PET turn=0 myNo=0 row=0 si=0 seed=-2 target=15 validEnemy=1 minLv=2 pcEnable=0 cmd=W|0|F
autobattle tick cnt=1228 smto=1 res=0 battling=1 ctype=0 ptype=0
autobattle CHAR t=172607750 turn=0 cliT=0 myNo=0 afl=38000 cb=0 pb=0 subP=3 procN=10 actInf=0 menuF=0 tgtSel=0 resW=0 self=hp252/st0 pet=hp334/st0 validEnemy=3 fallback=17 delay=0 cmd=H|11 heal[en=1 tf=3 c=95 p=95 a=95 mag=3 selfP=95/mx263 petP=96/mx345] | enemies=10:st0/hp0/mx0/df0/fn0/lv0/v0 11:st0/hp0/mx0/df0/fn0/lv0/v0 12:st0/hp0/mx0/df0/fn0/lv0/v0 13:st0/hp0/mx0/df0/fn0/lv0/v0 14:st0/hp0/mx0/df0/fn0/lv0/v0 15:st0/hp34/mx34/df0/fn4909D0/lv3/v1 16:st0/hp38/mx38/df0/fn4909D0/lv3/v1 17:st0/hp28/mx28/df0/fn4909D0/lv2/v1 18:st0/hp0/mx0/df0/fn0/lv0/v0 19:st0/hp0/mx0/df0/fn0/lv0/v0 
autobattle PET turn=0 myNo=0 row=0 si=0 seed=-2 target=17 validEnemy=3 minLv=2 pcEnable=0 cmd=W|0|11
autobattle tick cnt=1245 smto=1 res=0 battling=1 ctype=0 ptype=0
autobattle CHAR t=172608921 turn=1 cliT=1 myNo=0 afl=18000 cb=0 pb=0 subP=5 procN=10 actInf=0 menuF=0 tgtSel=0 resW=0 self=hp251/st0 pet=hp334/st0 validEnemy=2 fallback=15 delay=0 cmd=H|F heal[en=1 tf=3 c=95 p=95 a=95 mag=3 selfP=95/mx263 petP=96/mx345] | enemies=10:st0/hp0/mx0/df0/fn0/lv0/v0 11:st0/hp0/mx0/df0/fn0/lv0/v0 12:st0/hp0/mx0/df0/fn0/lv0/v0 13:st0/hp0/mx0/df0/fn0/lv0/v0 14:st0/hp0/mx0/df0/fn0/lv0/v0 15:st0/hp34/mx34/df0/fn4909D0/lv3/v1 16:st0/hp38/mx38/df0/fn4909D0/lv3/v1 17:st0/hp0/mx28/df0/fn0/lv2/v0 18:st0/hp0/mx0/df0/fn0/lv0/v0 19:st0/hp0/mx0/df0/fn0/lv0/v0 
autobattle PET turn=1 myNo=0 row=0 si=0 seed=-2 target=15 validEnemy=2 minLv=3 pcEnable=0 cmd=W|0|F
autobattle tick cnt=1262 smto=1 res=0 battling=1 ctype=0 ptype=0
autobattle CHAR t=172610343 turn=0 cliT=0 myNo=0 afl=8000 cb=0 pb=0 subP=3 procN=10 actInf=0 menuF=0 tgtSel=0 resW=0 self=hp251/st0 pet=hp334/st0 validEnemy=1 fallback=15 delay=0 cmd=H|F heal[en=1 tf=3 c=95 p=95 a=95 mag=3 selfP=95/mx263 petP=96/mx345] | enemies=10:st0/hp0/mx0/df0/fn0/lv0/v0 11:st0/hp0/mx0/df0/fn0/lv0/v0 12:st0/hp0/mx0/df0/fn0/lv0/v0 13:st0/hp0/mx0/df0/fn0/lv0/v0 14:st0/hp0/mx0/df0/fn0/lv0/v0 15:st0/hp38/mx38/df0/fn4909D0/lv3/v1 16:st0/hp0/mx0/df0/fn0/lv0/v0 17:st0/hp0/mx0/df0/fn0/lv0/v0 18:st0/hp0/mx0/df0/fn0/lv0/v0 19:st0/hp0/mx0/df0/fn0/lv0/v0 
autobattle PET turn=0 myNo=0 row=0 si=0 seed=-2 target=15 validEnemy=1 minLv=3 pcEnable=0 cmd=W|0|F
autobattle tick cnt=1275 smto=1 res=0 battling=1 ctype=0 ptype=0
autobattle tick cnt=1279 smto=1 res=0 battling=1 ctype=0 ptype=0
autobattle CHAR t=172612437 turn=0 cliT=0 myNo=0 afl=38000 cb=0 pb=0 subP=3 procN=10 actInf=0 menuF=0 tgtSel=0 resW=0 self=hp251/st0 pet=hp334/st0 validEnemy=3 fallback=17 delay=0 cmd=H|11 heal[en=1 tf=3 c=95 p=95 a=95 mag=3 selfP=95/mx263 petP=96/mx345] | enemies=10:st0/hp0/mx0/df0/fn0/lv0/v0 11:st0/hp0/mx0/df0/fn0/lv0/v0 12:st0/hp0/mx0/df0/fn0/lv0/v0 13:st0/hp0/mx0/df0/fn0/lv0/v0 14:st0/hp0/mx0/df0/fn0/lv0/v0 15:st0/hp31/mx31/df0/fn4909D0/lv3/v1 16:st0/hp29/mx29/df0/fn4909D0/lv2/v1 17:st0/hp36/mx36/df0/fn4909D0/lv3/v1 18:st0/hp0/mx0/df0/fn0/lv0/v0 19:st0/hp0/mx0/df0/fn0/lv0/v0 
autobattle PET turn=0 myNo=0 row=0 si=0 seed=-2 target=17 validEnemy=3 minLv=2 pcEnable=0 cmd=W|0|11
autobattle CHAR t=172613171 turn=1 cliT=1 myNo=0 afl=0 cb=0 pb=0 subP=6 procN=10 actInf=0 menuF=0 tgtSel=0 resW=0 self=hp251/st0 pet=hp334/st0 validEnemy=1 fallback=15 delay=0 cmd=H|F heal[en=1 tf=3 c=95 p=95 a=95 mag=3 selfP=95/mx263 petP=96/mx345] | enemies=10:st0/hp0/mx0/df0/fn0/lv0/v0 11:st0/hp0/mx0/df0/fn0/lv0/v0 12:st0/hp0/mx0/df0/fn0/lv0/v0 13:st0/hp0/mx0/df0/fn0/lv0/v0 14:st0/hp0/mx0/df0/fn0/lv0/v0 15:st0/hp31/mx31/df0/fn4909D0/lv3/v1 16:st0/hp0/mx29/df0/fn4909D0/lv2/v0 17:st0/hp0/mx36/df0/fn0/lv3/v0 18:st0/hp0/mx0/df0/fn0/lv0/v0 19:st0/hp0/mx0/df0/fn0/lv0/v0 
autobattle tick cnt=1296 smto=1 res=0 battling=1 ctype=0 ptype=0
autobattle tick cnt=1306 smto=1 res=0 battling=1 ctype=0 ptype=0
autobattle CHAR t=172616390 turn=0 cliT=0 myNo=0 afl=18000 cb=0 pb=0 subP=3 procN=10 actInf=0 menuF=0 tgtSel=0 resW=0 self=hp251/st0 pet=hp334/st0 validEnemy=2 fallback=15 delay=0 cmd=H|F heal[en=1 tf=3 c=95 p=95 a=95 mag=3 selfP=95/mx263 petP=96/mx345] | enemies=10:st0/hp0/mx0/df0/fn0/lv0/v0 11:st0/hp0/mx0/df0/fn0/lv0/v0 12:st0/hp0/mx0/df0/fn0/lv0/v0 13:st0/hp0/mx0/df0/fn0/lv0/v0 14:st0/hp0/mx0/df0/fn0/lv0/v0 15:st0/hp35/mx35/df0/fn4909D0/lv2/v1 16:st0/hp52/mx52/df0/fn4909D0/lv4/v1 17:st0/hp0/mx0/df0/fn0/lv0/v0 18:st0/hp0/mx0/df0/fn0/lv0/v0 19:st0/hp0/mx0/df0/fn0/lv0/v0 
autobattle PET turn=0 myNo=0 row=0 si=0 seed=-2 target=15 validEnemy=2 minLv=2 pcEnable=0 cmd=W|0|F
autobattle tick cnt=1323 smto=1 res=0 battling=1 ctype=0 ptype=0
autobattle CHAR t=172618234 turn=0 cliT=0 myNo=0 afl=8000 cb=0 pb=0 subP=3 procN=10 actInf=0 menuF=0 tgtSel=0 resW=0 self=hp251/st0 pet=hp334/st0 validEnemy=1 fallback=15 delay=0 cmd=H|F heal[en=1 tf=3 c=95 p=95 a=95 mag=3 selfP=95/mx263 petP=96/mx345] | enemies=10:st0/hp0/mx0/df0/fn0/lv0/v0 11:st0/hp0/mx0/df0/fn0/lv0/v0 12:st0/hp0/mx0/df0/fn0/lv0/v0 13:st0/hp0/mx0/df0/fn0/lv0/v0 14:st0/hp0/mx0/df0/fn0/lv0/v0 15:st0/hp29/mx29/df0/fn4909D0/lv2/v1 16:st0/hp0/mx0/df0/fn0/lv0/v0 17:st0/hp0/mx0/df0/fn0/lv0/v0 18:st0/hp0/mx0/df0/fn0/lv0/v0 19:st0/hp0/mx0/df0/fn0/lv0/v0 
autobattle PET turn=0 myNo=0 row=0 si=0 seed=-2 target=15 validEnemy=1 minLv=2 pcEnable=0 cmd=W|0|F
autobattle tick cnt=1328 smto=1 res=0 battling=1 ctype=0 ptype=0
autobattle tick cnt=1339 smto=1 res=0 battling=1 ctype=0 ptype=0
autobattle CHAR t=172620203 turn=0 cliT=0 myNo=0 afl=38000 cb=0 pb=0 subP=3 procN=10 actInf=0 menuF=0 tgtSel=0 resW=0 self=hp251/st0 pet=hp334/st0 validEnemy=3 fallback=17 delay=0 cmd=H|11 heal[en=1 tf=3 c=95 p=95 a=95 mag=3 selfP=95/mx263 petP=96/mx345] | enemies=10:st0/hp0/mx0/df0/fn0/lv0/v0 11:st0/hp0/mx0/df0/fn0/lv0/v0 12:st0/hp0/mx0/df0/fn0/lv0/v0 13:st0/hp0/mx0/df0/fn0/lv0/v0 14:st0/hp0/mx0/df0/fn0/lv0/v0 15:st0/hp30/mx30/df0/fn4909D0/lv3/v1 16:st0/hp31/mx31/df0/fn4909D0/lv3/v1 17:st0/hp28/mx28/df0/fn4909D0/lv3/v1 18:st0/hp0/mx0/df0/fn0/lv0/v0 19:st0/hp0/mx0/df0/fn0/lv0/v0 
autobattle PET turn=0 myNo=0 row=0 si=0 seed=-2 target=17 validEnemy=3 minLv=3 pcEnable=0 cmd=W|0|11
autobattle CHAR t=172620937 turn=1 cliT=1 myNo=0 afl=18000 cb=0 pb=0 subP=5 procN=10 actInf=0 menuF=0 tgtSel=0 resW=0 self=hp251/st0 pet=hp334/st0 validEnemy=2 fallback=15 delay=0 cmd=H|F heal[en=1 tf=3 c=95 p=95 a=95 mag=3 selfP=95/mx263 petP=96/mx345] | enemies=10:st0/hp0/mx0/df0/fn0/lv0/v0 11:st0/hp0/mx0/df0/fn0/lv0/v0 12:st0/hp0/mx0/df0/fn0/lv0/v0 13:st0/hp0/mx0/df0/fn0/lv0/v0 14:st0/hp0/mx0/df0/fn0/lv0/v0 15:st0/hp30/mx30/df0/fn4909D0/lv3/v1 16:st0/hp31/mx31/df0/fn4909D0/lv3/v1 17:st0/hp0/mx28/df0/fn0/lv3/v0 18:st0/hp0/mx0/df0/fn0/lv0/v0 19:st0/hp0/mx0/df0/fn0/lv0/v0 
autobattle PET turn=1 myNo=0 row=0 si=0 seed=-2 target=15 validEnemy=2 minLv=3 pcEnable=0 cmd=W|0|F
autobattle tick cnt=1355 smto=1 res=0 battling=1 ctype=0 ptype=0
autobattle CHAR t=172621828 turn=2 cliT=2 myNo=0 afl=10000 cb=0 pb=0 subP=5 procN=10 actInf=0 menuF=0 tgtSel=0 resW=0 self=hp251/st0 pet=hp333/st0 validEnemy=1 fallback=16 delay=0 cmd=H|10 heal[en=1 tf=3 c=95 p=95 a=95 mag=3 selfP=95/mx263 petP=96/mx345] | enemies=10:st0/hp0/mx0/df0/fn0/lv0/v0 11:st0/hp0/mx0/df0/fn0/lv0/v0 12:st0/hp0/mx0/df0/fn0/lv0/v0 13:st0/hp0/mx0/df0/fn0/lv0/v0 14:st0/hp0/mx0/df0/fn0/lv0/v0 15:st0/hp0/mx30/df0/fn0/lv3/v0 16:st0/hp31/mx31/df0/fn4909D0/lv3/v1 17:st0/hp0/mx28/df0/fn0/lv3/v0 18:st0/hp0/mx0/df0/fn0/lv0/v0 19:st0/hp0/mx0/df0/fn0/lv0/v0 
autobattle PET turn=2 myNo=0 row=0 si=0 seed=-2 target=16 validEnemy=1 minLv=3 pcEnable=0 cmd=W|0|10
autobattle tick cnt=1371 smto=1 res=0 battling=1 ctype=0 ptype=0
autobattle tick cnt=1378 smto=1 res=0 battling=1 ctype=0 ptype=0
autobattle CHAR t=172623828 turn=0 cliT=0 myNo=0 afl=8000 cb=0 pb=0 subP=3 procN=10 actInf=0 menuF=0 tgtSel=0 resW=0 self=hp251/st0 pet=hp333/st0 validEnemy=1 fallback=15 delay=0 cmd=H|F heal[en=1 tf=3 c=95 p=95 a=95 mag=3 selfP=95/mx263 petP=96/mx345] | enemies=10:st0/hp0/mx0/df0/fn0/lv0/v0 11:st0/hp0/mx0/df0/fn0/lv0/v0 12:st0/hp0/mx0/df0/fn0/lv0/v0 13:st0/hp0/mx0/df0/fn0/lv0/v0 14:st0/hp0/mx0/df0/fn0/lv0/v0 15:st0/hp29/mx29/df0/fn4909D0/lv3/v1 16:st0/hp0/mx0/df0/fn0/lv0/v0 17:st0/hp0/mx0/df0/fn0/lv0/v0 18:st0/hp0/mx0/df0/fn0/lv0/v0 19:st0/hp0/mx0/df0/fn0/lv0/v0 
autobattle PET turn=0 myNo=0 row=0 si=0 seed=-2 target=15 validEnemy=1 minLv=3 pcEnable=0 cmd=W|0|F
autobattle tick cnt=1393 smto=1 res=0 battling=1 ctype=0 ptype=0
autobattle CHAR t=172625234 turn=0 cliT=0 myNo=0 afl=8000 cb=0 pb=0 subP=3 procN=10 actInf=0 menuF=0 tgtSel=0 resW=0 self=hp251/st0 pet=hp333/st0 validEnemy=1 fallback=15 delay=0 cmd=H|F heal[en=1 tf=3 c=95 p=95 a=95 mag=3 selfP=95/mx263 petP=96/mx345] | enemies=10:st0/hp0/mx0/df0/fn0/lv0/v0 11:st0/hp0/mx0/df0/fn0/lv0/v0 12:st0/hp0/mx0/df0/fn0/lv0/v0 13:st0/hp0/mx0/df0/fn0/lv0/v0 14:st0/hp0/mx0/df0/fn0/lv0/v0 15:st0/hp28/mx28/df0/fn4909D0/lv2/v1 16:st0/hp0/mx0/df0/fn0/lv0/v0 17:st0/hp0/mx0/df0/fn0/lv0/v0 18:st0/hp0/mx0/df0/fn0/lv0/v0 19:st0/hp0/mx0/df0/fn0/lv0/v0 
autobattle PET turn=0 myNo=0 row=0 si=0 seed=-2 target=15 validEnemy=1 minLv=2 pcEnable=0 cmd=W|0|F
autobattle tick cnt=1407 smto=1 res=0 battling=1 ctype=0 ptype=0
autobattle CHAR t=172628500 turn=0 cliT=0 myNo=0 afl=8000 cb=0 pb=0 subP=3 procN=10 actInf=0 menuF=0 tgtSel=0 resW=0 self=hp251/st0 pet=hp333/st0 validEnemy=1 fallback=15 delay=0 cmd=H|F heal[en=1 tf=3 c=95 p=95 a=95 mag=3 selfP=95/mx263 petP=96/mx345] | enemies=10:st0/hp0/mx0/df0/fn0/lv0/v0 11:st0/hp0/mx0/df0/fn0/lv0/v0 12:st0/hp0/mx0/df0/fn0/lv0/v0 13:st0/hp0/mx0/df0/fn0/lv0/v0 14:st0/hp0/mx0/df0/fn0/lv0/v0 15:st0/hp31/mx31/df0/fn4909D0/lv3/v1 16:st0/hp0/mx0/df0/fn0/lv0/v0 17:st0/hp0/mx0/df0/fn0/lv0/v0 18:st0/hp0/mx0/df0/fn0/lv0/v0 19:st0/hp0/mx0/df0/fn0/lv0/v0 
autobattle PET turn=0 myNo=0 row=0 si=0 seed=-2 target=15 validEnemy=1 minLv=3 pcEnable=0 cmd=W|0|F
autobattle tick cnt=1421 smto=1 res=0 battling=1 ctype=0 ptype=0
autobattle CHAR t=172629734 turn=0 cliT=0 myNo=0 afl=18000 cb=0 pb=0 subP=3 procN=10 actInf=0 menuF=0 tgtSel=0 resW=0 self=hp251/st0 pet=hp333/st0 validEnemy=2 fallback=15 delay=0 cmd=H|F heal[en=1 tf=3 c=95 p=95 a=95 mag=3 selfP=95/mx263 petP=96/mx345] | enemies=10:st0/hp0/mx0/df0/fn0/lv0/v0 11:st0/hp0/mx0/df0/fn0/lv0/v0 12:st0/hp0/mx0/df0/fn0/lv0/v0 13:st0/hp0/mx0/df0/fn0/lv0/v0 14:st0/hp0/mx0/df0/fn0/lv0/v0 15:st0/hp37/mx37/df0/fn4909D0/lv3/v1 16:st0/hp36/mx36/df0/fn4909D0/lv3/v1 17:st0/hp0/mx0/df0/fn0/lv0/v0 18:st0/hp0/mx0/df0/fn0/lv0/v0 19:st0/hp0/mx0/df0/fn0/lv0/v0 
autobattle PET turn=0 myNo=0 row=0 si=0 seed=-2 target=15 validEnemy=2 minLv=3 pcEnable=0 cmd=W|0|F
autobattle CHAR t=172630468 turn=1 cliT=1 myNo=0 afl=10000 cb=0 pb=0 subP=5 procN=10 actInf=0 menuF=0 tgtSel=0 resW=0 self=hp251/st0 pet=hp333/st0 validEnemy=1 fallback=16 delay=0 cmd=H|10 heal[en=1 tf=3 c=95 p=95 a=95 mag=3 selfP=95/mx263 petP=96/mx345] | enemies=10:st0/hp0/mx0/df0/fn0/lv0/v0 11:st0/hp0/mx0/df0/fn0/lv0/v0 12:st0/hp0/mx0/df0/fn0/lv0/v0 13:st0/hp0/mx0/df0/fn0/lv0/v0 14:st0/hp0/mx0/df0/fn0/lv0/v0 15:st0/hp0/mx37/df0/fn0/lv3/v0 16:st0/hp36/mx36/df0/fn4909D0/lv3/v1 17:st0/hp0/mx0/df0/fn0/lv0/v0 18:st0/hp0/mx0/df0/fn0/lv0/v0 19:st0/hp0/mx0/df0/fn0/lv0/v0 
autobattle PET turn=1 myNo=0 row=0 si=0 seed=-2 target=16 validEnemy=1 minLv=3 pcEnable=0 cmd=W|0|10
autobattle tick cnt=1438 smto=1 res=0 battling=1 ctype=0 ptype=0
autobattle tick cnt=1447 smto=1 res=0 battling=1 ctype=0 ptype=0
autobattle CHAR t=172633359 turn=0 cliT=0 myNo=0 afl=F8000 cb=0 pb=0 subP=3 procN=10 actInf=0 menuF=0 tgtSel=0 resW=0 self=hp251/st0 pet=hp333/st0 validEnemy=5 fallback=19 delay=0 cmd=H|13 heal[en=1 tf=3 c=95 p=95 a=95 mag=3 selfP=95/mx263 petP=96/mx345] | enemies=10:st0/hp0/mx0/df0/fn0/lv0/v0 11:st0/hp0/mx0/df0/fn0/lv0/v0 12:st0/hp0/mx0/df0/fn0/lv0/v0 13:st0/hp0/mx0/df0/fn0/lv0/v0 14:st0/hp0/mx0/df0/fn0/lv0/v0 15:st0/hp37/mx37/df0/fn4909D0/lv2/v1 16:st0/hp46/mx46/df0/fn4909D0/lv3/v1 17:st0/hp53/mx53/df0/fn4909D0/lv4/v1 18:st0/hp54/mx54/df0/fn4909D0/lv4/v1 19:st0/hp48/mx48/df0/fn4909D0/lv3/v1 
autobattle PET turn=0 myNo=0 row=0 si=0 seed=-2 target=19 validEnemy=5 minLv=2 pcEnable=0 cmd=W|0|13
autobattle tick cnt=1464 smto=1 res=0 battling=1 ctype=0 ptype=0
autobattle CHAR t=172635015 turn=1 cliT=1 myNo=0 afl=60000 cb=0 pb=0 subP=5 procN=10 actInf=0 menuF=0 tgtSel=0 resW=0 self=hp251/st0 pet=hp333/st0 validEnemy=2 fallback=17 delay=0 cmd=H|11 heal[en=1 tf=3 c=95 p=95 a=95 mag=3 selfP=95/mx263 petP=96/mx345] | enemies=10:st0/hp0/mx0/df0/fn0/lv0/v0 11:st0/hp0/mx0/df0/fn0/lv0/v0 12:st0/hp0/mx0/df0/fn0/lv0/v0 13:st0/hp0/mx0/df0/fn0/lv0/v0 14:st0/hp0/mx0/df0/fn0/lv0/v0 15:st0/hp0/mx37/df0/fn0/lv2/v0 16:st0/hp0/mx46/df0/fn0/lv3/v0 17:st0/hp53/mx53/df0/fn4909D0/lv4/v1 18:st0/hp54/mx54/df0/fn4909D0/lv4/v1 19:st0/hp0/mx48/df0/fn0/lv3/v0 
autobattle PET turn=1 myNo=0 row=0 si=0 seed=-2 target=17 validEnemy=2 minLv=4 pcEnable=0 cmd=W|0|11
autobattle tick cnt=1481 smto=1 res=0 battling=1 ctype=0 ptype=0
autobattle CHAR t=172635875 turn=2 cliT=2 myNo=0 afl=40000 cb=0 pb=0 subP=2 procN=10 actInf=0 menuF=0 tgtSel=0 resW=0 self=hp250/st0 pet=hp333/st0 validEnemy=1 fallback=18 delay=0 cmd=H|12 heal[en=1 tf=3 c=95 p=95 a=95 mag=3 selfP=95/mx263 petP=96/mx345] | enemies=10:st0/hp0/mx0/df0/fn0/lv0/v0 11:st0/hp0/mx0/df0/fn0/lv0/v0 12:st0/hp0/mx0/df0/fn0/lv0/v0 13:st0/hp0/mx0/df0/fn0/lv0/v0 14:st0/hp0/mx0/df0/fn0/lv0/v0 15:st0/hp0/mx37/df0/fn0/lv2/v0 16:st0/hp0/mx46/df0/fn0/lv3/v0 17:st0/hp0/mx53/df0/fn0/lv4/v0 18:st0/hp54/mx54/df0/fn4909D0/lv4/v1 19:st0/hp0/mx48/df0/fn0/lv3/v0 
autobattle PET turn=2 myNo=0 row=0 si=0 seed=-2 target=18 validEnemy=1 minLv=4 pcEnable=0 cmd=W|0|12
autobattle tick cnt=1498 smto=1 res=0 battling=1 ctype=0 ptype=0
autobattle tick cnt=1503 smto=1 res=0 battling=1 ctype=0 ptype=0
autobattle CHAR t=172637484 turn=0 cliT=0 myNo=0 afl=F8000 cb=0 pb=0 subP=3 procN=10 actInf=0 menuF=0 tgtSel=0 resW=0 self=hp250/st0 pet=hp333/st0 validEnemy=5 fallback=19 delay=0 cmd=H|13 heal[en=1 tf=3 c=95 p=95 a=95 mag=3 selfP=95/mx263 petP=96/mx345] | enemies=10:st0/hp0/mx0/df0/fn0/lv0/v0 11:st0/hp0/mx0/df0/fn0/lv0/v0 12:st0/hp0/mx0/df0/fn0/lv0/v0 13:st0/hp0/mx0/df0/fn0/lv0/v0 14:st0/hp0/mx0/df0/fn0/lv0/v0 15:st0/hp29/mx29/df0/fn4909D0/lv2/v1 16:st0/hp35/mx35/df0/fn4909D0/lv3/v1 17:st0/hp33/mx33/df0/fn4909D0/lv3/v1 18:st0/hp36/mx36/df0/fn4909D0/lv3/v1 19:st0/hp29/mx29/df0/fn4909D0/lv2/v1 
autobattle PET turn=0 myNo=0 row=0 si=0 seed=-2 target=19 validEnemy=5 minLv=2 pcEnable=0 cmd=W|0|13
autobattle tick cnt=1520 smto=1 res=0 battling=1 ctype=0 ptype=0
autobattle CHAR t=172639156 turn=1 cliT=1 myNo=0 afl=68000 cb=0 pb=0 subP=5 procN=10 actInf=0 menuF=0 tgtSel=0 resW=0 self=hp249/st0 pet=hp332/st0 validEnemy=3 fallback=17 delay=0 cmd=J|0|14 heal[en=1 tf=3 c=95 p=95 a=95 mag=3 selfP=94/mx263 petP=96/mx345] | enemies=10:st0/hp0/mx0/df0/fn0/lv0/v0 11:st0/hp0/mx0/df0/fn0/lv0/v0 12:st0/hp0/mx0/df0/fn0/lv0/v0 13:st0/hp0/mx0/df0/fn0/lv0/v0 14:st0/hp0/mx0/df0/fn0/lv0/v0 15:st0/hp29/mx29/df0/fn4909D0/lv2/v1 16:st0/hp0/mx35/df0/fn0/lv3/v0 17:st0/hp33/mx33/df0/fn4909D0/lv3/v1 18:st0/hp36/mx36/df0/fn4909D0/lv3/v1 19:st0/hp0/mx29/df0/fn0/lv2/v0 
autobattle PET turn=1 myNo=0 row=0 si=0 seed=-2 target=17 validEnemy=3 minLv=2 pcEnable=0 cmd=W|0|11
autobattle tick cnt=1536 smto=1 res=0 battling=1 ctype=0 ptype=0
autobattle CHAR t=172640453 turn=2 cliT=2 myNo=0 afl=48000 cb=0 pb=0 subP=5 procN=10 actInf=0 menuF=0 tgtSel=0 resW=0 self=hp263/st0 pet=hp344/st0 validEnemy=2 fallback=15 delay=0 cmd=H|F heal[en=1 tf=3 c=95 p=95 a=95 mag=3 selfP=100/mx263 petP=99/mx345] | enemies=10:st0/hp0/mx0/df0/fn0/lv0/v0 11:st0/hp0/mx0/df0/fn0/lv0/v0 12:st0/hp0/mx0/df0/fn0/lv0/v0 13:st0/hp0/mx0/df0/fn0/lv0/v0 14:st0/hp0/mx0/df0/fn0/lv0/v0 15:st0/hp29/mx29/df0/fn4909D0/lv2/v1 16:st0/hp0/mx35/df0/fn0/lv3/v0 17:st0/hp0/mx33/df0/fn0/lv3/v0 18:st0/hp36/mx36/df0/fn4909D0/lv3/v1 19:st0/hp0/mx29/df0/fn0/lv2/v0 
autobattle PET turn=2 myNo=0 row=0 si=0 seed=-2 target=15 validEnemy=2 minLv=2 pcEnable=0 cmd=W|0|F
autobattle tick cnt=1553 smto=1 res=0 battling=1 ctype=0 ptype=0
autobattle CHAR t=172641375 turn=3 cliT=3 myNo=0 afl=40000 cb=0 pb=0 subP=2 procN=10 actInf=0 menuF=0 tgtSel=0 resW=0 self=hp263/st0 pet=hp344/st0 validEnemy=1 fallback=18 delay=0 cmd=H|12 heal[en=1 tf=3 c=95 p=95 a=95 mag=3 selfP=100/mx263 petP=99/mx345] | enemies=10:st0/hp0/mx0/df0/fn0/lv0/v0 11:st0/hp0/mx0/df0/fn0/lv0/v0 12:st0/hp0/mx0/df0/fn0/lv0/v0 13:st0/hp0/mx0/df0/fn0/lv0/v0 14:st0/hp0/mx0/df0/fn0/lv0/v0 15:st0/hp0/mx29/df0/fn0/lv2/v0 16:st0/hp0/mx35/df0/fn0/lv3/v0 17:st0/hp0/mx33/df0/fn0/lv3/v0 18:st0/hp36/mx36/df0/fn4909D0/lv3/v1 19:st0/hp0/mx29/df0/fn0/lv2/v0 
autobattle PET turn=3 myNo=0 row=0 si=0 seed=-2 target=18 validEnemy=1 minLv=3 pcEnable=0 cmd=W|0|12
autobattle tick cnt=1570 smto=1 res=0 battling=1 ctype=0 ptype=0
autobattle tick cnt=1580 smto=1 res=0 battling=1 ctype=0 ptype=0
autobattle CHAR t=172642656 turn=0 cliT=0 myNo=0 afl=F8000 cb=0 pb=0 subP=3 procN=10 actInf=0 menuF=0 tgtSel=0 resW=0 self=hp263/st0 pet=hp344/st0 validEnemy=5 fallback=19 delay=0 cmd=H|13 heal[en=1 tf=3 c=95 p=95 a=95 mag=3 selfP=100/mx263 petP=99/mx345] | enemies=10:st0/hp0/mx0/df0/fn0/lv0/v0 11:st0/hp0/mx0/df0/fn0/lv0/v0 12:st0/hp0/mx0/df0/fn0/lv0/v0 13:st0/hp0/mx0/df0/fn0/lv0/v0 14:st0/hp0/mx0/df0/fn0/lv0/v0 15:st0/hp56/mx56/df0/fn4909D0/lv4/v1 16:st0/hp38/mx38/df0/fn4909D0/lv2/v1 17:st0/hp40/mx40/df0/fn4909D0/lv2/v1 18:st0/hp49/mx49/df0/fn4909D0/lv3/v1 19:st0/hp36/mx36/df0/fn4909D0/lv2/v1 
autobattle PET turn=0 myNo=0 row=0 si=0 seed=-2 target=19 validEnemy=5 minLv=2 pcEnable=0 cmd=W|0|13
autobattle tick cnt=1597 smto=1 res=0 battling=1 ctype=0 ptype=0
autobattle CHAR t=172644265 turn=1 cliT=1 myNo=0 afl=68000 cb=0 pb=0 subP=5 procN=10 actInf=0 menuF=0 tgtSel=0 resW=0 self=hp263/st0 pet=hp344/st0 validEnemy=3 fallback=17 delay=0 cmd=H|11 heal[en=1 tf=3 c=95 p=95 a=95 mag=3 selfP=100/mx263 petP=99/mx345] | enemies=10:st0/hp0/mx0/df0/fn0/lv0/v0 11:st0/hp0/mx0/df0/fn0/lv0/v0 12:st0/hp0/mx0/df0/fn0/lv0/v0 13:st0/hp0/mx0/df0/fn0/lv0/v0 14:st0/hp0/mx0/df0/fn0/lv0/v0 15:st0/hp56/mx56/df0/fn4909D0/lv4/v1 16:st0/hp0/mx38/df0/fn0/lv2/v0 17:st0/hp40/mx40/df0/fn4909D0/lv2/v1 18:st0/hp49/mx49/df0/fn4909D0/lv3/v1 19:st0/hp0/mx36/df0/fn0/lv2/v0 
autobattle PET turn=1 myNo=0 row=0 si=0 seed=-2 target=17 validEnemy=3 minLv=2 pcEnable=0 cmd=W|0|11
autobattle tick cnt=1614 smto=1 res=0 battling=1 ctype=0 ptype=0
autobattle CHAR t=172645312 turn=2 cliT=2 myNo=0 afl=48000 cb=0 pb=0 subP=5 procN=10 actInf=0 menuF=0 tgtSel=0 resW=0 self=hp262/st0 pet=hp343/st0 validEnemy=2 fallback=15 delay=0 cmd=H|F heal[en=1 tf=3 c=95 p=95 a=95 mag=3 selfP=99/mx263 petP=99/mx345] | enemies=10:st0/hp0/mx0/df0/fn0/lv0/v0 11:st0/hp0/mx0/df0/fn0/lv0/v0 12:st0/hp0/mx0/df0/fn0/lv0/v0 13:st0/hp0/mx0/df0/fn0/lv0/v0 14:st0/hp0/mx0/df0/fn0/lv0/v0 15:st0/hp56/mx56/df0/fn4909D0/lv4/v1 16:st0/hp0/mx38/df0/fn0/lv2/v0 17:st0/hp0/mx40/df0/fn0/lv2/v0 18:st0/hp49/mx49/df0/fn4909D0/lv3/v1 19:st0/hp0/mx36/df0/fn0/lv2/v0 
autobattle PET turn=2 myNo=0 row=0 si=0 seed=-2 target=15 validEnemy=2 minLv=3 pcEnable=0 cmd=W|0|F
autobattle tick cnt=1631 smto=1 res=0 battling=1 ctype=0 ptype=0
autobattle CHAR t=172646234 turn=3 cliT=3 myNo=0 afl=48000 cb=0 pb=0 subP=5 procN=10 actInf=0 menuF=0 tgtSel=0 resW=0 self=hp262/st0 pet=hp343/st0 validEnemy=2 fallback=15 delay=0 cmd=H|F heal[en=1 tf=3 c=95 p=95 a=95 mag=3 selfP=99/mx263 petP=99/mx345] | enemies=10:st0/hp0/mx0/df0/fn0/lv0/v0 11:st0/hp0/mx0/df0/fn0/lv0/v0 12:st0/hp0/mx0/df0/fn0/lv0/v0 13:st0/hp0/mx0/df0/fn0/lv0/v0 14:st0/hp0/mx0/df0/fn0/lv0/v0 15:st0/hp1/mx56/df0/fn4909D0/lv4/v1 16:st0/hp0/mx38/df0/fn0/lv2/v0 17:st0/hp0/mx40/df0/fn0/lv2/v0 18:st0/hp49/mx49/df0/fn4909D0/lv3/v1 19:st0/hp0/mx36/df0/fn0/lv2/v0 
autobattle PET turn=3 myNo=0 row=0 si=0 seed=-2 target=15 validEnemy=2 minLv=3 pcEnable=0 cmd=W|0|F
autobattle tick cnt=1648 smto=1 res=0 battling=1 ctype=0 ptype=0
autobattle tick cnt=1657 smto=1 res=0 battling=1 ctype=0 ptype=0
autobattle CHAR t=172649562 turn=0 cliT=0 myNo=0 afl=F8000 cb=0 pb=0 subP=3 procN=10 actInf=0 menuF=0 tgtSel=0 resW=0 self=hp262/st0 pet=hp343/st0 validEnemy=5 fallback=19 delay=0 cmd=H|13 heal[en=1 tf=3 c=95 p=95 a=95 mag=3 selfP=99/mx263 petP=99/mx345] | enemies=10:st0/hp0/mx0/df0/fn0/lv0/v0 11:st0/hp0/mx0/df0/fn0/lv0/v0 12:st0/hp0/mx0/df0/fn0/lv0/v0 13:st0/hp0/mx0/df0/fn0/lv0/v0 14:st0/hp0/mx0/df0/fn0/lv0/v0 15:st0/hp26/mx26/df0/fn4909D0/lv2/v1 16:st0/hp24/mx24/df0/fn4909D0/lv2/v1 17:st0/hp31/mx31/df0/fn4909D0/lv3/v1 18:st0/hp25/mx25/df0/fn4909D0/lv2/v1 19:st0/hp23/mx23/df0/fn4909D0/lv2/v1 
autobattle PET turn=0 myNo=0 row=0 si=0 seed=-2 target=19 validEnemy=5 minLv=2 pcEnable=0 cmd=W|0|13
autobattle tick cnt=1674 smto=1 res=0 battling=1 ctype=0 ptype=0
autobattle CHAR t=172651109 turn=1 cliT=1 myNo=0 afl=78000 cb=0 pb=0 subP=5 procN=10 actInf=0 menuF=0 tgtSel=0 resW=0 self=hp261/st0 pet=hp342/st0 validEnemy=4 fallback=17 delay=0 cmd=H|11 heal[en=1 tf=3 c=95 p=95 a=95 mag=3 selfP=99/mx263 petP=99/mx345] | enemies=10:st0/hp0/mx0/df0/fn0/lv0/v0 11:st0/hp0/mx0/df0/fn0/lv0/v0 12:st0/hp0/mx0/df0/fn0/lv0/v0 13:st0/hp0/mx0/df0/fn0/lv0/v0 14:st0/hp0/mx0/df0/fn0/lv0/v0 15:st0/hp26/mx26/df0/fn4909D0/lv2/v1 16:st0/hp24/mx24/df0/fn4909D0/lv2/v1 17:st0/hp31/mx31/df0/fn4909D0/lv3/v1 18:st0/hp25/mx25/df0/fn4909D0/lv2/v1 19:st0/hp0/mx23/df0/fn0/lv2/v0 
autobattle PET turn=1 myNo=0 row=0 si=0 seed=-2 target=17 validEnemy=4 minLv=2 pcEnable=0 cmd=W|0|11
autobattle tick cnt=1691 smto=1 res=0 battling=1 ctype=0 ptype=0
autobattle CHAR t=172652328 turn=2 cliT=2 myNo=0 afl=58000 cb=0 pb=0 subP=5 procN=10 actInf=0 menuF=0 tgtSel=0 resW=0 self=hp261/st0 pet=hp342/st0 validEnemy=3 fallback=15 delay=0 cmd=H|F heal[en=1 tf=3 c=95 p=95 a=95 mag=3 selfP=99/mx263 petP=99/mx345] | enemies=10:st0/hp0/mx0/df0/fn0/lv0/v0 11:st0/hp0/mx0/df0/fn0/lv0/v0 12:st0/hp0/mx0/df0/fn0/lv0/v0 13:st0/hp0/mx0/df0/fn0/lv0/v0 14:st0/hp0/mx0/df0/fn0/lv0/v0 15:st0/hp26/mx26/df0/fn4909D0/lv2/v1 16:st0/hp24/mx24/df0/fn4909D0/lv2/v1 17:st0/hp0/mx31/df0/fn0/lv3/v0 18:st0/hp25/mx25/df0/fn4909D0/lv2/v1 19:st0/hp0/mx23/df0/fn0/lv2/v0 
autobattle PET turn=2 myNo=0 row=0 si=0 seed=-2 target=15 validEnemy=3 minLv=2 pcEnable=0 cmd=W|0|F
autobattle tick cnt=1708 smto=1 res=0 battling=1 ctype=0 ptype=0
autobattle CHAR t=172653390 turn=3 cliT=3 myNo=0 afl=50000 cb=0 pb=0 subP=5 procN=10 actInf=0 menuF=0 tgtSel=0 resW=0 self=hp261/st0 pet=hp342/st0 validEnemy=2 fallback=16 delay=0 cmd=H|10 heal[en=1 tf=3 c=95 p=95 a=95 mag=3 selfP=99/mx263 petP=99/mx345] | enemies=10:st0/hp0/mx0/df0/fn0/lv0/v0 11:st0/hp0/mx0/df0/fn0/lv0/v0 12:st0/hp0/mx0/df0/fn0/lv0/v0 13:st0/hp0/mx0/df0/fn0/lv0/v0 14:st0/hp0/mx0/df0/fn0/lv0/v0 15:st0/hp0/mx26/df0/fn0/lv2/v0 16:st0/hp24/mx24/df0/fn4909D0/lv2/v1 17:st0/hp0/mx31/df0/fn0/lv3/v0 18:st0/hp25/mx25/df0/fn4909D0/lv2/v1 19:st0/hp0/mx23/df0/fn0/lv2/v0 
autobattle PET turn=3 myNo=0 row=0 si=0 seed=-2 target=16 validEnemy=2 minLv=2 pcEnable=0 cmd=W|0|10
autobattle tick cnt=1724 smto=1 res=0 battling=1 ctype=0 ptype=0
autobattle CHAR t=172654250 turn=4 cliT=4 myNo=0 afl=40000 cb=0 pb=0 subP=5 procN=10 actInf=0 menuF=0 tgtSel=0 resW=0 self=hp261/st0 pet=hp342/st0 validEnemy=1 fallback=18 delay=0 cmd=H|12 heal[en=1 tf=3 c=95 p=95 a=95 mag=3 selfP=99/mx263 petP=99/mx345] | enemies=10:st0/hp0/mx0/df0/fn0/lv0/v0 11:st0/hp0/mx0/df0/fn0/lv0/v0 12:st0/hp0/mx0/df0/fn0/lv0/v0 13:st0/hp0/mx0/df0/fn0/lv0/v0 14:st0/hp0/mx0/df0/fn0/lv0/v0 15:st0/hp0/mx26/df0/fn0/lv2/v0 16:st0/hp0/mx24/df0/fn0/lv2/v0 17:st0/hp0/mx31/df0/fn0/lv3/v0 18:st0/hp25/mx25/df0/fn4909D0/lv2/v1 19:st0/hp0/mx23/df0/fn0/lv2/v0 
autobattle PET turn=4 myNo=0 row=0 si=0 seed=-2 target=18 validEnemy=1 minLv=2 pcEnable=0 cmd=W|0|12
autobattle tick cnt=1741 smto=1 res=0 battling=1 ctype=0 ptype=0
autobattle CHAR t=172655546 turn=0 cliT=0 myNo=0 afl=38000 cb=0 pb=0 subP=3 procN=10 actInf=0 menuF=0 tgtSel=0 resW=0 self=hp261/st0 pet=hp342/st0 validEnemy=3 fallback=17 delay=0 cmd=H|11 heal[en=1 tf=3 c=95 p=95 a=95 mag=3 selfP=99/mx263 petP=99/mx345] | enemies=10:st0/hp0/mx0/df0/fn0/lv0/v0 11:st0/hp0/mx0/df0/fn0/lv0/v0 12:st0/hp0/mx0/df0/fn0/lv0/v0 13:st0/hp0/mx0/df0/fn0/lv0/v0 14:st0/hp0/mx0/df0/fn0/lv0/v0 15:st0/hp30/mx30/df0/fn4909D0/lv2/v1 16:st0/hp30/mx30/df0/fn4909D0/lv2/v1 17:st0/hp39/mx39/df0/fn4909D0/lv3/v1 18:st0/hp0/mx0/df0/fn0/lv0/v0 19:st0/hp0/mx0/df0/fn0/lv0/v0 
autobattle PET turn=0 myNo=0 row=0 si=0 seed=-2 target=17 validEnemy=3 minLv=2 pcEnable=0 cmd=W|0|11
autobattle tick cnt=1751 smto=1 res=0 battling=1 ctype=0 ptype=0
autobattle CHAR t=172656718 turn=1 cliT=1 myNo=0 afl=18000 cb=0 pb=0 subP=5 procN=10 actInf=0 menuF=0 tgtSel=0 resW=0 self=hp260/st0 pet=hp342/st0 validEnemy=2 fallback=15 delay=0 cmd=H|F heal[en=1 tf=3 c=95 p=95 a=95 mag=3 selfP=98/mx263 petP=99/mx345] | enemies=10:st0/hp0/mx0/df0/fn0/lv0/v0 11:st0/hp0/mx0/df0/fn0/lv0/v0 12:st0/hp0/mx0/df0/fn0/lv0/v0 13:st0/hp0/mx0/df0/fn0/lv0/v0 14:st0/hp0/mx0/df0/fn0/lv0/v0 15:st0/hp30/mx30/df0/fn4909D0/lv2/v1 16:st0/hp30/mx30/df0/fn4909D0/lv2/v1 17:st0/hp0/mx39/df0/fn0/lv3/v0 18:st0/hp0/mx0/df0/fn0/lv0/v0 19:st0/hp0/mx0/df0/fn0/lv0/v0 
autobattle PET turn=1 myNo=0 row=0 si=0 seed=-2 target=15 validEnemy=2 minLv=2 pcEnable=0 cmd=W|0|F
autobattle tick cnt=1768 smto=1 res=0 battling=1 ctype=0 ptype=0
autobattle CHAR t=172657640 turn=2 cliT=2 myNo=0 afl=10000 cb=0 pb=0 subP=5 procN=10 actInf=0 menuF=0 tgtSel=0 resW=0 self=hp260/st0 pet=hp342/st0 validEnemy=1 fallback=16 delay=0 cmd=H|10 heal[en=1 tf=3 c=95 p=95 a=95 mag=3 selfP=98/mx263 petP=99/mx345] | enemies=10:st0/hp0/mx0/df0/fn0/lv0/v0 11:st0/hp0/mx0/df0/fn0/lv0/v0 12:st0/hp0/mx0/df0/fn0/lv0/v0 13:st0/hp0/mx0/df0/fn0/lv0/v0 14:st0/hp0/mx0/df0/fn0/lv0/v0 15:st0/hp0/mx30/df0/fn0/lv2/v0 16:st0/hp30/mx30/df0/fn4909D0/lv2/v1 17:st0/hp0/mx39/df0/fn0/lv3/v0 18:st0/hp0/mx0/df0/fn0/lv0/v0 19:st0/hp0/mx0/df0/fn0/lv0/v0 
autobattle PET turn=2 myNo=0 row=0 si=0 seed=-2 target=16 validEnemy=1 minLv=2 pcEnable=0 cmd=W|0|10
autobattle tick cnt=1785 smto=1 res=0 battling=1 ctype=0 ptype=0
autobattle tick cnt=1792 smto=1 res=0 battling=1 ctype=0 ptype=0
autobattle CHAR t=172660171 turn=0 cliT=0 myNo=0 afl=18000 cb=0 pb=0 subP=3 procN=10 actInf=0 menuF=0 tgtSel=0 resW=0 self=hp260/st0 pet=hp342/st0 validEnemy=2 fallback=15 delay=0 cmd=H|F heal[en=1 tf=3 c=95 p=95 a=95 mag=3 selfP=98/mx263 petP=99/mx345] | enemies=10:st0/hp0/mx0/df0/fn0/lv0/v0 11:st0/hp0/mx0/df0/fn0/lv0/v0 12:st0/hp0/mx0/df0/fn0/lv0/v0 13:st0/hp0/mx0/df0/fn0/lv0/v0 14:st0/hp0/mx0/df0/fn0/lv0/v0 15:st0/hp32/mx32/df0/fn4909D0/lv2/v1 16:st0/hp27/mx27/df0/fn4909D0/lv2/v1 17:st0/hp0/mx0/df0/fn0/lv0/v0 18:st0/hp0/mx0/df0/fn0/lv0/v0 19:st0/hp0/mx0/df0/fn0/lv0/v0 
autobattle PET turn=0 myNo=0 row=0 si=0 seed=-2 target=15 validEnemy=2 minLv=2 pcEnable=0 cmd=W|0|F
autobattle CHAR t=172661031 turn=1 cliT=1 myNo=0 afl=10000 cb=0 pb=0 subP=5 procN=10 actInf=0 menuF=0 tgtSel=0 resW=0 self=hp260/st0 pet=hp342/st0 validEnemy=1 fallback=16 delay=0 cmd=H|10 heal[en=1 tf=3 c=95 p=95 a=95 mag=3 selfP=98/mx263 petP=99/mx345] | enemies=10:st0/hp0/mx0/df0/fn0/lv0/v0 11:st0/hp0/mx0/df0/fn0/lv0/v0 12:st0/hp0/mx0/df0/fn0/lv0/v0 13:st0/hp0/mx0/df0/fn0/lv0/v0 14:st0/hp0/mx0/df0/fn0/lv0/v0 15:st0/hp0/mx32/df0/fn0/lv2/v0 16:st0/hp27/mx27/df0/fn4909D0/lv2/v1 17:st0/hp0/mx0/df0/fn0/lv0/v0 18:st0/hp0/mx0/df0/fn0/lv0/v0 19:st0/hp0/mx0/df0/fn0/lv0/v0 
autobattle PET turn=1 myNo=0 row=0 si=0 seed=-2 target=16 validEnemy=1 minLv=2 pcEnable=0 cmd=W|0|10
autobattle tick cnt=1809 smto=1 res=0 battling=1 ctype=0 ptype=0
autobattle tick cnt=1819 smto=1 res=0 battling=1 ctype=0 ptype=0
autobattle CHAR t=172662703 turn=0 cliT=0 myNo=0 afl=F8000 cb=0 pb=0 subP=3 procN=10 actInf=0 menuF=0 tgtSel=0 resW=0 self=hp260/st0 pet=hp342/st0 validEnemy=5 fallback=19 delay=0 cmd=H|13 heal[en=1 tf=3 c=95 p=95 a=95 mag=3 selfP=98/mx263 petP=99/mx345] | enemies=10:st0/hp0/mx0/df0/fn0/lv0/v0 11:st0/hp0/mx0/df0/fn0/lv0/v0 12:st0/hp0/mx0/df0/fn0/lv0/v0 13:st0/hp0/mx0/df0/fn0/lv0/v0 14:st0/hp0/mx0/df0/fn0/lv0/v0 15:st0/hp39/mx39/df0/fn4909D0/lv2/v1 16:st0/hp42/mx42/df0/fn4909D0/lv3/v1 17:st0/hp44/mx44/df0/fn4909D0/lv3/v1 18:st0/hp48/mx48/df0/fn4909D0/lv4/v1 19:st0/hp53/mx53/df0/fn4909D0/lv4/v1 
autobattle PET turn=0 myNo=0 row=0 si=0 seed=-2 target=19 validEnemy=5 minLv=2 pcEnable=0 cmd=W|0|13
autobattle tick cnt=1836 smto=1 res=0 battling=1 ctype=0 ptype=0
autobattle CHAR t=172664421 turn=1 cliT=1 myNo=0 afl=E8000 cb=0 pb=0 subP=5 procN=10 actInf=0 menuF=0 tgtSel=0 resW=0 self=hp258/st0 pet=hp342/st0 validEnemy=4 fallback=19 delay=0 cmd=H|13 heal[en=1 tf=3 c=95 p=95 a=95 mag=3 selfP=98/mx263 petP=99/mx345] | enemies=10:st0/hp0/mx0/df0/fn0/lv0/v0 11:st0/hp0/mx0/df0/fn0/lv0/v0 12:st0/hp0/mx0/df0/fn0/lv0/v0 13:st0/hp0/mx0/df0/fn0/lv0/v0 14:st0/hp0/mx0/df0/fn0/lv0/v0 15:st0/hp39/mx39/df0/fn4909D0/lv2/v1 16:st0/hp0/mx42/df0/fn0/lv3/v0 17:st0/hp44/mx44/df0/fn4909D0/lv3/v1 18:st0/hp48/mx48/df0/fn4909D0/lv4/v1 19:st0/hp52/mx53/df0/fn4909D0/lv4/v1 
autobattle PET turn=1 myNo=0 row=0 si=0 seed=-2 target=19 validEnemy=4 minLv=2 pcEnable=0 cmd=W|0|13
autobattle tick cnt=1853 smto=1 res=0 battling=1 ctype=0 ptype=0
autobattle CHAR t=172665609 turn=2 cliT=2 myNo=0 afl=28000 cb=0 pb=0 subP=5 procN=10 actInf=0 menuF=0 tgtSel=0 resW=0 self=hp256/st0 pet=hp342/st0 validEnemy=2 fallback=17 delay=0 cmd=H|11 heal[en=1 tf=3 c=95 p=95 a=95 mag=3 selfP=97/mx263 petP=99/mx345] | enemies=10:st0/hp0/mx0/df0/fn0/lv0/v0 11:st0/hp0/mx0/df0/fn0/lv0/v0 12:st0/hp0/mx0/df0/fn0/lv0/v0 13:st0/hp0/mx0/df0/fn0/lv0/v0 14:st0/hp0/mx0/df0/fn0/lv0/v0 15:st0/hp39/mx39/df0/fn4909D0/lv2/v1 16:st0/hp0/mx42/df0/fn0/lv3/v0 17:st0/hp44/mx44/df0/fn4909D0/lv3/v1 18:st0/hp0/mx48/df0/fn0/lv4/v0 19:st0/hp0/mx53/df0/fn0/lv4/v0 
autobattle PET turn=2 myNo=0 row=0 si=0 seed=-2 target=17 validEnemy=2 minLv=2 pcEnable=0 cmd=W|0|11
autobattle tick cnt=1869 smto=1 res=0 battling=1 ctype=0 ptype=0
autobattle CHAR t=172666343 turn=3 cliT=3 myNo=0 afl=28000 cb=0 pb=0 subP=5 procN=10 actInf=0 menuF=0 tgtSel=0 resW=0 self=hp256/st0 pet=hp342/st0 validEnemy=2 fallback=17 delay=0 cmd=H|11 heal[en=1 tf=3 c=95 p=95 a=95 mag=3 selfP=97/mx263 petP=99/mx345] | enemies=10:st0/hp0/mx0/df0/fn0/lv0/v0 11:st0/hp0/mx0/df0/fn0/lv0/v0 12:st0/hp0/mx0/df0/fn0/lv0/v0 13:st0/hp0/mx0/df0/fn0/lv0/v0 14:st0/hp0/mx0/df0/fn0/lv0/v0 15:st0/hp39/mx39/df0/fn4909D0/lv2/v1 16:st0/hp0/mx42/df0/fn0/lv3/v0 17:st0/hp8/mx44/df0/fn4909D0/lv3/v1 18:st0/hp0/mx48/df0/fn0/lv4/v0 19:st0/hp0/mx53/df0/fn0/lv4/v0 
autobattle PET turn=3 myNo=0 row=0 si=0 seed=-2 target=17 validEnemy=2 minLv=2 pcEnable=0 cmd=W|0|11
autobattle tick cnt=1886 smto=1 res=0 battling=1 ctype=0 ptype=0
autobattle CHAR t=172667140 turn=4 cliT=4 myNo=0 afl=8000 cb=0 pb=0 subP=5 procN=10 actInf=0 menuF=0 tgtSel=0 resW=0 self=hp256/st0 pet=hp342/st0 validEnemy=1 fallback=15 delay=0 cmd=H|F heal[en=1 tf=3 c=95 p=95 a=95 mag=3 selfP=97/mx263 petP=99/mx345] | enemies=10:st0/hp0/mx0/df0/fn0/lv0/v0 11:st0/hp0/mx0/df0/fn0/lv0/v0 12:st0/hp0/mx0/df0/fn0/lv0/v0 13:st0/hp0/mx0/df0/fn0/lv0/v0 14:st0/hp0/mx0/df0/fn0/lv0/v0 15:st0/hp39/mx39/df0/fn4909D0/lv2/v1 16:st0/hp0/mx42/df0/fn0/lv3/v0 17:st0/hp0/mx44/df0/fn0/lv3/v0 18:st0/hp0/mx48/df0/fn0/lv4/v0 19:st0/hp0/mx53/df0/fn0/lv4/v0 
autobattle PET turn=4 myNo=0 row=0 si=0 seed=-2 target=15 validEnemy=1 minLv=2 pcEnable=0 cmd=W|0|F
