FBMON first-tick module=00400000 chan=14B30000
FBGATE install-call g_fbLogEn=1
fbInstall STEP0 enter base=00400000
fbInstall STEP1 trampEN=13B00000
fbInstall STEP2 trampB=13B10000
fbInstall STEP3 patchEN ok=1
fbInstall STEP4 patchB ok=3
fastbattle-hook install ok=3 enTr=13B00000 bTr=13B10000
FBMON first-tick module=00400000 chan=18C70000
FBGATE install-call g_fbLogEn=1
fbInstall STEP0 enter base=00400000
fbInstall STEP1 trampEN=0F240000
fbInstall STEP2 trampB=0F260000
fbInstall STEP3 patchEN ok=1
fbInstall STEP4 patchB ok=3
fastbattle-hook install ok=3 enTr=0F240000 bTr=0F260000
FBMON first-tick module=00400000 chan=14B20000
FBGATE install-call g_fbLogEn=1
fbInstall STEP0 enter base=00400000
fbInstall STEP1 trampEN=10EF0000
fbInstall STEP2 trampB=11D90000
fbInstall STEP3 patchEN ok=1
fbInstall STEP4 patchB ok=3
fastbattle-hook install ok=3 enTr=10EF0000 bTr=11D90000
FBMON first-tick module=00400000 chan=14B20000
FBGATE install-call g_fbLogEn=1
fbInstall STEP0 enter base=00400000
fbInstall STEP1 trampEN=11CF0000
fbInstall STEP2 trampB=11D10000
fbInstall STEP3 patchEN ok=1
fbInstall STEP4 patchB ok=3
fastbattle-hook install ok=3 enTr=11CF0000 bTr=11D10000
