battlemenu-suppress want=1 patched=4/4 (ab=1 ae=0)
autobattle ENABLED hwnd=002802E4 old=FFFF04AF pid=8756
autobattle tick cnt=1 smto=1 res=0 battling=1 ctype=0 ptype=0
autobattle CHAR t=80082062 turn=0 cliT=0 myNo=0 afl=8000 cb=0 pb=0 subP=3 procN=10 actInf=0 menuF=0 tgtSel=0 resW=0 self=hp227/st0 pet=hp285/st0 validEnemy=1 fallback=15 delay=0 cmd=H|F heal[en=1 tf=3 c=87 p=87 a=87 mag=6 selfP=100/mx227 petP=100/mx285] | enemies=10:st0/hp0/mx0/df0/fn0/lv0/v0 11:st0/hp0/mx0/df0/fn0/lv0/v0 12:st0/hp0/mx0/df0/fn0/lv0/v0 13:st0/hp0/mx0/df0/fn0/lv0/v0 14:st0/hp0/mx0/df0/fn0/lv0/v0 15:st0/hp368/mx368/df0/fn4909D0/lv38/v1 16:st0/hp0/mx0/df0/fn0/lv0/v0 17:st0/hp0/mx0/df0/fn0/lv0/v0 18:st0/hp0/mx0/df0/fn0/lv0/v0 19:st0/hp0/mx0/df0/fn0/lv0/v0 
autobattle PET turn=0 myNo=0 row=0 si=0 seed=-2 target=15 validEnemy=1 minLv=38 pcEnable=0 cmd=W|0|F
autobattle CHAR t=80082984 turn=1 cliT=1 myNo=0 afl=8000 cb=0 pb=0 subP=5 procN=10 actInf=0 menuF=0 tgtSel=0 resW=0 self=hp224/st0 pet=hp285/st0 validEnemy=1 fallback=15 delay=0 cmd=H|F heal[en=1 tf=3 c=87 p=87 a=87 mag=6 selfP=98/mx227 petP=100/mx285] | enemies=10:st0/hp0/mx0/df0/fn0/lv0/v0 11:st0/hp0/mx0/df0/fn0/lv0/v0 12:st0/hp0/mx0/df0/fn0/lv0/v0 13:st0/hp0/mx0/df0/fn0/lv0/v0 14:st0/hp0/mx0/df0/fn0/lv0/v0 15:st0/hp232/mx368/df0/fn4909D0/lv38/v1 16:st0/hp0/mx0/df0/fn0/lv0/v0 17:st0/hp0/mx0/df0/fn0/lv0/v0 18:st0/hp0/mx0/df0/fn0/lv0/v0 19:st0/hp0/mx0/df0/fn0/lv0/v0 
autobattle tick cnt=18 smto=1 res=0 battling=1 ctype=0 ptype=0
autobattle PET turn=1 myNo=0 row=0 si=0 seed=-2 target=15 validEnemy=1 minLv=38 pcEnable=0 cmd=W|0|F
autobattle CHAR t=80083734 turn=2 cliT=2 myNo=0 afl=8000 cb=0 pb=0 subP=5 procN=10 actInf=0 menuF=0 tgtSel=0 resW=0 self=hp224/st0 pet=hp285/st0 validEnemy=1 fallback=15 delay=0 cmd=H|F heal[en=1 tf=3 c=87 p=87 a=87 mag=6 selfP=98/mx227 petP=100/mx285] | enemies=10:st0/hp0/mx0/df0/fn0/lv0/v0 11:st0/hp0/mx0/df0/fn0/lv0/v0 12:st0/hp0/mx0/df0/fn0/lv0/v0 13:st0/hp0/mx0/df0/fn0/lv0/v0 14:st0/hp0/mx0/df0/fn0/lv0/v0 15:st0/hp97/mx368/df0/fn4909D0/lv38/v1 16:st0/hp0/mx0/df0/fn0/lv0/v0 17:st0/hp0/mx0/df0/fn0/lv0/v0 18:st0/hp0/mx0/df0/fn0/lv0/v0 19:st0/hp0/mx0/df0/fn0/lv0/v0 
autobattle PET turn=2 myNo=0 row=0 si=0 seed=-2 target=15 validEnemy=1 minLv=38 pcEnable=0 cmd=W|0|F
autobattle tick cnt=35 smto=1 res=0 battling=1 ctype=0 ptype=0
autobattle tick cnt=52 smto=1 res=0 battling=1 ctype=0 ptype=0
autobattle CHAR t=80085703 turn=0 cliT=0 myNo=0 afl=18000 cb=0 pb=0 subP=3 procN=10 actInf=0 menuF=0 tgtSel=0 resW=0 self=hp220/st0 pet=hp285/st0 validEnemy=2 fallback=15 delay=0 cmd=H|F heal[en=1 tf=3 c=87 p=87 a=87 mag=6 selfP=96/mx227 petP=100/mx285] | enemies=10:st0/hp0/mx0/df0/fn0/lv0/v0 11:st0/hp0/mx0/df0/fn0/lv0/v0 12:st0/hp0/mx0/df0/fn0/lv0/v0 13:st0/hp0/mx0/df0/fn0/lv0/v0 14:st0/hp0/mx0/df0/fn0/lv0/v0 15:st0/hp343/mx343/df0/fn4909D0/lv40/v1 16:st0/hp356/mx356/df0/fn4909D0/lv39/v1 17:st0/hp0/mx0/df0/fn0/lv0/v0 18:st0/hp0/mx0/df0/fn0/lv0/v0 19:st0/hp0/mx0/df0/fn0/lv0/v0 
autobattle PET turn=0 myNo=0 row=0 si=0 seed=-2 target=15 validEnemy=2 minLv=39 pcEnable=0 cmd=W|0|F
autobattle tick cnt=64 smto=1 res=0 battling=1 ctype=0 ptype=0
autobattle CHAR t=80086812 turn=1 cliT=1 myNo=0 afl=18000 cb=0 pb=0 subP=5 procN=10 actInf=0 menuF=0 tgtSel=0 resW=0 self=hp220/st0 pet=hp258/st0 validEnemy=2 fallback=15 delay=0 cmd=H|F heal[en=1 tf=3 c=87 p=87 a=87 mag=6 selfP=96/mx227 petP=90/mx285] | enemies=10:st0/hp0/mx0/df0/fn0/lv0/v0 11:st0/hp0/mx0/df0/fn0/lv0/v0 12:st0/hp0/mx0/df0/fn0/lv0/v0 13:st0/hp0/mx0/df0/fn0/lv0/v0 14:st0/hp0/mx0/df0/fn0/lv0/v0 15:st0/hp223/mx343/df0/fn4909D0/lv40/v1 16:st0/hp356/mx356/df0/fn4909D0/lv39/v1 17:st0/hp0/mx0/df0/fn0/lv0/v0 18:st0/hp0/mx0/df0/fn0/lv0/v0 19:st0/hp0/mx0/df0/fn0/lv0/v0 
autobattle PET turn=1 myNo=0 row=0 si=0 seed=-2 target=15 validEnemy=2 minLv=39 pcEnable=0 cmd=W|0|F
autobattle tick cnt=81 smto=1 res=0 battling=1 ctype=0 ptype=0
autobattle CHAR t=80087562 turn=2 cliT=2 myNo=0 afl=18000 cb=0 pb=0 subP=5 procN=10 actInf=0 menuF=0 tgtSel=0 resW=0 self=hp220/st0 pet=hp229/st0 validEnemy=2 fallback=15 delay=0 cmd=J|3|5 heal[en=1 tf=3 c=87 p=87 a=87 mag=6 selfP=96/mx227 petP=80/mx285] | enemies=10:st0/hp0/mx0/df0/fn0/lv0/v0 11:st0/hp0/mx0/df0/fn0/lv0/v0 12:st0/hp0/mx0/df0/fn0/lv0/v0 13:st0/hp0/mx0/df0/fn0/lv0/v0 14:st0/hp0/mx0/df0/fn0/lv0/v0 15:st0/hp104/mx343/df0/fn4909D0/lv40/v1 16:st0/hp356/mx356/df0/fn4909D0/lv39/v1 17:st0/hp0/mx0/df0/fn0/lv0/v0 18:st0/hp0/mx0/df0/fn0/lv0/v0 19:st0/hp0/mx0/df0/fn0/lv0/v0 
autobattle PET turn=2 myNo=0 row=0 si=0 seed=-2 target=15 validEnemy=2 minLv=39 pcEnable=0 cmd=W|0|F
autobattle tick cnt=98 smto=1 res=0 battling=1 ctype=0 ptype=0
autobattle CHAR t=80088718 turn=3 cliT=3 myNo=0 afl=18000 cb=0 pb=0 subP=5 procN=10 actInf=0 menuF=0 tgtSel=0 resW=0 self=hp218/st0 pet=hp285/st0 validEnemy=2 fallback=15 delay=0 cmd=H|F heal[en=1 tf=3 c=87 p=87 a=87 mag=6 selfP=96/mx227 petP=100/mx285] | enemies=10:st0/hp0/mx0/df0/fn0/lv0/v0 11:st0/hp0/mx0/df0/fn0/lv0/v0 12:st0/hp0/mx0/df0/fn0/lv0/v0 13:st0/hp0/mx0/df0/fn0/lv0/v0 14:st0/hp0/mx0/df0/fn0/lv0/v0 15:st0/hp30/mx343/df0/fn4909D0/lv40/v1 16:st0/hp356/mx356/df0/fn4909D0/lv39/v1 17:st0/hp0/mx0/df0/fn0/lv0/v0 18:st0/hp0/mx0/df0/fn0/lv0/v0 19:st0/hp0/mx0/df0/fn0/lv0/v0 
autobattle PET turn=3 myNo=0 row=0 si=0 seed=-2 target=15 validEnemy=2 minLv=39 pcEnable=0 cmd=W|0|F
autobattle tick cnt=115 smto=1 res=0 battling=1 ctype=0 ptype=0
autobattle CHAR t=80089578 turn=4 cliT=4 myNo=0 afl=18000 cb=0 pb=0 subP=5 procN=10 actInf=0 menuF=0 tgtSel=0 resW=0 self=hp218/st0 pet=hp285/st0 validEnemy=1 fallback=16 delay=0 cmd=H|10 heal[en=1 tf=3 c=87 p=87 a=87 mag=6 selfP=96/mx227 petP=100/mx285] | enemies=10:st0/hp0/mx0/df0/fn0/lv0/v0 11:st0/hp0/mx0/df0/fn0/lv0/v0 12:st0/hp0/mx0/df0/fn0/lv0/v0 13:st0/hp0/mx0/df0/fn0/lv0/v0 14:st0/hp0/mx0/df0/fn0/lv0/v0 15:st0/hp0/mx343/df0/fn4909D0/lv40/v0 16:st0/hp356/mx356/df0/fn4909D0/lv39/v1 17:st0/hp0/mx0/df0/fn0/lv0/v0 18:st0/hp0/mx0/df0/fn0/lv0/v0 19:st0/hp0/mx0/df0/fn0/lv0/v0 
autobattle PET turn=4 myNo=0 row=0 si=0 seed=-2 target=16 validEnemy=1 minLv=39 pcEnable=0 cmd=W|0|10
autobattle tick cnt=132 smto=1 res=0 battling=1 ctype=0 ptype=0
autobattle CHAR t=80090453 turn=5 cliT=5 myNo=0 afl=18000 cb=0 pb=0 subP=5 procN=10 actInf=0 menuF=0 tgtSel=0 resW=0 self=hp218/st0 pet=hp285/st0 validEnemy=1 fallback=16 delay=0 cmd=H|10 heal[en=1 tf=3 c=87 p=87 a=87 mag=6 selfP=96/mx227 petP=100/mx285] | enemies=10:st0/hp0/mx0/df0/fn0/lv0/v0 11:st0/hp0/mx0/df0/fn0/lv0/v0 12:st0/hp0/mx0/df0/fn0/lv0/v0 13:st0/hp0/mx0/df0/fn0/lv0/v0 14:st0/hp0/mx0/df0/fn0/lv0/v0 15:st0/hp0/mx343/df0/fn4909D0/lv40/v0 16:st0/hp212/mx356/df0/fn4909D0/lv39/v1 17:st0/hp0/mx0/df0/fn0/lv0/v0 18:st0/hp0/mx0/df0/fn0/lv0/v0 19:st0/hp0/mx0/df0/fn0/lv0/v0 
autobattle PET turn=5 myNo=0 row=0 si=0 seed=-2 target=16 validEnemy=1 minLv=39 pcEnable=0 cmd=W|0|10
autobattle CHAR t=80091312 turn=6 cliT=6 myNo=0 afl=18000 cb=0 pb=0 subP=5 procN=10 actInf=0 menuF=0 tgtSel=0 resW=0 self=hp218/st0 pet=hp285/st0 validEnemy=1 fallback=16 delay=0 cmd=H|10 heal[en=1 tf=3 c=87 p=87 a=87 mag=6 selfP=96/mx227 petP=100/mx285] | enemies=10:st0/hp0/mx0/df0/fn0/lv0/v0 11:st0/hp0/mx0/df0/fn0/lv0/v0 12:st0/hp0/mx0/df0/fn0/lv0/v0 13:st0/hp0/mx0/df0/fn0/lv0/v0 14:st0/hp0/mx0/df0/fn0/lv0/v0 15:st0/hp0/mx343/df0/fn4909D0/lv40/v0 16:st0/hp70/mx356/df0/fn4909D0/lv39/v1 17:st0/hp0/mx0/df0/fn0/lv0/v0 18:st0/hp0/mx0/df0/fn0/lv0/v0 19:st0/hp0/mx0/df0/fn0/lv0/v0 
autobattle tick cnt=149 smto=1 res=0 battling=1 ctype=0 ptype=0
autobattle PET turn=6 myNo=0 row=0 si=0 seed=-2 target=16 validEnemy=1 minLv=39 pcEnable=0 cmd=W|0|10
autobattle tick cnt=163 smto=1 res=0 battling=1 ctype=0 ptype=0
autobattle CHAR t=80105953 turn=0 cliT=0 myNo=0 afl=F8000 cb=0 pb=0 subP=3 procN=10 actInf=0 menuF=0 tgtSel=0 resW=0 self=hp227/st0 pet=hp285/st0 validEnemy=5 fallback=19 delay=0 cmd=H|13 heal[en=1 tf=3 c=87 p=87 a=87 mag=6 selfP=100/mx227 petP=100/mx285] | enemies=10:st0/hp0/mx0/df0/fn0/lv0/v0 11:st0/hp0/mx0/df0/fn0/lv0/v0 12:st0/hp0/mx0/df0/fn0/lv0/v0 13:st0/hp0/mx0/df0/fn0/lv0/v0 14:st0/hp0/mx0/df0/fn0/lv0/v0 15:st0/hp327/mx327/df0/fn4909D0/lv38/v1 16:st0/hp361/mx361/df0/fn4909D0/lv38/v1 17:st0/hp365/mx365/df0/fn4909D0/lv39/v1 18:st0/hp385/mx385/df0/fn4909D0/lv40/v1 19:st0/hp370/mx370/df0/fn4909D0/lv39/v1 
autobattle PET turn=0 myNo=0 row=0 si=0 seed=-2 target=19 validEnemy=5 minLv=38 pcEnable=0 cmd=W|0|13
autobattle tick cnt=180 smto=1 res=0 battling=1 ctype=0 ptype=0
autobattle CHAR t=80107859 turn=1 cliT=1 myNo=0 afl=F8000 cb=0 pb=0 subP=5 procN=10 actInf=0 menuF=0 tgtSel=0 resW=0 self=hp222/st0 pet=hp251/st0 validEnemy=5 fallback=19 delay=0 cmd=H|13 heal[en=1 tf=3 c=87 p=87 a=87 mag=6 selfP=97/mx227 petP=88/mx285] | enemies=10:st0/hp0/mx0/df0/fn0/lv0/v0 11:st0/hp0/mx0/df0/fn0/lv0/v0 12:st0/hp0/mx0/df0/fn0/lv0/v0 13:st0/hp0/mx0/df0/fn0/lv0/v0 14:st0/hp0/mx0/df0/fn0/lv0/v0 15:st0/hp327/mx327/df0/fn4909D0/lv38/v1 16:st0/hp361/mx361/df0/fn4909D0/lv38/v1 17:st0/hp365/mx365/df0/fn4909D0/lv39/v1 18:st0/hp385/mx385/df0/fn4909D0/lv40/v1 19:st0/hp195/mx370/df0/fn4909D0/lv39/v1 
autobattle PET turn=1 myNo=0 row=0 si=0 seed=-2 target=19 validEnemy=5 minLv=38 pcEnable=0 cmd=W|0|13
autobattle tick cnt=197 smto=1 res=0 battling=1 ctype=0 ptype=0
autobattle tick cnt=213 smto=1 res=0 battling=1 ctype=0 ptype=0
autobattle CHAR t=80109359 turn=2 cliT=2 myNo=0 afl=F8000 cb=0 pb=0 subP=5 procN=10 actInf=0 menuF=0 tgtSel=0 resW=0 self=hp222/st0 pet=hp188/st0 validEnemy=5 fallback=19 delay=0 cmd=J|3|5 heal[en=1 tf=3 c=87 p=87 a=87 mag=6 selfP=97/mx227 petP=65/mx285] | enemies=10:st0/hp0/mx0/df0/fn0/lv0/v0 11:st0/hp0/mx0/df0/fn0/lv0/v0 12:st0/hp0/mx0/df0/fn0/lv0/v0 13:st0/hp0/mx0/df0/fn0/lv0/v0 14:st0/hp0/mx0/df0/fn0/lv0/v0 15:st0/hp327/mx327/df0/fn4909D0/lv38/v1 16:st0/hp361/mx361/df0/fn4909D0/lv38/v1 17:st0/hp365/mx365/df0/fn4909D0/lv39/v1 18:st0/hp385/mx385/df0/fn4909D0/lv40/v1 19:st0/hp60/mx370/df0/fn4909D0/lv39/v1 
autobattle PET turn=2 myNo=0 row=0 si=0 seed=-2 target=19 validEnemy=5 minLv=38 pcEnable=0 cmd=W|0|13
autobattle tick cnt=230 smto=1 res=0 battling=1 ctype=0 ptype=0
autobattle CHAR t=80110828 turn=3 cliT=3 myNo=0 afl=F8000 cb=0 pb=0 subP=5 procN=10 actInf=0 menuF=0 tgtSel=0 resW=0 self=hp222/st0 pet=hp249/st0 validEnemy=5 fallback=19 delay=0 cmd=J|3|5 heal[en=1 tf=3 c=87 p=87 a=87 mag=6 selfP=97/mx227 petP=87/mx285] | enemies=10:st0/hp0/mx0/df0/fn0/lv0/v0 11:st0/hp0/mx0/df0/fn0/lv0/v0 12:st0/hp0/mx0/df0/fn0/lv0/v0 13:st0/hp0/mx0/df0/fn0/lv0/v0 14:st0/hp0/mx0/df0/fn0/lv0/v0 15:st0/hp327/mx327/df0/fn4909D0/lv38/v1 16:st0/hp361/mx361/df0/fn4909D0/lv38/v1 17:st0/hp365/mx365/df0/fn4909D0/lv39/v1 18:st0/hp385/mx385/df0/fn4909D0/lv40/v1 19:st0/hp60/mx370/df0/fn4909D0/lv39/v1 
autobattle PET turn=3 myNo=0 row=0 si=0 seed=-2 target=19 validEnemy=5 minLv=38 pcEnable=0 cmd=W|0|13
autobattle tick cnt=247 smto=1 res=0 battling=1 ctype=0 ptype=0
autobattle tick cnt=263 smto=1 res=0 battling=1 ctype=0 ptype=0
autobattle CHAR t=80112515 turn=4 cliT=4 myNo=0 afl=F8000 cb=0 pb=0 subP=5 procN=10 actInf=0 menuF=0 tgtSel=0 resW=0 self=hp221/st0 pet=hp170/st0 validEnemy=4 fallback=17 delay=0 cmd=J|3|5 heal[en=1 tf=3 c=87 p=87 a=87 mag=6 selfP=97/mx227 petP=59/mx285] | enemies=10:st0/hp0/mx0/df0/fn0/lv0/v0 11:st0/hp0/mx0/df0/fn0/lv0/v0 12:st0/hp0/mx0/df0/fn0/lv0/v0 13:st0/hp0/mx0/df0/fn0/lv0/v0 14:st0/hp0/mx0/df0/fn0/lv0/v0 15:st0/hp327/mx327/df0/fn4909D0/lv38/v1 16:st0/hp361/mx361/df0/fn4909D0/lv38/v1 17:st0/hp365/mx365/df0/fn4909D0/lv39/v1 18:st0/hp385/mx385/df0/fn4909D0/lv40/v1 19:st0/hp0/mx370/df0/fn4909D0/lv39/v0 
autobattle PET turn=4 myNo=0 row=0 si=0 seed=-2 target=17 validEnemy=4 minLv=38 pcEnable=0 cmd=W|0|11
autobattle tick cnt=280 smto=1 res=0 battling=1 ctype=0 ptype=0
autobattle tick cnt=297 smto=1 res=0 battling=1 ctype=0 ptype=0
autobattle CHAR t=80114171 turn=5 cliT=5 myNo=0 afl=F8000 cb=0 pb=0 subP=5 procN=10 actInf=0 menuF=0 tgtSel=0 resW=0 self=hp214/st0 pet=hp251/st0 validEnemy=4 fallback=17 delay=0 cmd=I|9|0 heal[en=1 tf=3 c=87 p=87 a=87 mag=6 selfP=94/mx227 petP=88/mx285] | enemies=10:st0/hp0/mx0/df0/fn0/lv0/v0 11:st0/hp0/mx0/df0/fn0/lv0/v0 12:st0/hp0/mx0/df0/fn0/lv0/v0 13:st0/hp0/mx0/df0/fn0/lv0/v0 14:st0/hp0/mx0/df0/fn0/lv0/v0 15:st0/hp327/mx327/df0/fn4909D0/lv38/v1 16:st0/hp361/mx361/df0/fn4909D0/lv38/v1 17:st0/hp285/mx365/df0/fn4909D0/lv39/v1 18:st0/hp385/mx385/df0/fn4909D0/lv40/v1 19:st0/hp0/mx370/df0/fn4909D0/lv39/v0 
autobattle PET turn=5 myNo=0 row=0 si=0 seed=-2 target=17 validEnemy=4 minLv=38 pcEnable=0 cmd=W|0|11
autobattle tick cnt=314 smto=1 res=0 battling=1 ctype=0 ptype=0
autobattle CHAR t=80115468 turn=6 cliT=6 myNo=0 afl=F8000 cb=0 pb=0 subP=5 procN=10 actInf=0 menuF=0 tgtSel=0 resW=0 self=hp214/st0 pet=hp251/st0 validEnemy=4 fallback=17 delay=0 cmd=H|11 heal[en=1 tf=3 c=87 p=87 a=87 mag=6 selfP=94/mx227 petP=88/mx285] | enemies=10:st0/hp0/mx0/df0/fn0/lv0/v0 11:st0/hp0/mx0/df0/fn0/lv0/v0 12:st0/hp0/mx0/df0/fn0/lv0/v0 13:st0/hp0/mx0/df0/fn0/lv0/v0 14:st0/hp0/mx0/df0/fn0/lv0/v0 15:st0/hp327/mx327/df0/fn4909D0/lv38/v1 16:st0/hp361/mx361/df0/fn4909D0/lv38/v1 17:st0/hp229/mx365/df0/fn4909D0/lv39/v1 18:st0/hp385/mx385/df0/fn4909D0/lv40/v1 19:st0/hp0/mx370/df0/fn4909D0/lv39/v0 
autobattle PET turn=6 myNo=0 row=0 si=0 seed=-2 target=17 validEnemy=4 minLv=38 pcEnable=0 cmd=W|0|11
autobattle tick cnt=331 smto=1 res=0 battling=1 ctype=0 ptype=0
autobattle CHAR t=80116625 turn=7 cliT=7 myNo=0 afl=F8000 cb=0 pb=0 subP=5 procN=10 actInf=0 menuF=0 tgtSel=0 resW=0 self=hp210/st0 pet=hp200/st0 validEnemy=4 fallback=17 delay=0 cmd=J|3|5 heal[en=1 tf=3 c=87 p=87 a=87 mag=6 selfP=92/mx227 petP=70/mx285] | enemies=10:st0/hp0/mx0/df0/fn0/lv0/v0 11:st0/hp0/mx0/df0/fn0/lv0/v0 12:st0/hp0/mx0/df0/fn0/lv0/v0 13:st0/hp0/mx0/df0/fn0/lv0/v0 14:st0/hp0/mx0/df0/fn0/lv0/v0 15:st0/hp327/mx327/df0/fn4909D0/lv38/v1 16:st0/hp361/mx361/df0/fn4909D0/lv38/v1 17:st0/hp95/mx365/df0/fn4909D0/lv39/v1 18:st0/hp385/mx385/df0/fn4909D0/lv40/v1 19:st0/hp0/mx370/df0/fn4909D0/lv39/v0 
autobattle PET turn=7 myNo=0 row=0 si=0 seed=-2 target=17 validEnemy=4 minLv=38 pcEnable=0 cmd=W|0|11
autobattle tick cnt=348 smto=1 res=0 battling=1 ctype=0 ptype=0
autobattle CHAR t=80118250 turn=8 cliT=8 myNo=0 afl=F8000 cb=0 pb=0 subP=5 procN=10 actInf=0 menuF=0 tgtSel=0 resW=0 self=hp204/st3 pet=hp256/st0 validEnemy=4 fallback=17 delay=0 cmd=H|11 heal[en=1 tf=3 c=87 p=87 a=87 mag=6 selfP=89/mx227 petP=89/mx285] | enemies=10:st0/hp0/mx0/df0/fn0/lv0/v0 11:st0/hp0/mx0/df0/fn0/lv0/v0 12:st0/hp0/mx0/df0/fn0/lv0/v0 13:st0/hp0/mx0/df0/fn0/lv0/v0 14:st0/hp0/mx0/df0/fn0/lv0/v0 15:st0/hp327/mx327/df0/fn4909D0/lv38/v1 16:st0/hp361/mx361/df0/fn4909D0/lv38/v1 17:st0/hp38/mx365/df0/fn4909D0/lv39/v1 18:st0/hp385/mx385/df0/fn4909D0/lv40/v1 19:st0/hp0/mx370/df0/fn4909D0/lv39/v0 
autobattle tick cnt=364 smto=1 res=0 battling=1 ctype=0 ptype=0
autobattle PET turn=8 myNo=0 row=0 si=0 seed=-2 target=17 validEnemy=4 minLv=38 pcEnable=0 cmd=W|0|11
autobattle CHAR t=80119109 turn=9 cliT=9 myNo=0 afl=F8000 cb=0 pb=0 subP=5 procN=10 actInf=0 menuF=0 tgtSel=0 resW=0 self=hp204/st3 pet=hp210/st0 validEnemy=4 fallback=17 delay=0 cmd=J|3|5 heal[en=1 tf=3 c=87 p=87 a=87 mag=6 selfP=89/mx227 petP=73/mx285] | enemies=10:st0/hp0/mx0/df0/fn0/lv0/v0 11:st0/hp0/mx0/df0/fn0/lv0/v0 12:st0/hp0/mx0/df0/fn0/lv0/v0 13:st0/hp0/mx0/df0/fn0/lv0/v0 14:st0/hp0/mx0/df0/fn0/lv0/v0 15:st0/hp327/mx327/df0/fn4909D0/lv38/v1 16:st0/hp361/mx361/df0/fn4909D0/lv38/v1 17:st0/hp20/mx365/df0/fn4909D0/lv39/v1 18:st0/hp385/mx385/df0/fn4909D0/lv40/v1 19:st0/hp0/mx370/df0/fn4909D0/lv39/v0 
autobattle PET turn=9 myNo=0 row=0 si=0 seed=-2 target=17 validEnemy=4 minLv=38 pcEnable=0 cmd=W|0|11
autobattle tick cnt=381 smto=1 res=0 battling=1 ctype=0 ptype=0
autobattle CHAR t=80120093 turn=10 cliT=10 myNo=0 afl=F8000 cb=0 pb=0 subP=5 procN=10 actInf=0 menuF=0 tgtSel=0 resW=0 self=hp201/st0 pet=hp210/st0 validEnemy=3 fallback=15 delay=0 cmd=J|3|5 heal[en=1 tf=3 c=87 p=87 a=87 mag=6 selfP=88/mx227 petP=73/mx285] | enemies=10:st0/hp0/mx0/df0/fn0/lv0/v0 11:st0/hp0/mx0/df0/fn0/lv0/v0 12:st0/hp0/mx0/df0/fn0/lv0/v0 13:st0/hp0/mx0/df0/fn0/lv0/v0 14:st0/hp0/mx0/df0/fn0/lv0/v0 15:st0/hp327/mx327/df0/fn4909D0/lv38/v1 16:st0/hp361/mx361/df0/fn4909D0/lv38/v1 17:st0/hp0/mx365/df0/fn4909D0/lv39/v0 18:st0/hp385/mx385/df0/fn4909D0/lv40/v1 19:st0/hp0/mx370/df0/fn4909D0/lv39/v0 
autobattle PET turn=10 myNo=0 row=0 si=0 seed=-2 target=15 validEnemy=3 minLv=38 pcEnable=0 cmd=W|0|F
autobattle tick cnt=398 smto=1 res=0 battling=1 ctype=0 ptype=0
autobattle CHAR t=80121375 turn=11 cliT=11 myNo=0 afl=F8000 cb=0 pb=0 subP=5 procN=10 actInf=0 menuF=0 tgtSel=0 resW=0 self=hp201/st0 pet=hp257/st0 validEnemy=3 fallback=15 delay=0 cmd=I|9|0 heal[en=1 tf=3 c=87 p=87 a=87 mag=6 selfP=88/mx227 petP=90/mx285] | enemies=10:st0/hp0/mx0/df0/fn0/lv0/v0 11:st0/hp0/mx0/df0/fn0/lv0/v0 12:st0/hp0/mx0/df0/fn0/lv0/v0 13:st0/hp0/mx0/df0/fn0/lv0/v0 14:st0/hp0/mx0/df0/fn0/lv0/v0 15:st0/hp267/mx327/df0/fn4909D0/lv38/v1 16:st0/hp361/mx361/df0/fn4909D0/lv38/v1 17:st0/hp0/mx365/df0/fn4909D0/lv39/v0 18:st0/hp385/mx385/df0/fn4909D0/lv40/v1 19:st0/hp0/mx370/df0/fn4909D0/lv39/v0 
autobattle tick cnt=415 smto=1 res=0 battling=1 ctype=0 ptype=0
autobattle PET turn=11 myNo=0 row=0 si=0 seed=-2 target=15 validEnemy=3 minLv=38 pcEnable=0 cmd=W|0|F
autobattle tick cnt=432 smto=1 res=0 battling=1 ctype=0 ptype=0
autobattle CHAR t=80122734 turn=12 cliT=12 myNo=0 afl=F8000 cb=0 pb=0 subP=5 procN=10 actInf=0 menuF=0 tgtSel=0 resW=0 self=hp201/st0 pet=hp190/st0 validEnemy=3 fallback=15 delay=0 cmd=J|3|5 heal[en=1 tf=3 c=87 p=87 a=87 mag=6 selfP=88/mx227 petP=66/mx285] | enemies=10:st0/hp0/mx0/df0/fn0/lv0/v0 11:st0/hp0/mx0/df0/fn0/lv0/v0 12:st0/hp0/mx0/df0/fn0/lv0/v0 13:st0/hp0/mx0/df0/fn0/lv0/v0 14:st0/hp0/mx0/df0/fn0/lv0/v0 15:st0/hp204/mx327/df0/fn4909D0/lv38/v1 16:st0/hp361/mx361/df0/fn4909D0/lv38/v1 17:st0/hp0/mx365/df0/fn4909D0/lv39/v0 18:st0/hp385/mx385/df0/fn4909D0/lv40/v1 19:st0/hp0/mx370/df0/fn4909D0/lv39/v0 
autobattle PET turn=12 myNo=0 row=0 si=0 seed=-2 target=15 validEnemy=3 minLv=38 pcEnable=0 cmd=W|0|F
autobattle tick cnt=449 smto=1 res=0 battling=1 ctype=0 ptype=0
autobattle CHAR t=80124109 turn=13 cliT=13 myNo=0 afl=F8000 cb=0 pb=0 subP=5 procN=10 actInf=0 menuF=0 tgtSel=0 resW=0 self=hp201/st0 pet=hp261/st0 validEnemy=3 fallback=15 delay=0 cmd=H|F heal[en=1 tf=3 c=87 p=87 a=87 mag=6 selfP=88/mx227 petP=91/mx285] | enemies=10:st0/hp0/mx0/df0/fn0/lv0/v0 11:st0/hp0/mx0/df0/fn0/lv0/v0 12:st0/hp0/mx0/df0/fn0/lv0/v0 13:st0/hp0/mx0/df0/fn0/lv0/v0 14:st0/hp0/mx0/df0/fn0/lv0/v0 15:st0/hp144/mx327/df0/fn4909D0/lv38/v1 16:st0/hp361/mx361/df0/fn4909D0/lv38/v1 17:st0/hp0/mx365/df0/fn4909D0/lv39/v0 18:st0/hp385/mx385/df0/fn4909D0/lv40/v1 19:st0/hp0/mx370/df0/fn4909D0/lv39/v0 
autobattle PET turn=13 myNo=0 row=0 si=0 seed=-2 target=15 validEnemy=3 minLv=38 pcEnable=0 cmd=W|0|F
autobattle tick cnt=465 smto=1 res=0 battling=1 ctype=0 ptype=0
autobattle CHAR t=80125218 turn=14 cliT=14 myNo=0 afl=F8000 cb=0 pb=0 subP=5 procN=10 actInf=0 menuF=0 tgtSel=0 resW=0 self=hp196/st0 pet=hp261/st0 validEnemy=3 fallback=15 delay=0 cmd=J|3|0 heal[en=1 tf=3 c=87 p=87 a=87 mag=6 selfP=86/mx227 petP=91/mx285] | enemies=10:st0/hp0/mx0/df0/fn0/lv0/v0 11:st0/hp0/mx0/df0/fn0/lv0/v0 12:st0/hp0/mx0/df0/fn0/lv0/v0 13:st0/hp0/mx0/df0/fn0/lv0/v0 14:st0/hp0/mx0/df0/fn0/lv0/v0 15:st0/hp1/mx327/df0/fn4909D0/lv38/v1 16:st0/hp361/mx361/df0/fn4909D0/lv38/v1 17:st0/hp0/mx365/df0/fn4909D0/lv39/v0 18:st0/hp385/mx385/df0/fn4909D0/lv40/v1 19:st0/hp0/mx370/df0/fn4909D0/lv39/v0 
autobattle PET turn=14 myNo=0 row=0 si=0 seed=-2 target=15 validEnemy=3 minLv=38 pcEnable=0 cmd=W|0|F
autobattle tick cnt=482 smto=1 res=0 battling=1 ctype=0 ptype=0
autobattle CHAR t=80126500 turn=15 cliT=15 myNo=0 afl=F8000 cb=0 pb=0 subP=5 procN=10 actInf=0 menuF=0 tgtSel=0 resW=0 self=hp227/st0 pet=hp210/st0 validEnemy=2 fallback=16 delay=0 cmd=J|3|5 heal[en=1 tf=3 c=87 p=87 a=87 mag=6 selfP=100/mx227 petP=73/mx285] | enemies=10:st0/hp0/mx0/df0/fn0/lv0/v0 11:st0/hp0/mx0/df0/fn0/lv0/v0 12:st0/hp0/mx0/df0/fn0/lv0/v0 13:st0/hp0/mx0/df0/fn0/lv0/v0 14:st0/hp0/mx0/df0/fn0/lv0/v0 15:st0/hp0/mx327/df0/fn4909D0/lv38/v0 16:st0/hp361/mx361/df0/fn4909D0/lv38/v1 17:st0/hp0/mx365/df0/fn4909D0/lv39/v0 18:st0/hp385/mx385/df0/fn4909D0/lv40/v1 19:st0/hp0/mx370/df0/fn4909D0/lv39/v0 
autobattle PET turn=15 myNo=0 row=0 si=0 seed=-2 target=16 validEnemy=2 minLv=38 pcEnable=0 cmd=W|0|10
autobattle tick cnt=499 smto=1 res=0 battling=1 ctype=0 ptype=0
autobattle tick cnt=516 smto=1 res=0 battling=1 ctype=0 ptype=0
autobattle CHAR t=80127703 turn=16 cliT=16 myNo=0 afl=F8000 cb=0 pb=0 subP=5 procN=10 actInf=0 menuF=0 tgtSel=0 resW=0 self=hp225/st0 pet=hp244/st0 validEnemy=2 fallback=16 delay=0 cmd=I|9|0 heal[en=1 tf=3 c=87 p=87 a=87 mag=6 selfP=99/mx227 petP=85/mx285] | enemies=10:st0/hp0/mx0/df0/fn0/lv0/v0 11:st0/hp0/mx0/df0/fn0/lv0/v0 12:st0/hp0/mx0/df0/fn0/lv0/v0 13:st0/hp0/mx0/df0/fn0/lv0/v0 14:st0/hp0/mx0/df0/fn0/lv0/v0 15:st0/hp0/mx327/df0/fn4909D0/lv38/v0 16:st0/hp290/mx361/df0/fn4909D0/lv38/v1 17:st0/hp0/mx365/df0/fn4909D0/lv39/v0 18:st0/hp385/mx385/df0/fn4909D0/lv40/v1 19:st0/hp0/mx370/df0/fn4909D0/lv39/v0 
autobattle PET turn=16 myNo=0 row=0 si=0 seed=-2 target=16 validEnemy=2 minLv=38 pcEnable=0 cmd=W|0|10
autobattle tick cnt=532 smto=1 res=0 battling=1 ctype=0 ptype=0
autobattle CHAR t=80128750 turn=17 cliT=17 myNo=0 afl=F8000 cb=0 pb=0 subP=5 procN=10 actInf=0 menuF=0 tgtSel=0 resW=0 self=hp225/st0 pet=hp244/st0 validEnemy=2 fallback=16 delay=0 cmd=J|3|5 heal[en=1 tf=3 c=87 p=87 a=87 mag=6 selfP=99/mx227 petP=85/mx285] | enemies=10:st0/hp0/mx0/df0/fn0/lv0/v0 11:st0/hp0/mx0/df0/fn0/lv0/v0 12:st0/hp0/mx0/df0/fn0/lv0/v0 13:st0/hp0/mx0/df0/fn0/lv0/v0 14:st0/hp0/mx0/df0/fn0/lv0/v0 15:st0/hp0/mx327/df0/fn4909D0/lv38/v0 16:st0/hp290/mx361/df0/fn4909D0/lv38/v1 17:st0/hp0/mx365/df0/fn4909D0/lv39/v0 18:st0/hp385/mx385/df0/fn4909D0/lv40/v1 19:st0/hp0/mx370/df0/fn4909D0/lv39/v0 
autobattle PET turn=17 myNo=0 row=0 si=0 seed=-2 target=16 validEnemy=2 minLv=38 pcEnable=0 cmd=W|0|10
autobattle tick cnt=549 smto=1 res=0 battling=1 ctype=0 ptype=0
autobattle CHAR t=80130046 turn=18 cliT=18 myNo=0 afl=F8000 cb=0 pb=0 subP=5 procN=10 actInf=0 menuF=0 tgtSel=0 resW=0 self=hp225/st0 pet=hp216/st3 validEnemy=2 fallback=16 delay=0 cmd=H|10 heal[en=1 tf=3 c=87 p=87 a=87 mag=6 selfP=99/mx227 petP=75/mx285] | enemies=10:st0/hp0/mx0/df0/fn0/lv0/v0 11:st0/hp0/mx0/df0/fn0/lv0/v0 12:st0/hp0/mx0/df0/fn0/lv0/v0 13:st0/hp0/mx0/df0/fn0/lv0/v0 14:st0/hp0/mx0/df0/fn0/lv0/v0 15:st0/hp0/mx327/df0/fn4909D0/lv38/v0 16:st0/hp166/mx361/df0/fn4909D0/lv38/v1 17:st0/hp0/mx365/df0/fn4909D0/lv39/v0 18:st0/hp385/mx385/df0/fn4909D0/lv40/v1 19:st0/hp0/mx370/df0/fn4909D0/lv39/v0 
autobattle PET turn=18 myNo=0 row=0 si=0 seed=-2 target=16 validEnemy=2 minLv=38 pcEnable=0 cmd=W|0|10
autobattle tick cnt=566 smto=1 res=0 battling=1 ctype=0 ptype=0
autobattle CHAR t=80130843 turn=19 cliT=19 myNo=0 afl=F8000 cb=0 pb=0 subP=5 procN=10 actInf=0 menuF=0 tgtSel=0 resW=0 self=hp224/st0 pet=hp170/st0 validEnemy=2 fallback=16 delay=0 cmd=J|3|5 heal[en=1 tf=3 c=87 p=87 a=87 mag=6 selfP=98/mx227 petP=59/mx285] | enemies=10:st0/hp0/mx0/df0/fn0/lv0/v0 11:st0/hp0/mx0/df0/fn0/lv0/v0 12:st0/hp0/mx0/df0/fn0/lv0/v0 13:st0/hp0/mx0/df0/fn0/lv0/v0 14:st0/hp0/mx0/df0/fn0/lv0/v0 15:st0/hp0/mx327/df0/fn4909D0/lv38/v0 16:st0/hp91/mx361/df0/fn4909D0/lv38/v1 17:st0/hp0/mx365/df0/fn4909D0/lv39/v0 18:st0/hp385/mx385/df0/fn4909D0/lv40/v1 19:st0/hp0/mx370/df0/fn4909D0/lv39/v0 
autobattle PET turn=19 myNo=0 row=0 si=0 seed=-2 target=16 validEnemy=2 minLv=38 pcEnable=0 cmd=W|0|10
autobattle tick cnt=583 smto=1 res=0 battling=1 ctype=0 ptype=0
autobattle CHAR t=80132125 turn=20 cliT=20 myNo=0 afl=F8000 cb=0 pb=0 subP=5 procN=10 actInf=0 menuF=0 tgtSel=0 resW=0 self=hp219/st0 pet=hp216/st0 validEnemy=2 fallback=16 delay=0 cmd=J|3|5 heal[en=1 tf=3 c=87 p=87 a=87 mag=6 selfP=96/mx227 petP=75/mx285] | enemies=10:st0/hp0/mx0/df0/fn0/lv0/v0 11:st0/hp0/mx0/df0/fn0/lv0/v0 12:st0/hp0/mx0/df0/fn0/lv0/v0 13:st0/hp0/mx0/df0/fn0/lv0/v0 14:st0/hp0/mx0/df0/fn0/lv0/v0 15:st0/hp0/mx327/df0/fn4909D0/lv38/v0 16:st0/hp21/mx361/df0/fn4909D0/lv38/v1 17:st0/hp0/mx365/df0/fn4909D0/lv39/v0 18:st0/hp338/mx385/df0/fn4909D0/lv40/v1 19:st0/hp0/mx370/df0/fn4909D0/lv39/v0 
autobattle PET turn=20 myNo=0 row=0 si=0 seed=-2 target=16 validEnemy=2 minLv=38 pcEnable=0 cmd=W|0|10
autobattle tick cnt=600 smto=1 res=0 battling=1 ctype=0 ptype=0
autobattle CHAR t=80133234 turn=21 cliT=21 myNo=0 afl=E8000 cb=0 pb=0 subP=5 procN=10 actInf=0 menuF=0 tgtSel=0 resW=0 self=hp216/st0 pet=hp285/st0 validEnemy=1 fallback=18 delay=0 cmd=I|9|0 heal[en=1 tf=3 c=87 p=87 a=87 mag=6 selfP=95/mx227 petP=100/mx285] | enemies=10:st0/hp0/mx0/df0/fn0/lv0/v0 11:st0/hp0/mx0/df0/fn0/lv0/v0 12:st0/hp0/mx0/df0/fn0/lv0/v0 13:st0/hp0/mx0/df0/fn0/lv0/v0 14:st0/hp0/mx0/df0/fn0/lv0/v0 15:st0/hp0/mx327/df0/fn4909D0/lv38/v0 16:st0/hp0/mx361/df0/fn0/lv38/v0 17:st0/hp0/mx365/df0/fn4909D0/lv39/v0 18:st0/hp338/mx385/df0/fn4909D0/lv40/v1 19:st0/hp0/mx370/df0/fn4909D0/lv39/v0 
autobattle PET turn=21 myNo=0 row=0 si=0 seed=-2 target=18 validEnemy=1 minLv=40 pcEnable=0 cmd=W|0|12
autobattle tick cnt=616 smto=1 res=0 battling=1 ctype=0 ptype=0
autobattle CHAR t=80134171 turn=22 cliT=22 myNo=0 afl=E8000 cb=0 pb=0 subP=5 procN=10 actInf=0 menuF=0 tgtSel=0 resW=0 self=hp216/st0 pet=hp237/st0 validEnemy=1 fallback=18 delay=0 cmd=J|3|5 heal[en=1 tf=3 c=87 p=87 a=87 mag=6 selfP=95/mx227 petP=83/mx285] | enemies=10:st0/hp0/mx0/df0/fn0/lv0/v0 11:st0/hp0/mx0/df0/fn0/lv0/v0 12:st0/hp0/mx0/df0/fn0/lv0/v0 13:st0/hp0/mx0/df0/fn0/lv0/v0 14:st0/hp0/mx0/df0/fn0/lv0/v0 15:st0/hp0/mx327/df0/fn4909D0/lv38/v0 16:st0/hp0/mx361/df0/fn0/lv38/v0 17:st0/hp0/mx365/df0/fn4909D0/lv39/v0 18:st0/hp275/mx385/df0/fn4909D0/lv40/v1 19:st0/hp0/mx370/df0/fn4909D0/lv39/v0 
autobattle PET turn=22 myNo=0 row=0 si=0 seed=-2 target=18 validEnemy=1 minLv=40 pcEnable=0 cmd=W|0|12
autobattle tick cnt=633 smto=1 res=0 battling=1 ctype=0 ptype=0
autobattle CHAR t=80135218 turn=23 cliT=23 myNo=0 afl=E8000 cb=0 pb=0 subP=5 procN=10 actInf=0 menuF=0 tgtSel=0 resW=0 self=hp216/st0 pet=hp235/st0 validEnemy=1 fallback=18 delay=0 cmd=J|3|5 heal[en=1 tf=3 c=87 p=87 a=87 mag=6 selfP=95/mx227 petP=82/mx285] | enemies=10:st0/hp0/mx0/df0/fn0/lv0/v0 11:st0/hp0/mx0/df0/fn0/lv0/v0 12:st0/hp0/mx0/df0/fn0/lv0/v0 13:st0/hp0/mx0/df0/fn0/lv0/v0 14:st0/hp0/mx0/df0/fn0/lv0/v0 15:st0/hp0/mx327/df0/fn4909D0/lv38/v0 16:st0/hp0/mx361/df0/fn0/lv38/v0 17:st0/hp0/mx365/df0/fn4909D0/lv39/v0 18:st0/hp164/mx385/df0/fn4909D0/lv40/v1 19:st0/hp0/mx370/df0/fn4909D0/lv39/v0 
autobattle PET turn=23 myNo=0 row=0 si=0 seed=-2 target=18 validEnemy=1 minLv=40 pcEnable=0 cmd=W|0|12
autobattle tick cnt=650 smto=1 res=0 battling=1 ctype=0 ptype=0
autobattle CHAR t=80136140 turn=24 cliT=24 myNo=0 afl=E8000 cb=0 pb=0 subP=5 procN=10 actInf=0 menuF=0 tgtSel=0 resW=0 self=hp216/st0 pet=hp239/st0 validEnemy=1 fallback=18 delay=0 cmd=I|9|0 heal[en=1 tf=3 c=87 p=87 a=87 mag=6 selfP=95/mx227 petP=83/mx285] | enemies=10:st0/hp0/mx0/df0/fn0/lv0/v0 11:st0/hp0/mx0/df0/fn0/lv0/v0 12:st0/hp0/mx0/df0/fn0/lv0/v0 13:st0/hp0/mx0/df0/fn0/lv0/v0 14:st0/hp0/mx0/df0/fn0/lv0/v0 15:st0/hp0/mx327/df0/fn4909D0/lv38/v0 16:st0/hp0/mx361/df0/fn0/lv38/v0 17:st0/hp0/mx365/df0/fn4909D0/lv39/v0 18:st0/hp101/mx385/df0/fn4909D0/lv40/v1 19:st0/hp0/mx370/df0/fn4909D0/lv39/v0 
autobattle PET turn=24 myNo=0 row=0 si=0 seed=-2 target=18 validEnemy=1 minLv=40 pcEnable=0 cmd=W|0|12
autobattle tick cnt=667 smto=1 res=0 battling=1 ctype=0 ptype=0
autobattle tick cnt=683 smto=1 res=0 battling=1 ctype=0 ptype=0
autobattle CHAR t=80138234 turn=0 cliT=0 myNo=0 afl=38000 cb=0 pb=0 subP=3 procN=10 actInf=0 menuF=0 tgtSel=0 resW=0 self=hp216/st0 pet=hp295/st0 validEnemy=3 fallback=17 delay=0 cmd=H|11 heal[en=1 tf=3 c=87 p=87 a=87 mag=6 selfP=95/mx227 petP=100/mx295] | enemies=10:st0/hp0/mx0/df0/fn0/lv0/v0 11:st0/hp0/mx0/df0/fn0/lv0/v0 12:st0/hp0/mx0/df0/fn0/lv0/v0 13:st0/hp0/mx0/df0/fn0/lv0/v0 14:st0/hp0/mx0/df0/fn0/lv0/v0 15:st0/hp380/mx380/df0/fn4909D0/lv40/v1 16:st0/hp366/mx366/df0/fn4909D0/lv40/v1 17:st0/hp352/mx352/df0/fn4909D0/lv40/v1 18:st0/hp0/mx0/df0/fn0/lv0/v0 19:st0/hp0/mx0/df0/fn0/lv0/v0 
autobattle PET turn=0 myNo=0 row=0 si=0 seed=-2 target=17 validEnemy=3 minLv=40 pcEnable=0 cmd=W|0|11
autobattle tick cnt=700 smto=1 res=0 battling=1 ctype=0 ptype=0
autobattle CHAR t=80139406 turn=1 cliT=1 myNo=0 afl=38000 cb=0 pb=0 subP=5 procN=10 actInf=0 menuF=0 tgtSel=0 resW=0 self=hp216/st0 pet=hp208/st0 validEnemy=3 fallback=17 delay=0 cmd=J|3|5 heal[en=1 tf=3 c=87 p=87 a=87 mag=6 selfP=95/mx227 petP=70/mx295] | enemies=10:st0/hp0/mx0/df0/fn0/lv0/v0 11:st0/hp0/mx0/df0/fn0/lv0/v0 12:st0/hp0/mx0/df0/fn0/lv0/v0 13:st0/hp0/mx0/df0/fn0/lv0/v0 14:st0/hp0/mx0/df0/fn0/lv0/v0 15:st0/hp380/mx380/df0/fn4909D0/lv40/v1 16:st0/hp366/mx366/df0/fn4909D0/lv40/v1 17:st0/hp352/mx352/df0/fn4909D0/lv40/v1 18:st0/hp0/mx0/df0/fn0/lv0/v0 19:st0/hp0/mx0/df0/fn0/lv0/v0 
autobattle PET turn=1 myNo=0 row=0 si=0 seed=-2 target=17 validEnemy=3 minLv=40 pcEnable=0 cmd=W|0|11
autobattle tick cnt=717 smto=1 res=0 battling=1 ctype=0 ptype=0
autobattle CHAR t=80140687 turn=2 cliT=2 myNo=0 afl=38000 cb=0 pb=0 subP=5 procN=10 actInf=0 menuF=0 tgtSel=0 resW=0 self=hp216/st0 pet=hp207/st0 validEnemy=3 fallback=17 delay=0 cmd=J|3|5 heal[en=1 tf=3 c=87 p=87 a=87 mag=6 selfP=95/mx227 petP=70/mx295] | enemies=10:st0/hp0/mx0/df0/fn0/lv0/v0 11:st0/hp0/mx0/df0/fn0/lv0/v0 12:st0/hp0/mx0/df0/fn0/lv0/v0 13:st0/hp0/mx0/df0/fn0/lv0/v0 14:st0/hp0/mx0/df0/fn0/lv0/v0 15:st0/hp380/mx380/df0/fn4909D0/lv40/v1 16:st0/hp366/mx366/df0/fn4909D0/lv40/v1 17:st0/hp288/mx352/df0/fn4909D0/lv40/v1 18:st0/hp0/mx0/df0/fn0/lv0/v0 19:st0/hp0/mx0/df0/fn0/lv0/v0 
autobattle PET turn=2 myNo=0 row=0 si=0 seed=-2 target=17 validEnemy=3 minLv=40 pcEnable=0 cmd=W|0|11
autobattle tick cnt=734 smto=1 res=0 battling=1 ctype=0 ptype=0
autobattle CHAR t=80141984 turn=3 cliT=3 myNo=0 afl=38000 cb=0 pb=0 subP=5 procN=10 actInf=0 menuF=0 tgtSel=0 resW=0 self=hp214/st0 pet=hp209/st0 validEnemy=3 fallback=17 delay=0 cmd=J|3|5 heal[en=1 tf=3 c=87 p=87 a=87 mag=6 selfP=94/mx227 petP=70/mx295] | enemies=10:st0/hp0/mx0/df0/fn0/lv0/v0 11:st0/hp0/mx0/df0/fn0/lv0/v0 12:st0/hp0/mx0/df0/fn0/lv0/v0 13:st0/hp0/mx0/df0/fn0/lv0/v0 14:st0/hp0/mx0/df0/fn0/lv0/v0 15:st0/hp380/mx380/df0/fn4909D0/lv40/v1 16:st0/hp366/mx366/df0/fn4909D0/lv40/v1 17:st0/hp288/mx352/df0/fn4909D0/lv40/v1 18:st0/hp0/mx0/df0/fn0/lv0/v0 19:st0/hp0/mx0/df0/fn0/lv0/v0 
autobattle PET turn=3 myNo=0 row=0 si=0 seed=-2 target=17 validEnemy=3 minLv=40 pcEnable=0 cmd=W|0|11
autobattle tick cnt=751 smto=1 res=0 battling=1 ctype=0 ptype=0
autobattle CHAR t=80142968 turn=4 cliT=4 myNo=0 afl=38000 cb=0 pb=0 subP=5 procN=10 actInf=0 menuF=0 tgtSel=0 resW=0 self=hp208/st0 pet=hp295/st0 validEnemy=3 fallback=17 delay=0 cmd=I|9|0 heal[en=1 tf=3 c=87 p=87 a=87 mag=6 selfP=91/mx227 petP=100/mx295] | enemies=10:st0/hp0/mx0/df0/fn0/lv0/v0 11:st0/hp0/mx0/df0/fn0/lv0/v0 12:st0/hp0/mx0/df0/fn0/lv0/v0 13:st0/hp0/mx0/df0/fn0/lv0/v0 14:st0/hp0/mx0/df0/fn0/lv0/v0 15:st0/hp380/mx380/df0/fn4909D0/lv40/v1 16:st0/hp366/mx366/df0/fn4909D0/lv40/v1 17:st0/hp216/mx352/df0/fn4909D0/lv40/v1 18:st0/hp0/mx0/df0/fn0/lv0/v0 19:st0/hp0/mx0/df0/fn0/lv0/v0 
autobattle PET turn=4 myNo=0 row=0 si=0 seed=-2 target=17 validEnemy=3 minLv=40 pcEnable=0 cmd=W|0|11
autobattle tick cnt=768 smto=1 res=0 battling=1 ctype=0 ptype=0
autobattle ESCAPE turn=5 myNo=0 ride=1 fell=0 ae=1 noEsc=0
autobattle tick cnt=784 smto=1 res=0 battling=1 ctype=0 ptype=0
autobattle ESCAPE turn=6 myNo=0 ride=1 fell=0 ae=1 noEsc=0
autobattle tick cnt=801 smto=1 res=0 battling=1 ctype=0 ptype=0
autobattle ESCAPE turn=0 myNo=0 ride=-1 fell=0 ae=1 noEsc=0
autobattle tick cnt=808 smto=1 res=0 battling=1 ctype=0 ptype=0
autobattle ESCAPE turn=0 myNo=0 ride=-1 fell=0 ae=1 noEsc=0
autobattle tick cnt=818 smto=1 res=0 battling=1 ctype=0 ptype=0
autobattle tick cnt=835 smto=1 res=0 battling=1 ctype=0 ptype=0
autobattle ESCAPE turn=1 myNo=0 ride=1 fell=0 ae=1 noEsc=0
autobattle ESCAPE turn=0 myNo=0 ride=-1 fell=0 ae=1 noEsc=0
autobattle tick cnt=846 smto=1 res=0 battling=1 ctype=0 ptype=0
battlemenu-suppress want=1 patched=4/4 (ab=1 ae=0)
autobattle ENABLED hwnd=003F04FC old=FFFF05C5 pid=8756
autobattle tick cnt=1 smto=1 res=0 battling=1 ctype=0 ptype=0
autobattle CHAR t=104852734 turn=0 cliT=0 myNo=0 afl=78000 cb=0 pb=0 subP=3 procN=10 actInf=0 menuF=0 tgtSel=0 resW=0 self=hp199/st0 pet=hp295/st0 validEnemy=4 fallback=17 delay=0 cmd=H|11 heal[en=1 tf=3 c=87 p=87 a=87 mag=6 selfP=87/mx227 petP=100/mx295] | enemies=10:st0/hp0/mx0/df0/fn0/lv0/v0 11:st0/hp0/mx0/df0/fn0/lv0/v0 12:st0/hp0/mx0/df0/fn0/lv0/v0 13:st0/hp0/mx0/df0/fn0/lv0/v0 14:st0/hp0/mx0/df0/fn0/lv0/v0 15:st0/hp354/mx354/df0/fn4909D0/lv38/v1 16:st0/hp401/mx401/df0/fn4909D0/lv40/v1 17:st0/hp344/mx344/df0/fn4909D0/lv39/v1 18:st0/hp389/mx389/df0/fn4909D0/lv40/v1 19:st0/hp0/mx0/df0/fn0/lv0/v0 
autobattle PET turn=0 myNo=0 row=0 si=0 seed=-2 target=17 validEnemy=4 minLv=38 pcEnable=0 cmd=W|0|11
autobattle tick cnt=18 smto=1 res=0 battling=1 ctype=0 ptype=0
autobattle CHAR t=104854140 turn=1 cliT=1 myNo=0 afl=78000 cb=0 pb=0 subP=5 procN=10 actInf=0 menuF=0 tgtSel=0 resW=0 self=hp198/st0 pet=hp261/st0 validEnemy=4 fallback=17 delay=0 cmd=H|11 heal[en=1 tf=3 c=87 p=87 a=87 mag=6 selfP=87/mx227 petP=88/mx295] | enemies=10:st0/hp0/mx0/df0/fn0/lv0/v0 11:st0/hp0/mx0/df0/fn0/lv0/v0 12:st0/hp0/mx0/df0/fn0/lv0/v0 13:st0/hp0/mx0/df0/fn0/lv0/v0 14:st0/hp0/mx0/df0/fn0/lv0/v0 15:st0/hp354/mx354/df0/fn4909D0/lv38/v1 16:st0/hp401/mx401/df0/fn4909D0/lv40/v1 17:st0/hp210/mx344/df0/fn4909D0/lv39/v1 18:st0/hp389/mx389/df0/fn4909D0/lv40/v1 19:st0/hp0/mx0/df0/fn0/lv0/v0 
autobattle PET turn=1 myNo=0 row=0 si=0 seed=-2 target=17 validEnemy=4 minLv=38 pcEnable=0 cmd=W|0|11
autobattle tick cnt=35 smto=1 res=0 battling=1 ctype=0 ptype=0
autobattle CHAR t=104855750 turn=2 cliT=2 myNo=0 afl=78000 cb=0 pb=0 subP=5 procN=10 actInf=0 menuF=0 tgtSel=0 resW=0 self=hp183/st0 pet=hp261/st0 validEnemy=4 fallback=17 delay=0 cmd=J|3|0 heal[en=1 tf=3 c=87 p=87 a=87 mag=6 selfP=80/mx227 petP=88/mx295] | enemies=10:st0/hp0/mx0/df0/fn0/lv0/v0 11:st0/hp0/mx0/df0/fn0/lv0/v0 12:st0/hp0/mx0/df0/fn0/lv0/v0 13:st0/hp0/mx0/df0/fn0/lv0/v0 14:st0/hp0/mx0/df0/fn0/lv0/v0 15:st0/hp354/mx354/df0/fn4909D0/lv38/v1 16:st0/hp401/mx401/df0/fn4909D0/lv40/v1 17:st0/hp81/mx344/df0/fn4909D0/lv39/v1 18:st0/hp389/mx389/df0/fn4909D0/lv40/v1 19:st0/hp0/mx0/df0/fn0/lv0/v0 
autobattle PET turn=2 myNo=0 row=0 si=0 seed=-2 target=17 validEnemy=4 minLv=38 pcEnable=0 cmd=W|0|11
autobattle tick cnt=52 smto=1 res=0 battling=1 ctype=0 ptype=0
autobattle tick cnt=69 smto=1 res=0 battling=1 ctype=0 ptype=0
autobattle CHAR t=104857093 turn=3 cliT=3 myNo=0 afl=78000 cb=0 pb=0 subP=5 procN=10 actInf=0 menuF=0 tgtSel=0 resW=0 self=hp226/st0 pet=hp130/st0 validEnemy=4 fallback=17 delay=0 cmd=J|3|5 heal[en=1 tf=3 c=87 p=87 a=87 mag=6 selfP=99/mx227 petP=44/mx295] | enemies=10:st0/hp0/mx0/df0/fn0/lv0/v0 11:st0/hp0/mx0/df0/fn0/lv0/v0 12:st0/hp0/mx0/df0/fn0/lv0/v0 13:st0/hp0/mx0/df0/fn0/lv0/v0 14:st0/hp0/mx0/df0/fn0/lv0/v0 15:st0/hp354/mx354/df0/fn4909D0/lv38/v1 16:st0/hp401/mx401/df0/fn4909D0/lv40/v1 17:st0/hp20/mx344/df0/fn4909D0/lv39/v1 18:st0/hp389/mx389/df0/fn4909D0/lv40/v1 19:st0/hp0/mx0/df0/fn0/lv0/v0 
autobattle PET turn=3 myNo=0 row=0 si=0 seed=-2 target=17 validEnemy=4 minLv=38 pcEnable=0 cmd=W|0|11
autobattle tick cnt=86 smto=1 res=0 battling=1 ctype=0 ptype=0
autobattle CHAR t=104858578 turn=4 cliT=4 myNo=0 afl=78000 cb=0 pb=0 subP=5 procN=10 actInf=0 menuF=0 tgtSel=0 resW=0 self=hp226/st0 pet=hp295/st0 validEnemy=3 fallback=15 delay=0 cmd=H|F heal[en=1 tf=3 c=87 p=87 a=87 mag=6 selfP=99/mx227 petP=100/mx295] | enemies=10:st0/hp0/mx0/df0/fn0/lv0/v0 11:st0/hp0/mx0/df0/fn0/lv0/v0 12:st0/hp0/mx0/df0/fn0/lv0/v0 13:st0/hp0/mx0/df0/fn0/lv0/v0 14:st0/hp0/mx0/df0/fn0/lv0/v0 15:st0/hp354/mx354/df0/fn4909D0/lv38/v1 16:st0/hp401/mx401/df0/fn4909D0/lv40/v1 17:st0/hp0/mx344/df0/fn4909D0/lv39/v0 18:st0/hp332/mx389/df0/fn4909D0/lv40/v1 19:st0/hp0/mx0/df0/fn0/lv0/v0 
autobattle PET turn=4 myNo=0 row=0 si=0 seed=-2 target=15 validEnemy=3 minLv=38 pcEnable=0 cmd=W|0|F
autobattle tick cnt=103 smto=1 res=0 battling=1 ctype=0 ptype=0
autobattle CHAR t=104859687 turn=5 cliT=5 myNo=0 afl=78000 cb=0 pb=0 subP=5 procN=10 actInf=0 menuF=0 tgtSel=0 resW=0 self=hp226/st0 pet=hp150/st0 validEnemy=3 fallback=15 delay=0 cmd=J|3|5 heal[en=1 tf=3 c=87 p=87 a=87 mag=6 selfP=99/mx227 petP=50/mx295] | enemies=10:st0/hp0/mx0/df0/fn0/lv0/v0 11:st0/hp0/mx0/df0/fn0/lv0/v0 12:st0/hp0/mx0/df0/fn0/lv0/v0 13:st0/hp0/mx0/df0/fn0/lv0/v0 14:st0/hp0/mx0/df0/fn0/lv0/v0 15:st0/hp205/mx354/df0/fn4909D0/lv38/v1 16:st0/hp401/mx401/df0/fn4909D0/lv40/v1 17:st0/hp0/mx344/df0/fn4909D0/lv39/v0 18:st0/hp332/mx389/df0/fn4909D0/lv40/v1 19:st0/hp0/mx0/df0/fn0/lv0/v0 
autobattle PET turn=5 myNo=0 row=0 si=0 seed=-2 target=15 validEnemy=3 minLv=38 pcEnable=0 cmd=W|0|F
autobattle tick cnt=120 smto=1 res=0 battling=1 ctype=0 ptype=0
autobattle tick cnt=137 smto=1 res=0 battling=1 ctype=0 ptype=0
autobattle CHAR t=104861218 turn=6 cliT=6 myNo=0 afl=78000 cb=0 pb=0 subP=5 procN=10 actInf=0 menuF=0 tgtSel=0 resW=0 self=hp226/st0 pet=hp295/st0 validEnemy=3 fallback=15 delay=0 cmd=I|9|0 heal[en=1 tf=3 c=87 p=87 a=87 mag=6 selfP=99/mx227 petP=100/mx295] | enemies=10:st0/hp0/mx0/df0/fn0/lv0/v0 11:st0/hp0/mx0/df0/fn0/lv0/v0 12:st0/hp0/mx0/df0/fn0/lv0/v0 13:st0/hp0/mx0/df0/fn0/lv0/v0 14:st0/hp0/mx0/df0/fn0/lv0/v0 15:st0/hp116/mx354/df0/fn4909D0/lv38/v1 16:st0/hp401/mx401/df0/fn4909D0/lv40/v1 17:st0/hp0/mx344/df0/fn4909D0/lv39/v0 18:st0/hp283/mx389/df0/fn4909D0/lv40/v1 19:st0/hp0/mx0/df0/fn0/lv0/v0 
autobattle PET turn=6 myNo=0 row=0 si=0 seed=-2 target=15 validEnemy=3 minLv=38 pcEnable=0 cmd=W|0|F
autobattle tick cnt=154 smto=1 res=0 battling=1 ctype=0 ptype=0
autobattle CHAR t=104862687 turn=7 cliT=7 myNo=0 afl=78000 cb=0 pb=0 subP=5 procN=10 actInf=0 menuF=0 tgtSel=0 resW=0 self=hp221/st0 pet=hp213/st0 validEnemy=3 fallback=15 delay=0 cmd=J|3|5 heal[en=1 tf=3 c=87 p=87 a=87 mag=6 selfP=97/mx227 petP=72/mx295] | enemies=10:st0/hp0/mx0/df0/fn0/lv0/v0 11:st0/hp0/mx0/df0/fn0/lv0/v0 12:st0/hp0/mx0/df0/fn0/lv0/v0 13:st0/hp0/mx0/df0/fn0/lv0/v0 14:st0/hp0/mx0/df0/fn0/lv0/v0 15:st0/hp44/mx354/df0/fn4909D0/lv38/v1 16:st0/hp353/mx401/df0/fn4909D0/lv40/v1 17:st0/hp0/mx344/df0/fn4909D0/lv39/v0 18:st0/hp283/mx389/df0/fn4909D0/lv40/v1 19:st0/hp0/mx0/df0/fn0/lv0/v0 
autobattle PET turn=7 myNo=0 row=0 si=0 seed=-2 target=15 validEnemy=3 minLv=38 pcEnable=0 cmd=W|0|F
autobattle tick cnt=171 smto=1 res=0 battling=1 ctype=0 ptype=0
autobattle CHAR t=104863984 turn=8 cliT=8 myNo=0 afl=78000 cb=0 pb=0 subP=5 procN=10 actInf=0 menuF=0 tgtSel=0 resW=0 self=hp220/st0 pet=hp242/st0 validEnemy=2 fallback=16 delay=0 cmd=J|3|5 heal[en=1 tf=3 c=87 p=87 a=87 mag=6 selfP=96/mx227 petP=82/mx295] | enemies=10:st0/hp0/mx0/df0/fn0/lv0/v0 11:st0/hp0/mx0/df0/fn0/lv0/v0 12:st0/hp0/mx0/df0/fn0/lv0/v0 13:st0/hp0/mx0/df0/fn0/lv0/v0 14:st0/hp0/mx0/df0/fn0/lv0/v0 15:st0/hp0/mx354/df0/fn4909D0/lv38/v0 16:st0/hp353/mx401/df0/fn4909D0/lv40/v1 17:st0/hp0/mx344/df0/fn4909D0/lv39/v0 18:st0/hp283/mx389/df0/fn4909D0/lv40/v1 19:st0/hp0/mx0/df0/fn0/lv0/v0 
autobattle PET turn=8 myNo=0 row=0 si=0 seed=-2 target=16 validEnemy=2 minLv=40 pcEnable=0 cmd=W|0|10
autobattle tick cnt=188 smto=1 res=0 battling=1 ctype=0 ptype=0
autobattle CHAR t=104865156 turn=9 cliT=9 myNo=0 afl=78000 cb=0 pb=0 subP=4 procN=10 actInf=0 menuF=0 tgtSel=0 resW=0 self=hp220/st0 pet=hp249/st0 validEnemy=2 fallback=16 delay=0 cmd=J|3|5 heal[en=1 tf=3 c=87 p=87 a=87 mag=6 selfP=96/mx227 petP=84/mx295] | enemies=10:st0/hp0/mx0/df0/fn0/lv0/v0 11:st0/hp0/mx0/df0/fn0/lv0/v0 12:st0/hp0/mx0/df0/fn0/lv0/v0 13:st0/hp0/mx0/df0/fn0/lv0/v0 14:st0/hp0/mx0/df0/fn0/lv0/v0 15:st0/hp0/mx354/df0/fn4909D0/lv38/v0 16:st0/hp277/mx401/df0/fn4909D0/lv40/v1 17:st0/hp0/mx344/df0/fn4909D0/lv39/v0 18:st0/hp283/mx389/df0/fn4909D0/lv40/v1 19:st0/hp0/mx0/df0/fn0/lv0/v0 
autobattle PET turn=9 myNo=0 row=0 si=0 seed=-2 target=16 validEnemy=2 minLv=40 pcEnable=0 cmd=W|0|10
autobattle tick cnt=205 smto=1 res=0 battling=1 ctype=0 ptype=0
autobattle tick cnt=222 smto=1 res=0 battling=1 ctype=0 ptype=0
autobattle CHAR t=104866343 turn=10 cliT=10 myNo=0 afl=78000 cb=0 pb=0 subP=5 procN=10 actInf=0 menuF=0 tgtSel=0 resW=0 self=hp220/st0 pet=hp222/st3 validEnemy=2 fallback=16 delay=0 cmd=I|9|0 heal[en=1 tf=3 c=87 p=87 a=87 mag=6 selfP=96/mx227 petP=75/mx295] | enemies=10:st0/hp0/mx0/df0/fn0/lv0/v0 11:st0/hp0/mx0/df0/fn0/lv0/v0 12:st0/hp0/mx0/df0/fn0/lv0/v0 13:st0/hp0/mx0/df0/fn0/lv0/v0 14:st0/hp0/mx0/df0/fn0/lv0/v0 15:st0/hp0/mx354/df0/fn4909D0/lv38/v0 16:st0/hp193/mx401/df0/fn4909D0/lv40/v1 17:st0/hp0/mx344/df0/fn4909D0/lv39/v0 18:st0/hp283/mx389/df0/fn4909D0/lv40/v1 19:st0/hp0/mx0/df0/fn0/lv0/v0 
autobattle PET turn=10 myNo=0 row=0 si=0 seed=-2 target=16 validEnemy=2 minLv=40 pcEnable=0 cmd=W|0|10
autobattle CHAR t=104867140 turn=11 cliT=11 myNo=0 afl=78000 cb=0 pb=0 subP=3 procN=10 actInf=3 menuF=0 tgtSel=0 resW=0 self=hp220/st0 pet=hp173/st0 validEnemy=2 fallback=16 delay=0 cmd=J|3|5 heal[en=1 tf=3 c=87 p=87 a=87 mag=6 selfP=96/mx227 petP=58/mx295] | enemies=10:st0/hp0/mx0/df0/fn0/lv0/v0 11:st0/hp0/mx0/df0/fn0/lv0/v0 12:st0/hp0/mx0/df0/fn0/lv0/v0 13:st0/hp0/mx0/df0/fn0/lv0/v0 14:st0/hp0/mx0/df0/fn0/lv0/v0 15:st0/hp0/mx354/df0/fn4909D0/lv38/v0 16:st0/hp193/mx401/df0/fn4909D0/lv40/v1 17:st0/hp0/mx344/df0/fn4909D0/lv39/v0 18:st0/hp283/mx389/df0/fn4909D0/lv40/v1 19:st0/hp0/mx0/df0/fn0/lv0/v0 
autobattle PET turn=11 myNo=0 row=0 si=0 seed=-2 target=16 validEnemy=2 minLv=40 pcEnable=0 cmd=W|0|10
autobattle tick cnt=238 smto=1 res=0 battling=1 ctype=0 ptype=0
autobattle CHAR t=104868312 turn=12 cliT=12 myNo=0 afl=78000 cb=0 pb=0 subP=5 procN=10 actInf=0 menuF=0 tgtSel=0 resW=0 self=hp217/st0 pet=hp295/st0 validEnemy=2 fallback=16 delay=0 cmd=H|10 heal[en=1 tf=3 c=87 p=87 a=87 mag=6 selfP=95/mx227 petP=100/mx295] | enemies=10:st0/hp0/mx0/df0/fn0/lv0/v0 11:st0/hp0/mx0/df0/fn0/lv0/v0 12:st0/hp0/mx0/df0/fn0/lv0/v0 13:st0/hp0/mx0/df0/fn0/lv0/v0 14:st0/hp0/mx0/df0/fn0/lv0/v0 15:st0/hp0/mx354/df0/fn4909D0/lv38/v0 16:st0/hp114/mx401/df0/fn4909D0/lv40/v1 17:st0/hp0/mx344/df0/fn4909D0/lv39/v0 18:st0/hp283/mx389/df0/fn4909D0/lv40/v1 19:st0/hp0/mx0/df0/fn0/lv0/v0 
autobattle tick cnt=255 smto=1 res=0 battling=1 ctype=0 ptype=0
autobattle PET turn=12 myNo=0 row=0 si=0 seed=-2 target=16 validEnemy=2 minLv=40 pcEnable=0 cmd=W|0|10
autobattle CHAR t=104869359 turn=13 cliT=13 myNo=0 afl=78000 cb=0 pb=0 subP=5 procN=10 actInf=0 menuF=0 tgtSel=0 resW=0 self=hp217/st0 pet=hp295/st0 validEnemy=1 fallback=18 delay=0 cmd=H|12 heal[en=1 tf=3 c=87 p=87 a=87 mag=6 selfP=95/mx227 petP=100/mx295] | enemies=10:st0/hp0/mx0/df0/fn0/lv0/v0 11:st0/hp0/mx0/df0/fn0/lv0/v0 12:st0/hp0/mx0/df0/fn0/lv0/v0 13:st0/hp0/mx0/df0/fn0/lv0/v0 14:st0/hp0/mx0/df0/fn0/lv0/v0 15:st0/hp0/mx354/df0/fn4909D0/lv38/v0 16:st0/hp0/mx401/df0/fn4909D0/lv40/v0 17:st0/hp0/mx344/df0/fn4909D0/lv39/v0 18:st0/hp283/mx389/df0/fn4909D0/lv40/v1 19:st0/hp0/mx0/df0/fn0/lv0/v0 
autobattle tick cnt=272 smto=1 res=0 battling=1 ctype=0 ptype=0
autobattle PET turn=13 myNo=0 row=0 si=0 seed=-2 target=18 validEnemy=1 minLv=40 pcEnable=0 cmd=W|0|12
autobattle CHAR t=104870281 turn=14 cliT=14 myNo=0 afl=78000 cb=0 pb=0 subP=5 procN=10 actInf=0 menuF=0 tgtSel=0 resW=0 self=hp217/st0 pet=hp295/st0 validEnemy=1 fallback=18 delay=0 cmd=H|12 heal[en=1 tf=3 c=87 p=87 a=87 mag=6 selfP=95/mx227 petP=100/mx295] | enemies=10:st0/hp0/mx0/df0/fn0/lv0/v0 11:st0/hp0/mx0/df0/fn0/lv0/v0 12:st0/hp0/mx0/df0/fn0/lv0/v0 13:st0/hp0/mx0/df0/fn0/lv0/v0 14:st0/hp0/mx0/df0/fn0/lv0/v0 15:st0/hp0/mx354/df0/fn4909D0/lv38/v0 16:st0/hp0/mx401/df0/fn4909D0/lv40/v0 17:st0/hp0/mx344/df0/fn4909D0/lv39/v0 18:st0/hp153/mx389/df0/fn4909D0/lv40/v1 19:st0/hp0/mx0/df0/fn0/lv0/v0 
autobattle PET turn=14 myNo=0 row=0 si=0 seed=-2 target=18 validEnemy=1 minLv=40 pcEnable=0 cmd=W|0|12
autobattle tick cnt=289 smto=1 res=0 battling=1 ctype=0 ptype=0
autobattle CHAR t=104871140 turn=15 cliT=15 myNo=0 afl=78000 cb=0 pb=0 subP=5 procN=10 actInf=0 menuF=0 tgtSel=0 resW=0 self=hp217/st0 pet=hp295/st0 validEnemy=1 fallback=18 delay=0 cmd=H|12 heal[en=1 tf=3 c=87 p=87 a=87 mag=6 selfP=95/mx227 petP=100/mx295] | enemies=10:st0/hp0/mx0/df0/fn0/lv0/v0 11:st0/hp0/mx0/df0/fn0/lv0/v0 12:st0/hp0/mx0/df0/fn0/lv0/v0 13:st0/hp0/mx0/df0/fn0/lv0/v0 14:st0/hp0/mx0/df0/fn0/lv0/v0 15:st0/hp0/mx354/df0/fn4909D0/lv38/v0 16:st0/hp0/mx401/df0/fn4909D0/lv40/v0 17:st0/hp0/mx344/df0/fn4909D0/lv39/v0 18:st0/hp83/mx389/df0/fn4909D0/lv40/v1 19:st0/hp0/mx0/df0/fn0/lv0/v0 
autobattle PET turn=15 myNo=0 row=0 si=0 seed=-2 target=18 validEnemy=1 minLv=40 pcEnable=0 cmd=W|0|12
autobattle tick cnt=306 smto=1 res=0 battling=1 ctype=0 ptype=0
autobattle tick cnt=317 smto=1 res=0 battling=1 ctype=0 ptype=0
autobattle CHAR t=104875437 turn=0 cliT=0 myNo=0 afl=18000 cb=0 pb=0 subP=3 procN=10 actInf=0 menuF=0 tgtSel=0 resW=0 self=hp217/st0 pet=hp295/st0 validEnemy=2 fallback=15 delay=0 cmd=H|F heal[en=1 tf=3 c=87 p=87 a=87 mag=6 selfP=95/mx227 petP=100/mx295] | enemies=10:st0/hp0/mx0/df0/fn0/lv0/v0 11:st0/hp0/mx0/df0/fn0/lv0/v0 12:st0/hp0/mx0/df0/fn0/lv0/v0 13:st0/hp0/mx0/df0/fn0/lv0/v0 14:st0/hp0/mx0/df0/fn0/lv0/v0 15:st0/hp104/mx104/df0/fn4909D0/lv9/v1 16:st0/hp129/mx129/df0/fn4909D0/lv11/v1 17:st0/hp0/mx0/df0/fn0/lv0/v0 18:st0/hp0/mx0/df0/fn0/lv0/v0 19:st0/hp0/mx0/df0/fn0/lv0/v0 
autobattle PET turn=0 myNo=0 row=0 si=0 seed=-2 target=15 validEnemy=2 minLv=9 pcEnable=0 cmd=W|0|F
autobattle CHAR t=104876171 turn=1 cliT=1 myNo=0 afl=10000 cb=0 pb=0 subP=5 procN=10 actInf=0 menuF=0 tgtSel=0 resW=0 self=hp217/st0 pet=hp295/st0 validEnemy=1 fallback=16 delay=0 cmd=H|10 heal[en=1 tf=3 c=87 p=87 a=87 mag=6 selfP=95/mx227 petP=100/mx295] | enemies=10:st0/hp0/mx0/df0/fn0/lv0/v0 11:st0/hp0/mx0/df0/fn0/lv0/v0 12:st0/hp0/mx0/df0/fn0/lv0/v0 13:st0/hp0/mx0/df0/fn0/lv0/v0 14:st0/hp0/mx0/df0/fn0/lv0/v0 15:st0/hp0/mx104/df0/fn0/lv9/v0 16:st0/hp129/mx129/df0/fn4909D0/lv11/v1 17:st0/hp0/mx0/df0/fn0/lv0/v0 18:st0/hp0/mx0/df0/fn0/lv0/v0 19:st0/hp0/mx0/df0/fn0/lv0/v0 
autobattle PET turn=1 myNo=0 row=0 si=0 seed=-2 target=16 validEnemy=1 minLv=11 pcEnable=0 cmd=W|0|10
autobattle tick cnt=334 smto=1 res=0 battling=1 ctype=0 ptype=0
autobattle tick cnt=342 smto=1 res=0 battling=1 ctype=0 ptype=0
autobattle CHAR t=104878203 turn=0 cliT=0 myNo=0 afl=18000 cb=0 pb=0 subP=3 procN=10 actInf=0 menuF=0 tgtSel=0 resW=0 self=hp217/st0 pet=hp295/st0 validEnemy=2 fallback=15 delay=0 cmd=H|F heal[en=1 tf=3 c=87 p=87 a=87 mag=6 selfP=95/mx227 petP=100/mx295] | enemies=10:st0/hp0/mx0/df0/fn0/lv0/v0 11:st0/hp0/mx0/df0/fn0/lv0/v0 12:st0/hp0/mx0/df0/fn0/lv0/v0 13:st0/hp0/mx0/df0/fn0/lv0/v0 14:st0/hp0/mx0/df0/fn0/lv0/v0 15:st0/hp143/mx143/df0/fn4909D0/lv10/v1 16:st0/hp132/mx132/df0/fn4909D0/lv10/v1 17:st0/hp0/mx0/df0/fn0/lv0/v0 18:st0/hp0/mx0/df0/fn0/lv0/v0 19:st0/hp0/mx0/df0/fn0/lv0/v0 
autobattle PET turn=0 myNo=0 row=0 si=0 seed=-2 target=15 validEnemy=2 minLv=10 pcEnable=0 cmd=W|0|F
autobattle CHAR t=104878953 turn=1 cliT=1 myNo=0 afl=10000 cb=0 pb=0 subP=5 procN=10 actInf=0 menuF=0 tgtSel=0 resW=0 self=hp217/st0 pet=hp295/st0 validEnemy=1 fallback=16 delay=0 cmd=H|10 heal[en=1 tf=3 c=87 p=87 a=87 mag=6 selfP=95/mx227 petP=100/mx295] | enemies=10:st0/hp0/mx0/df0/fn0/lv0/v0 11:st0/hp0/mx0/df0/fn0/lv0/v0 12:st0/hp0/mx0/df0/fn0/lv0/v0 13:st0/hp0/mx0/df0/fn0/lv0/v0 14:st0/hp0/mx0/df0/fn0/lv0/v0 15:st0/hp0/mx143/df0/fn0/lv10/v0 16:st0/hp132/mx132/df0/fn4909D0/lv10/v1 17:st0/hp0/mx0/df0/fn0/lv0/v0 18:st0/hp0/mx0/df0/fn0/lv0/v0 19:st0/hp0/mx0/df0/fn0/lv0/v0 
autobattle PET turn=1 myNo=0 row=0 si=0 seed=-2 target=16 validEnemy=1 minLv=10 pcEnable=0 cmd=W|0|10
autobattle tick cnt=359 smto=1 res=0 battling=1 ctype=0 ptype=0
autobattle tick cnt=367 smto=1 res=0 battling=1 ctype=0 ptype=0
autobattle CHAR t=104880500 turn=0 cliT=0 myNo=0 afl=8000 cb=0 pb=0 subP=3 procN=10 actInf=0 menuF=0 tgtSel=0 resW=0 self=hp217/st0 pet=hp295/st0 validEnemy=1 fallback=15 delay=0 cmd=H|F heal[en=1 tf=3 c=87 p=87 a=87 mag=6 selfP=95/mx227 petP=100/mx295] | enemies=10:st0/hp0/mx0/df0/fn0/lv0/v0 11:st0/hp0/mx0/df0/fn0/lv0/v0 12:st0/hp0/mx0/df0/fn0/lv0/v0 13:st0/hp0/mx0/df0/fn0/lv0/v0 14:st0/hp0/mx0/df0/fn0/lv0/v0 15:st0/hp134/mx134/df0/fn4909D0/lv13/v1 16:st0/hp0/mx0/df0/fn0/lv0/v0 17:st0/hp0/mx0/df0/fn0/lv0/v0 18:st0/hp0/mx0/df0/fn0/lv0/v0 19:st0/hp0/mx0/df0/fn0/lv0/v0 
autobattle PET turn=0 myNo=0 row=0 si=0 seed=-2 target=15 validEnemy=1 minLv=13 pcEnable=0 cmd=W|0|F
autobattle tick cnt=384 smto=1 res=0 battling=1 ctype=0 ptype=0
autobattle CHAR t=104882031 turn=0 cliT=0 myNo=0 afl=38000 cb=0 pb=0 subP=3 procN=10 actInf=0 menuF=0 tgtSel=0 resW=0 self=hp217/st0 pet=hp295/st0 validEnemy=3 fallback=17 delay=0 cmd=H|11 heal[en=1 tf=3 c=87 p=87 a=87 mag=6 selfP=95/mx227 petP=100/mx295] | enemies=10:st0/hp0/mx0/df0/fn0/lv0/v0 11:st0/hp0/mx0/df0/fn0/lv0/v0 12:st0/hp0/mx0/df0/fn0/lv0/v0 13:st0/hp0/mx0/df0/fn0/lv0/v0 14:st0/hp0/mx0/df0/fn0/lv0/v0 15:st0/hp124/mx124/df0/fn4909D0/lv11/v1 16:st0/hp135/mx135/df0/fn4909D0/lv12/v1 17:st0/hp118/mx118/df0/fn4909D0/lv10/v1 18:st0/hp0/mx0/df0/fn0/lv0/v0 19:st0/hp0/mx0/df0/fn0/lv0/v0 
autobattle PET turn=0 myNo=0 row=0 si=0 seed=-2 target=17 validEnemy=3 minLv=10 pcEnable=0 cmd=W|0|11
autobattle tick cnt=393 smto=1 res=0 battling=1 ctype=0 ptype=0
autobattle CHAR t=104883140 turn=1 cliT=1 myNo=0 afl=18000 cb=0 pb=0 subP=5 procN=10 actInf=0 menuF=0 tgtSel=0 resW=0 self=hp217/st0 pet=hp294/st0 validEnemy=2 fallback=15 delay=0 cmd=H|F heal[en=1 tf=3 c=87 p=87 a=87 mag=6 selfP=95/mx227 petP=99/mx295] | enemies=10:st0/hp0/mx0/df0/fn0/lv0/v0 11:st0/hp0/mx0/df0/fn0/lv0/v0 12:st0/hp0/mx0/df0/fn0/lv0/v0 13:st0/hp0/mx0/df0/fn0/lv0/v0 14:st0/hp0/mx0/df0/fn0/lv0/v0 15:st0/hp124/mx124/df0/fn4909D0/lv11/v1 16:st0/hp135/mx135/df0/fn4909D0/lv12/v1 17:st0/hp0/mx118/df0/fn0/lv10/v0 18:st0/hp0/mx0/df0/fn0/lv0/v0 19:st0/hp0/mx0/df0/fn0/lv0/v0 
autobattle PET turn=1 myNo=0 row=0 si=0 seed=-2 target=15 validEnemy=2 minLv=11 pcEnable=0 cmd=W|0|F
autobattle tick cnt=410 smto=1 res=0 battling=1 ctype=0 ptype=0
autobattle CHAR t=104884125 turn=2 cliT=2 myNo=0 afl=10000 cb=0 pb=0 subP=5 procN=10 actInf=0 menuF=0 tgtSel=0 resW=0 self=hp217/st0 pet=hp294/st0 validEnemy=1 fallback=16 delay=0 cmd=H|10 heal[en=1 tf=3 c=87 p=87 a=87 mag=6 selfP=95/mx227 petP=99/mx295] | enemies=10:st0/hp0/mx0/df0/fn0/lv0/v0 11:st0/hp0/mx0/df0/fn0/lv0/v0 12:st0/hp0/mx0/df0/fn0/lv0/v0 13:st0/hp0/mx0/df0/fn0/lv0/v0 14:st0/hp0/mx0/df0/fn0/lv0/v0 15:st0/hp0/mx124/df0/fn0/lv11/v0 16:st0/hp17/mx135/df0/fn4909D0/lv12/v1 17:st0/hp0/mx118/df0/fn0/lv10/v0 18:st0/hp0/mx0/df0/fn0/lv0/v0 19:st0/hp0/mx0/df0/fn0/lv0/v0 
autobattle PET turn=2 myNo=0 row=0 si=0 seed=-2 target=16 validEnemy=1 minLv=12 pcEnable=0 cmd=W|0|10
autobattle tick cnt=427 smto=1 res=0 battling=1 ctype=0 ptype=0
autobattle tick cnt=432 smto=1 res=0 battling=1 ctype=0 ptype=0
autobattle CHAR t=104885750 turn=0 cliT=0 myNo=0 afl=F8000 cb=0 pb=0 subP=3 procN=10 actInf=0 menuF=0 tgtSel=0 resW=0 self=hp217/st0 pet=hp294/st0 validEnemy=5 fallback=19 delay=0 cmd=H|13 heal[en=1 tf=3 c=87 p=87 a=87 mag=6 selfP=95/mx227 petP=99/mx295] | enemies=10:st0/hp0/mx0/df0/fn0/lv0/v0 11:st0/hp0/mx0/df0/fn0/lv0/v0 12:st0/hp0/mx0/df0/fn0/lv0/v0 13:st0/hp0/mx0/df0/fn0/lv0/v0 14:st0/hp0/mx0/df0/fn0/lv0/v0 15:st0/hp89/mx89/df0/fn4909D0/lv10/v1 16:st0/hp98/mx98/df0/fn4909D0/lv10/v1 17:st0/hp105/mx105/df0/fn4909D0/lv12/v1 18:st0/hp88/mx88/df0/fn4909D0/lv10/v1 19:st0/hp95/mx95/df0/fn4909D0/lv10/v1 
autobattle PET turn=0 myNo=0 row=0 si=0 seed=-2 target=19 validEnemy=5 minLv=10 pcEnable=0 cmd=W|0|13
autobattle tick cnt=449 smto=1 res=0 battling=1 ctype=0 ptype=0
autobattle CHAR t=104887593 turn=1 cliT=1 myNo=0 afl=F8000 cb=0 pb=0 subP=5 procN=10 actInf=0 menuF=0 tgtSel=0 resW=0 self=hp217/st0 pet=hp293/st0 validEnemy=4 fallback=17 delay=0 cmd=H|11 heal[en=1 tf=3 c=87 p=87 a=87 mag=6 selfP=95/mx227 petP=99/mx295] | enemies=10:st0/hp0/mx0/df0/fn0/lv0/v0 11:st0/hp0/mx0/df0/fn0/lv0/v0 12:st0/hp0/mx0/df0/fn0/lv0/v0 13:st0/hp0/mx0/df0/fn0/lv0/v0 14:st0/hp0/mx0/df0/fn0/lv0/v0 15:st0/hp3/mx89/df0/fn4909D0/lv10/v1 16:st0/hp98/mx98/df0/fn4909D0/lv10/v1 17:st0/hp42/mx105/df0/fn4909D0/lv12/v1 18:st0/hp88/mx88/df0/fn4909D0/lv10/v1 19:st0/hp0/mx95/df0/fn4909D0/lv10/v0 
autobattle PET turn=1 myNo=0 row=0 si=0 seed=-2 target=17 validEnemy=4 minLv=10 pcEnable=0 cmd=W|0|11
autobattle tick cnt=466 smto=1 res=0 battling=1 ctype=0 ptype=0
autobattle tick cnt=483 smto=1 res=0 battling=1 ctype=0 ptype=0
autobattle CHAR t=104888937 turn=2 cliT=2 myNo=0 afl=D8000 cb=0 pb=0 subP=5 procN=10 actInf=0 menuF=0 tgtSel=0 resW=0 self=hp217/st0 pet=hp293/st0 validEnemy=3 fallback=15 delay=0 cmd=H|F heal[en=1 tf=3 c=87 p=87 a=87 mag=6 selfP=95/mx227 petP=99/mx295] | enemies=10:st0/hp0/mx0/df0/fn0/lv0/v0 11:st0/hp0/mx0/df0/fn0/lv0/v0 12:st0/hp0/mx0/df0/fn0/lv0/v0 13:st0/hp0/mx0/df0/fn0/lv0/v0 14:st0/hp0/mx0/df0/fn0/lv0/v0 15:st0/hp3/mx89/df0/fn4909D0/lv10/v1 16:st0/hp98/mx98/df0/fn4909D0/lv10/v1 17:st0/hp0/mx105/df0/fn0/lv12/v0 18:st0/hp88/mx88/df0/fn4909D0/lv10/v1 19:st0/hp0/mx95/df0/fn4909D0/lv10/v0 
autobattle PET turn=2 myNo=0 row=0 si=0 seed=-2 target=15 validEnemy=3 minLv=10 pcEnable=0 cmd=W|0|F
autobattle tick cnt=500 smto=1 res=0 battling=1 ctype=0 ptype=0
autobattle CHAR t=104890234 turn=3 cliT=3 myNo=0 afl=D0000 cb=0 pb=0 subP=5 procN=10 actInf=0 menuF=0 tgtSel=0 resW=0 self=hp216/st0 pet=hp293/st0 validEnemy=2 fallback=16 delay=0 cmd=H|10 heal[en=1 tf=3 c=87 p=87 a=87 mag=6 selfP=95/mx227 petP=99/mx295] | enemies=10:st0/hp0/mx0/df0/fn0/lv0/v0 11:st0/hp0/mx0/df0/fn0/lv0/v0 12:st0/hp0/mx0/df0/fn0/lv0/v0 13:st0/hp0/mx0/df0/fn0/lv0/v0 14:st0/hp0/mx0/df0/fn0/lv0/v0 15:st0/hp0/mx89/df0/fn0/lv10/v0 16:st0/hp14/mx98/df0/fn4909D0/lv10/v1 17:st0/hp0/mx105/df0/fn0/lv12/v0 18:st0/hp88/mx88/df0/fn4909D0/lv10/v1 19:st0/hp0/mx95/df0/fn4909D0/lv10/v0 
autobattle PET turn=3 myNo=0 row=0 si=0 seed=-2 target=16 validEnemy=2 minLv=10 pcEnable=0 cmd=W|0|10
autobattle tick cnt=517 smto=1 res=0 battling=1 ctype=0 ptype=0
autobattle CHAR t=104891156 turn=4 cliT=4 myNo=0 afl=C0000 cb=0 pb=0 subP=5 procN=10 actInf=0 menuF=0 tgtSel=0 resW=0 self=hp216/st0 pet=hp292/st0 validEnemy=1 fallback=18 delay=0 cmd=H|12 heal[en=1 tf=3 c=87 p=87 a=87 mag=6 selfP=95/mx227 petP=98/mx295] | enemies=10:st0/hp0/mx0/df0/fn0/lv0/v0 11:st0/hp0/mx0/df0/fn0/lv0/v0 12:st0/hp0/mx0/df0/fn0/lv0/v0 13:st0/hp0/mx0/df0/fn0/lv0/v0 14:st0/hp0/mx0/df0/fn0/lv0/v0 15:st0/hp0/mx89/df0/fn0/lv10/v0 16:st0/hp0/mx98/df0/fn0/lv10/v0 17:st0/hp0/mx105/df0/fn0/lv12/v0 18:st0/hp88/mx88/df0/fn4909D0/lv10/v1 19:st0/hp0/mx95/df0/fn4909D0/lv10/v0 
autobattle PET turn=4 myNo=0 row=0 si=0 seed=-2 target=18 validEnemy=1 minLv=10 pcEnable=0 cmd=W|0|12
autobattle tick cnt=534 smto=1 res=0 battling=1 ctype=0 ptype=0
autobattle tick cnt=538 smto=1 res=0 battling=1 ctype=0 ptype=0
autobattle CHAR t=104898234 turn=0 cliT=0 myNo=0 afl=38000 cb=0 pb=0 subP=3 procN=10 actInf=0 menuF=0 tgtSel=0 resW=0 self=hp216/st0 pet=hp292/st0 validEnemy=3 fallback=17 delay=0 cmd=H|11 heal[en=1 tf=3 c=87 p=87 a=87 mag=6 selfP=95/mx227 petP=98/mx295] | enemies=10:st0/hp0/mx0/df0/fn0/lv0/v0 11:st0/hp0/mx0/df0/fn0/lv0/v0 12:st0/hp0/mx0/df0/fn0/lv0/v0 13:st0/hp0/mx0/df0/fn0/lv0/v0 14:st0/hp0/mx0/df0/fn0/lv0/v0 15:st0/hp133/mx133/df0/fn4909D0/lv13/v1 16:st0/hp144/mx144/df0/fn4909D0/lv13/v1 17:st0/hp110/mx110/df0/fn4909D0/lv10/v1 18:st0/hp0/mx0/df0/fn0/lv0/v0 19:st0/hp0/mx0/df0/fn0/lv0/v0 
autobattle PET turn=0 myNo=0 row=0 si=0 seed=-2 target=17 validEnemy=3 minLv=10 pcEnable=0 cmd=W|0|11
autobattle tick cnt=555 smto=1 res=0 battling=1 ctype=0 ptype=0
autobattle CHAR t=104899390 turn=1 cliT=1 myNo=0 afl=38000 cb=0 pb=0 subP=5 procN=10 actInf=0 menuF=0 tgtSel=0 resW=0 self=hp216/st0 pet=hp292/st0 validEnemy=1 fallback=16 delay=0 cmd=H|10 heal[en=1 tf=3 c=87 p=87 a=87 mag=6 selfP=95/mx227 petP=98/mx295] | enemies=10:st0/hp0/mx0/df0/fn0/lv0/v0 11:st0/hp0/mx0/df0/fn0/lv0/v0 12:st0/hp0/mx0/df0/fn0/lv0/v0 13:st0/hp0/mx0/df0/fn0/lv0/v0 14:st0/hp0/mx0/df0/fn0/lv0/v0 15:st0/hp0/mx133/df0/fn4909D0/lv13/v0 16:st0/hp144/mx144/df0/fn4909D0/lv13/v1 17:st0/hp0/mx110/df0/fn4909D0/lv10/v0 18:st0/hp0/mx0/df0/fn0/lv0/v0 19:st0/hp0/mx0/df0/fn0/lv0/v0 
autobattle PET turn=1 myNo=0 row=0 si=0 seed=-2 target=16 validEnemy=1 minLv=13 pcEnable=0 cmd=W|0|10
autobattle tick cnt=572 smto=1 res=0 battling=1 ctype=0 ptype=0
autobattle CHAR t=104900265 turn=2 cliT=2 myNo=0 afl=38000 cb=0 pb=0 subP=5 procN=10 actInf=0 menuF=0 tgtSel=0 resW=0 self=hp216/st0 pet=hp291/st0 validEnemy=1 fallback=16 delay=0 cmd=H|10 heal[en=1 tf=3 c=87 p=87 a=87 mag=6 selfP=95/mx227 petP=98/mx295] | enemies=10:st0/hp0/mx0/df0/fn0/lv0/v0 11:st0/hp0/mx0/df0/fn0/lv0/v0 12:st0/hp0/mx0/df0/fn0/lv0/v0 13:st0/hp0/mx0/df0/fn0/lv0/v0 14:st0/hp0/mx0/df0/fn0/lv0/v0 15:st0/hp0/mx133/df0/fn4909D0/lv13/v0 16:st0/hp43/mx144/df0/fn4909D0/lv13/v1 17:st0/hp0/mx110/df0/fn4909D0/lv10/v0 18:st0/hp0/mx0/df0/fn0/lv0/v0 19:st0/hp0/mx0/df0/fn0/lv0/v0 
autobattle PET turn=2 myNo=0 row=0 si=0 seed=-2 target=16 validEnemy=1 minLv=13 pcEnable=0 cmd=W|0|10
autobattle tick cnt=587 smto=1 res=0 battling=1 ctype=0 ptype=0
autobattle CHAR t=104901765 turn=0 cliT=0 myNo=0 afl=18000 cb=0 pb=0 subP=3 procN=10 actInf=0 menuF=0 tgtSel=0 resW=0 self=hp216/st0 pet=hp291/st0 validEnemy=2 fallback=15 delay=0 cmd=H|F heal[en=1 tf=3 c=87 p=87 a=87 mag=6 selfP=95/mx227 petP=98/mx295] | enemies=10:st0/hp0/mx0/df0/fn0/lv0/v0 11:st0/hp0/mx0/df0/fn0/lv0/v0 12:st0/hp0/mx0/df0/fn0/lv0/v0 13:st0/hp0/mx0/df0/fn0/lv0/v0 14:st0/hp0/mx0/df0/fn0/lv0/v0 15:st0/hp115/mx115/df0/fn4909D0/lv10/v1 16:st0/hp110/mx110/df0/fn4909D0/lv10/v1 17:st0/hp0/mx0/df0/fn0/lv0/v0 18:st0/hp0/mx0/df0/fn0/lv0/v0 19:st0/hp0/mx0/df0/fn0/lv0/v0 
autobattle PET turn=0 myNo=0 row=0 si=0 seed=-2 target=15 validEnemy=2 minLv=10 pcEnable=0 cmd=W|0|F
autobattle tick cnt=604 smto=1 res=0 battling=1 ctype=0 ptype=0
autobattle CHAR t=104903671 turn=0 cliT=0 myNo=0 afl=18000 cb=0 pb=0 subP=3 procN=10 actInf=0 menuF=0 tgtSel=0 resW=0 self=hp216/st0 pet=hp291/st0 validEnemy=2 fallback=15 delay=0 cmd=H|F heal[en=1 tf=3 c=87 p=87 a=87 mag=6 selfP=95/mx227 petP=98/mx295] | enemies=10:st0/hp0/mx0/df0/fn0/lv0/v0 11:st0/hp0/mx0/df0/fn0/lv0/v0 12:st0/hp0/mx0/df0/fn0/lv0/v0 13:st0/hp0/mx0/df0/fn0/lv0/v0 14:st0/hp0/mx0/df0/fn0/lv0/v0 15:st0/hp120/mx120/df0/fn4909D0/lv10/v1 16:st0/hp126/mx126/df0/fn4909D0/lv12/v1 17:st0/hp0/mx0/df0/fn0/lv0/v0 18:st0/hp0/mx0/df0/fn0/lv0/v0 19:st0/hp0/mx0/df0/fn0/lv0/v0 
autobattle PET turn=0 myNo=0 row=0 si=0 seed=-2 target=15 validEnemy=2 minLv=10 pcEnable=0 cmd=W|0|F
autobattle tick cnt=610 smto=1 res=0 battling=1 ctype=0 ptype=0
autobattle CHAR t=104904734 turn=1 cliT=1 myNo=0 afl=18000 cb=0 pb=0 subP=5 procN=10 actInf=0 menuF=0 tgtSel=0 resW=0 self=hp216/st0 pet=hp291/st0 validEnemy=1 fallback=16 delay=0 cmd=H|10 heal[en=1 tf=3 c=87 p=87 a=87 mag=6 selfP=95/mx227 petP=98/mx295] | enemies=10:st0/hp0/mx0/df0/fn0/lv0/v0 11:st0/hp0/mx0/df0/fn0/lv0/v0 12:st0/hp0/mx0/df0/fn0/lv0/v0 13:st0/hp0/mx0/df0/fn0/lv0/v0 14:st0/hp0/mx0/df0/fn0/lv0/v0 15:st0/hp0/mx120/df0/fn4909D0/lv10/v0 16:st0/hp18/mx126/df0/fn4909D0/lv12/v1 17:st0/hp0/mx0/df0/fn0/lv0/v0 18:st0/hp0/mx0/df0/fn0/lv0/v0 19:st0/hp0/mx0/df0/fn0/lv0/v0 
autobattle tick cnt=626 smto=1 res=0 battling=1 ctype=0 ptype=0
autobattle PET turn=1 myNo=0 row=0 si=0 seed=-2 target=16 validEnemy=1 minLv=12 pcEnable=0 cmd=W|0|10
