battlemenu-suppress want=1 patched=4/4 (ab=1 ae=1)
autobattle ENABLED hwnd=004305B8 old=FFFF0595 pid=5936
autobattle ESCAPE turn=0 myNo=0 ride=-1 fell=0 ae=1 noEsc=0
autobattle tick cnt=1 smto=1 res=0 battling=1 ctype=0 ptype=0
autobattle PET turn=0 myNo=0 row=0 si=0 seed=-2 target=19 validEnemy=0 minLv=-1 pcEnable=0 cmd=W|0|13
autobattle tick cnt=16 smto=1 res=0 battling=1 ctype=0 ptype=0
autobattle PET turn=0 myNo=0 row=0 si=0 seed=-2 target=17 validEnemy=3 minLv=4 pcEnable=0 cmd=W|0|11
autobattle tick cnt=30 smto=1 res=0 battling=1 ctype=0 ptype=0
autobattle PET turn=0 myNo=0 row=0 si=0 seed=-2 target=17 validEnemy=3 minLv=4 pcEnable=0 cmd=W|0|11
autobattle PET turn=0 myNo=0 row=0 si=0 seed=-2 target=17 validEnemy=3 minLv=4 pcEnable=0 cmd=W|0|11
autobattle tick cnt=44 smto=1 res=0 battling=1 ctype=0 ptype=0
autobattle PET turn=0 myNo=0 row=0 si=0 seed=-2 target=17 validEnemy=3 minLv=4 pcEnable=0 cmd=W|0|11
autobattle tick cnt=57 smto=1 res=0 battling=1 ctype=0 ptype=0
autobattle CHAR t=159518281 turn=0 cliT=0 myNo=0 afl=8000 cb=0 pb=0 subP=3 procN=10 actInf=0 menuF=0 tgtSel=0 resW=0 self=hp260/st0 pet=hp0/st0 validEnemy=1 fallback=15 delay=0 cmd=H|F heal[en=1 tf=3 c=87 p=87 a=87 mag=3 selfP=98/mx263 petP=0/mx0] | enemies=10:st0/hp0/mx0/df0/fn0/lv0/v0 11:st0/hp0/mx0/df0/fn0/lv0/v0 12:st0/hp0/mx0/df0/fn0/lv0/v0 13:st0/hp0/mx0/df0/fn0/lv0/v0 14:st0/hp0/mx0/df0/fn0/lv0/v0 15:st0/hp42/mx42/df0/fn4909D0/lv4/v1 16:st0/hp0/mx0/df0/fn0/lv0/v0 17:st0/hp0/mx0/df0/fn0/lv0/v0 18:st0/hp0/mx0/df0/fn0/lv0/v0 19:st0/hp0/mx0/df0/fn0/lv0/v0 
autobattle tick cnt=70 smto=1 res=0 battling=1 ctype=0 ptype=0
autobattle CHAR t=159524875 turn=0 cliT=0 myNo=0 afl=18000 cb=0 pb=0 subP=3 procN=10 actInf=0 menuF=0 tgtSel=0 resW=0 self=hp260/st0 pet=hp0/st0 validEnemy=2 fallback=15 delay=0 cmd=H|F heal[en=1 tf=3 c=87 p=87 a=87 mag=3 selfP=98/mx263 petP=0/mx0] | enemies=10:st0/hp0/mx0/df0/fn0/lv0/v0 11:st0/hp0/mx0/df0/fn0/lv0/v0 12:st0/hp0/mx0/df0/fn0/lv0/v0 13:st0/hp0/mx0/df0/fn0/lv0/v0 14:st0/hp0/mx0/df0/fn0/lv0/v0 15:st0/hp43/mx43/df0/fn4909D0/lv4/v1 16:st0/hp46/mx46/df0/fn4909D0/lv4/v1 17:st0/hp0/mx0/df0/fn0/lv0/v0 18:st0/hp0/mx0/df0/fn0/lv0/v0 19:st0/hp0/mx0/df0/fn0/lv0/v0 
autobattle tick cnt=87 smto=1 res=0 battling=1 ctype=0 ptype=0
autobattle tick cnt=98 smto=1 res=0 battling=1 ctype=0 ptype=0
autobattle CHAR t=159529109 turn=0 cliT=0 myNo=0 afl=8000 cb=0 pb=0 subP=3 procN=10 actInf=0 menuF=0 tgtSel=0 resW=0 self=hp260/st0 pet=hp0/st0 validEnemy=1 fallback=15 delay=0 cmd=H|F heal[en=1 tf=3 c=87 p=87 a=87 mag=3 selfP=98/mx263 petP=0/mx0] | enemies=10:st0/hp0/mx0/df0/fn0/lv0/v0 11:st0/hp0/mx0/df0/fn0/lv0/v0 12:st0/hp0/mx0/df0/fn0/lv0/v0 13:st0/hp0/mx0/df0/fn0/lv0/v0 14:st0/hp0/mx0/df0/fn0/lv0/v0 15:st0/hp34/mx34/df0/fn4909D0/lv3/v1 16:st0/hp0/mx0/df0/fn0/lv0/v0 17:st0/hp0/mx0/df0/fn0/lv0/v0 18:st0/hp0/mx0/df0/fn0/lv0/v0 19:st0/hp0/mx0/df0/fn0/lv0/v0 
autobattle tick cnt=110 smto=1 res=0 battling=1 ctype=0 ptype=0
autobattle CHAR t=159536500 turn=0 cliT=0 myNo=0 afl=38000 cb=0 pb=0 subP=3 procN=10 actInf=0 menuF=0 tgtSel=0 resW=0 self=hp260/st0 pet=hp0/st0 validEnemy=3 fallback=17 delay=0 cmd=H|11 heal[en=1 tf=3 c=87 p=87 a=87 mag=3 selfP=98/mx263 petP=0/mx0] | enemies=10:st0/hp0/mx0/df0/fn0/lv0/v0 11:st0/hp0/mx0/df0/fn0/lv0/v0 12:st0/hp0/mx0/df0/fn0/lv0/v0 13:st0/hp0/mx0/df0/fn0/lv0/v0 14:st0/hp0/mx0/df0/fn0/lv0/v0 15:st0/hp41/mx41/df0/fn4909D0/lv3/v1 16:st0/hp33/mx33/df0/fn4909D0/lv3/v1 17:st0/hp48/mx48/df0/fn4909D0/lv4/v1 18:st0/hp0/mx0/df0/fn0/lv0/v0 19:st0/hp0/mx0/df0/fn0/lv0/v0 
autobattle tick cnt=127 smto=1 res=0 battling=1 ctype=0 ptype=0
autobattle CHAR t=159537796 turn=1 cliT=1 myNo=0 afl=8000 cb=0 pb=0 subP=5 procN=10 actInf=0 menuF=0 tgtSel=0 resW=0 self=hp259/st0 pet=hp0/st0 validEnemy=1 fallback=15 delay=0 cmd=H|F heal[en=1 tf=3 c=87 p=87 a=87 mag=3 selfP=98/mx263 petP=0/mx0] | enemies=10:st0/hp0/mx0/df0/fn0/lv0/v0 11:st0/hp0/mx0/df0/fn0/lv0/v0 12:st0/hp0/mx0/df0/fn0/lv0/v0 13:st0/hp0/mx0/df0/fn0/lv0/v0 14:st0/hp0/mx0/df0/fn0/lv0/v0 15:st0/hp41/mx41/df0/fn4909D0/lv3/v1 16:st0/hp0/mx33/df0/fn0/lv3/v0 17:st0/hp0/mx48/df0/fn0/lv4/v0 18:st0/hp0/mx0/df0/fn0/lv0/v0 19:st0/hp0/mx0/df0/fn0/lv0/v0 
autobattle tick cnt=141 smto=1 res=0 battling=1 ctype=0 ptype=0
autobattle CHAR t=159551890 turn=0 cliT=0 myNo=0 afl=78000 cb=0 pb=0 subP=3 procN=10 actInf=0 menuF=0 tgtSel=0 resW=0 self=hp259/st0 pet=hp0/st0 validEnemy=4 fallback=17 delay=0 cmd=H|11 heal[en=1 tf=3 c=87 p=87 a=87 mag=3 selfP=98/mx263 petP=0/mx0] | enemies=10:st0/hp0/mx0/df0/fn0/lv0/v0 11:st0/hp0/mx0/df0/fn0/lv0/v0 12:st0/hp0/mx0/df0/fn0/lv0/v0 13:st0/hp0/mx0/df0/fn0/lv0/v0 14:st0/hp0/mx0/df0/fn0/lv0/v0 15:st0/hp31/mx31/df0/fn4909D0/lv2/v1 16:st0/hp31/mx31/df0/fn4909D0/lv2/v1 17:st0/hp45/mx45/df0/fn4909D0/lv4/v1 18:st0/hp42/mx42/df0/fn4909D0/lv4/v1 19:st0/hp0/mx0/df0/fn0/lv0/v0 
autobattle PET turn=0 myNo=0 row=0 si=0 seed=-2 target=17 validEnemy=4 minLv=2 pcEnable=0 cmd=W|0|11
autobattle tick cnt=158 smto=1 res=0 battling=1 ctype=0 ptype=0
autobattle CHAR t=159553437 turn=1 cliT=1 myNo=0 afl=50000 cb=0 pb=0 subP=5 procN=10 actInf=0 menuF=0 tgtSel=0 resW=0 self=hp259/st0 pet=hp0/st0 validEnemy=2 fallback=16 delay=0 cmd=H|10 heal[en=1 tf=3 c=87 p=87 a=87 mag=3 selfP=98/mx263 petP=0/mx0] | enemies=10:st0/hp0/mx0/df0/fn0/lv0/v0 11:st0/hp0/mx0/df0/fn0/lv0/v0 12:st0/hp0/mx0/df0/fn0/lv0/v0 13:st0/hp0/mx0/df0/fn0/lv0/v0 14:st0/hp0/mx0/df0/fn0/lv0/v0 15:st0/hp0/mx31/df0/fn0/lv2/v0 16:st0/hp31/mx31/df0/fn4909D0/lv2/v1 17:st0/hp0/mx45/df0/fn0/lv4/v0 18:st0/hp42/mx42/df0/fn4909D0/lv4/v1 19:st0/hp0/mx0/df0/fn0/lv0/v0 
autobattle PET turn=1 myNo=0 row=0 si=0 seed=-2 target=16 validEnemy=2 minLv=2 pcEnable=0 cmd=W|0|10
autobattle tick cnt=174 smto=1 res=0 battling=1 ctype=0 ptype=0
autobattle CHAR t=159554296 turn=2 cliT=2 myNo=0 afl=50000 cb=0 pb=0 subP=5 procN=10 actInf=0 menuF=0 tgtSel=0 resW=0 self=hp258/st0 pet=hp0/st0 validEnemy=2 fallback=16 delay=0 cmd=H|10 heal[en=1 tf=3 c=87 p=87 a=87 mag=3 selfP=98/mx263 petP=0/mx0] | enemies=10:st0/hp0/mx0/df0/fn0/lv0/v0 11:st0/hp0/mx0/df0/fn0/lv0/v0 12:st0/hp0/mx0/df0/fn0/lv0/v0 13:st0/hp0/mx0/df0/fn0/lv0/v0 14:st0/hp0/mx0/df0/fn0/lv0/v0 15:st0/hp0/mx31/df0/fn0/lv2/v0 16:st0/hp31/mx31/df0/fn4909D0/lv2/v1 17:st0/hp0/mx45/df0/fn0/lv4/v0 18:st0/hp42/mx42/df0/fn4909D0/lv4/v1 19:st0/hp0/mx0/df0/fn0/lv0/v0 
autobattle tick cnt=191 smto=1 res=0 battling=1 ctype=0 ptype=0
autobattle CHAR t=159555031 turn=3 cliT=3 myNo=0 afl=40000 cb=0 pb=0 subP=5 procN=10 actInf=0 menuF=0 tgtSel=0 resW=0 self=hp258/st0 pet=hp0/st0 validEnemy=1 fallback=18 delay=0 cmd=H|12 heal[en=1 tf=3 c=87 p=87 a=87 mag=3 selfP=98/mx263 petP=0/mx0] | enemies=10:st0/hp0/mx0/df0/fn0/lv0/v0 11:st0/hp0/mx0/df0/fn0/lv0/v0 12:st0/hp0/mx0/df0/fn0/lv0/v0 13:st0/hp0/mx0/df0/fn0/lv0/v0 14:st0/hp0/mx0/df0/fn0/lv0/v0 15:st0/hp0/mx31/df0/fn0/lv2/v0 16:st0/hp0/mx31/df0/fn0/lv2/v0 17:st0/hp0/mx45/df0/fn0/lv4/v0 18:st0/hp42/mx42/df0/fn4909D0/lv4/v1 19:st0/hp0/mx0/df0/fn0/lv0/v0 
battlemenu-suppress want=0 patched=4/4 (ab=0 ae=0)
battlemenu-suppress want=1 patched=4/4 (ab=1 ae=0)
autobattle tick cnt=197 smto=1 res=0 battling=1 ctype=0 ptype=0
autobattle CHAR t=159585703 turn=0 cliT=0 myNo=0 afl=78000 cb=0 pb=0 subP=3 procN=10 actInf=0 menuF=0 tgtSel=0 resW=0 self=hp258/st0 pet=hp0/st0 validEnemy=4 fallback=17 delay=0 cmd=H|11 heal[en=1 tf=3 c=87 p=87 a=87 mag=3 selfP=98/mx263 petP=0/mx0] | enemies=10:st0/hp0/mx0/df0/fn0/lv0/v0 11:st0/hp0/mx0/df0/fn0/lv0/v0 12:st0/hp0/mx0/df0/fn0/lv0/v0 13:st0/hp0/mx0/df0/fn0/lv0/v0 14:st0/hp0/mx0/df0/fn0/lv0/v0 15:st0/hp33/mx33/df0/fn4909D0/lv2/v1 16:st0/hp52/mx52/df0/fn4909D0/lv4/v1 17:st0/hp43/mx43/df0/fn4909D0/lv3/v1 18:st0/hp42/mx42/df0/fn4909D0/lv3/v1 19:st0/hp0/mx0/df0/fn0/lv0/v0 
autobattle PET turn=0 myNo=0 row=0 si=0 seed=-2 target=17 validEnemy=4 minLv=2 pcEnable=0 cmd=W|0|11
autobattle tick cnt=213 smto=1 res=0 battling=1 ctype=0 ptype=0
autobattle CHAR t=159587000 turn=1 cliT=1 myNo=0 afl=58000 cb=0 pb=0 subP=5 procN=10 actInf=0 menuF=0 tgtSel=0 resW=0 self=hp258/st0 pet=hp0/st0 validEnemy=3 fallback=15 delay=0 cmd=H|F heal[en=1 tf=3 c=87 p=87 a=87 mag=3 selfP=98/mx263 petP=0/mx0] | enemies=10:st0/hp0/mx0/df0/fn0/lv0/v0 11:st0/hp0/mx0/df0/fn0/lv0/v0 12:st0/hp0/mx0/df0/fn0/lv0/v0 13:st0/hp0/mx0/df0/fn0/lv0/v0 14:st0/hp0/mx0/df0/fn0/lv0/v0 15:st0/hp33/mx33/df0/fn4909D0/lv2/v1 16:st0/hp52/mx52/df0/fn4909D0/lv4/v1 17:st0/hp0/mx43/df0/fn0/lv3/v0 18:st0/hp42/mx42/df0/fn4909D0/lv3/v1 19:st0/hp0/mx0/df0/fn0/lv0/v0 
autobattle tick cnt=229 smto=1 res=0 battling=1 ctype=0 ptype=0
autobattle CHAR t=159588000 turn=2 cliT=2 myNo=0 afl=50000 cb=0 pb=0 subP=5 procN=10 actInf=0 menuF=0 tgtSel=0 resW=0 self=hp257/st0 pet=hp0/st0 validEnemy=2 fallback=16 delay=0 cmd=H|10 heal[en=1 tf=3 c=87 p=87 a=87 mag=3 selfP=97/mx263 petP=0/mx0] | enemies=10:st0/hp0/mx0/df0/fn0/lv0/v0 11:st0/hp0/mx0/df0/fn0/lv0/v0 12:st0/hp0/mx0/df0/fn0/lv0/v0 13:st0/hp0/mx0/df0/fn0/lv0/v0 14:st0/hp0/mx0/df0/fn0/lv0/v0 15:st0/hp0/mx33/df0/fn0/lv2/v0 16:st0/hp52/mx52/df0/fn4909D0/lv4/v1 17:st0/hp0/mx43/df0/fn0/lv3/v0 18:st0/hp42/mx42/df0/fn4909D0/lv3/v1 19:st0/hp0/mx0/df0/fn0/lv0/v0 
autobattle tick cnt=246 smto=1 res=0 battling=1 ctype=0 ptype=0
autobattle CHAR t=159589484 turn=0 cliT=0 myNo=0 afl=18000 cb=0 pb=0 subP=3 procN=10 actInf=0 menuF=0 tgtSel=0 resW=0 self=hp256/st0 pet=hp0/st0 validEnemy=2 fallback=15 delay=0 cmd=H|F heal[en=1 tf=3 c=87 p=87 a=87 mag=3 selfP=97/mx263 petP=0/mx0] | enemies=10:st0/hp0/mx0/df0/fn0/lv0/v0 11:st0/hp0/mx0/df0/fn0/lv0/v0 12:st0/hp0/mx0/df0/fn0/lv0/v0 13:st0/hp0/mx0/df0/fn0/lv0/v0 14:st0/hp0/mx0/df0/fn0/lv0/v0 15:st0/hp41/mx41/df0/fn4909D0/lv4/v1 16:st0/hp27/mx27/df0/fn4909D0/lv2/v1 17:st0/hp0/mx0/df0/fn0/lv0/v0 18:st0/hp0/mx0/df0/fn0/lv0/v0 19:st0/hp0/mx0/df0/fn0/lv0/v0 
autobattle tick cnt=256 smto=1 res=0 battling=1 ctype=0 ptype=0
battlemenu-suppress want=0 patched=4/4 (ab=0 ae=0)
battlemenu-suppress want=1 patched=4/4 (ab=1 ae=0)
autobattle CHAR t=159592000 turn=1 cliT=1 myNo=0 afl=10000 cb=0 pb=0 subP=5 procN=10 actInf=0 menuF=1 tgtSel=1 resW=0 self=hp255/st0 pet=hp0/st0 validEnemy=1 fallback=16 delay=0 cmd=H|10 heal[en=1 tf=3 c=87 p=87 a=87 mag=3 selfP=96/mx263 petP=0/mx0] | enemies=10:st0/hp0/mx0/df0/fn0/lv0/v0 11:st0/hp0/mx0/df0/fn0/lv0/v0 12:st0/hp0/mx0/df0/fn0/lv0/v0 13:st0/hp0/mx0/df0/fn0/lv0/v0 14:st0/hp0/mx0/df0/fn0/lv0/v0 15:st0/hp0/mx41/df0/fn0/lv4/v0 16:st0/hp27/mx27/df0/fn4909D0/lv2/v1 17:st0/hp0/mx0/df0/fn0/lv0/v0 18:st0/hp0/mx0/df0/fn0/lv0/v0 19:st0/hp0/mx0/df0/fn0/lv0/v0 
autobattle tick cnt=261 smto=1 res=0 battling=1 ctype=0 ptype=0
battlemenu-suppress want=0 patched=4/4 (ab=0 ae=0)
