battlemenu-suppress want=1 patched=4/4 (ab=1 ae=1)
autobattle ENABLED hwnd=001F0086 old=FFFF04A5 pid=7340
battlemenu-suppress want=1 patched=4/4 (ab=1 ae=1)
autobattle ENABLED hwnd=0055029A old=FFFF04A7 pid=1708
autobattle ESCAPE turn=0 myNo=0 ride=-1 fell=0 ae=1 noEsc=0
autobattle tick cnt=1 smto=1 res=0 battling=1 ctype=0 ptype=0
autobattle tick cnt=15 smto=1 res=0 battling=1 ctype=0 ptype=0
autobattle tick cnt=29 smto=1 res=0 battling=1 ctype=0 ptype=0
autobattle tick cnt=43 smto=1 res=0 battling=1 ctype=0 ptype=0
autobattle tick cnt=57 smto=1 res=0 battling=1 ctype=0 ptype=0
autobattle tick cnt=71 smto=1 res=0 battling=1 ctype=0 ptype=0
autobattle tick cnt=85 smto=1 res=0 battling=1 ctype=0 ptype=0
autobattle tick cnt=99 smto=1 res=0 battling=1 ctype=0 ptype=0
autobattle ESCAPE turn=0 myNo=0 ride=-1 fell=0 ae=1 noEsc=0
autobattle tick cnt=108 smto=1 res=0 battling=1 ctype=0 ptype=0
autobattle tick cnt=122 smto=1 res=0 battling=1 ctype=0 ptype=0
autobattle tick cnt=137 smto=1 res=0 battling=1 ctype=0 ptype=0
autobattle tick cnt=151 smto=1 res=0 battling=1 ctype=0 ptype=0
autobattle tick cnt=165 smto=1 res=0 battling=1 ctype=0 ptype=0
autobattle tick cnt=180 smto=1 res=0 battling=1 ctype=0 ptype=0
autobattle tick cnt=194 smto=1 res=0 battling=1 ctype=0 ptype=0
autobattle tick cnt=208 smto=1 res=0 battling=1 ctype=0 ptype=0
autobattle ESCAPE turn=0 myNo=0 ride=-1 fell=0 ae=1 noEsc=0
autobattle tick cnt=217 smto=1 res=0 battling=1 ctype=0 ptype=0
autobattle tick cnt=231 smto=1 res=0 battling=1 ctype=0 ptype=0
autobattle tick cnt=245 smto=1 res=0 battling=1 ctype=0 ptype=0
autobattle tick cnt=259 smto=1 res=0 battling=1 ctype=0 ptype=0
autobattle tick cnt=273 smto=1 res=0 battling=1 ctype=0 ptype=0
autobattle tick cnt=287 smto=1 res=0 battling=1 ctype=0 ptype=0
autobattle tick cnt=301 smto=1 res=0 battling=1 ctype=0 ptype=0
autobattle tick cnt=315 smto=1 res=0 battling=1 ctype=0 ptype=0
autobattle ESCAPE turn=0 myNo=0 ride=-1 fell=0 ae=1 noEsc=0
autobattle tick cnt=325 smto=1 res=0 battling=1 ctype=0 ptype=0
autobattle tick cnt=340 smto=1 res=0 battling=1 ctype=0 ptype=0
autobattle tick cnt=354 smto=1 res=0 battling=1 ctype=0 ptype=0
autobattle tick cnt=368 smto=1 res=0 battling=1 ctype=0 ptype=0
autobattle tick cnt=382 smto=1 res=0 battling=1 ctype=0 ptype=0
autobattle tick cnt=396 smto=1 res=0 battling=1 ctype=0 ptype=0
autobattle tick cnt=410 smto=1 res=0 battling=1 ctype=0 ptype=0
autobattle tick cnt=424 smto=1 res=0 battling=1 ctype=0 ptype=0
autobattle ESCAPE turn=0 myNo=0 ride=-1 fell=0 ae=1 noEsc=0
autobattle tick cnt=433 smto=1 res=0 battling=1 ctype=0 ptype=0
autobattle tick cnt=448 smto=1 res=0 battling=1 ctype=0 ptype=0
autobattle tick cnt=463 smto=1 res=0 battling=1 ctype=0 ptype=0
autobattle tick cnt=477 smto=1 res=0 battling=1 ctype=0 ptype=0
autobattle tick cnt=492 smto=1 res=0 battling=1 ctype=0 ptype=0
autobattle tick cnt=506 smto=1 res=0 battling=1 ctype=0 ptype=0
autobattle tick cnt=520 smto=1 res=0 battling=1 ctype=0 ptype=0
autobattle tick cnt=534 smto=1 res=0 battling=1 ctype=0 ptype=0
autobattle ESCAPE turn=0 myNo=0 ride=-1 fell=0 ae=1 noEsc=0
autobattle tick cnt=543 smto=1 res=0 battling=1 ctype=0 ptype=0
autobattle tick cnt=557 smto=1 res=0 battling=1 ctype=0 ptype=0
autobattle tick cnt=571 smto=1 res=0 battling=1 ctype=0 ptype=0
autobattle tick cnt=585 smto=1 res=0 battling=1 ctype=0 ptype=0
autobattle tick cnt=599 smto=1 res=0 battling=1 ctype=0 ptype=0
autobattle tick cnt=614 smto=1 res=0 battling=1 ctype=0 ptype=0
autobattle tick cnt=629 smto=1 res=0 battling=1 ctype=0 ptype=0
autobattle tick cnt=642 smto=1 res=0 battling=1 ctype=0 ptype=0
autobattle ESCAPE turn=0 myNo=0 ride=-1 fell=0 ae=1 noEsc=0
autobattle tick cnt=651 smto=1 res=0 battling=1 ctype=0 ptype=0
autobattle tick cnt=666 smto=1 res=0 battling=1 ctype=0 ptype=0
autobattle tick cnt=680 smto=1 res=0 battling=1 ctype=0 ptype=0
autobattle tick cnt=694 smto=1 res=0 battling=1 ctype=0 ptype=0
autobattle tick cnt=709 smto=1 res=0 battling=1 ctype=0 ptype=0
autobattle tick cnt=723 smto=1 res=0 battling=1 ctype=0 ptype=0
autobattle tick cnt=737 smto=1 res=0 battling=1 ctype=0 ptype=0
autobattle tick cnt=751 smto=1 res=0 battling=1 ctype=0 ptype=0
autobattle ESCAPE turn=0 myNo=0 ride=-1 fell=0 ae=1 noEsc=0
autobattle tick cnt=760 smto=1 res=0 battling=1 ctype=0 ptype=0
autobattle tick cnt=774 smto=1 res=0 battling=1 ctype=0 ptype=0
autobattle tick cnt=788 smto=1 res=0 battling=1 ctype=0 ptype=0
autobattle tick cnt=803 smto=1 res=0 battling=1 ctype=0 ptype=0
autobattle tick cnt=817 smto=1 res=0 battling=1 ctype=0 ptype=0
autobattle tick cnt=831 smto=1 res=0 battling=1 ctype=0 ptype=0
autobattle tick cnt=845 smto=1 res=0 battling=1 ctype=0 ptype=0
autobattle tick cnt=859 smto=1 res=0 battling=1 ctype=0 ptype=0
autobattle ESCAPE turn=0 myNo=0 ride=-1 fell=0 ae=1 noEsc=0
autobattle tick cnt=868 smto=1 res=0 battling=1 ctype=0 ptype=0
autobattle tick cnt=883 smto=1 res=0 battling=1 ctype=0 ptype=0
autobattle tick cnt=898 smto=1 res=0 battling=1 ctype=0 ptype=0
autobattle tick cnt=912 smto=1 res=0 battling=1 ctype=0 ptype=0
autobattle tick cnt=926 smto=1 res=0 battling=1 ctype=0 ptype=0
autobattle tick cnt=940 smto=1 res=0 battling=1 ctype=0 ptype=0
autobattle tick cnt=954 smto=1 res=0 battling=1 ctype=0 ptype=0
autobattle tick cnt=969 smto=1 res=0 battling=1 ctype=0 ptype=0
autobattle ESCAPE turn=0 myNo=0 ride=-1 fell=0 ae=1 noEsc=0
autobattle tick cnt=975 smto=1 res=0 battling=1 ctype=0 ptype=0
autobattle tick cnt=989 smto=1 res=0 battling=1 ctype=0 ptype=0
autobattle tick cnt=1004 smto=1 res=0 battling=1 ctype=0 ptype=0
autobattle tick cnt=1018 smto=1 res=0 battling=1 ctype=0 ptype=0
autobattle tick cnt=1032 smto=1 res=0 battling=1 ctype=0 ptype=0
autobattle tick cnt=1047 smto=1 res=0 battling=1 ctype=0 ptype=0
autobattle tick cnt=1062 smto=1 res=0 battling=1 ctype=0 ptype=0
autobattle tick cnt=1077 smto=1 res=0 battling=1 ctype=0 ptype=0
autobattle ESCAPE turn=0 myNo=0 ride=-1 fell=0 ae=1 noEsc=0
autobattle tick cnt=1084 smto=1 res=0 battling=1 ctype=0 ptype=0
autobattle tick cnt=1099 smto=1 res=0 battling=1 ctype=0 ptype=0
autobattle tick cnt=1113 smto=1 res=0 battling=1 ctype=0 ptype=0
autobattle tick cnt=1127 smto=1 res=0 battling=1 ctype=0 ptype=0
autobattle tick cnt=1141 smto=1 res=0 battling=1 ctype=0 ptype=0
autobattle tick cnt=1155 smto=1 res=0 battling=1 ctype=0 ptype=0
autobattle tick cnt=1169 smto=1 res=0 battling=1 ctype=0 ptype=0
autobattle tick cnt=1184 smto=1 res=0 battling=1 ctype=0 ptype=0
