battlemenu-suppress want=1 patched=4/4 (ab=1 ae=0)
autobattle ENABLED hwnd=003E02DA old=FFFF04F3 pid=8804
autobattle tick cnt=1 smto=1 res=0 battling=1 ctype=0 ptype=0
autobattle CHAR t=105360156 turn=0 cliT=0 myNo=0 afl=38000 cb=0 pb=0 subP=3 procN=10 actInf=0 menuF=0 tgtSel=0 resW=0 self=hp216/st0 pet=hp291/st0 validEnemy=3 fallback=17 delay=0 cmd=H|11 heal[en=1 tf=3 c=87 p=87 a=87 mag=3 selfP=95/mx227 petP=98/mx295] | enemies=10:st0/hp0/mx0/df0/fn0/lv0/v0 11:st0/hp0/mx0/df0/fn0/lv0/v0 12:st0/hp0/mx0/df0/fn0/lv0/v0 13:st0/hp0/mx0/df0/fn0/lv0/v0 14:st0/hp0/mx0/df0/fn0/lv0/v0 15:st0/hp117/mx117/df0/fn4909D0/lv10/v1 16:st0/hp114/mx114/df0/fn4909D0/lv11/v1 17:st0/hp127/mx127/df0/fn4909D0/lv11/v1 18:st0/hp0/mx0/df0/fn0/lv0/v0 19:st0/hp0/mx0/df0/fn0/lv0/v0 
autobattle PET turn=0 myNo=0 row=0 si=0 seed=-2 target=17 validEnemy=3 minLv=10 pcEnable=0 cmd=W|0|11
autobattle tick cnt=17 smto=1 res=0 battling=1 ctype=0 ptype=0
autobattle CHAR t=105361218 turn=1 cliT=1 myNo=0 afl=18000 cb=0 pb=0 subP=2 procN=10 actInf=0 menuF=0 tgtSel=0 resW=0 self=hp216/st0 pet=hp291/st0 validEnemy=2 fallback=15 delay=0 cmd=H|F heal[en=1 tf=3 c=87 p=87 a=87 mag=3 selfP=95/mx227 petP=98/mx295] | enemies=10:st0/hp0/mx0/df0/fn0/lv0/v0 11:st0/hp0/mx0/df0/fn0/lv0/v0 12:st0/hp0/mx0/df0/fn0/lv0/v0 13:st0/hp0/mx0/df0/fn0/lv0/v0 14:st0/hp0/mx0/df0/fn0/lv0/v0 15:st0/hp117/mx117/df0/fn4909D0/lv10/v1 16:st0/hp114/mx114/df0/fn4909D0/lv11/v1 17:st0/hp0/mx127/df0/fn0/lv11/v0 18:st0/hp0/mx0/df0/fn0/lv0/v0 19:st0/hp0/mx0/df0/fn0/lv0/v0 
autobattle PET turn=1 myNo=0 row=0 si=0 seed=-2 target=15 validEnemy=2 minLv=10 pcEnable=0 cmd=W|0|F
autobattle CHAR t=105362078 turn=2 cliT=2 myNo=0 afl=10000 cb=0 pb=0 subP=5 procN=10 actInf=0 menuF=0 tgtSel=0 resW=0 self=hp216/st0 pet=hp291/st0 validEnemy=1 fallback=16 delay=0 cmd=H|10 heal[en=1 tf=3 c=87 p=87 a=87 mag=3 selfP=95/mx227 petP=98/mx295] | enemies=10:st0/hp0/mx0/df0/fn0/lv0/v0 11:st0/hp0/mx0/df0/fn0/lv0/v0 12:st0/hp0/mx0/df0/fn0/lv0/v0 13:st0/hp0/mx0/df0/fn0/lv0/v0 14:st0/hp0/mx0/df0/fn0/lv0/v0 15:st0/hp0/mx117/df0/fn0/lv10/v0 16:st0/hp114/mx114/df0/fn4909D0/lv11/v1 17:st0/hp0/mx127/df0/fn0/lv11/v0 18:st0/hp0/mx0/df0/fn0/lv0/v0 19:st0/hp0/mx0/df0/fn0/lv0/v0 
autobattle tick cnt=34 smto=1 res=0 battling=1 ctype=0 ptype=0
autobattle PET turn=2 myNo=0 row=0 si=0 seed=-2 target=16 validEnemy=1 minLv=11 pcEnable=0 cmd=W|0|10
autobattle tick cnt=51 smto=1 res=0 battling=1 ctype=0 ptype=0
autobattle CHAR t=105364046 turn=0 cliT=0 myNo=0 afl=8000 cb=0 pb=0 subP=3 procN=10 actInf=0 menuF=0 tgtSel=0 resW=0 self=hp216/st0 pet=hp291/st0 validEnemy=1 fallback=15 delay=0 cmd=H|F heal[en=1 tf=3 c=87 p=87 a=87 mag=3 selfP=95/mx227 petP=98/mx295] | enemies=10:st0/hp0/mx0/df0/fn0/lv0/v0 11:st0/hp0/mx0/df0/fn0/lv0/v0 12:st0/hp0/mx0/df0/fn0/lv0/v0 13:st0/hp0/mx0/df0/fn0/lv0/v0 14:st0/hp0/mx0/df0/fn0/lv0/v0 15:st0/hp118/mx118/df0/fn4909D0/lv10/v1 16:st0/hp0/mx0/df0/fn0/lv0/v0 17:st0/hp0/mx0/df0/fn0/lv0/v0 18:st0/hp0/mx0/df0/fn0/lv0/v0 19:st0/hp0/mx0/df0/fn0/lv0/v0 
autobattle PET turn=0 myNo=0 row=0 si=0 seed=-2 target=15 validEnemy=1 minLv=10 pcEnable=0 cmd=W|0|F
autobattle tick cnt=55 smto=1 res=0 battling=1 ctype=0 ptype=0
autobattle tick cnt=72 smto=1 res=0 battling=1 ctype=0 ptype=0
autobattle CHAR t=105368796 turn=0 cliT=0 myNo=0 afl=38000 cb=0 pb=0 subP=3 procN=10 actInf=0 menuF=0 tgtSel=0 resW=0 self=hp216/st0 pet=hp291/st0 validEnemy=3 fallback=17 delay=0 cmd=H|11 heal[en=1 tf=3 c=87 p=87 a=87 mag=3 selfP=95/mx227 petP=98/mx295] | enemies=10:st0/hp0/mx0/df0/fn0/lv0/v0 11:st0/hp0/mx0/df0/fn0/lv0/v0 12:st0/hp0/mx0/df0/fn0/lv0/v0 13:st0/hp0/mx0/df0/fn0/lv0/v0 14:st0/hp0/mx0/df0/fn0/lv0/v0 15:st0/hp143/mx143/df0/fn4909D0/lv14/v1 16:st0/hp131/mx131/df0/fn4909D0/lv12/v1 17:st0/hp130/mx130/df0/fn4909D0/lv13/v1 18:st0/hp0/mx0/df0/fn0/lv0/v0 19:st0/hp0/mx0/df0/fn0/lv0/v0 
autobattle PET turn=0 myNo=0 row=0 si=0 seed=-2 target=17 validEnemy=3 minLv=12 pcEnable=0 cmd=W|0|11
autobattle CHAR t=105369531 turn=1 cliT=1 myNo=0 afl=18000 cb=0 pb=0 subP=5 procN=10 actInf=0 menuF=0 tgtSel=0 resW=0 self=hp216/st0 pet=hp291/st0 validEnemy=2 fallback=15 delay=0 cmd=H|F heal[en=1 tf=3 c=87 p=87 a=87 mag=3 selfP=95/mx227 petP=98/mx295] | enemies=10:st0/hp0/mx0/df0/fn0/lv0/v0 11:st0/hp0/mx0/df0/fn0/lv0/v0 12:st0/hp0/mx0/df0/fn0/lv0/v0 13:st0/hp0/mx0/df0/fn0/lv0/v0 14:st0/hp0/mx0/df0/fn0/lv0/v0 15:st0/hp143/mx143/df0/fn4909D0/lv14/v1 16:st0/hp131/mx131/df0/fn4909D0/lv12/v1 17:st0/hp0/mx130/df0/fn0/lv13/v0 18:st0/hp0/mx0/df0/fn0/lv0/v0 19:st0/hp0/mx0/df0/fn0/lv0/v0 
autobattle PET turn=1 myNo=0 row=0 si=0 seed=-2 target=15 validEnemy=2 minLv=12 pcEnable=0 cmd=W|0|F
autobattle tick cnt=89 smto=1 res=0 battling=1 ctype=0 ptype=0
autobattle CHAR t=105370390 turn=2 cliT=2 myNo=0 afl=10000 cb=0 pb=0 subP=5 procN=10 actInf=0 menuF=0 tgtSel=0 resW=0 self=hp216/st0 pet=hp291/st0 validEnemy=1 fallback=16 delay=0 cmd=H|10 heal[en=1 tf=3 c=87 p=87 a=87 mag=3 selfP=95/mx227 petP=98/mx295] | enemies=10:st0/hp0/mx0/df0/fn0/lv0/v0 11:st0/hp0/mx0/df0/fn0/lv0/v0 12:st0/hp0/mx0/df0/fn0/lv0/v0 13:st0/hp0/mx0/df0/fn0/lv0/v0 14:st0/hp0/mx0/df0/fn0/lv0/v0 15:st0/hp0/mx143/df0/fn0/lv14/v0 16:st0/hp131/mx131/df0/fn4909D0/lv12/v1 17:st0/hp0/mx130/df0/fn0/lv13/v0 18:st0/hp0/mx0/df0/fn0/lv0/v0 19:st0/hp0/mx0/df0/fn0/lv0/v0 
autobattle PET turn=2 myNo=0 row=0 si=0 seed=-2 target=16 validEnemy=1 minLv=12 pcEnable=0 cmd=W|0|10
autobattle tick cnt=105 smto=1 res=0 battling=1 ctype=0 ptype=0
autobattle tick cnt=114 smto=1 res=0 battling=1 ctype=0 ptype=0
autobattle CHAR t=105375078 turn=0 cliT=0 myNo=0 afl=8000 cb=0 pb=0 subP=3 procN=10 actInf=0 menuF=0 tgtSel=0 resW=0 self=hp216/st0 pet=hp291/st0 validEnemy=1 fallback=15 delay=0 cmd=H|F heal[en=1 tf=3 c=87 p=87 a=87 mag=3 selfP=95/mx227 petP=98/mx295] | enemies=10:st0/hp0/mx0/df0/fn0/lv0/v0 11:st0/hp0/mx0/df0/fn0/lv0/v0 12:st0/hp0/mx0/df0/fn0/lv0/v0 13:st0/hp0/mx0/df0/fn0/lv0/v0 14:st0/hp0/mx0/df0/fn0/lv0/v0 15:st0/hp131/mx131/df0/fn4909D0/lv12/v1 16:st0/hp0/mx0/df0/fn0/lv0/v0 17:st0/hp0/mx0/df0/fn0/lv0/v0 18:st0/hp0/mx0/df0/fn0/lv0/v0 19:st0/hp0/mx0/df0/fn0/lv0/v0 
autobattle PET turn=0 myNo=0 row=0 si=0 seed=-2 target=15 validEnemy=1 minLv=12 pcEnable=0 cmd=W|0|F
battlemenu-suppress want=1 patched=4/4 (ab=1 ae=0)
autobattle ENABLED hwnd=003104E8 old=FFFF03FF pid=300
autobattle tick cnt=1 smto=1 res=0 battling=1 ctype=0 ptype=0
autobattle CHAR t=105393375 turn=0 cliT=0 myNo=0 afl=38000 cb=0 pb=0 subP=3 procN=10 actInf=0 menuF=0 tgtSel=0 resW=0 self=hp216/st0 pet=hp291/st0 validEnemy=3 fallback=17 delay=0 cmd=H|11 heal[en=1 tf=3 c=87 p=87 a=87 mag=3 selfP=95/mx227 petP=98/mx295] | enemies=10:st0/hp0/mx0/df0/fn0/lv0/v0 11:st0/hp0/mx0/df0/fn0/lv0/v0 12:st0/hp0/mx0/df0/fn0/lv0/v0 13:st0/hp0/mx0/df0/fn0/lv0/v0 14:st0/hp0/mx0/df0/fn0/lv0/v0 15:st0/hp104/mx104/df0/fn4909D0/lv9/v1 16:st0/hp109/mx109/df0/fn4909D0/lv9/v1 17:st0/hp142/mx142/df0/fn4909D0/lv13/v1 18:st0/hp0/mx0/df0/fn0/lv0/v0 19:st0/hp0/mx0/df0/fn0/lv0/v0 
autobattle PET turn=0 myNo=0 row=0 si=0 seed=-2 target=17 validEnemy=3 minLv=9 pcEnable=0 cmd=W|0|11
autobattle tick cnt=18 smto=1 res=0 battling=1 ctype=0 ptype=0
autobattle CHAR t=105394437 turn=1 cliT=1 myNo=0 afl=18000 cb=0 pb=0 subP=5 procN=10 actInf=0 menuF=0 tgtSel=0 resW=0 self=hp216/st0 pet=hp291/st0 validEnemy=2 fallback=15 delay=0 cmd=H|F heal[en=1 tf=3 c=87 p=87 a=87 mag=3 selfP=95/mx227 petP=98/mx295] | enemies=10:st0/hp0/mx0/df0/fn0/lv0/v0 11:st0/hp0/mx0/df0/fn0/lv0/v0 12:st0/hp0/mx0/df0/fn0/lv0/v0 13:st0/hp0/mx0/df0/fn0/lv0/v0 14:st0/hp0/mx0/df0/fn0/lv0/v0 15:st0/hp104/mx104/df0/fn4909D0/lv9/v1 16:st0/hp109/mx109/df0/fn4909D0/lv9/v1 17:st0/hp0/mx142/df0/fn0/lv13/v0 18:st0/hp0/mx0/df0/fn0/lv0/v0 19:st0/hp0/mx0/df0/fn0/lv0/v0 
autobattle PET turn=1 myNo=0 row=0 si=0 seed=-2 target=15 validEnemy=2 minLv=9 pcEnable=0 cmd=W|0|F
autobattle tick cnt=35 smto=1 res=0 battling=1 ctype=0 ptype=0
autobattle tick cnt=37 smto=1 res=0 battling=1 ctype=0 ptype=0
autobattle CHAR t=105398156 turn=0 cliT=0 myNo=0 afl=18000 cb=0 pb=0 subP=3 procN=10 actInf=0 menuF=0 tgtSel=0 resW=0 self=hp216/st0 pet=hp291/st0 validEnemy=2 fallback=15 delay=0 cmd=H|F heal[en=1 tf=3 c=87 p=87 a=87 mag=3 selfP=95/mx227 petP=98/mx295] | enemies=10:st0/hp0/mx0/df0/fn0/lv0/v0 11:st0/hp0/mx0/df0/fn0/lv0/v0 12:st0/hp0/mx0/df0/fn0/lv0/v0 13:st0/hp0/mx0/df0/fn0/lv0/v0 14:st0/hp0/mx0/df0/fn0/lv0/v0 15:st0/hp140/mx140/df0/fn4909D0/lv13/v1 16:st0/hp122/mx122/df0/fn4909D0/lv12/v1 17:st0/hp0/mx0/df0/fn0/lv0/v0 18:st0/hp0/mx0/df0/fn0/lv0/v0 19:st0/hp0/mx0/df0/fn0/lv0/v0 
autobattle PET turn=0 myNo=0 row=0 si=0 seed=-2 target=15 validEnemy=2 minLv=12 pcEnable=0 cmd=W|0|F
autobattle CHAR t=105399031 turn=1 cliT=1 myNo=0 afl=18000 cb=0 pb=0 subP=5 procN=10 actInf=0 menuF=0 tgtSel=0 resW=0 self=hp216/st0 pet=hp291/st0 validEnemy=1 fallback=16 delay=0 cmd=H|10 heal[en=1 tf=3 c=87 p=87 a=87 mag=3 selfP=95/mx227 petP=98/mx295] | enemies=10:st0/hp0/mx0/df0/fn0/lv0/v0 11:st0/hp0/mx0/df0/fn0/lv0/v0 12:st0/hp0/mx0/df0/fn0/lv0/v0 13:st0/hp0/mx0/df0/fn0/lv0/v0 14:st0/hp0/mx0/df0/fn0/lv0/v0 15:st0/hp0/mx140/df0/fn4909D0/lv13/v0 16:st0/hp122/mx122/df0/fn4909D0/lv12/v1 17:st0/hp0/mx0/df0/fn0/lv0/v0 18:st0/hp0/mx0/df0/fn0/lv0/v0 19:st0/hp0/mx0/df0/fn0/lv0/v0 
autobattle PET turn=1 myNo=0 row=0 si=0 seed=-2 target=16 validEnemy=1 minLv=12 pcEnable=0 cmd=W|0|10
autobattle tick cnt=53 smto=1 res=0 battling=1 ctype=0 ptype=0
autobattle tick cnt=64 smto=1 res=0 battling=1 ctype=0 ptype=0
autobattle CHAR t=105400625 turn=0 cliT=0 myNo=0 afl=18000 cb=0 pb=0 subP=3 procN=10 actInf=0 menuF=0 tgtSel=0 resW=0 self=hp216/st0 pet=hp291/st0 validEnemy=2 fallback=15 delay=0 cmd=H|F heal[en=1 tf=3 c=87 p=87 a=87 mag=3 selfP=95/mx227 petP=98/mx295] | enemies=10:st0/hp0/mx0/df0/fn0/lv0/v0 11:st0/hp0/mx0/df0/fn0/lv0/v0 12:st0/hp0/mx0/df0/fn0/lv0/v0 13:st0/hp0/mx0/df0/fn0/lv0/v0 14:st0/hp0/mx0/df0/fn0/lv0/v0 15:st0/hp126/mx126/df0/fn4909D0/lv12/v1 16:st0/hp138/mx138/df0/fn4909D0/lv13/v1 17:st0/hp0/mx0/df0/fn0/lv0/v0 18:st0/hp0/mx0/df0/fn0/lv0/v0 19:st0/hp0/mx0/df0/fn0/lv0/v0 
autobattle PET turn=0 myNo=0 row=0 si=0 seed=-2 target=15 validEnemy=2 minLv=12 pcEnable=0 cmd=W|0|F
autobattle CHAR t=105401484 turn=1 cliT=1 myNo=0 afl=10000 cb=0 pb=0 subP=5 procN=10 actInf=0 menuF=0 tgtSel=0 resW=0 self=hp216/st0 pet=hp291/st0 validEnemy=1 fallback=16 delay=0 cmd=H|10 heal[en=1 tf=3 c=87 p=87 a=87 mag=3 selfP=95/mx227 petP=98/mx295] | enemies=10:st0/hp0/mx0/df0/fn0/lv0/v0 11:st0/hp0/mx0/df0/fn0/lv0/v0 12:st0/hp0/mx0/df0/fn0/lv0/v0 13:st0/hp0/mx0/df0/fn0/lv0/v0 14:st0/hp0/mx0/df0/fn0/lv0/v0 15:st0/hp0/mx126/df0/fn0/lv12/v0 16:st0/hp138/mx138/df0/fn4909D0/lv13/v1 17:st0/hp0/mx0/df0/fn0/lv0/v0 18:st0/hp0/mx0/df0/fn0/lv0/v0 19:st0/hp0/mx0/df0/fn0/lv0/v0 
autobattle PET turn=1 myNo=0 row=0 si=0 seed=-2 target=16 validEnemy=1 minLv=13 pcEnable=0 cmd=W|0|10
autobattle tick cnt=81 smto=1 res=0 battling=1 ctype=0 ptype=0
autobattle tick cnt=92 smto=1 res=0 battling=1 ctype=0 ptype=0
autobattle CHAR t=105404187 turn=0 cliT=0 myNo=0 afl=38000 cb=0 pb=0 subP=3 procN=10 actInf=0 menuF=0 tgtSel=0 resW=0 self=hp216/st0 pet=hp291/st0 validEnemy=3 fallback=17 delay=0 cmd=H|11 heal[en=1 tf=3 c=87 p=87 a=87 mag=3 selfP=95/mx227 petP=98/mx295] | enemies=10:st0/hp0/mx0/df0/fn0/lv0/v0 11:st0/hp0/mx0/df0/fn0/lv0/v0 12:st0/hp0/mx0/df0/fn0/lv0/v0 13:st0/hp0/mx0/df0/fn0/lv0/v0 14:st0/hp0/mx0/df0/fn0/lv0/v0 15:st0/hp136/mx136/df0/fn4909D0/lv13/v1 16:st0/hp108/mx108/df0/fn4909D0/lv10/v1 17:st0/hp117/mx117/df0/fn4909D0/lv11/v1 18:st0/hp0/mx0/df0/fn0/lv0/v0 19:st0/hp0/mx0/df0/fn0/lv0/v0 
autobattle PET turn=0 myNo=0 row=0 si=0 seed=-2 target=17 validEnemy=3 minLv=10 pcEnable=0 cmd=W|0|11
autobattle tick cnt=108 smto=1 res=0 battling=1 ctype=0 ptype=0
autobattle CHAR t=105405125 turn=1 cliT=1 myNo=0 afl=18000 cb=0 pb=0 subP=5 procN=10 actInf=0 menuF=0 tgtSel=0 resW=0 self=hp215/st0 pet=hp291/st0 validEnemy=2 fallback=15 delay=0 cmd=H|F heal[en=1 tf=3 c=87 p=87 a=87 mag=3 selfP=94/mx227 petP=98/mx295] | enemies=10:st0/hp0/mx0/df0/fn0/lv0/v0 11:st0/hp0/mx0/df0/fn0/lv0/v0 12:st0/hp0/mx0/df0/fn0/lv0/v0 13:st0/hp0/mx0/df0/fn0/lv0/v0 14:st0/hp0/mx0/df0/fn0/lv0/v0 15:st0/hp136/mx136/df0/fn4909D0/lv13/v1 16:st0/hp108/mx108/df0/fn4909D0/lv10/v1 17:st0/hp0/mx117/df0/fn0/lv11/v0 18:st0/hp0/mx0/df0/fn0/lv0/v0 19:st0/hp0/mx0/df0/fn0/lv0/v0 
autobattle PET turn=1 myNo=0 row=0 si=0 seed=-2 target=15 validEnemy=2 minLv=10 pcEnable=0 cmd=W|0|F
autobattle tick cnt=125 smto=1 res=0 battling=1 ctype=0 ptype=0
autobattle tick cnt=129 smto=1 res=0 battling=1 ctype=0 ptype=0
autobattle CHAR t=105426921 turn=0 cliT=0 myNo=0 afl=8000 cb=0 pb=0 subP=3 procN=10 actInf=0 menuF=0 tgtSel=0 resW=0 self=hp215/st0 pet=hp291/st0 validEnemy=1 fallback=15 delay=0 cmd=H|F heal[en=1 tf=3 c=87 p=87 a=87 mag=3 selfP=94/mx227 petP=98/mx295] | enemies=10:st0/hp0/mx0/df0/fn0/lv0/v0 11:st0/hp0/mx0/df0/fn0/lv0/v0 12:st0/hp0/mx0/df0/fn0/lv0/v0 13:st0/hp0/mx0/df0/fn0/lv0/v0 14:st0/hp0/mx0/df0/fn0/lv0/v0 15:st0/hp109/mx109/df0/fn4909D0/lv10/v1 16:st0/hp0/mx0/df0/fn0/lv0/v0 17:st0/hp0/mx0/df0/fn0/lv0/v0 18:st0/hp0/mx0/df0/fn0/lv0/v0 19:st0/hp0/mx0/df0/fn0/lv0/v0 
autobattle PET turn=0 myNo=0 row=0 si=0 seed=-2 target=15 validEnemy=1 minLv=10 pcEnable=0 cmd=W|0|F
autobattle tick cnt=143 smto=1 res=0 battling=1 ctype=0 ptype=0
autobattle CHAR t=105428828 turn=0 cliT=0 myNo=0 afl=38000 cb=0 pb=0 subP=3 procN=10 actInf=0 menuF=0 tgtSel=0 resW=0 self=hp215/st0 pet=hp291/st0 validEnemy=3 fallback=17 delay=0 cmd=H|11 heal[en=1 tf=3 c=87 p=87 a=87 mag=3 selfP=94/mx227 petP=98/mx295] | enemies=10:st0/hp0/mx0/df0/fn0/lv0/v0 11:st0/hp0/mx0/df0/fn0/lv0/v0 12:st0/hp0/mx0/df0/fn0/lv0/v0 13:st0/hp0/mx0/df0/fn0/lv0/v0 14:st0/hp0/mx0/df0/fn0/lv0/v0 15:st0/hp114/mx114/df0/fn4909D0/lv9/v1 16:st0/hp104/mx104/df0/fn4909D0/lv9/v1 17:st0/hp131/mx131/df0/fn4909D0/lv12/v1 18:st0/hp0/mx0/df0/fn0/lv0/v0 19:st0/hp0/mx0/df0/fn0/lv0/v0 
autobattle PET turn=0 myNo=0 row=0 si=0 seed=-2 target=17 validEnemy=3 minLv=9 pcEnable=0 cmd=W|0|11
autobattle tick cnt=160 smto=1 res=0 battling=1 ctype=0 ptype=0
autobattle CHAR t=105430000 turn=1 cliT=1 myNo=0 afl=18000 cb=0 pb=0 subP=5 procN=10 actInf=0 menuF=0 tgtSel=0 resW=0 self=hp214/st0 pet=hp291/st0 validEnemy=2 fallback=15 delay=0 cmd=H|F heal[en=1 tf=3 c=87 p=87 a=87 mag=3 selfP=94/mx227 petP=98/mx295] | enemies=10:st0/hp0/mx0/df0/fn0/lv0/v0 11:st0/hp0/mx0/df0/fn0/lv0/v0 12:st0/hp0/mx0/df0/fn0/lv0/v0 13:st0/hp0/mx0/df0/fn0/lv0/v0 14:st0/hp0/mx0/df0/fn0/lv0/v0 15:st0/hp114/mx114/df0/fn4909D0/lv9/v1 16:st0/hp104/mx104/df0/fn4909D0/lv9/v1 17:st0/hp0/mx131/df0/fn0/lv12/v0 18:st0/hp0/mx0/df0/fn0/lv0/v0 19:st0/hp0/mx0/df0/fn0/lv0/v0 
autobattle PET turn=1 myNo=0 row=0 si=0 seed=-2 target=15 validEnemy=2 minLv=9 pcEnable=0 cmd=W|0|F
autobattle tick cnt=176 smto=1 res=0 battling=1 ctype=0 ptype=0
autobattle CHAR t=105430875 turn=2 cliT=2 myNo=0 afl=10000 cb=0 pb=0 subP=5 procN=10 actInf=0 menuF=0 tgtSel=0 resW=0 self=hp214/st0 pet=hp291/st0 validEnemy=1 fallback=16 delay=0 cmd=H|10 heal[en=1 tf=3 c=87 p=87 a=87 mag=3 selfP=94/mx227 petP=98/mx295] | enemies=10:st0/hp0/mx0/df0/fn0/lv0/v0 11:st0/hp0/mx0/df0/fn0/lv0/v0 12:st0/hp0/mx0/df0/fn0/lv0/v0 13:st0/hp0/mx0/df0/fn0/lv0/v0 14:st0/hp0/mx0/df0/fn0/lv0/v0 15:st0/hp0/mx114/df0/fn0/lv9/v0 16:st0/hp104/mx104/df0/fn4909D0/lv9/v1 17:st0/hp0/mx131/df0/fn0/lv12/v0 18:st0/hp0/mx0/df0/fn0/lv0/v0 19:st0/hp0/mx0/df0/fn0/lv0/v0 
autobattle PET turn=2 myNo=0 row=0 si=0 seed=-2 target=16 validEnemy=1 minLv=9 pcEnable=0 cmd=W|0|10
autobattle tick cnt=191 smto=1 res=0 battling=1 ctype=0 ptype=0
autobattle CHAR t=105432156 turn=0 cliT=0 myNo=0 afl=8000 cb=0 pb=0 subP=3 procN=10 actInf=0 menuF=0 tgtSel=0 resW=0 self=hp214/st0 pet=hp291/st0 validEnemy=1 fallback=15 delay=0 cmd=H|F heal[en=1 tf=3 c=87 p=87 a=87 mag=3 selfP=94/mx227 petP=98/mx295] | enemies=10:st0/hp0/mx0/df0/fn0/lv0/v0 11:st0/hp0/mx0/df0/fn0/lv0/v0 12:st0/hp0/mx0/df0/fn0/lv0/v0 13:st0/hp0/mx0/df0/fn0/lv0/v0 14:st0/hp0/mx0/df0/fn0/lv0/v0 15:st0/hp106/mx106/df0/fn4909D0/lv9/v1 16:st0/hp0/mx0/df0/fn0/lv0/v0 17:st0/hp0/mx0/df0/fn0/lv0/v0 18:st0/hp0/mx0/df0/fn0/lv0/v0 19:st0/hp0/mx0/df0/fn0/lv0/v0 
autobattle PET turn=0 myNo=0 row=0 si=0 seed=-2 target=15 validEnemy=1 minLv=9 pcEnable=0 cmd=W|0|F
autobattle tick cnt=206 smto=1 res=0 battling=1 ctype=0 ptype=0
autobattle CHAR t=105434000 turn=0 cliT=0 myNo=0 afl=18000 cb=0 pb=0 subP=3 procN=10 actInf=0 menuF=0 tgtSel=0 resW=0 self=hp214/st0 pet=hp291/st0 validEnemy=2 fallback=15 delay=0 cmd=H|F heal[en=1 tf=3 c=87 p=87 a=87 mag=3 selfP=94/mx227 petP=98/mx295] | enemies=10:st0/hp0/mx0/df0/fn0/lv0/v0 11:st0/hp0/mx0/df0/fn0/lv0/v0 12:st0/hp0/mx0/df0/fn0/lv0/v0 13:st0/hp0/mx0/df0/fn0/lv0/v0 14:st0/hp0/mx0/df0/fn0/lv0/v0 15:st0/hp142/mx142/df0/fn4909D0/lv13/v1 16:st0/hp126/mx126/df0/fn4909D0/lv11/v1 17:st0/hp0/mx0/df0/fn0/lv0/v0 18:st0/hp0/mx0/df0/fn0/lv0/v0 19:st0/hp0/mx0/df0/fn0/lv0/v0 
autobattle PET turn=0 myNo=0 row=0 si=0 seed=-2 target=15 validEnemy=2 minLv=11 pcEnable=0 cmd=W|0|F
autobattle CHAR t=105434921 turn=1 cliT=1 myNo=0 afl=10000 cb=0 pb=0 subP=5 procN=10 actInf=0 menuF=0 tgtSel=0 resW=0 self=hp214/st0 pet=hp291/st0 validEnemy=1 fallback=16 delay=0 cmd=H|10 heal[en=1 tf=3 c=87 p=87 a=87 mag=3 selfP=94/mx227 petP=98/mx295] | enemies=10:st0/hp0/mx0/df0/fn0/lv0/v0 11:st0/hp0/mx0/df0/fn0/lv0/v0 12:st0/hp0/mx0/df0/fn0/lv0/v0 13:st0/hp0/mx0/df0/fn0/lv0/v0 14:st0/hp0/mx0/df0/fn0/lv0/v0 15:st0/hp0/mx142/df0/fn0/lv13/v0 16:st0/hp126/mx126/df0/fn4909D0/lv11/v1 17:st0/hp0/mx0/df0/fn0/lv0/v0 18:st0/hp0/mx0/df0/fn0/lv0/v0 19:st0/hp0/mx0/df0/fn0/lv0/v0 
autobattle PET turn=1 myNo=0 row=0 si=0 seed=-2 target=16 validEnemy=1 minLv=11 pcEnable=0 cmd=W|0|10
autobattle tick cnt=223 smto=1 res=0 battling=1 ctype=0 ptype=0
autobattle tick cnt=234 smto=1 res=0 battling=1 ctype=0 ptype=0
autobattle CHAR t=105436406 turn=0 cliT=0 myNo=0 afl=8000 cb=0 pb=0 subP=3 procN=10 actInf=0 menuF=0 tgtSel=0 resW=0 self=hp214/st0 pet=hp291/st0 validEnemy=1 fallback=15 delay=0 cmd=H|F heal[en=1 tf=3 c=87 p=87 a=87 mag=3 selfP=94/mx227 petP=98/mx295] | enemies=10:st0/hp0/mx0/df0/fn0/lv0/v0 11:st0/hp0/mx0/df0/fn0/lv0/v0 12:st0/hp0/mx0/df0/fn0/lv0/v0 13:st0/hp0/mx0/df0/fn0/lv0/v0 14:st0/hp0/mx0/df0/fn0/lv0/v0 15:st0/hp117/mx117/df0/fn4909D0/lv10/v1 16:st0/hp0/mx0/df0/fn0/lv0/v0 17:st0/hp0/mx0/df0/fn0/lv0/v0 18:st0/hp0/mx0/df0/fn0/lv0/v0 19:st0/hp0/mx0/df0/fn0/lv0/v0 
autobattle PET turn=0 myNo=0 row=0 si=0 seed=-2 target=15 validEnemy=1 minLv=10 pcEnable=0 cmd=W|0|F
autobattle tick cnt=249 smto=1 res=0 battling=1 ctype=0 ptype=0
autobattle CHAR t=105437828 turn=0 cliT=0 myNo=0 afl=8000 cb=0 pb=0 subP=3 procN=10 actInf=0 menuF=0 tgtSel=0 resW=0 self=hp214/st0 pet=hp291/st0 validEnemy=1 fallback=15 delay=0 cmd=H|F heal[en=1 tf=3 c=87 p=87 a=87 mag=3 selfP=94/mx227 petP=98/mx295] | enemies=10:st0/hp0/mx0/df0/fn0/lv0/v0 11:st0/hp0/mx0/df0/fn0/lv0/v0 12:st0/hp0/mx0/df0/fn0/lv0/v0 13:st0/hp0/mx0/df0/fn0/lv0/v0 14:st0/hp0/mx0/df0/fn0/lv0/v0 15:st0/hp122/mx122/df0/fn4909D0/lv12/v1 16:st0/hp0/mx0/df0/fn0/lv0/v0 17:st0/hp0/mx0/df0/fn0/lv0/v0 18:st0/hp0/mx0/df0/fn0/lv0/v0 19:st0/hp0/mx0/df0/fn0/lv0/v0 
autobattle PET turn=0 myNo=0 row=0 si=0 seed=-2 target=15 validEnemy=1 minLv=12 pcEnable=0 cmd=W|0|F
autobattle tick cnt=266 smto=1 res=0 battling=1 ctype=0 ptype=0
autobattle CHAR t=105439125 turn=0 cliT=0 myNo=0 afl=18000 cb=0 pb=0 subP=3 procN=10 actInf=0 menuF=0 tgtSel=0 resW=0 self=hp214/st0 pet=hp291/st0 validEnemy=2 fallback=15 delay=0 cmd=H|F heal[en=1 tf=3 c=87 p=87 a=87 mag=3 selfP=94/mx227 petP=98/mx295] | enemies=10:st0/hp0/mx0/df0/fn0/lv0/v0 11:st0/hp0/mx0/df0/fn0/lv0/v0 12:st0/hp0/mx0/df0/fn0/lv0/v0 13:st0/hp0/mx0/df0/fn0/lv0/v0 14:st0/hp0/mx0/df0/fn0/lv0/v0 15:st0/hp133/mx133/df0/fn4909D0/lv13/v1 16:st0/hp135/mx135/df0/fn4909D0/lv12/v1 17:st0/hp0/mx0/df0/fn0/lv0/v0 18:st0/hp0/mx0/df0/fn0/lv0/v0 19:st0/hp0/mx0/df0/fn0/lv0/v0 
autobattle PET turn=0 myNo=0 row=0 si=0 seed=-2 target=15 validEnemy=2 minLv=12 pcEnable=0 cmd=W|0|F
autobattle tick cnt=283 smto=1 res=0 battling=1 ctype=0 ptype=0
autobattle CHAR t=105440171 turn=1 cliT=1 myNo=0 afl=18000 cb=0 pb=0 subP=5 procN=10 actInf=0 menuF=0 tgtSel=0 resW=0 self=hp214/st0 pet=hp291/st0 validEnemy=1 fallback=16 delay=0 cmd=H|10 heal[en=1 tf=3 c=87 p=87 a=87 mag=3 selfP=94/mx227 petP=98/mx295] | enemies=10:st0/hp0/mx0/df0/fn0/lv0/v0 11:st0/hp0/mx0/df0/fn0/lv0/v0 12:st0/hp0/mx0/df0/fn0/lv0/v0 13:st0/hp0/mx0/df0/fn0/lv0/v0 14:st0/hp0/mx0/df0/fn0/lv0/v0 15:st0/hp0/mx133/df0/fn4909D0/lv13/v0 16:st0/hp46/mx135/df0/fn4909D0/lv12/v1 17:st0/hp0/mx0/df0/fn0/lv0/v0 18:st0/hp0/mx0/df0/fn0/lv0/v0 19:st0/hp0/mx0/df0/fn0/lv0/v0 
autobattle PET turn=1 myNo=0 row=0 si=0 seed=-2 target=16 validEnemy=1 minLv=12 pcEnable=0 cmd=W|0|10
battlemenu-suppress want=1 patched=4/4 (ab=1 ae=0)
autobattle ENABLED hwnd=00260042 old=FFFF0597 pid=5448
autobattle tick cnt=1 smto=1 res=0 battling=1 ctype=0 ptype=0
autobattle CHAR t=105454703 turn=0 cliT=0 myNo=0 afl=F8000 cb=0 pb=0 subP=3 procN=10 actInf=0 menuF=0 tgtSel=0 resW=0 self=hp214/st0 pet=hp291/st0 validEnemy=5 fallback=19 delay=0 cmd=H|13 heal[en=1 tf=3 c=87 p=87 a=87 mag=3 selfP=94/mx227 petP=98/mx295] | enemies=10:st0/hp0/mx0/df0/fn0/lv0/v0 11:st0/hp0/mx0/df0/fn0/lv0/v0 12:st0/hp0/mx0/df0/fn0/lv0/v0 13:st0/hp0/mx0/df0/fn0/lv0/v0 14:st0/hp0/mx0/df0/fn0/lv0/v0 15:st0/hp168/mx168/df0/fn4909D0/lv16/v1 16:st0/hp169/mx169/df0/fn4909D0/lv17/v1 17:st0/hp188/mx188/df0/fn4909D0/lv18/v1 18:st0/hp161/mx161/df0/fn4909D0/lv16/v1 19:st0/hp163/mx163/df0/fn4909D0/lv16/v1 
autobattle PET turn=0 myNo=0 row=0 si=0 seed=-2 target=19 validEnemy=5 minLv=16 pcEnable=0 cmd=W|0|13
autobattle tick cnt=18 smto=1 res=0 battling=1 ctype=0 ptype=0
autobattle CHAR t=105456500 turn=1 cliT=1 myNo=0 afl=F8000 cb=0 pb=0 subP=2 procN=10 actInf=0 menuF=0 tgtSel=0 resW=0 self=hp213/st0 pet=hp279/st0 validEnemy=4 fallback=17 delay=0 cmd=H|11 heal[en=1 tf=3 c=87 p=87 a=87 mag=3 selfP=93/mx227 petP=94/mx295] | enemies=10:st0/hp0/mx0/df0/fn0/lv0/v0 11:st0/hp0/mx0/df0/fn0/lv0/v0 12:st0/hp0/mx0/df0/fn0/lv0/v0 13:st0/hp0/mx0/df0/fn0/lv0/v0 14:st0/hp0/mx0/df0/fn0/lv0/v0 15:st0/hp168/mx168/df0/fn4909D0/lv16/v1 16:st0/hp64/mx169/df0/fn4909D0/lv17/v1 17:st0/hp188/mx188/df0/fn4909D0/lv18/v1 18:st0/hp161/mx161/df0/fn4909D0/lv16/v1 19:st0/hp0/mx163/df0/fn4909D0/lv16/v0 
autobattle PET turn=1 myNo=0 row=0 si=0 seed=-2 target=17 validEnemy=4 minLv=16 pcEnable=0 cmd=W|0|11
autobattle tick cnt=34 smto=1 res=0 battling=1 ctype=0 ptype=0
autobattle tick cnt=51 smto=1 res=0 battling=1 ctype=0 ptype=0
autobattle CHAR t=105457984 turn=2 cliT=2 myNo=0 afl=F8000 cb=0 pb=0 subP=3 procN=10 actInf=3 menuF=0 tgtSel=0 resW=0 self=hp212/st0 pet=hp243/st0 validEnemy=3 fallback=15 delay=0 cmd=J|0|14 heal[en=1 tf=3 c=87 p=87 a=87 mag=3 selfP=93/mx227 petP=82/mx295] | enemies=10:st0/hp0/mx0/df0/fn0/lv0/v0 11:st0/hp0/mx0/df0/fn0/lv0/v0 12:st0/hp0/mx0/df0/fn0/lv0/v0 13:st0/hp0/mx0/df0/fn0/lv0/v0 14:st0/hp0/mx0/df0/fn0/lv0/v0 15:st0/hp68/mx168/df0/fn4909D0/lv16/v1 16:st0/hp64/mx169/df0/fn4909D0/lv17/v1 17:st0/hp0/mx188/df0/fn4909D0/lv18/v0 18:st0/hp161/mx161/df0/fn4909D0/lv16/v1 19:st0/hp0/mx163/df0/fn4909D0/lv16/v0 
autobattle PET turn=2 myNo=0 row=0 si=0 seed=-2 target=15 validEnemy=3 minLv=16 pcEnable=0 cmd=W|0|F
autobattle tick cnt=68 smto=1 res=0 battling=1 ctype=0 ptype=0
autobattle CHAR t=105459515 turn=3 cliT=3 myNo=0 afl=F8000 cb=0 pb=0 subP=5 procN=10 actInf=0 menuF=0 tgtSel=0 resW=0 self=hp227/st0 pet=hp266/st0 validEnemy=1 fallback=18 delay=0 cmd=H|12 heal[en=1 tf=3 c=87 p=87 a=87 mag=3 selfP=100/mx227 petP=90/mx295] | enemies=10:st0/hp0/mx0/df0/fn0/lv0/v0 11:st0/hp0/mx0/df0/fn0/lv0/v0 12:st0/hp0/mx0/df0/fn0/lv0/v0 13:st0/hp0/mx0/df0/fn0/lv0/v0 14:st0/hp0/mx0/df0/fn0/lv0/v0 15:st0/hp0/mx168/df0/fn4909D0/lv16/v0 16:st0/hp0/mx169/df0/fn4909D0/lv17/v0 17:st0/hp0/mx188/df0/fn4909D0/lv18/v0 18:st0/hp161/mx161/df0/fn4909D0/lv16/v1 19:st0/hp0/mx163/df0/fn4909D0/lv16/v0 
autobattle PET turn=3 myNo=0 row=0 si=0 seed=-2 target=18 validEnemy=1 minLv=16 pcEnable=0 cmd=W|0|12
autobattle tick cnt=85 smto=1 res=0 battling=1 ctype=0 ptype=0
autobattle CHAR t=105460687 turn=0 cliT=0 myNo=0 afl=8000 cb=0 pb=0 subP=3 procN=10 actInf=0 menuF=0 tgtSel=0 resW=0 self=hp227/st0 pet=hp266/st0 validEnemy=1 fallback=15 delay=0 cmd=H|F heal[en=1 tf=3 c=87 p=87 a=87 mag=3 selfP=100/mx227 petP=90/mx295] | enemies=10:st0/hp0/mx0/df0/fn0/lv0/v0 11:st0/hp0/mx0/df0/fn0/lv0/v0 12:st0/hp0/mx0/df0/fn0/lv0/v0 13:st0/hp0/mx0/df0/fn0/lv0/v0 14:st0/hp0/mx0/df0/fn0/lv0/v0 15:st0/hp161/mx161/df0/fn4909D0/lv15/v1 16:st0/hp0/mx0/df0/fn0/lv0/v0 17:st0/hp0/mx0/df0/fn0/lv0/v0 18:st0/hp0/mx0/df0/fn0/lv0/v0 19:st0/hp0/mx0/df0/fn0/lv0/v0 
autobattle PET turn=0 myNo=0 row=0 si=0 seed=-2 target=15 validEnemy=1 minLv=15 pcEnable=0 cmd=W|0|F
autobattle tick cnt=98 smto=1 res=0 battling=1 ctype=0 ptype=0
autobattle tick cnt=115 smto=1 res=0 battling=1 ctype=0 ptype=0
autobattle CHAR t=105462218 turn=0 cliT=0 myNo=0 afl=8000 cb=0 pb=0 subP=3 procN=10 actInf=0 menuF=0 tgtSel=0 resW=0 self=hp227/st0 pet=hp266/st0 validEnemy=1 fallback=15 delay=0 cmd=H|F heal[en=1 tf=3 c=87 p=87 a=87 mag=3 selfP=100/mx227 petP=90/mx295] | enemies=10:st0/hp0/mx0/df0/fn0/lv0/v0 11:st0/hp0/mx0/df0/fn0/lv0/v0 12:st0/hp0/mx0/df0/fn0/lv0/v0 13:st0/hp0/mx0/df0/fn0/lv0/v0 14:st0/hp0/mx0/df0/fn0/lv0/v0 15:st0/hp188/mx188/df0/fn4909D0/lv19/v1 16:st0/hp0/mx0/df0/fn0/lv0/v0 17:st0/hp0/mx0/df0/fn0/lv0/v0 18:st0/hp0/mx0/df0/fn0/lv0/v0 19:st0/hp0/mx0/df0/fn0/lv0/v0 
autobattle PET turn=0 myNo=0 row=0 si=0 seed=-2 target=15 validEnemy=1 minLv=19 pcEnable=0 cmd=W|0|F
autobattle tick cnt=132 smto=1 res=0 battling=1 ctype=0 ptype=0
autobattle tick cnt=135 smto=1 res=0 battling=1 ctype=0 ptype=0
autobattle CHAR t=105465843 turn=0 cliT=0 myNo=0 afl=8000 cb=0 pb=0 subP=3 procN=10 actInf=0 menuF=0 tgtSel=0 resW=0 self=hp227/st0 pet=hp266/st0 validEnemy=1 fallback=15 delay=0 cmd=H|F heal[en=1 tf=3 c=87 p=87 a=87 mag=3 selfP=100/mx227 petP=90/mx295] | enemies=10:st0/hp0/mx0/df0/fn0/lv0/v0 11:st0/hp0/mx0/df0/fn0/lv0/v0 12:st0/hp0/mx0/df0/fn0/lv0/v0 13:st0/hp0/mx0/df0/fn0/lv0/v0 14:st0/hp0/mx0/df0/fn0/lv0/v0 15:st0/hp180/mx180/df0/fn4909D0/lv19/v1 16:st0/hp0/mx0/df0/fn0/lv0/v0 17:st0/hp0/mx0/df0/fn0/lv0/v0 18:st0/hp0/mx0/df0/fn0/lv0/v0 19:st0/hp0/mx0/df0/fn0/lv0/v0 
autobattle PET turn=0 myNo=0 row=0 si=0 seed=-2 target=15 validEnemy=1 minLv=19 pcEnable=0 cmd=W|0|F
autobattle tick cnt=152 smto=1 res=0 battling=1 ctype=0 ptype=0
autobattle tick cnt=153 smto=1 res=0 battling=1 ctype=0 ptype=0
autobattle CHAR t=105468375 turn=0 cliT=0 myNo=0 afl=F8000 cb=0 pb=0 subP=3 procN=10 actInf=0 menuF=0 tgtSel=0 resW=0 self=hp227/st0 pet=hp266/st0 validEnemy=5 fallback=19 delay=0 cmd=H|13 heal[en=1 tf=3 c=87 p=87 a=87 mag=3 selfP=100/mx227 petP=90/mx295] | enemies=10:st0/hp0/mx0/df0/fn0/lv0/v0 11:st0/hp0/mx0/df0/fn0/lv0/v0 12:st0/hp0/mx0/df0/fn0/lv0/v0 13:st0/hp0/mx0/df0/fn0/lv0/v0 14:st0/hp0/mx0/df0/fn0/lv0/v0 15:st0/hp156/mx156/df0/fn4909D0/lv16/v1 16:st0/hp157/mx157/df0/fn4909D0/lv17/v1 17:st0/hp197/mx197/df0/fn4909D0/lv19/v1 18:st0/hp151/mx151/df0/fn4909D0/lv15/v1 19:st0/hp172/mx172/df0/fn4909D0/lv18/v1 
autobattle PET turn=0 myNo=0 row=0 si=0 seed=-2 target=19 validEnemy=5 minLv=15 pcEnable=0 cmd=W|0|13
autobattle CHAR t=105469109 turn=1 cliT=1 myNo=0 afl=F8000 cb=0 pb=0 subP=5 procN=10 actInf=0 menuF=0 tgtSel=0 resW=0 self=hp227/st0 pet=hp266/st0 validEnemy=4 fallback=17 delay=0 cmd=H|11 heal[en=1 tf=3 c=87 p=87 a=87 mag=3 selfP=100/mx227 petP=90/mx295] | enemies=10:st0/hp0/mx0/df0/fn0/lv0/v0 11:st0/hp0/mx0/df0/fn0/lv0/v0 12:st0/hp0/mx0/df0/fn0/lv0/v0 13:st0/hp0/mx0/df0/fn0/lv0/v0 14:st0/hp0/mx0/df0/fn0/lv0/v0 15:st0/hp156/mx156/df0/fn4909D0/lv16/v1 16:st0/hp157/mx157/df0/fn4909D0/lv17/v1 17:st0/hp197/mx197/df0/fn4909D0/lv19/v1 18:st0/hp151/mx151/df0/fn4909D0/lv15/v1 19:st0/hp0/mx172/df0/fn4909D0/lv18/v0 
autobattle PET turn=1 myNo=0 row=0 si=0 seed=-2 target=17 validEnemy=4 minLv=15 pcEnable=0 cmd=W|0|11
autobattle tick cnt=170 smto=1 res=0 battling=1 ctype=0 ptype=0
autobattle CHAR t=105470296 turn=2 cliT=2 myNo=0 afl=E8000 cb=0 pb=0 subP=5 procN=10 actInf=0 menuF=0 tgtSel=0 resW=0 self=hp227/st0 pet=hp232/st0 validEnemy=3 fallback=17 delay=0 cmd=J|0|14 heal[en=1 tf=3 c=87 p=87 a=87 mag=3 selfP=100/mx227 petP=78/mx295] | enemies=10:st0/hp0/mx0/df0/fn0/lv0/v0 11:st0/hp0/mx0/df0/fn0/lv0/v0 12:st0/hp0/mx0/df0/fn0/lv0/v0 13:st0/hp0/mx0/df0/fn0/lv0/v0 14:st0/hp0/mx0/df0/fn0/lv0/v0 15:st0/hp156/mx156/df0/fn4909D0/lv16/v1 16:st0/hp157/mx157/df0/fn0/lv17/v0 17:st0/hp73/mx197/df0/fn4909D0/lv19/v1 18:st0/hp151/mx151/df0/fn4909D0/lv15/v1 19:st0/hp0/mx172/df0/fn4909D0/lv18/v0 
autobattle tick cnt=186 smto=1 res=0 battling=1 ctype=0 ptype=0
autobattle PET turn=2 myNo=0 row=0 si=0 seed=-2 target=17 validEnemy=3 minLv=15 pcEnable=0 cmd=W|0|11
autobattle tick cnt=203 smto=1 res=0 battling=1 ctype=0 ptype=0
autobattle CHAR t=105471515 turn=3 cliT=3 myNo=0 afl=E8000 cb=0 pb=0 subP=5 procN=10 actInf=0 menuF=0 tgtSel=0 resW=0 self=hp227/st0 pet=hp286/st0 validEnemy=2 fallback=15 delay=0 cmd=H|F heal[en=1 tf=3 c=87 p=87 a=87 mag=3 selfP=100/mx227 petP=96/mx295] | enemies=10:st0/hp0/mx0/df0/fn0/lv0/v0 11:st0/hp0/mx0/df0/fn0/lv0/v0 12:st0/hp0/mx0/df0/fn0/lv0/v0 13:st0/hp0/mx0/df0/fn0/lv0/v0 14:st0/hp0/mx0/df0/fn0/lv0/v0 15:st0/hp156/mx156/df0/fn4909D0/lv16/v1 16:st0/hp157/mx157/df0/fn0/lv17/v0 17:st0/hp0/mx197/df0/fn4909D0/lv19/v0 18:st0/hp151/mx151/df0/fn4909D0/lv15/v1 19:st0/hp0/mx172/df0/fn4909D0/lv18/v0 
autobattle PET turn=3 myNo=0 row=0 si=0 seed=-2 target=15 validEnemy=2 minLv=15 pcEnable=0 cmd=W|0|F
autobattle CHAR t=105472390 turn=4 cliT=4 myNo=0 afl=E0000 cb=0 pb=0 subP=5 procN=10 actInf=0 menuF=0 tgtSel=0 resW=0 self=hp227/st0 pet=hp286/st0 validEnemy=1 fallback=18 delay=0 cmd=H|12 heal[en=1 tf=3 c=87 p=87 a=87 mag=3 selfP=100/mx227 petP=96/mx295] | enemies=10:st0/hp0/mx0/df0/fn0/lv0/v0 11:st0/hp0/mx0/df0/fn0/lv0/v0 12:st0/hp0/mx0/df0/fn0/lv0/v0 13:st0/hp0/mx0/df0/fn0/lv0/v0 14:st0/hp0/mx0/df0/fn0/lv0/v0 15:st0/hp0/mx156/df0/fn0/lv16/v0 16:st0/hp157/mx157/df0/fn0/lv17/v0 17:st0/hp0/mx197/df0/fn4909D0/lv19/v0 18:st0/hp151/mx151/df0/fn4909D0/lv15/v1 19:st0/hp0/mx172/df0/fn4909D0/lv18/v0 
autobattle tick cnt=220 smto=1 res=0 battling=1 ctype=0 ptype=0
autobattle PET turn=4 myNo=0 row=0 si=0 seed=-2 target=18 validEnemy=1 minLv=15 pcEnable=0 cmd=W|0|12
autobattle tick cnt=232 smto=1 res=0 battling=1 ctype=0 ptype=0
autobattle CHAR t=105475890 turn=0 cliT=0 myNo=0 afl=F8000 cb=0 pb=0 subP=3 procN=10 actInf=0 menuF=0 tgtSel=0 resW=0 self=hp227/st0 pet=hp286/st0 validEnemy=5 fallback=19 delay=0 cmd=H|13 heal[en=1 tf=3 c=87 p=87 a=87 mag=3 selfP=100/mx227 petP=96/mx295] | enemies=10:st0/hp0/mx0/df0/fn0/lv0/v0 11:st0/hp0/mx0/df0/fn0/lv0/v0 12:st0/hp0/mx0/df0/fn0/lv0/v0 13:st0/hp0/mx0/df0/fn0/lv0/v0 14:st0/hp0/mx0/df0/fn0/lv0/v0 15:st0/hp164/mx164/df0/fn4909D0/lv15/v1 16:st0/hp161/mx161/df0/fn4909D0/lv17/v1 17:st0/hp180/mx180/df0/fn4909D0/lv19/v1 18:st0/hp174/mx174/df0/fn4909D0/lv18/v1 19:st0/hp148/mx148/df0/fn4909D0/lv15/v1 
autobattle PET turn=0 myNo=0 row=0 si=0 seed=-2 target=19 validEnemy=5 minLv=15 pcEnable=0 cmd=W|0|13
autobattle tick cnt=248 smto=1 res=0 battling=1 ctype=0 ptype=0
autobattle CHAR t=105477625 turn=1 cliT=1 myNo=0 afl=F8000 cb=0 pb=0 subP=5 procN=10 actInf=0 menuF=0 tgtSel=0 resW=0 self=hp227/st0 pet=hp286/st0 validEnemy=4 fallback=17 delay=0 cmd=H|11 heal[en=1 tf=3 c=87 p=87 a=87 mag=3 selfP=100/mx227 petP=96/mx295] | enemies=10:st0/hp0/mx0/df0/fn0/lv0/v0 11:st0/hp0/mx0/df0/fn0/lv0/v0 12:st0/hp0/mx0/df0/fn0/lv0/v0 13:st0/hp0/mx0/df0/fn0/lv0/v0 14:st0/hp0/mx0/df0/fn0/lv0/v0 15:st0/hp164/mx164/df0/fn4909D0/lv15/v1 16:st0/hp161/mx161/df0/fn4909D0/lv17/v1 17:st0/hp180/mx180/df0/fn4909D0/lv19/v1 18:st0/hp174/mx174/df0/fn4909D0/lv18/v1 19:st0/hp0/mx148/df0/fn4909D0/lv15/v0 
autobattle PET turn=1 myNo=0 row=0 si=0 seed=-2 target=17 validEnemy=4 minLv=15 pcEnable=0 cmd=W|0|11
autobattle tick cnt=265 smto=1 res=0 battling=1 ctype=0 ptype=0
autobattle tick cnt=282 smto=1 res=0 battling=1 ctype=0 ptype=0
autobattle CHAR t=105479281 turn=2 cliT=2 myNo=0 afl=F8000 cb=0 pb=0 subP=5 procN=10 actInf=0 menuF=0 tgtSel=0 resW=0 self=hp226/st0 pet=hp244/st0 validEnemy=3 fallback=15 delay=0 cmd=J|0|14 heal[en=1 tf=3 c=87 p=87 a=87 mag=3 selfP=99/mx227 petP=82/mx295] | enemies=10:st0/hp0/mx0/df0/fn0/lv0/v0 11:st0/hp0/mx0/df0/fn0/lv0/v0 12:st0/hp0/mx0/df0/fn0/lv0/v0 13:st0/hp0/mx0/df0/fn0/lv0/v0 14:st0/hp0/mx0/df0/fn0/lv0/v0 15:st0/hp164/mx164/df0/fn4909D0/lv15/v1 16:st0/hp77/mx161/df0/fn4909D0/lv17/v1 17:st0/hp0/mx180/df0/fn4909D0/lv19/v0 18:st0/hp174/mx174/df0/fn4909D0/lv18/v1 19:st0/hp0/mx148/df0/fn4909D0/lv15/v0 
autobattle PET turn=2 myNo=0 row=0 si=0 seed=-2 target=15 validEnemy=3 minLv=15 pcEnable=0 cmd=W|0|F
autobattle tick cnt=299 smto=1 res=0 battling=1 ctype=0 ptype=0
autobattle CHAR t=105480828 turn=3 cliT=3 myNo=0 afl=F8000 cb=0 pb=0 subP=5 procN=10 actInf=0 menuF=0 tgtSel=0 resW=0 self=hp227/st0 pet=hp258/st0 validEnemy=3 fallback=15 delay=0 cmd=J|0|14 heal[en=1 tf=3 c=87 p=87 a=87 mag=3 selfP=100/mx227 petP=87/mx295] | enemies=10:st0/hp0/mx0/df0/fn0/lv0/v0 11:st0/hp0/mx0/df0/fn0/lv0/v0 12:st0/hp0/mx0/df0/fn0/lv0/v0 13:st0/hp0/mx0/df0/fn0/lv0/v0 14:st0/hp0/mx0/df0/fn0/lv0/v0 15:st0/hp69/mx164/df0/fn4909D0/lv15/v1 16:st0/hp77/mx161/df0/fn4909D0/lv17/v1 17:st0/hp0/mx180/df0/fn4909D0/lv19/v0 18:st0/hp101/mx174/df0/fn4909D0/lv18/v1 19:st0/hp0/mx148/df0/fn4909D0/lv15/v0 
autobattle PET turn=3 myNo=0 row=0 si=0 seed=-2 target=15 validEnemy=3 minLv=15 pcEnable=0 cmd=W|0|F
autobattle tick cnt=316 smto=1 res=0 battling=1 ctype=0 ptype=0
autobattle tick cnt=333 smto=1 res=0 battling=1 ctype=0 ptype=0
autobattle CHAR t=105482250 turn=4 cliT=4 myNo=0 afl=F8000 cb=0 pb=0 subP=5 procN=10 actInf=0 menuF=0 tgtSel=0 resW=0 self=hp227/st0 pet=hp271/st0 validEnemy=2 fallback=16 delay=0 cmd=H|10 heal[en=1 tf=3 c=87 p=87 a=87 mag=3 selfP=100/mx227 petP=91/mx295] | enemies=10:st0/hp0/mx0/df0/fn0/lv0/v0 11:st0/hp0/mx0/df0/fn0/lv0/v0 12:st0/hp0/mx0/df0/fn0/lv0/v0 13:st0/hp0/mx0/df0/fn0/lv0/v0 14:st0/hp0/mx0/df0/fn0/lv0/v0 15:st0/hp0/mx164/df0/fn4909D0/lv15/v0 16:st0/hp77/mx161/df0/fn4909D0/lv17/v1 17:st0/hp0/mx180/df0/fn4909D0/lv19/v0 18:st0/hp29/mx174/df0/fn4909D0/lv18/v1 19:st0/hp0/mx148/df0/fn4909D0/lv15/v0 
autobattle PET turn=4 myNo=0 row=0 si=0 seed=-2 target=16 validEnemy=2 minLv=17 pcEnable=0 cmd=W|0|10
autobattle tick cnt=349 smto=1 res=0 battling=1 ctype=0 ptype=0
