battlemenu-suppress want=1 patched=4/4 (ab=1 ae=0)
autobattle ENABLED hwnd=00330594 old=FFFF0529 pid=1464
autobattle tick cnt=1 smto=1 res=0 battling=1 ctype=0 ptype=0
autobattle CHAR t=173668906 turn=0 cliT=0 myNo=0 afl=38000 cb=0 pb=0 subP=3 procN=10 actInf=0 menuF=0 tgtSel=0 resW=0 self=hp256/st0 pet=hp339/st0 validEnemy=3 fallback=17 delay=0 cmd=H|11 heal[en=1 tf=3 c=95 p=95 a=95 mag=3 selfP=97/mx263 petP=98/mx345] | enemies=10:st0/hp0/mx0/df0/fn0/lv0/v0 11:st0/hp0/mx0/df0/fn0/lv0/v0 12:st0/hp0/mx0/df0/fn0/lv0/v0 13:st0/hp0/mx0/df0/fn0/lv0/v0 14:st0/hp0/mx0/df0/fn0/lv0/v0 15:st0/hp26/mx26/df0/fn4909D0/lv2/v1 16:st0/hp26/mx26/df0/fn4909D0/lv2/v1 17:st0/hp25/mx25/df0/fn4909D0/lv2/v1 18:st0/hp0/mx0/df0/fn0/lv0/v0 19:st0/hp0/mx0/df0/fn0/lv0/v0 
autobattle PET turn=0 myNo=0 row=0 si=0 seed=-2 target=17 validEnemy=3 minLv=2 pcEnable=0 cmd=W|0|11
autobattle CHAR t=173669765 turn=1 cliT=1 myNo=0 afl=18000 cb=0 pb=0 subP=5 procN=10 actInf=0 menuF=0 tgtSel=0 resW=0 self=hp256/st0 pet=hp337/st0 validEnemy=2 fallback=15 delay=0 cmd=H|F heal[en=1 tf=3 c=95 p=95 a=95 mag=3 selfP=97/mx263 petP=97/mx345] | enemies=10:st0/hp0/mx0/df0/fn0/lv0/v0 11:st0/hp0/mx0/df0/fn0/lv0/v0 12:st0/hp0/mx0/df0/fn0/lv0/v0 13:st0/hp0/mx0/df0/fn0/lv0/v0 14:st0/hp0/mx0/df0/fn0/lv0/v0 15:st0/hp26/mx26/df0/fn4909D0/lv2/v1 16:st0/hp26/mx26/df0/fn4909D0/lv2/v1 17:st0/hp0/mx25/df0/fn0/lv2/v0 18:st0/hp0/mx0/df0/fn0/lv0/v0 19:st0/hp0/mx0/df0/fn0/lv0/v0 
autobattle tick cnt=17 smto=1 res=0 battling=1 ctype=0 ptype=0
autobattle PET turn=1 myNo=0 row=0 si=0 seed=-2 target=15 validEnemy=2 minLv=2 pcEnable=0 cmd=W|0|F
autobattle CHAR t=173670625 turn=2 cliT=2 myNo=0 afl=10000 cb=0 pb=0 subP=2 procN=10 actInf=0 menuF=0 tgtSel=0 resW=0 self=hp256/st0 pet=hp337/st0 validEnemy=1 fallback=16 delay=0 cmd=H|10 heal[en=1 tf=3 c=95 p=95 a=95 mag=3 selfP=97/mx263 petP=97/mx345] | enemies=10:st0/hp0/mx0/df0/fn0/lv0/v0 11:st0/hp0/mx0/df0/fn0/lv0/v0 12:st0/hp0/mx0/df0/fn0/lv0/v0 13:st0/hp0/mx0/df0/fn0/lv0/v0 14:st0/hp0/mx0/df0/fn0/lv0/v0 15:st0/hp0/mx26/df0/fn0/lv2/v0 16:st0/hp26/mx26/df0/fn4909D0/lv2/v1 17:st0/hp0/mx25/df0/fn0/lv2/v0 18:st0/hp0/mx0/df0/fn0/lv0/v0 19:st0/hp0/mx0/df0/fn0/lv0/v0 
autobattle PET turn=2 myNo=0 row=0 si=0 seed=-2 target=16 validEnemy=1 minLv=2 pcEnable=0 cmd=W|0|10
autobattle tick cnt=34 smto=1 res=0 battling=1 ctype=0 ptype=0
autobattle tick cnt=44 smto=1 res=0 battling=1 ctype=0 ptype=0
autobattle CHAR t=173673343 turn=0 cliT=0 myNo=0 afl=18000 cb=0 pb=0 subP=3 procN=10 actInf=0 menuF=0 tgtSel=0 resW=0 self=hp256/st0 pet=hp337/st0 validEnemy=2 fallback=15 delay=0 cmd=H|F heal[en=1 tf=3 c=95 p=95 a=95 mag=3 selfP=97/mx263 petP=97/mx345] | enemies=10:st0/hp0/mx0/df0/fn0/lv0/v0 11:st0/hp0/mx0/df0/fn0/lv0/v0 12:st0/hp0/mx0/df0/fn0/lv0/v0 13:st0/hp0/mx0/df0/fn0/lv0/v0 14:st0/hp0/mx0/df0/fn0/lv0/v0 15:st0/hp26/mx26/df0/fn4909D0/lv3/v1 16:st0/hp24/mx24/df0/fn4909D0/lv2/v1 17:st0/hp0/mx0/df0/fn0/lv0/v0 18:st0/hp0/mx0/df0/fn0/lv0/v0 19:st0/hp0/mx0/df0/fn0/lv0/v0 
autobattle PET turn=0 myNo=0 row=0 si=0 seed=-2 target=15 validEnemy=2 minLv=2 pcEnable=0 cmd=W|0|F
autobattle CHAR t=173674203 turn=1 cliT=1 myNo=0 afl=10000 cb=0 pb=0 subP=5 procN=10 actInf=0 menuF=0 tgtSel=0 resW=0 self=hp256/st0 pet=hp337/st0 validEnemy=1 fallback=16 delay=0 cmd=H|10 heal[en=1 tf=3 c=95 p=95 a=95 mag=3 selfP=97/mx263 petP=97/mx345] | enemies=10:st0/hp0/mx0/df0/fn0/lv0/v0 11:st0/hp0/mx0/df0/fn0/lv0/v0 12:st0/hp0/mx0/df0/fn0/lv0/v0 13:st0/hp0/mx0/df0/fn0/lv0/v0 14:st0/hp0/mx0/df0/fn0/lv0/v0 15:st0/hp0/mx26/df0/fn0/lv3/v0 16:st0/hp24/mx24/df0/fn4909D0/lv2/v1 17:st0/hp0/mx0/df0/fn0/lv0/v0 18:st0/hp0/mx0/df0/fn0/lv0/v0 19:st0/hp0/mx0/df0/fn0/lv0/v0 
autobattle PET turn=1 myNo=0 row=0 si=0 seed=-2 target=16 validEnemy=1 minLv=2 pcEnable=0 cmd=W|0|10
autobattle tick cnt=61 smto=1 res=0 battling=1 ctype=0 ptype=0
autobattle tick cnt=71 smto=1 res=0 battling=1 ctype=0 ptype=0
autobattle CHAR t=173676500 turn=0 cliT=0 myNo=0 afl=38000 cb=0 pb=0 subP=3 procN=10 actInf=0 menuF=0 tgtSel=0 resW=0 self=hp256/st0 pet=hp337/st0 validEnemy=3 fallback=17 delay=0 cmd=H|11 heal[en=1 tf=3 c=95 p=95 a=95 mag=3 selfP=97/mx263 petP=97/mx345] | enemies=10:st0/hp0/mx0/df0/fn0/lv0/v0 11:st0/hp0/mx0/df0/fn0/lv0/v0 12:st0/hp0/mx0/df0/fn0/lv0/v0 13:st0/hp0/mx0/df0/fn0/lv0/v0 14:st0/hp0/mx0/df0/fn0/lv0/v0 15:st0/hp27/mx27/df0/fn4909D0/lv2/v1 16:st0/hp25/mx25/df0/fn4909D0/lv2/v1 17:st0/hp30/mx30/df0/fn4909D0/lv3/v1 18:st0/hp0/mx0/df0/fn0/lv0/v0 19:st0/hp0/mx0/df0/fn0/lv0/v0 
autobattle PET turn=0 myNo=0 row=0 si=0 seed=-2 target=17 validEnemy=3 minLv=2 pcEnable=0 cmd=W|0|11
autobattle CHAR t=173677234 turn=1 cliT=1 myNo=0 afl=18000 cb=0 pb=0 subP=5 procN=10 actInf=0 menuF=0 tgtSel=0 resW=0 self=hp256/st0 pet=hp337/st0 validEnemy=2 fallback=15 delay=0 cmd=H|F heal[en=1 tf=3 c=95 p=95 a=95 mag=3 selfP=97/mx263 petP=97/mx345] | enemies=10:st0/hp0/mx0/df0/fn0/lv0/v0 11:st0/hp0/mx0/df0/fn0/lv0/v0 12:st0/hp0/mx0/df0/fn0/lv0/v0 13:st0/hp0/mx0/df0/fn0/lv0/v0 14:st0/hp0/mx0/df0/fn0/lv0/v0 15:st0/hp27/mx27/df0/fn4909D0/lv2/v1 16:st0/hp25/mx25/df0/fn4909D0/lv2/v1 17:st0/hp0/mx30/df0/fn0/lv3/v0 18:st0/hp0/mx0/df0/fn0/lv0/v0 19:st0/hp0/mx0/df0/fn0/lv0/v0 
autobattle PET turn=1 myNo=0 row=0 si=0 seed=-2 target=15 validEnemy=2 minLv=2 pcEnable=0 cmd=W|0|F
autobattle tick cnt=88 smto=1 res=0 battling=1 ctype=0 ptype=0
autobattle CHAR t=173678093 turn=2 cliT=2 myNo=0 afl=10000 cb=0 pb=0 subP=5 procN=10 actInf=0 menuF=0 tgtSel=0 resW=0 self=hp256/st0 pet=hp337/st0 validEnemy=1 fallback=16 delay=0 cmd=H|10 heal[en=1 tf=3 c=95 p=95 a=95 mag=3 selfP=97/mx263 petP=97/mx345] | enemies=10:st0/hp0/mx0/df0/fn0/lv0/v0 11:st0/hp0/mx0/df0/fn0/lv0/v0 12:st0/hp0/mx0/df0/fn0/lv0/v0 13:st0/hp0/mx0/df0/fn0/lv0/v0 14:st0/hp0/mx0/df0/fn0/lv0/v0 15:st0/hp0/mx27/df0/fn0/lv2/v0 16:st0/hp25/mx25/df0/fn4909D0/lv2/v1 17:st0/hp0/mx30/df0/fn0/lv3/v0 18:st0/hp0/mx0/df0/fn0/lv0/v0 19:st0/hp0/mx0/df0/fn0/lv0/v0 
autobattle PET turn=2 myNo=0 row=0 si=0 seed=-2 target=16 validEnemy=1 minLv=2 pcEnable=0 cmd=W|0|10
autobattle tick cnt=105 smto=1 res=0 battling=1 ctype=0 ptype=0
autobattle tick cnt=110 smto=1 res=0 battling=1 ctype=0 ptype=0
autobattle CHAR t=173682031 turn=0 cliT=0 myNo=0 afl=F8000 cb=0 pb=0 subP=3 procN=10 actInf=0 menuF=0 tgtSel=0 resW=0 self=hp256/st0 pet=hp337/st0 validEnemy=5 fallback=19 delay=0 cmd=H|13 heal[en=1 tf=3 c=95 p=95 a=95 mag=3 selfP=97/mx263 petP=97/mx345] | enemies=10:st0/hp0/mx0/df0/fn0/lv0/v0 11:st0/hp0/mx0/df0/fn0/lv0/v0 12:st0/hp0/mx0/df0/fn0/lv0/v0 13:st0/hp0/mx0/df0/fn0/lv0/v0 14:st0/hp0/mx0/df0/fn0/lv0/v0 15:st0/hp47/mx47/df0/fn4909D0/lv3/v1 16:st0/hp53/mx53/df0/fn4909D0/lv4/v1 17:st0/hp44/mx44/df0/fn4909D0/lv3/v1 18:st0/hp48/mx48/df0/fn4909D0/lv3/v1 19:st0/hp48/mx48/df0/fn4909D0/lv3/v1 
autobattle PET turn=0 myNo=0 row=0 si=0 seed=-2 target=19 validEnemy=5 minLv=3 pcEnable=0 cmd=W|0|13
autobattle tick cnt=127 smto=1 res=0 battling=1 ctype=0 ptype=0
autobattle tick cnt=143 smto=1 res=0 battling=1 ctype=0 ptype=0
autobattle CHAR t=173684328 turn=1 cliT=1 myNo=0 afl=20000 cb=0 pb=0 subP=5 procN=10 actInf=0 menuF=0 tgtSel=0 resW=0 self=hp256/st0 pet=hp337/st0 validEnemy=1 fallback=17 delay=0 cmd=H|11 heal[en=1 tf=3 c=95 p=95 a=95 mag=3 selfP=97/mx263 petP=97/mx345] | enemies=10:st0/hp0/mx0/df0/fn0/lv0/v0 11:st0/hp0/mx0/df0/fn0/lv0/v0 12:st0/hp0/mx0/df0/fn0/lv0/v0 13:st0/hp0/mx0/df0/fn0/lv0/v0 14:st0/hp0/mx0/df0/fn0/lv0/v0 15:st0/hp0/mx47/df0/fn0/lv3/v0 16:st0/hp0/mx53/df0/fn0/lv4/v0 17:st0/hp44/mx44/df0/fn4909D0/lv3/v1 18:st0/hp0/mx48/df0/fn0/lv3/v0 19:st0/hp0/mx48/df0/fn0/lv3/v0 
autobattle PET turn=1 myNo=0 row=0 si=0 seed=-2 target=17 validEnemy=1 minLv=3 pcEnable=0 cmd=W|0|11
autobattle tick cnt=160 smto=1 res=0 battling=1 ctype=0 ptype=0
autobattle tick cnt=163 smto=1 res=0 battling=1 ctype=0 ptype=0
autobattle CHAR t=173686421 turn=0 cliT=0 myNo=0 afl=38000 cb=0 pb=0 subP=3 procN=10 actInf=0 menuF=0 tgtSel=0 resW=0 self=hp256/st0 pet=hp337/st0 validEnemy=3 fallback=17 delay=0 cmd=H|11 heal[en=1 tf=3 c=95 p=95 a=95 mag=3 selfP=97/mx263 petP=97/mx345] | enemies=10:st0/hp0/mx0/df0/fn0/lv0/v0 11:st0/hp0/mx0/df0/fn0/lv0/v0 12:st0/hp0/mx0/df0/fn0/lv0/v0 13:st0/hp0/mx0/df0/fn0/lv0/v0 14:st0/hp0/mx0/df0/fn0/lv0/v0 15:st0/hp32/mx32/df0/fn4909D0/lv3/v1 16:st0/hp26/mx26/df0/fn4909D0/lv2/v1 17:st0/hp26/mx26/df0/fn4909D0/lv2/v1 18:st0/hp0/mx0/df0/fn0/lv0/v0 19:st0/hp0/mx0/df0/fn0/lv0/v0 
autobattle PET turn=0 myNo=0 row=0 si=0 seed=-2 target=17 validEnemy=3 minLv=2 pcEnable=0 cmd=W|0|11
autobattle tick cnt=180 smto=1 res=0 battling=1 ctype=0 ptype=0
autobattle CHAR t=173687578 turn=1 cliT=1 myNo=0 afl=10000 cb=0 pb=0 subP=5 procN=10 actInf=0 menuF=0 tgtSel=0 resW=0 self=hp256/st0 pet=hp336/st0 validEnemy=1 fallback=16 delay=0 cmd=H|10 heal[en=1 tf=3 c=95 p=95 a=95 mag=3 selfP=97/mx263 petP=97/mx345] | enemies=10:st0/hp0/mx0/df0/fn0/lv0/v0 11:st0/hp0/mx0/df0/fn0/lv0/v0 12:st0/hp0/mx0/df0/fn0/lv0/v0 13:st0/hp0/mx0/df0/fn0/lv0/v0 14:st0/hp0/mx0/df0/fn0/lv0/v0 15:st0/hp0/mx32/df0/fn0/lv3/v0 16:st0/hp26/mx26/df0/fn4909D0/lv2/v1 17:st0/hp0/mx26/df0/fn0/lv2/v0 18:st0/hp0/mx0/df0/fn0/lv0/v0 19:st0/hp0/mx0/df0/fn0/lv0/v0 
autobattle PET turn=1 myNo=0 row=0 si=0 seed=-2 target=16 validEnemy=1 minLv=2 pcEnable=0 cmd=W|0|10
autobattle tick cnt=195 smto=1 res=0 battling=1 ctype=0 ptype=0
autobattle CHAR t=173690062 turn=0 cliT=0 myNo=0 afl=38000 cb=0 pb=0 subP=3 procN=10 actInf=0 menuF=0 tgtSel=0 resW=0 self=hp256/st0 pet=hp336/st0 validEnemy=3 fallback=17 delay=0 cmd=H|11 heal[en=1 tf=3 c=95 p=95 a=95 mag=3 selfP=97/mx263 petP=97/mx345] | enemies=10:st0/hp0/mx0/df0/fn0/lv0/v0 11:st0/hp0/mx0/df0/fn0/lv0/v0 12:st0/hp0/mx0/df0/fn0/lv0/v0 13:st0/hp0/mx0/df0/fn0/lv0/v0 14:st0/hp0/mx0/df0/fn0/lv0/v0 15:st0/hp25/mx25/df0/fn4909D0/lv2/v1 16:st0/hp24/mx24/df0/fn4909D0/lv2/v1 17:st0/hp30/mx30/df0/fn4909D0/lv3/v1 18:st0/hp0/mx0/df0/fn0/lv0/v0 19:st0/hp0/mx0/df0/fn0/lv0/v0 
autobattle PET turn=0 myNo=0 row=0 si=0 seed=-2 target=17 validEnemy=3 minLv=2 pcEnable=0 cmd=W|0|11
autobattle CHAR t=173690796 turn=1 cliT=1 myNo=0 afl=18000 cb=0 pb=0 subP=5 procN=10 actInf=0 menuF=0 tgtSel=0 resW=0 self=hp256/st0 pet=hp336/st0 validEnemy=2 fallback=15 delay=0 cmd=H|F heal[en=1 tf=3 c=95 p=95 a=95 mag=3 selfP=97/mx263 petP=97/mx345] | enemies=10:st0/hp0/mx0/df0/fn0/lv0/v0 11:st0/hp0/mx0/df0/fn0/lv0/v0 12:st0/hp0/mx0/df0/fn0/lv0/v0 13:st0/hp0/mx0/df0/fn0/lv0/v0 14:st0/hp0/mx0/df0/fn0/lv0/v0 15:st0/hp25/mx25/df0/fn4909D0/lv2/v1 16:st0/hp24/mx24/df0/fn4909D0/lv2/v1 17:st0/hp0/mx30/df0/fn0/lv3/v0 18:st0/hp0/mx0/df0/fn0/lv0/v0 19:st0/hp0/mx0/df0/fn0/lv0/v0 
autobattle PET turn=1 myNo=0 row=0 si=0 seed=-2 target=15 validEnemy=2 minLv=2 pcEnable=0 cmd=W|0|F
autobattle tick cnt=212 smto=1 res=0 battling=1 ctype=0 ptype=0
autobattle tick cnt=226 smto=1 res=0 battling=1 ctype=0 ptype=0
autobattle CHAR t=173693562 turn=0 cliT=0 myNo=0 afl=38000 cb=0 pb=0 subP=3 procN=10 actInf=0 menuF=0 tgtSel=0 resW=0 self=hp256/st0 pet=hp336/st0 validEnemy=3 fallback=17 delay=0 cmd=H|11 heal[en=1 tf=3 c=95 p=95 a=95 mag=3 selfP=97/mx263 petP=97/mx345] | enemies=10:st0/hp0/mx0/df0/fn0/lv0/v0 11:st0/hp0/mx0/df0/fn0/lv0/v0 12:st0/hp0/mx0/df0/fn0/lv0/v0 13:st0/hp0/mx0/df0/fn0/lv0/v0 14:st0/hp0/mx0/df0/fn0/lv0/v0 15:st0/hp29/mx29/df0/fn4909D0/lv3/v1 16:st0/hp29/mx29/df0/fn4909D0/lv3/v1 17:st0/hp26/mx26/df0/fn4909D0/lv2/v1 18:st0/hp0/mx0/df0/fn0/lv0/v0 19:st0/hp0/mx0/df0/fn0/lv0/v0 
autobattle PET turn=0 myNo=0 row=0 si=0 seed=-2 target=17 validEnemy=3 minLv=2 pcEnable=0 cmd=W|0|11
autobattle CHAR t=173694484 turn=1 cliT=1 myNo=0 afl=18000 cb=0 pb=0 subP=5 procN=10 actInf=0 menuF=0 tgtSel=0 resW=0 self=hp254/st0 pet=hp336/st0 validEnemy=2 fallback=15 delay=0 cmd=H|F heal[en=1 tf=3 c=95 p=95 a=95 mag=3 selfP=96/mx263 petP=97/mx345] | enemies=10:st0/hp0/mx0/df0/fn0/lv0/v0 11:st0/hp0/mx0/df0/fn0/lv0/v0 12:st0/hp0/mx0/df0/fn0/lv0/v0 13:st0/hp0/mx0/df0/fn0/lv0/v0 14:st0/hp0/mx0/df0/fn0/lv0/v0 15:st0/hp29/mx29/df0/fn4909D0/lv3/v1 16:st0/hp29/mx29/df0/fn4909D0/lv3/v1 17:st0/hp0/mx26/df0/fn0/lv2/v0 18:st0/hp0/mx0/df0/fn0/lv0/v0 19:st0/hp0/mx0/df0/fn0/lv0/v0 
autobattle tick cnt=243 smto=1 res=0 battling=1 ctype=0 ptype=0
autobattle PET turn=1 myNo=0 row=0 si=0 seed=-2 target=15 validEnemy=2 minLv=3 pcEnable=0 cmd=W|0|F
autobattle tick cnt=260 smto=1 res=0 battling=1 ctype=0 ptype=0
autobattle CHAR t=173696328 turn=0 cliT=0 myNo=0 afl=78000 cb=0 pb=0 subP=3 procN=10 actInf=0 menuF=0 tgtSel=0 resW=0 self=hp254/st0 pet=hp336/st0 validEnemy=4 fallback=17 delay=0 cmd=H|11 heal[en=1 tf=3 c=95 p=95 a=95 mag=3 selfP=96/mx263 petP=97/mx345] | enemies=10:st0/hp0/mx0/df0/fn0/lv0/v0 11:st0/hp0/mx0/df0/fn0/lv0/v0 12:st0/hp0/mx0/df0/fn0/lv0/v0 13:st0/hp0/mx0/df0/fn0/lv0/v0 14:st0/hp0/mx0/df0/fn0/lv0/v0 15:st0/hp26/mx26/df0/fn4909D0/lv2/v1 16:st0/hp25/mx25/df0/fn4909D0/lv2/v1 17:st0/hp24/mx24/df0/fn4909D0/lv2/v1 18:st0/hp29/mx29/df0/fn4909D0/lv3/v1 19:st0/hp0/mx0/df0/fn0/lv0/v0 
autobattle PET turn=0 myNo=0 row=0 si=0 seed=-2 target=17 validEnemy=4 minLv=2 pcEnable=0 cmd=W|0|11
autobattle tick cnt=276 smto=1 res=0 battling=1 ctype=0 ptype=0
autobattle CHAR t=173697765 turn=1 cliT=1 myNo=0 afl=50000 cb=0 pb=0 subP=5 procN=10 actInf=0 menuF=0 tgtSel=0 resW=0 self=hp254/st0 pet=hp335/st0 validEnemy=2 fallback=16 delay=0 cmd=H|10 heal[en=1 tf=3 c=95 p=95 a=95 mag=3 selfP=96/mx263 petP=97/mx345] | enemies=10:st0/hp0/mx0/df0/fn0/lv0/v0 11:st0/hp0/mx0/df0/fn0/lv0/v0 12:st0/hp0/mx0/df0/fn0/lv0/v0 13:st0/hp0/mx0/df0/fn0/lv0/v0 14:st0/hp0/mx0/df0/fn0/lv0/v0 15:st0/hp0/mx26/df0/fn0/lv2/v0 16:st0/hp25/mx25/df0/fn4909D0/lv2/v1 17:st0/hp0/mx24/df0/fn0/lv2/v0 18:st0/hp29/mx29/df0/fn4909D0/lv3/v1 19:st0/hp0/mx0/df0/fn0/lv0/v0 
autobattle PET turn=1 myNo=0 row=0 si=0 seed=-2 target=16 validEnemy=2 minLv=2 pcEnable=0 cmd=W|0|10
autobattle tick cnt=293 smto=1 res=0 battling=1 ctype=0 ptype=0
autobattle CHAR t=173698687 turn=2 cliT=2 myNo=0 afl=40000 cb=0 pb=0 subP=5 procN=10 actInf=0 menuF=0 tgtSel=0 resW=0 self=hp254/st0 pet=hp335/st0 validEnemy=1 fallback=18 delay=0 cmd=H|12 heal[en=1 tf=3 c=95 p=95 a=95 mag=3 selfP=96/mx263 petP=97/mx345] | enemies=10:st0/hp0/mx0/df0/fn0/lv0/v0 11:st0/hp0/mx0/df0/fn0/lv0/v0 12:st0/hp0/mx0/df0/fn0/lv0/v0 13:st0/hp0/mx0/df0/fn0/lv0/v0 14:st0/hp0/mx0/df0/fn0/lv0/v0 15:st0/hp0/mx26/df0/fn0/lv2/v0 16:st0/hp0/mx25/df0/fn0/lv2/v0 17:st0/hp0/mx24/df0/fn0/lv2/v0 18:st0/hp29/mx29/df0/fn4909D0/lv3/v1 19:st0/hp0/mx0/df0/fn0/lv0/v0 
autobattle PET turn=2 myNo=0 row=0 si=0 seed=-2 target=18 validEnemy=1 minLv=3 pcEnable=0 cmd=W|0|12
autobattle tick cnt=310 smto=1 res=0 battling=1 ctype=0 ptype=0
autobattle CHAR t=173700156 turn=0 cliT=0 myNo=0 afl=F8000 cb=0 pb=0 subP=3 procN=10 actInf=0 menuF=0 tgtSel=0 resW=0 self=hp254/st0 pet=hp335/st0 validEnemy=5 fallback=19 delay=0 cmd=H|13 heal[en=1 tf=3 c=95 p=95 a=95 mag=3 selfP=96/mx263 petP=97/mx345] | enemies=10:st0/hp0/mx0/df0/fn0/lv0/v0 11:st0/hp0/mx0/df0/fn0/lv0/v0 12:st0/hp0/mx0/df0/fn0/lv0/v0 13:st0/hp0/mx0/df0/fn0/lv0/v0 14:st0/hp0/mx0/df0/fn0/lv0/v0 15:st0/hp46/mx46/df0/fn4909D0/lv3/v1 16:st0/hp51/mx51/df0/fn4909D0/lv4/v1 17:st0/hp44/mx44/df0/fn4909D0/lv3/v1 18:st0/hp51/mx51/df0/fn4909D0/lv4/v1 19:st0/hp37/mx37/df0/fn4909D0/lv2/v1 
autobattle PET turn=0 myNo=0 row=0 si=0 seed=-2 target=19 validEnemy=5 minLv=2 pcEnable=0 cmd=W|0|13
autobattle tick cnt=318 smto=1 res=0 battling=1 ctype=0 ptype=0
autobattle tick cnt=335 smto=1 res=0 battling=1 ctype=0 ptype=0
autobattle CHAR t=173702125 turn=1 cliT=1 myNo=0 afl=28000 cb=0 pb=0 subP=5 procN=10 actInf=0 menuF=0 tgtSel=0 resW=0 self=hp254/st0 pet=hp335/st0 validEnemy=2 fallback=17 delay=0 cmd=H|11 heal[en=1 tf=3 c=95 p=95 a=95 mag=3 selfP=96/mx263 petP=97/mx345] | enemies=10:st0/hp0/mx0/df0/fn0/lv0/v0 11:st0/hp0/mx0/df0/fn0/lv0/v0 12:st0/hp0/mx0/df0/fn0/lv0/v0 13:st0/hp0/mx0/df0/fn0/lv0/v0 14:st0/hp0/mx0/df0/fn0/lv0/v0 15:st0/hp46/mx46/df0/fn4909D0/lv3/v1 16:st0/hp0/mx51/df0/fn0/lv4/v0 17:st0/hp44/mx44/df0/fn4909D0/lv3/v1 18:st0/hp0/mx51/df0/fn0/lv4/v0 19:st0/hp0/mx37/df0/fn0/lv2/v0 
autobattle PET turn=1 myNo=0 row=0 si=0 seed=-2 target=17 validEnemy=2 minLv=3 pcEnable=0 cmd=W|0|11
autobattle tick cnt=352 smto=1 res=0 battling=1 ctype=0 ptype=0
autobattle CHAR t=173703000 turn=2 cliT=2 myNo=0 afl=8000 cb=0 pb=0 subP=5 procN=10 actInf=0 menuF=0 tgtSel=0 resW=0 self=hp254/st0 pet=hp335/st0 validEnemy=1 fallback=15 delay=0 cmd=H|F heal[en=1 tf=3 c=95 p=95 a=95 mag=3 selfP=96/mx263 petP=97/mx345] | enemies=10:st0/hp0/mx0/df0/fn0/lv0/v0 11:st0/hp0/mx0/df0/fn0/lv0/v0 12:st0/hp0/mx0/df0/fn0/lv0/v0 13:st0/hp0/mx0/df0/fn0/lv0/v0 14:st0/hp0/mx0/df0/fn0/lv0/v0 15:st0/hp46/mx46/df0/fn4909D0/lv3/v1 16:st0/hp0/mx51/df0/fn0/lv4/v0 17:st0/hp0/mx44/df0/fn0/lv3/v0 18:st0/hp0/mx51/df0/fn0/lv4/v0 19:st0/hp0/mx37/df0/fn0/lv2/v0 
autobattle PET turn=2 myNo=0 row=0 si=0 seed=-2 target=15 validEnemy=1 minLv=3 pcEnable=0 cmd=W|0|F
autobattle tick cnt=368 smto=1 res=0 battling=1 ctype=0 ptype=0
autobattle CHAR t=173704578 turn=0 cliT=0 myNo=0 afl=38000 cb=0 pb=0 subP=3 procN=10 actInf=0 menuF=0 tgtSel=0 resW=0 self=hp254/st0 pet=hp335/st0 validEnemy=3 fallback=17 delay=0 cmd=H|11 heal[en=1 tf=3 c=95 p=95 a=95 mag=3 selfP=96/mx263 petP=97/mx345] | enemies=10:st0/hp0/mx0/df0/fn0/lv0/v0 11:st0/hp0/mx0/df0/fn0/lv0/v0 12:st0/hp0/mx0/df0/fn0/lv0/v0 13:st0/hp0/mx0/df0/fn0/lv0/v0 14:st0/hp0/mx0/df0/fn0/lv0/v0 15:st0/hp38/mx38/df0/fn4909D0/lv2/v1 16:st0/hp53/mx53/df0/fn4909D0/lv4/v1 17:st0/hp42/mx42/df0/fn4909D0/lv3/v1 18:st0/hp0/mx0/df0/fn0/lv0/v0 19:st0/hp0/mx0/df0/fn0/lv0/v0 
autobattle tick cnt=374 smto=1 res=0 battling=1 ctype=0 ptype=0
autobattle PET turn=0 myNo=0 row=0 si=0 seed=-2 target=17 validEnemy=3 minLv=2 pcEnable=0 cmd=W|0|11
autobattle tick cnt=390 smto=1 res=0 battling=1 ctype=0 ptype=0
autobattle CHAR t=173705640 turn=1 cliT=1 myNo=0 afl=18000 cb=0 pb=0 subP=5 procN=10 actInf=0 menuF=0 tgtSel=0 resW=0 self=hp254/st0 pet=hp334/st0 validEnemy=2 fallback=15 delay=0 cmd=H|F heal[en=1 tf=3 c=95 p=95 a=95 mag=3 selfP=96/mx263 petP=96/mx345] | enemies=10:st0/hp0/mx0/df0/fn0/lv0/v0 11:st0/hp0/mx0/df0/fn0/lv0/v0 12:st0/hp0/mx0/df0/fn0/lv0/v0 13:st0/hp0/mx0/df0/fn0/lv0/v0 14:st0/hp0/mx0/df0/fn0/lv0/v0 15:st0/hp38/mx38/df0/fn4909D0/lv2/v1 16:st0/hp53/mx53/df0/fn4909D0/lv4/v1 17:st0/hp0/mx42/df0/fn0/lv3/v0 18:st0/hp0/mx0/df0/fn0/lv0/v0 19:st0/hp0/mx0/df0/fn0/lv0/v0 
autobattle PET turn=1 myNo=0 row=0 si=0 seed=-2 target=15 validEnemy=2 minLv=2 pcEnable=0 cmd=W|0|F
autobattle tick cnt=407 smto=1 res=0 battling=1 ctype=0 ptype=0
autobattle tick cnt=408 smto=1 res=0 battling=1 ctype=0 ptype=0
autobattle CHAR t=173707968 turn=0 cliT=0 myNo=0 afl=78000 cb=0 pb=0 subP=3 procN=10 actInf=0 menuF=0 tgtSel=0 resW=0 self=hp254/st0 pet=hp334/st0 validEnemy=4 fallback=17 delay=0 cmd=H|11 heal[en=1 tf=3 c=95 p=95 a=95 mag=3 selfP=96/mx263 petP=96/mx345] | enemies=10:st0/hp0/mx0/df0/fn0/lv0/v0 11:st0/hp0/mx0/df0/fn0/lv0/v0 12:st0/hp0/mx0/df0/fn0/lv0/v0 13:st0/hp0/mx0/df0/fn0/lv0/v0 14:st0/hp0/mx0/df0/fn0/lv0/v0 15:st0/hp35/mx35/df0/fn4909D0/lv2/v1 16:st0/hp51/mx51/df0/fn4909D0/lv4/v1 17:st0/hp45/mx45/df0/fn4909D0/lv3/v1 18:st0/hp39/mx39/df0/fn4909D0/lv2/v1 19:st0/hp0/mx0/df0/fn0/lv0/v0 
autobattle PET turn=0 myNo=0 row=0 si=0 seed=-2 target=17 validEnemy=4 minLv=2 pcEnable=0 cmd=W|0|11
autobattle tick cnt=425 smto=1 res=0 battling=1 ctype=0 ptype=0
autobattle CHAR t=173709328 turn=1 cliT=1 myNo=0 afl=58000 cb=0 pb=0 subP=5 procN=10 actInf=0 menuF=0 tgtSel=0 resW=0 self=hp254/st0 pet=hp334/st0 validEnemy=3 fallback=15 delay=0 cmd=H|F heal[en=1 tf=3 c=95 p=95 a=95 mag=3 selfP=96/mx263 petP=96/mx345] | enemies=10:st0/hp0/mx0/df0/fn0/lv0/v0 11:st0/hp0/mx0/df0/fn0/lv0/v0 12:st0/hp0/mx0/df0/fn0/lv0/v0 13:st0/hp0/mx0/df0/fn0/lv0/v0 14:st0/hp0/mx0/df0/fn0/lv0/v0 15:st0/hp35/mx35/df0/fn4909D0/lv2/v1 16:st0/hp51/mx51/df0/fn4909D0/lv4/v1 17:st0/hp0/mx45/df0/fn0/lv3/v0 18:st0/hp39/mx39/df0/fn4909D0/lv2/v1 19:st0/hp0/mx0/df0/fn0/lv0/v0 
autobattle PET turn=1 myNo=0 row=0 si=0 seed=-2 target=15 validEnemy=3 minLv=2 pcEnable=0 cmd=W|0|F
autobattle tick cnt=442 smto=1 res=0 battling=1 ctype=0 ptype=0
autobattle CHAR t=173710437 turn=2 cliT=2 myNo=0 afl=10000 cb=0 pb=0 subP=5 procN=10 actInf=0 menuF=0 tgtSel=0 resW=0 self=hp254/st0 pet=hp333/st0 validEnemy=1 fallback=16 delay=0 cmd=H|10 heal[en=1 tf=3 c=95 p=95 a=95 mag=3 selfP=96/mx263 petP=96/mx345] | enemies=10:st0/hp0/mx0/df0/fn0/lv0/v0 11:st0/hp0/mx0/df0/fn0/lv0/v0 12:st0/hp0/mx0/df0/fn0/lv0/v0 13:st0/hp0/mx0/df0/fn0/lv0/v0 14:st0/hp0/mx0/df0/fn0/lv0/v0 15:st0/hp0/mx35/df0/fn0/lv2/v0 16:st0/hp51/mx51/df0/fn4909D0/lv4/v1 17:st0/hp0/mx45/df0/fn0/lv3/v0 18:st0/hp0/mx39/df0/fn0/lv2/v0 19:st0/hp0/mx0/df0/fn0/lv0/v0 
autobattle PET turn=2 myNo=0 row=0 si=0 seed=-2 target=16 validEnemy=1 minLv=4 pcEnable=0 cmd=W|0|10
autobattle tick cnt=459 smto=1 res=0 battling=1 ctype=0 ptype=0
autobattle tick cnt=460 smto=1 res=0 battling=1 ctype=0 ptype=0
autobattle CHAR t=173712234 turn=0 cliT=0 myNo=0 afl=78000 cb=0 pb=0 subP=3 procN=10 actInf=0 menuF=0 tgtSel=0 resW=0 self=hp254/st0 pet=hp333/st0 validEnemy=4 fallback=17 delay=0 cmd=H|11 heal[en=1 tf=3 c=95 p=95 a=95 mag=3 selfP=96/mx263 petP=96/mx345] | enemies=10:st0/hp0/mx0/df0/fn0/lv0/v0 11:st0/hp0/mx0/df0/fn0/lv0/v0 12:st0/hp0/mx0/df0/fn0/lv0/v0 13:st0/hp0/mx0/df0/fn0/lv0/v0 14:st0/hp0/mx0/df0/fn0/lv0/v0 15:st0/hp40/mx40/df0/fn4909D0/lv2/v1 16:st0/hp49/mx49/df0/fn4909D0/lv3/v1 17:st0/hp49/mx49/df0/fn4909D0/lv3/v1 18:st0/hp49/mx49/df0/fn4909D0/lv3/v1 19:st0/hp0/mx0/df0/fn0/lv0/v0 
autobattle PET turn=0 myNo=0 row=0 si=0 seed=-2 target=17 validEnemy=4 minLv=2 pcEnable=0 cmd=W|0|11
autobattle tick cnt=477 smto=1 res=0 battling=1 ctype=0 ptype=0
autobattle CHAR t=173713515 turn=1 cliT=1 myNo=0 afl=58000 cb=0 pb=0 subP=5 procN=10 actInf=0 menuF=0 tgtSel=0 resW=0 self=hp254/st0 pet=hp333/st0 validEnemy=3 fallback=15 delay=0 cmd=H|F heal[en=1 tf=3 c=95 p=95 a=95 mag=3 selfP=96/mx263 petP=96/mx345] | enemies=10:st0/hp0/mx0/df0/fn0/lv0/v0 11:st0/hp0/mx0/df0/fn0/lv0/v0 12:st0/hp0/mx0/df0/fn0/lv0/v0 13:st0/hp0/mx0/df0/fn0/lv0/v0 14:st0/hp0/mx0/df0/fn0/lv0/v0 15:st0/hp40/mx40/df0/fn4909D0/lv2/v1 16:st0/hp49/mx49/df0/fn4909D0/lv3/v1 17:st0/hp0/mx49/df0/fn0/lv3/v0 18:st0/hp49/mx49/df0/fn4909D0/lv3/v1 19:st0/hp0/mx0/df0/fn0/lv0/v0 
autobattle PET turn=1 myNo=0 row=0 si=0 seed=-2 target=15 validEnemy=3 minLv=2 pcEnable=0 cmd=W|0|F
autobattle tick cnt=494 smto=1 res=0 battling=1 ctype=0 ptype=0
autobattle CHAR t=173714625 turn=2 cliT=2 myNo=0 afl=40000 cb=0 pb=0 subP=5 procN=10 actInf=0 menuF=0 tgtSel=0 resW=0 self=hp254/st0 pet=hp333/st0 validEnemy=1 fallback=18 delay=0 cmd=H|12 heal[en=1 tf=3 c=95 p=95 a=95 mag=3 selfP=96/mx263 petP=96/mx345] | enemies=10:st0/hp0/mx0/df0/fn0/lv0/v0 11:st0/hp0/mx0/df0/fn0/lv0/v0 12:st0/hp0/mx0/df0/fn0/lv0/v0 13:st0/hp0/mx0/df0/fn0/lv0/v0 14:st0/hp0/mx0/df0/fn0/lv0/v0 15:st0/hp0/mx40/df0/fn0/lv2/v0 16:st0/hp0/mx49/df0/fn0/lv3/v0 17:st0/hp0/mx49/df0/fn0/lv3/v0 18:st0/hp49/mx49/df0/fn4909D0/lv3/v1 19:st0/hp0/mx0/df0/fn0/lv0/v0 
autobattle PET turn=2 myNo=0 row=0 si=0 seed=-2 target=18 validEnemy=1 minLv=3 pcEnable=0 cmd=W|0|12
autobattle tick cnt=511 smto=1 res=0 battling=1 ctype=0 ptype=0
autobattle CHAR t=173716046 turn=0 cliT=0 myNo=0 afl=8000 cb=0 pb=0 subP=3 procN=10 actInf=0 menuF=0 tgtSel=0 resW=0 self=hp254/st0 pet=hp333/st0 validEnemy=1 fallback=15 delay=0 cmd=H|F heal[en=1 tf=3 c=95 p=95 a=95 mag=3 selfP=96/mx263 petP=96/mx345] | enemies=10:st0/hp0/mx0/df0/fn0/lv0/v0 11:st0/hp0/mx0/df0/fn0/lv0/v0 12:st0/hp0/mx0/df0/fn0/lv0/v0 13:st0/hp0/mx0/df0/fn0/lv0/v0 14:st0/hp0/mx0/df0/fn0/lv0/v0 15:st0/hp53/mx53/df0/fn4909D0/lv4/v1 16:st0/hp0/mx0/df0/fn0/lv0/v0 17:st0/hp0/mx0/df0/fn0/lv0/v0 18:st0/hp0/mx0/df0/fn0/lv0/v0 19:st0/hp0/mx0/df0/fn0/lv0/v0 
autobattle PET turn=0 myNo=0 row=0 si=0 seed=-2 target=15 validEnemy=1 minLv=4 pcEnable=0 cmd=W|0|F
autobattle tick cnt=520 smto=1 res=0 battling=1 ctype=0 ptype=0
autobattle tick cnt=529 smto=1 res=0 battling=1 ctype=0 ptype=0
autobattle CHAR t=173718078 turn=0 cliT=0 myNo=0 afl=78000 cb=0 pb=0 subP=3 procN=10 actInf=0 menuF=0 tgtSel=0 resW=0 self=hp254/st0 pet=hp333/st0 validEnemy=4 fallback=17 delay=0 cmd=H|11 heal[en=1 tf=3 c=95 p=95 a=95 mag=3 selfP=96/mx263 petP=96/mx345] | enemies=10:st0/hp0/mx0/df0/fn0/lv0/v0 11:st0/hp0/mx0/df0/fn0/lv0/v0 12:st0/hp0/mx0/df0/fn0/lv0/v0 13:st0/hp0/mx0/df0/fn0/lv0/v0 14:st0/hp0/mx0/df0/fn0/lv0/v0 15:st0/hp38/mx38/df0/fn4909D0/lv3/v1 16:st0/hp30/mx30/df0/fn4909D0/lv2/v1 17:st0/hp36/mx36/df0/fn4909D0/lv3/v1 18:st0/hp31/mx31/df0/fn4909D0/lv2/v1 19:st0/hp0/mx0/df0/fn0/lv0/v0 
autobattle PET turn=0 myNo=0 row=0 si=0 seed=-2 target=17 validEnemy=4 minLv=2 pcEnable=0 cmd=W|0|11
autobattle CHAR t=173718812 turn=1 cliT=1 myNo=0 afl=58000 cb=0 pb=0 subP=5 procN=10 actInf=0 menuF=0 tgtSel=0 resW=0 self=hp254/st0 pet=hp333/st0 validEnemy=3 fallback=15 delay=0 cmd=H|F heal[en=1 tf=3 c=95 p=95 a=95 mag=3 selfP=96/mx263 petP=96/mx345] | enemies=10:st0/hp0/mx0/df0/fn0/lv0/v0 11:st0/hp0/mx0/df0/fn0/lv0/v0 12:st0/hp0/mx0/df0/fn0/lv0/v0 13:st0/hp0/mx0/df0/fn0/lv0/v0 14:st0/hp0/mx0/df0/fn0/lv0/v0 15:st0/hp38/mx38/df0/fn4909D0/lv3/v1 16:st0/hp30/mx30/df0/fn4909D0/lv2/v1 17:st0/hp0/mx36/df0/fn0/lv3/v0 18:st0/hp31/mx31/df0/fn4909D0/lv2/v1 19:st0/hp0/mx0/df0/fn0/lv0/v0 
autobattle PET turn=1 myNo=0 row=0 si=0 seed=-2 target=15 validEnemy=3 minLv=2 pcEnable=0 cmd=W|0|F
autobattle tick cnt=546 smto=1 res=0 battling=1 ctype=0 ptype=0
autobattle CHAR t=173719921 turn=2 cliT=2 myNo=0 afl=50000 cb=0 pb=0 subP=5 procN=10 actInf=0 menuF=0 tgtSel=0 resW=0 self=hp254/st0 pet=hp333/st0 validEnemy=2 fallback=16 delay=0 cmd=H|10 heal[en=1 tf=3 c=95 p=95 a=95 mag=3 selfP=96/mx263 petP=96/mx345] | enemies=10:st0/hp0/mx0/df0/fn0/lv0/v0 11:st0/hp0/mx0/df0/fn0/lv0/v0 12:st0/hp0/mx0/df0/fn0/lv0/v0 13:st0/hp0/mx0/df0/fn0/lv0/v0 14:st0/hp0/mx0/df0/fn0/lv0/v0 15:st0/hp0/mx38/df0/fn0/lv3/v0 16:st0/hp30/mx30/df0/fn4909D0/lv2/v1 17:st0/hp0/mx36/df0/fn0/lv3/v0 18:st0/hp31/mx31/df0/fn4909D0/lv2/v1 19:st0/hp0/mx0/df0/fn0/lv0/v0 
autobattle PET turn=2 myNo=0 row=0 si=0 seed=-2 target=16 validEnemy=2 minLv=2 pcEnable=0 cmd=W|0|10
autobattle tick cnt=563 smto=1 res=0 battling=1 ctype=0 ptype=0
autobattle CHAR t=173720843 turn=3 cliT=3 myNo=0 afl=40000 cb=0 pb=0 subP=5 procN=10 actInf=0 menuF=0 tgtSel=0 resW=0 self=hp254/st0 pet=hp332/st0 validEnemy=1 fallback=18 delay=0 cmd=H|12 heal[en=1 tf=3 c=95 p=95 a=95 mag=3 selfP=96/mx263 petP=96/mx345] | enemies=10:st0/hp0/mx0/df0/fn0/lv0/v0 11:st0/hp0/mx0/df0/fn0/lv0/v0 12:st0/hp0/mx0/df0/fn0/lv0/v0 13:st0/hp0/mx0/df0/fn0/lv0/v0 14:st0/hp0/mx0/df0/fn0/lv0/v0 15:st0/hp0/mx38/df0/fn0/lv3/v0 16:st0/hp0/mx30/df0/fn0/lv2/v0 17:st0/hp0/mx36/df0/fn0/lv3/v0 18:st0/hp31/mx31/df0/fn4909D0/lv2/v1 19:st0/hp0/mx0/df0/fn0/lv0/v0 
autobattle PET turn=3 myNo=0 row=0 si=0 seed=-2 target=18 validEnemy=1 minLv=2 pcEnable=0 cmd=W|0|12
autobattle tick cnt=580 smto=1 res=0 battling=1 ctype=0 ptype=0
autobattle tick cnt=587 smto=1 res=0 battling=1 ctype=0 ptype=0
autobattle CHAR t=173723421 turn=0 cliT=0 myNo=0 afl=78000 cb=0 pb=0 subP=3 procN=10 actInf=0 menuF=0 tgtSel=0 resW=0 self=hp254/st0 pet=hp332/st0 validEnemy=4 fallback=17 delay=0 cmd=H|11 heal[en=1 tf=3 c=95 p=95 a=95 mag=3 selfP=96/mx263 petP=96/mx345] | enemies=10:st0/hp0/mx0/df0/fn0/lv0/v0 11:st0/hp0/mx0/df0/fn0/lv0/v0 12:st0/hp0/mx0/df0/fn0/lv0/v0 13:st0/hp0/mx0/df0/fn0/lv0/v0 14:st0/hp0/mx0/df0/fn0/lv0/v0 15:st0/hp36/mx36/df0/fn4909D0/lv2/v1 16:st0/hp37/mx37/df0/fn4909D0/lv2/v1 17:st0/hp50/mx50/df0/fn4909D0/lv4/v1 18:st0/hp54/mx54/df0/fn4909D0/lv4/v1 19:st0/hp0/mx0/df0/fn0/lv0/v0 
autobattle PET turn=0 myNo=0 row=0 si=0 seed=-2 target=17 validEnemy=4 minLv=2 pcEnable=0 cmd=W|0|11
autobattle tick cnt=604 smto=1 res=0 battling=1 ctype=0 ptype=0
autobattle CHAR t=173724656 turn=1 cliT=1 myNo=0 afl=50000 cb=0 pb=0 subP=5 procN=10 actInf=0 menuF=0 tgtSel=0 resW=0 self=hp252/st0 pet=hp332/st0 validEnemy=2 fallback=16 delay=0 cmd=H|10 heal[en=1 tf=3 c=95 p=95 a=95 mag=3 selfP=95/mx263 petP=96/mx345] | enemies=10:st0/hp0/mx0/df0/fn0/lv0/v0 11:st0/hp0/mx0/df0/fn0/lv0/v0 12:st0/hp0/mx0/df0/fn0/lv0/v0 13:st0/hp0/mx0/df0/fn0/lv0/v0 14:st0/hp0/mx0/df0/fn0/lv0/v0 15:st0/hp0/mx36/df0/fn0/lv2/v0 16:st0/hp37/mx37/df0/fn4909D0/lv2/v1 17:st0/hp0/mx50/df0/fn0/lv4/v0 18:st0/hp54/mx54/df0/fn4909D0/lv4/v1 19:st0/hp0/mx0/df0/fn0/lv0/v0 
autobattle PET turn=1 myNo=0 row=0 si=0 seed=-2 target=16 validEnemy=2 minLv=2 pcEnable=0 cmd=W|0|10
autobattle tick cnt=620 smto=1 res=0 battling=1 ctype=0 ptype=0
autobattle CHAR t=173726453 turn=0 cliT=0 myNo=0 afl=8000 cb=0 pb=0 subP=3 procN=10 actInf=0 menuF=0 tgtSel=0 resW=0 self=hp252/st0 pet=hp332/st0 validEnemy=1 fallback=15 delay=0 cmd=H|F heal[en=1 tf=3 c=95 p=95 a=95 mag=3 selfP=95/mx263 petP=96/mx345] | enemies=10:st0/hp0/mx0/df0/fn0/lv0/v0 11:st0/hp0/mx0/df0/fn0/lv0/v0 12:st0/hp0/mx0/df0/fn0/lv0/v0 13:st0/hp0/mx0/df0/fn0/lv0/v0 14:st0/hp0/mx0/df0/fn0/lv0/v0 15:st0/hp37/mx37/df0/fn4909D0/lv2/v1 16:st0/hp0/mx0/df0/fn0/lv0/v0 17:st0/hp0/mx0/df0/fn0/lv0/v0 18:st0/hp0/mx0/df0/fn0/lv0/v0 19:st0/hp0/mx0/df0/fn0/lv0/v0 
autobattle tick cnt=627 smto=1 res=0 battling=1 ctype=0 ptype=0
autobattle PET turn=0 myNo=0 row=0 si=0 seed=-2 target=15 validEnemy=1 minLv=2 pcEnable=0 cmd=W|0|F
autobattle tick cnt=638 smto=1 res=0 battling=1 ctype=0 ptype=0
autobattle CHAR t=173727625 turn=0 cliT=0 myNo=0 afl=78000 cb=0 pb=0 subP=3 procN=10 actInf=0 menuF=0 tgtSel=0 resW=0 self=hp252/st0 pet=hp332/st0 validEnemy=4 fallback=17 delay=0 cmd=H|11 heal[en=1 tf=3 c=95 p=95 a=95 mag=3 selfP=95/mx263 petP=96/mx345] | enemies=10:st0/hp0/mx0/df0/fn0/lv0/v0 11:st0/hp0/mx0/df0/fn0/lv0/v0 12:st0/hp0/mx0/df0/fn0/lv0/v0 13:st0/hp0/mx0/df0/fn0/lv0/v0 14:st0/hp0/mx0/df0/fn0/lv0/v0 15:st0/hp32/mx32/df0/fn4909D0/lv2/v1 16:st0/hp33/mx33/df0/fn4909D0/lv2/v1 17:st0/hp29/mx29/df0/fn4909D0/lv2/v1 18:st0/hp35/mx35/df0/fn4909D0/lv3/v1 19:st0/hp0/mx0/df0/fn0/lv0/v0 
autobattle PET turn=0 myNo=0 row=0 si=0 seed=-2 target=17 validEnemy=4 minLv=2 pcEnable=0 cmd=W|0|11
autobattle CHAR t=173728546 turn=1 cliT=1 myNo=0 afl=48000 cb=0 pb=0 subP=5 procN=10 actInf=0 menuF=0 tgtSel=0 resW=0 self=hp252/st0 pet=hp332/st0 validEnemy=2 fallback=15 delay=0 cmd=H|F heal[en=1 tf=3 c=95 p=95 a=95 mag=3 selfP=95/mx263 petP=96/mx345] | enemies=10:st0/hp0/mx0/df0/fn0/lv0/v0 11:st0/hp0/mx0/df0/fn0/lv0/v0 12:st0/hp0/mx0/df0/fn0/lv0/v0 13:st0/hp0/mx0/df0/fn0/lv0/v0 14:st0/hp0/mx0/df0/fn0/lv0/v0 15:st0/hp32/mx32/df0/fn4909D0/lv2/v1 16:st0/hp0/mx33/df0/fn0/lv2/v0 17:st0/hp0/mx29/df0/fn0/lv2/v0 18:st0/hp35/mx35/df0/fn4909D0/lv3/v1 19:st0/hp0/mx0/df0/fn0/lv0/v0 
autobattle tick cnt=655 smto=1 res=0 battling=1 ctype=0 ptype=0
autobattle PET turn=1 myNo=0 row=0 si=0 seed=-2 target=15 validEnemy=2 minLv=2 pcEnable=0 cmd=W|0|F
autobattle CHAR t=173729484 turn=2 cliT=2 myNo=0 afl=40000 cb=0 pb=0 subP=5 procN=10 actInf=0 menuF=0 tgtSel=0 resW=0 self=hp252/st0 pet=hp332/st0 validEnemy=1 fallback=18 delay=0 cmd=H|12 heal[en=1 tf=3 c=95 p=95 a=95 mag=3 selfP=95/mx263 petP=96/mx345] | enemies=10:st0/hp0/mx0/df0/fn0/lv0/v0 11:st0/hp0/mx0/df0/fn0/lv0/v0 12:st0/hp0/mx0/df0/fn0/lv0/v0 13:st0/hp0/mx0/df0/fn0/lv0/v0 14:st0/hp0/mx0/df0/fn0/lv0/v0 15:st0/hp0/mx32/df0/fn0/lv2/v0 16:st0/hp0/mx33/df0/fn0/lv2/v0 17:st0/hp0/mx29/df0/fn0/lv2/v0 18:st0/hp35/mx35/df0/fn4909D0/lv3/v1 19:st0/hp0/mx0/df0/fn0/lv0/v0 
autobattle PET turn=2 myNo=0 row=0 si=0 seed=-2 target=18 validEnemy=1 minLv=3 pcEnable=0 cmd=W|0|12
autobattle tick cnt=671 smto=1 res=0 battling=1 ctype=0 ptype=0
autobattle CHAR t=173730593 turn=0 cliT=0 myNo=0 afl=8000 cb=0 pb=0 subP=3 procN=10 actInf=0 menuF=0 tgtSel=0 resW=0 self=hp252/st0 pet=hp332/st0 validEnemy=1 fallback=15 delay=0 cmd=H|F heal[en=1 tf=3 c=95 p=95 a=95 mag=3 selfP=95/mx263 petP=96/mx345] | enemies=10:st0/hp0/mx0/df0/fn0/lv0/v0 11:st0/hp0/mx0/df0/fn0/lv0/v0 12:st0/hp0/mx0/df0/fn0/lv0/v0 13:st0/hp0/mx0/df0/fn0/lv0/v0 14:st0/hp0/mx0/df0/fn0/lv0/v0 15:st0/hp29/mx29/df0/fn4909D0/lv2/v1 16:st0/hp0/mx0/df0/fn0/lv0/v0 17:st0/hp0/mx0/df0/fn0/lv0/v0 18:st0/hp0/mx0/df0/fn0/lv0/v0 19:st0/hp0/mx0/df0/fn0/lv0/v0 
autobattle tick cnt=684 smto=1 res=0 battling=1 ctype=0 ptype=0
autobattle PET turn=0 myNo=0 row=0 si=0 seed=-2 target=15 validEnemy=1 minLv=2 pcEnable=0 cmd=W|0|F
autobattle tick cnt=695 smto=1 res=0 battling=1 ctype=0 ptype=0
autobattle CHAR t=173731765 turn=0 cliT=0 myNo=0 afl=18000 cb=0 pb=0 subP=3 procN=10 actInf=0 menuF=0 tgtSel=0 resW=0 self=hp252/st0 pet=hp332/st0 validEnemy=2 fallback=15 delay=0 cmd=H|F heal[en=1 tf=3 c=95 p=95 a=95 mag=3 selfP=95/mx263 petP=96/mx345] | enemies=10:st0/hp0/mx0/df0/fn0/lv0/v0 11:st0/hp0/mx0/df0/fn0/lv0/v0 12:st0/hp0/mx0/df0/fn0/lv0/v0 13:st0/hp0/mx0/df0/fn0/lv0/v0 14:st0/hp0/mx0/df0/fn0/lv0/v0 15:st0/hp22/mx22/df0/fn4909D0/lv2/v1 16:st0/hp30/mx30/df0/fn4909D0/lv3/v1 17:st0/hp0/mx0/df0/fn0/lv0/v0 18:st0/hp0/mx0/df0/fn0/lv0/v0 19:st0/hp0/mx0/df0/fn0/lv0/v0 
autobattle PET turn=0 myNo=0 row=0 si=0 seed=-2 target=15 validEnemy=2 minLv=2 pcEnable=0 cmd=W|0|F
autobattle CHAR t=173732562 turn=1 cliT=1 myNo=0 afl=10000 cb=0 pb=0 subP=5 procN=10 actInf=0 menuF=0 tgtSel=0 resW=0 self=hp252/st0 pet=hp332/st0 validEnemy=1 fallback=16 delay=0 cmd=H|10 heal[en=1 tf=3 c=95 p=95 a=95 mag=3 selfP=95/mx263 petP=96/mx345] | enemies=10:st0/hp0/mx0/df0/fn0/lv0/v0 11:st0/hp0/mx0/df0/fn0/lv0/v0 12:st0/hp0/mx0/df0/fn0/lv0/v0 13:st0/hp0/mx0/df0/fn0/lv0/v0 14:st0/hp0/mx0/df0/fn0/lv0/v0 15:st0/hp0/mx22/df0/fn0/lv2/v0 16:st0/hp30/mx30/df0/fn4909D0/lv3/v1 17:st0/hp0/mx0/df0/fn0/lv0/v0 18:st0/hp0/mx0/df0/fn0/lv0/v0 19:st0/hp0/mx0/df0/fn0/lv0/v0 
autobattle PET turn=1 myNo=0 row=0 si=0 seed=-2 target=16 validEnemy=1 minLv=3 pcEnable=0 cmd=W|0|10
autobattle tick cnt=712 smto=1 res=0 battling=1 ctype=0 ptype=0
autobattle tick cnt=720 smto=1 res=0 battling=1 ctype=0 ptype=0
autobattle CHAR t=173733843 turn=0 cliT=0 myNo=0 afl=18000 cb=0 pb=0 subP=3 procN=10 actInf=0 menuF=0 tgtSel=0 resW=0 self=hp252/st0 pet=hp332/st0 validEnemy=2 fallback=15 delay=0 cmd=H|F heal[en=1 tf=3 c=95 p=95 a=95 mag=3 selfP=95/mx263 petP=96/mx345] | enemies=10:st0/hp0/mx0/df0/fn0/lv0/v0 11:st0/hp0/mx0/df0/fn0/lv0/v0 12:st0/hp0/mx0/df0/fn0/lv0/v0 13:st0/hp0/mx0/df0/fn0/lv0/v0 14:st0/hp0/mx0/df0/fn0/lv0/v0 15:st0/hp47/mx47/df0/fn4909D0/lv3/v1 16:st0/hp52/mx52/df0/fn4909D0/lv4/v1 17:st0/hp0/mx0/df0/fn0/lv0/v0 18:st0/hp0/mx0/df0/fn0/lv0/v0 19:st0/hp0/mx0/df0/fn0/lv0/v0 
autobattle PET turn=0 myNo=0 row=0 si=0 seed=-2 target=15 validEnemy=2 minLv=3 pcEnable=0 cmd=W|0|F
autobattle CHAR t=173734656 turn=1 cliT=1 myNo=0 afl=18000 cb=0 pb=0 subP=5 procN=10 actInf=0 menuF=0 tgtSel=0 resW=0 self=hp252/st0 pet=hp332/st0 validEnemy=2 fallback=15 delay=0 cmd=H|F heal[en=1 tf=3 c=95 p=95 a=95 mag=3 selfP=95/mx263 petP=96/mx345] | enemies=10:st0/hp0/mx0/df0/fn0/lv0/v0 11:st0/hp0/mx0/df0/fn0/lv0/v0 12:st0/hp0/mx0/df0/fn0/lv0/v0 13:st0/hp0/mx0/df0/fn0/lv0/v0 14:st0/hp0/mx0/df0/fn0/lv0/v0 15:st0/hp45/mx47/df0/fn4909D0/lv3/v1 16:st0/hp52/mx52/df0/fn4909D0/lv4/v1 17:st0/hp0/mx0/df0/fn0/lv0/v0 18:st0/hp0/mx0/df0/fn0/lv0/v0 19:st0/hp0/mx0/df0/fn0/lv0/v0 
autobattle PET turn=1 myNo=0 row=0 si=0 seed=-2 target=15 validEnemy=2 minLv=3 pcEnable=0 cmd=W|0|F
autobattle tick cnt=737 smto=1 res=0 battling=1 ctype=0 ptype=0
autobattle CHAR t=173735390 turn=2 cliT=2 myNo=0 afl=10000 cb=0 pb=0 subP=5 procN=10 actInf=0 menuF=0 tgtSel=0 resW=0 self=hp252/st0 pet=hp332/st0 validEnemy=1 fallback=16 delay=0 cmd=H|10 heal[en=1 tf=3 c=95 p=95 a=95 mag=3 selfP=95/mx263 petP=96/mx345] | enemies=10:st0/hp0/mx0/df0/fn0/lv0/v0 11:st0/hp0/mx0/df0/fn0/lv0/v0 12:st0/hp0/mx0/df0/fn0/lv0/v0 13:st0/hp0/mx0/df0/fn0/lv0/v0 14:st0/hp0/mx0/df0/fn0/lv0/v0 15:st0/hp0/mx47/df0/fn0/lv3/v0 16:st0/hp52/mx52/df0/fn4909D0/lv4/v1 17:st0/hp0/mx0/df0/fn0/lv0/v0 18:st0/hp0/mx0/df0/fn0/lv0/v0 19:st0/hp0/mx0/df0/fn0/lv0/v0 
autobattle PET turn=2 myNo=0 row=0 si=0 seed=-2 target=16 validEnemy=1 minLv=4 pcEnable=0 cmd=W|0|10
autobattle tick cnt=754 smto=1 res=0 battling=1 ctype=0 ptype=0
autobattle tick cnt=757 smto=1 res=0 battling=1 ctype=0 ptype=0
autobattle CHAR t=173737718 turn=0 cliT=0 myNo=0 afl=18000 cb=0 pb=0 subP=3 procN=10 actInf=0 menuF=0 tgtSel=0 resW=0 self=hp252/st0 pet=hp332/st0 validEnemy=2 fallback=15 delay=0 cmd=H|F heal[en=1 tf=3 c=95 p=95 a=95 mag=3 selfP=95/mx263 petP=96/mx345] | enemies=10:st0/hp0/mx0/df0/fn0/lv0/v0 11:st0/hp0/mx0/df0/fn0/lv0/v0 12:st0/hp0/mx0/df0/fn0/lv0/v0 13:st0/hp0/mx0/df0/fn0/lv0/v0 14:st0/hp0/mx0/df0/fn0/lv0/v0 15:st0/hp41/mx41/df0/fn4909D0/lv3/v1 16:st0/hp52/mx52/df0/fn4909D0/lv4/v1 17:st0/hp0/mx0/df0/fn0/lv0/v0 18:st0/hp0/mx0/df0/fn0/lv0/v0 19:st0/hp0/mx0/df0/fn0/lv0/v0 
autobattle PET turn=0 myNo=0 row=0 si=0 seed=-2 target=15 validEnemy=2 minLv=3 pcEnable=0 cmd=W|0|F
autobattle CHAR t=173738468 turn=1 cliT=1 myNo=0 afl=10000 cb=0 pb=0 subP=5 procN=10 actInf=0 menuF=0 tgtSel=0 resW=0 self=hp252/st0 pet=hp332/st0 validEnemy=1 fallback=16 delay=0 cmd=H|10 heal[en=1 tf=3 c=95 p=95 a=95 mag=3 selfP=95/mx263 petP=96/mx345] | enemies=10:st0/hp0/mx0/df0/fn0/lv0/v0 11:st0/hp0/mx0/df0/fn0/lv0/v0 12:st0/hp0/mx0/df0/fn0/lv0/v0 13:st0/hp0/mx0/df0/fn0/lv0/v0 14:st0/hp0/mx0/df0/fn0/lv0/v0 15:st0/hp0/mx41/df0/fn0/lv3/v0 16:st0/hp52/mx52/df0/fn4909D0/lv4/v1 17:st0/hp0/mx0/df0/fn0/lv0/v0 18:st0/hp0/mx0/df0/fn0/lv0/v0 19:st0/hp0/mx0/df0/fn0/lv0/v0 
autobattle PET turn=1 myNo=0 row=0 si=0 seed=-2 target=16 validEnemy=1 minLv=4 pcEnable=0 cmd=W|0|10
autobattle tick cnt=774 smto=1 res=0 battling=1 ctype=0 ptype=0
autobattle tick cnt=783 smto=1 res=0 battling=1 ctype=0 ptype=0
autobattle CHAR t=173740375 turn=0 cliT=0 myNo=0 afl=38000 cb=0 pb=0 subP=3 procN=10 actInf=0 menuF=0 tgtSel=0 resW=0 self=hp252/st0 pet=hp332/st0 validEnemy=3 fallback=17 delay=0 cmd=H|11 heal[en=1 tf=3 c=95 p=95 a=95 mag=3 selfP=95/mx263 petP=96/mx345] | enemies=10:st0/hp0/mx0/df0/fn0/lv0/v0 11:st0/hp0/mx0/df0/fn0/lv0/v0 12:st0/hp0/mx0/df0/fn0/lv0/v0 13:st0/hp0/mx0/df0/fn0/lv0/v0 14:st0/hp0/mx0/df0/fn0/lv0/v0 15:st0/hp23/mx23/df0/fn4909D0/lv2/v1 16:st0/hp25/mx25/df0/fn4909D0/lv2/v1 17:st0/hp30/mx30/df0/fn4909D0/lv3/v1 18:st0/hp0/mx0/df0/fn0/lv0/v0 19:st0/hp0/mx0/df0/fn0/lv0/v0 
autobattle PET turn=0 myNo=0 row=0 si=0 seed=-2 target=17 validEnemy=3 minLv=2 pcEnable=0 cmd=W|0|11
autobattle tick cnt=800 smto=1 res=0 battling=1 ctype=0 ptype=0
autobattle CHAR t=173741531 turn=1 cliT=1 myNo=0 afl=8000 cb=0 pb=0 subP=5 procN=10 actInf=0 menuF=0 tgtSel=0 resW=0 self=hp252/st0 pet=hp331/st0 validEnemy=1 fallback=15 delay=0 cmd=J|0|14 heal[en=1 tf=3 c=95 p=95 a=95 mag=3 selfP=95/mx263 petP=95/mx345] | enemies=10:st0/hp0/mx0/df0/fn0/lv0/v0 11:st0/hp0/mx0/df0/fn0/lv0/v0 12:st0/hp0/mx0/df0/fn0/lv0/v0 13:st0/hp0/mx0/df0/fn0/lv0/v0 14:st0/hp0/mx0/df0/fn0/lv0/v0 15:st0/hp23/mx23/df0/fn4909D0/lv2/v1 16:st0/hp0/mx25/df0/fn0/lv2/v0 17:st0/hp0/mx30/df0/fn0/lv3/v0 18:st0/hp0/mx0/df0/fn0/lv0/v0 19:st0/hp0/mx0/df0/fn0/lv0/v0 
autobattle PET turn=1 myNo=0 row=0 si=0 seed=-2 target=15 validEnemy=1 minLv=2 pcEnable=0 cmd=W|0|F
autobattle tick cnt=817 smto=1 res=0 battling=1 ctype=0 ptype=0
autobattle tick cnt=820 smto=1 res=0 battling=1 ctype=0 ptype=0
autobattle CHAR t=173744000 turn=0 cliT=0 myNo=0 afl=38000 cb=0 pb=0 subP=3 procN=10 actInf=0 menuF=0 tgtSel=0 resW=0 self=hp263/st0 pet=hp345/st0 validEnemy=3 fallback=17 delay=0 cmd=H|11 heal[en=1 tf=3 c=95 p=95 a=95 mag=3 selfP=100/mx263 petP=100/mx345] | enemies=10:st0/hp0/mx0/df0/fn0/lv0/v0 11:st0/hp0/mx0/df0/fn0/lv0/v0 12:st0/hp0/mx0/df0/fn0/lv0/v0 13:st0/hp0/mx0/df0/fn0/lv0/v0 14:st0/hp0/mx0/df0/fn0/lv0/v0 15:st0/hp28/mx28/df0/fn4909D0/lv3/v1 16:st0/hp24/mx24/df0/fn4909D0/lv2/v1 17:st0/hp24/mx24/df0/fn4909D0/lv2/v1 18:st0/hp0/mx0/df0/fn0/lv0/v0 19:st0/hp0/mx0/df0/fn0/lv0/v0 
autobattle PET turn=0 myNo=0 row=0 si=0 seed=-2 target=17 validEnemy=3 minLv=2 pcEnable=0 cmd=W|0|11
autobattle CHAR t=173744734 turn=1 cliT=1 myNo=0 afl=0 cb=0 pb=0 subP=6 procN=10 actInf=0 menuF=0 tgtSel=0 resW=0 self=hp263/st0 pet=hp345/st0 validEnemy=1 fallback=16 delay=0 cmd=H|10 heal[en=1 tf=3 c=95 p=95 a=95 mag=3 selfP=100/mx263 petP=100/mx345] | enemies=10:st0/hp0/mx0/df0/fn0/lv0/v0 11:st0/hp0/mx0/df0/fn0/lv0/v0 12:st0/hp0/mx0/df0/fn0/lv0/v0 13:st0/hp0/mx0/df0/fn0/lv0/v0 14:st0/hp0/mx0/df0/fn0/lv0/v0 15:st0/hp0/mx28/df0/fn4909D0/lv3/v0 16:st0/hp24/mx24/df0/fn4909D0/lv2/v1 17:st0/hp0/mx24/df0/fn0/lv2/v0 18:st0/hp0/mx0/df0/fn0/lv0/v0 19:st0/hp0/mx0/df0/fn0/lv0/v0 
autobattle tick cnt=837 smto=1 res=0 battling=1 ctype=0 ptype=0
autobattle tick cnt=848 smto=1 res=0 battling=1 ctype=0 ptype=0
autobattle CHAR t=173746234 turn=0 cliT=0 myNo=0 afl=8000 cb=0 pb=0 subP=3 procN=10 actInf=0 menuF=0 tgtSel=0 resW=0 self=hp263/st0 pet=hp344/st0 validEnemy=1 fallback=15 delay=0 cmd=H|F heal[en=1 tf=3 c=95 p=95 a=95 mag=3 selfP=100/mx263 petP=99/mx345] | enemies=10:st0/hp0/mx0/df0/fn0/lv0/v0 11:st0/hp0/mx0/df0/fn0/lv0/v0 12:st0/hp0/mx0/df0/fn0/lv0/v0 13:st0/hp0/mx0/df0/fn0/lv0/v0 14:st0/hp0/mx0/df0/fn0/lv0/v0 15:st0/hp29/mx29/df0/fn4909D0/lv2/v1 16:st0/hp0/mx0/df0/fn0/lv0/v0 17:st0/hp0/mx0/df0/fn0/lv0/v0 18:st0/hp0/mx0/df0/fn0/lv0/v0 19:st0/hp0/mx0/df0/fn0/lv0/v0 
autobattle PET turn=0 myNo=0 row=0 si=0 seed=-2 target=15 validEnemy=1 minLv=2 pcEnable=0 cmd=W|0|F
autobattle tick cnt=862 smto=1 res=0 battling=1 ctype=0 ptype=0
autobattle CHAR t=173751625 turn=0 cliT=0 myNo=0 afl=38000 cb=0 pb=0 subP=3 procN=10 actInf=0 menuF=0 tgtSel=0 resW=0 self=hp263/st0 pet=hp344/st0 validEnemy=3 fallback=17 delay=0 cmd=H|11 heal[en=1 tf=3 c=95 p=95 a=95 mag=3 selfP=100/mx263 petP=99/mx345] | enemies=10:st0/hp0/mx0/df0/fn0/lv0/v0 11:st0/hp0/mx0/df0/fn0/lv0/v0 12:st0/hp0/mx0/df0/fn0/lv0/v0 13:st0/hp0/mx0/df0/fn0/lv0/v0 14:st0/hp0/mx0/df0/fn0/lv0/v0 15:st0/hp32/mx32/df0/fn4909D0/lv3/v1 16:st0/hp26/mx26/df0/fn4909D0/lv2/v1 17:st0/hp25/mx25/df0/fn4909D0/lv2/v1 18:st0/hp0/mx0/df0/fn0/lv0/v0 19:st0/hp0/mx0/df0/fn0/lv0/v0 
autobattle PET turn=0 myNo=0 row=0 si=0 seed=-2 target=17 validEnemy=3 minLv=2 pcEnable=0 cmd=W|0|11
autobattle tick cnt=879 smto=1 res=0 battling=1 ctype=0 ptype=0
autobattle CHAR t=173752734 turn=1 cliT=1 myNo=0 afl=8000 cb=0 pb=0 subP=5 procN=10 actInf=0 menuF=0 tgtSel=0 resW=0 self=hp263/st0 pet=hp344/st0 validEnemy=1 fallback=15 delay=0 cmd=H|F heal[en=1 tf=3 c=95 p=95 a=95 mag=3 selfP=100/mx263 petP=99/mx345] | enemies=10:st0/hp0/mx0/df0/fn0/lv0/v0 11:st0/hp0/mx0/df0/fn0/lv0/v0 12:st0/hp0/mx0/df0/fn0/lv0/v0 13:st0/hp0/mx0/df0/fn0/lv0/v0 14:st0/hp0/mx0/df0/fn0/lv0/v0 15:st0/hp32/mx32/df0/fn4909D0/lv3/v1 16:st0/hp0/mx26/df0/fn0/lv2/v0 17:st0/hp0/mx25/df0/fn0/lv2/v0 18:st0/hp0/mx0/df0/fn0/lv0/v0 19:st0/hp0/mx0/df0/fn0/lv0/v0 
autobattle PET turn=1 myNo=0 row=0 si=0 seed=-2 target=15 validEnemy=1 minLv=3 pcEnable=0 cmd=W|0|F
autobattle tick cnt=893 smto=1 res=0 battling=1 ctype=0 ptype=0
autobattle CHAR t=173754203 turn=0 cliT=0 myNo=0 afl=78000 cb=0 pb=0 subP=3 procN=10 actInf=0 menuF=0 tgtSel=0 resW=0 self=hp263/st0 pet=hp344/st0 validEnemy=4 fallback=17 delay=0 cmd=H|11 heal[en=1 tf=3 c=95 p=95 a=95 mag=3 selfP=100/mx263 petP=99/mx345] | enemies=10:st0/hp0/mx0/df0/fn0/lv0/v0 11:st0/hp0/mx0/df0/fn0/lv0/v0 12:st0/hp0/mx0/df0/fn0/lv0/v0 13:st0/hp0/mx0/df0/fn0/lv0/v0 14:st0/hp0/mx0/df0/fn0/lv0/v0 15:st0/hp37/mx37/df0/fn4909D0/lv3/v1 16:st0/hp29/mx29/df0/fn4909D0/lv2/v1 17:st0/hp37/mx37/df0/fn4909D0/lv3/v1 18:st0/hp34/mx34/df0/fn4909D0/lv3/v1 19:st0/hp0/mx0/df0/fn0/lv0/v0 
autobattle PET turn=0 myNo=0 row=0 si=0 seed=-2 target=17 validEnemy=4 minLv=2 pcEnable=0 cmd=W|0|11
autobattle tick cnt=910 smto=1 res=0 battling=1 ctype=0 ptype=0
autobattle CHAR t=173755500 turn=1 cliT=1 myNo=0 afl=48000 cb=0 pb=0 subP=5 procN=10 actInf=0 menuF=0 tgtSel=0 resW=0 self=hp261/st0 pet=hp344/st0 validEnemy=2 fallback=15 delay=0 cmd=H|F heal[en=1 tf=3 c=95 p=95 a=95 mag=3 selfP=99/mx263 petP=99/mx345] | enemies=10:st0/hp0/mx0/df0/fn0/lv0/v0 11:st0/hp0/mx0/df0/fn0/lv0/v0 12:st0/hp0/mx0/df0/fn0/lv0/v0 13:st0/hp0/mx0/df0/fn0/lv0/v0 14:st0/hp0/mx0/df0/fn0/lv0/v0 15:st0/hp37/mx37/df0/fn4909D0/lv3/v1 16:st0/hp0/mx29/df0/fn0/lv2/v0 17:st0/hp0/mx37/df0/fn0/lv3/v0 18:st0/hp34/mx34/df0/fn4909D0/lv3/v1 19:st0/hp0/mx0/df0/fn0/lv0/v0 
autobattle PET turn=1 myNo=0 row=0 si=0 seed=-2 target=15 validEnemy=2 minLv=3 pcEnable=0 cmd=W|0|F
autobattle tick cnt=927 smto=1 res=0 battling=1 ctype=0 ptype=0
autobattle CHAR t=173756421 turn=2 cliT=2 myNo=0 afl=40000 cb=0 pb=0 subP=5 procN=10 actInf=0 menuF=0 tgtSel=0 resW=0 self=hp260/st0 pet=hp344/st0 validEnemy=1 fallback=18 delay=0 cmd=H|12 heal[en=1 tf=3 c=95 p=95 a=95 mag=3 selfP=98/mx263 petP=99/mx345] | enemies=10:st0/hp0/mx0/df0/fn0/lv0/v0 11:st0/hp0/mx0/df0/fn0/lv0/v0 12:st0/hp0/mx0/df0/fn0/lv0/v0 13:st0/hp0/mx0/df0/fn0/lv0/v0 14:st0/hp0/mx0/df0/fn0/lv0/v0 15:st0/hp0/mx37/df0/fn0/lv3/v0 16:st0/hp0/mx29/df0/fn0/lv2/v0 17:st0/hp0/mx37/df0/fn0/lv3/v0 18:st0/hp34/mx34/df0/fn4909D0/lv3/v1 19:st0/hp0/mx0/df0/fn0/lv0/v0 
autobattle PET turn=2 myNo=0 row=0 si=0 seed=-2 target=18 validEnemy=1 minLv=3 pcEnable=0 cmd=W|0|12
autobattle tick cnt=942 smto=1 res=0 battling=1 ctype=0 ptype=0
autobattle CHAR t=173758453 turn=0 cliT=0 myNo=0 afl=8000 cb=0 pb=0 subP=3 procN=10 actInf=0 menuF=0 tgtSel=0 resW=0 self=hp260/st0 pet=hp344/st0 validEnemy=1 fallback=15 delay=0 cmd=H|F heal[en=1 tf=3 c=95 p=95 a=95 mag=3 selfP=98/mx263 petP=99/mx345] | enemies=10:st0/hp0/mx0/df0/fn0/lv0/v0 11:st0/hp0/mx0/df0/fn0/lv0/v0 12:st0/hp0/mx0/df0/fn0/lv0/v0 13:st0/hp0/mx0/df0/fn0/lv0/v0 14:st0/hp0/mx0/df0/fn0/lv0/v0 15:st0/hp25/mx25/df0/fn4909D0/lv2/v1 16:st0/hp0/mx0/df0/fn0/lv0/v0 17:st0/hp0/mx0/df0/fn0/lv0/v0 18:st0/hp0/mx0/df0/fn0/lv0/v0 19:st0/hp0/mx0/df0/fn0/lv0/v0 
autobattle PET turn=0 myNo=0 row=0 si=0 seed=-2 target=15 validEnemy=1 minLv=2 pcEnable=0 cmd=W|0|F
autobattle tick cnt=955 smto=1 res=0 battling=1 ctype=0 ptype=0
autobattle CHAR t=173759500 turn=0 cliT=0 myNo=0 afl=F8000 cb=0 pb=0 subP=3 procN=10 actInf=0 menuF=0 tgtSel=0 resW=0 self=hp260/st0 pet=hp344/st0 validEnemy=5 fallback=19 delay=0 cmd=H|13 heal[en=1 tf=3 c=95 p=95 a=95 mag=3 selfP=98/mx263 petP=99/mx345] | enemies=10:st0/hp0/mx0/df0/fn0/lv0/v0 11:st0/hp0/mx0/df0/fn0/lv0/v0 12:st0/hp0/mx0/df0/fn0/lv0/v0 13:st0/hp0/mx0/df0/fn0/lv0/v0 14:st0/hp0/mx0/df0/fn0/lv0/v0 15:st0/hp56/mx56/df0/fn4909D0/lv4/v1 16:st0/hp40/mx40/df0/fn4909D0/lv2/v1 17:st0/hp42/mx42/df0/fn4909D0/lv2/v1 18:st0/hp40/mx40/df0/fn4909D0/lv2/v1 19:st0/hp46/mx46/df0/fn4909D0/lv3/v1 
autobattle PET turn=0 myNo=0 row=0 si=0 seed=-2 target=19 validEnemy=5 minLv=2 pcEnable=0 cmd=W|0|13
autobattle tick cnt=972 smto=1 res=0 battling=1 ctype=0 ptype=0
autobattle CHAR t=173760843 turn=1 cliT=1 myNo=0 afl=38000 cb=0 pb=0 subP=5 procN=10 actInf=0 menuF=0 tgtSel=0 resW=0 self=hp259/st0 pet=hp344/st0 validEnemy=3 fallback=17 delay=0 cmd=H|11 heal[en=1 tf=3 c=95 p=95 a=95 mag=3 selfP=98/mx263 petP=99/mx345] | enemies=10:st0/hp0/mx0/df0/fn0/lv0/v0 11:st0/hp0/mx0/df0/fn0/lv0/v0 12:st0/hp0/mx0/df0/fn0/lv0/v0 13:st0/hp0/mx0/df0/fn0/lv0/v0 14:st0/hp0/mx0/df0/fn0/lv0/v0 15:st0/hp56/mx56/df0/fn4909D0/lv4/v1 16:st0/hp40/mx40/df0/fn4909D0/lv2/v1 17:st0/hp42/mx42/df0/fn4909D0/lv2/v1 18:st0/hp0/mx40/df0/fn0/lv2/v0 19:st0/hp0/mx46/df0/fn0/lv3/v0 
autobattle PET turn=1 myNo=0 row=0 si=0 seed=-2 target=17 validEnemy=3 minLv=2 pcEnable=0 cmd=W|0|11
autobattle tick cnt=989 smto=1 res=0 battling=1 ctype=0 ptype=0
autobattle CHAR t=173761828 turn=2 cliT=2 myNo=0 afl=18000 cb=0 pb=0 subP=5 procN=10 actInf=0 menuF=0 tgtSel=0 resW=0 self=hp259/st0 pet=hp344/st0 validEnemy=2 fallback=15 delay=0 cmd=H|F heal[en=1 tf=3 c=95 p=95 a=95 mag=3 selfP=98/mx263 petP=99/mx345] | enemies=10:st0/hp0/mx0/df0/fn0/lv0/v0 11:st0/hp0/mx0/df0/fn0/lv0/v0 12:st0/hp0/mx0/df0/fn0/lv0/v0 13:st0/hp0/mx0/df0/fn0/lv0/v0 14:st0/hp0/mx0/df0/fn0/lv0/v0 15:st0/hp37/mx56/df0/fn4909D0/lv4/v1 16:st0/hp40/mx40/df0/fn4909D0/lv2/v1 17:st0/hp0/mx42/df0/fn0/lv2/v0 18:st0/hp0/mx40/df0/fn0/lv2/v0 19:st0/hp0/mx46/df0/fn0/lv3/v0 
autobattle PET turn=2 myNo=0 row=0 si=0 seed=-2 target=15 validEnemy=2 minLv=2 pcEnable=0 cmd=W|0|F
autobattle tick cnt=1006 smto=1 res=0 battling=1 ctype=0 ptype=0
autobattle CHAR t=173762578 turn=3 cliT=3 myNo=0 afl=10000 cb=0 pb=0 subP=5 procN=10 actInf=0 menuF=0 tgtSel=0 resW=0 self=hp259/st0 pet=hp344/st0 validEnemy=1 fallback=16 delay=0 cmd=H|10 heal[en=1 tf=3 c=95 p=95 a=95 mag=3 selfP=98/mx263 petP=99/mx345] | enemies=10:st0/hp0/mx0/df0/fn0/lv0/v0 11:st0/hp0/mx0/df0/fn0/lv0/v0 12:st0/hp0/mx0/df0/fn0/lv0/v0 13:st0/hp0/mx0/df0/fn0/lv0/v0 14:st0/hp0/mx0/df0/fn0/lv0/v0 15:st0/hp0/mx56/df0/fn0/lv4/v0 16:st0/hp40/mx40/df0/fn4909D0/lv2/v1 17:st0/hp0/mx42/df0/fn0/lv2/v0 18:st0/hp0/mx40/df0/fn0/lv2/v0 19:st0/hp0/mx46/df0/fn0/lv3/v0 
autobattle PET turn=3 myNo=0 row=0 si=0 seed=-2 target=16 validEnemy=1 minLv=2 pcEnable=0 cmd=W|0|10
autobattle tick cnt=1019 smto=1 res=0 battling=1 ctype=0 ptype=0
autobattle CHAR t=173763953 turn=0 cliT=0 myNo=0 afl=78000 cb=0 pb=0 subP=3 procN=10 actInf=0 menuF=0 tgtSel=0 resW=0 self=hp259/st0 pet=hp344/st0 validEnemy=4 fallback=17 delay=0 cmd=H|11 heal[en=1 tf=3 c=95 p=95 a=95 mag=3 selfP=98/mx263 petP=99/mx345] | enemies=10:st0/hp0/mx0/df0/fn0/lv0/v0 11:st0/hp0/mx0/df0/fn0/lv0/v0 12:st0/hp0/mx0/df0/fn0/lv0/v0 13:st0/hp0/mx0/df0/fn0/lv0/v0 14:st0/hp0/mx0/df0/fn0/lv0/v0 15:st0/hp23/mx23/df0/fn4909D0/lv2/v1 16:st0/hp31/mx31/df0/fn4909D0/lv3/v1 17:st0/hp25/mx25/df0/fn4909D0/lv2/v1 18:st0/hp22/mx22/df0/fn4909D0/lv2/v1 19:st0/hp0/mx0/df0/fn0/lv0/v0 
autobattle PET turn=0 myNo=0 row=0 si=0 seed=-2 target=17 validEnemy=4 minLv=2 pcEnable=0 cmd=W|0|11
autobattle CHAR t=173764875 turn=1 cliT=1 myNo=0 afl=48000 cb=0 pb=0 subP=4 procN=10 actInf=0 menuF=0 tgtSel=0 resW=0 self=hp259/st0 pet=hp344/st0 validEnemy=2 fallback=15 delay=0 cmd=H|F heal[en=1 tf=3 c=95 p=95 a=95 mag=3 selfP=98/mx263 petP=99/mx345] | enemies=10:st0/hp0/mx0/df0/fn0/lv0/v0 11:st0/hp0/mx0/df0/fn0/lv0/v0 12:st0/hp0/mx0/df0/fn0/lv0/v0 13:st0/hp0/mx0/df0/fn0/lv0/v0 14:st0/hp0/mx0/df0/fn0/lv0/v0 15:st0/hp23/mx23/df0/fn4909D0/lv2/v1 16:st0/hp0/mx31/df0/fn4909D0/lv3/v0 17:st0/hp0/mx25/df0/fn0/lv2/v0 18:st0/hp22/mx22/df0/fn4909D0/lv2/v1 19:st0/hp0/mx0/df0/fn0/lv0/v0 
autobattle tick cnt=1036 smto=1 res=0 battling=1 ctype=0 ptype=0
autobattle PET turn=1 myNo=0 row=0 si=0 seed=-2 target=15 validEnemy=2 minLv=2 pcEnable=0 cmd=W|0|F
autobattle CHAR t=173765796 turn=2 cliT=2 myNo=0 afl=40000 cb=0 pb=0 subP=5 procN=10 actInf=0 menuF=0 tgtSel=0 resW=0 self=hp258/st0 pet=hp344/st0 validEnemy=1 fallback=18 delay=0 cmd=H|12 heal[en=1 tf=3 c=95 p=95 a=95 mag=3 selfP=98/mx263 petP=99/mx345] | enemies=10:st0/hp0/mx0/df0/fn0/lv0/v0 11:st0/hp0/mx0/df0/fn0/lv0/v0 12:st0/hp0/mx0/df0/fn0/lv0/v0 13:st0/hp0/mx0/df0/fn0/lv0/v0 14:st0/hp0/mx0/df0/fn0/lv0/v0 15:st0/hp0/mx23/df0/fn0/lv2/v0 16:st0/hp0/mx31/df0/fn0/lv3/v0 17:st0/hp0/mx25/df0/fn0/lv2/v0 18:st0/hp22/mx22/df0/fn4909D0/lv2/v1 19:st0/hp0/mx0/df0/fn0/lv0/v0 
autobattle PET turn=2 myNo=0 row=0 si=0 seed=-2 target=18 validEnemy=1 minLv=2 pcEnable=0 cmd=W|0|12
autobattle tick cnt=1053 smto=1 res=0 battling=1 ctype=0 ptype=0
autobattle tick cnt=1063 smto=1 res=0 battling=1 ctype=0 ptype=0
autobattle CHAR t=173770968 turn=0 cliT=0 myNo=0 afl=78000 cb=0 pb=0 subP=3 procN=10 actInf=0 menuF=0 tgtSel=0 resW=0 self=hp258/st0 pet=hp344/st0 validEnemy=4 fallback=17 delay=0 cmd=H|11 heal[en=1 tf=3 c=95 p=95 a=95 mag=3 selfP=98/mx263 petP=99/mx345] | enemies=10:st0/hp0/mx0/df0/fn0/lv0/v0 11:st0/hp0/mx0/df0/fn0/lv0/v0 12:st0/hp0/mx0/df0/fn0/lv0/v0 13:st0/hp0/mx0/df0/fn0/lv0/v0 14:st0/hp0/mx0/df0/fn0/lv0/v0 15:st0/hp31/mx31/df0/fn4909D0/lv3/v1 16:st0/hp23/mx23/df0/fn4909D0/lv2/v1 17:st0/hp28/mx28/df0/fn4909D0/lv3/v1 18:st0/hp24/mx24/df0/fn4909D0/lv2/v1 19:st0/hp0/mx0/df0/fn0/lv0/v0 
autobattle PET turn=0 myNo=0 row=0 si=0 seed=-2 target=17 validEnemy=4 minLv=2 pcEnable=0 cmd=W|0|11
autobattle tick cnt=1080 smto=1 res=0 battling=1 ctype=0 ptype=0
autobattle CHAR t=173772375 turn=1 cliT=1 myNo=0 afl=48000 cb=0 pb=0 subP=5 procN=10 actInf=0 menuF=0 tgtSel=0 resW=0 self=hp258/st0 pet=hp343/st0 validEnemy=2 fallback=15 delay=0 cmd=H|F heal[en=1 tf=3 c=95 p=95 a=95 mag=3 selfP=98/mx263 petP=99/mx345] | enemies=10:st0/hp0/mx0/df0/fn0/lv0/v0 11:st0/hp0/mx0/df0/fn0/lv0/v0 12:st0/hp0/mx0/df0/fn0/lv0/v0 13:st0/hp0/mx0/df0/fn0/lv0/v0 14:st0/hp0/mx0/df0/fn0/lv0/v0 15:st0/hp31/mx31/df0/fn4909D0/lv3/v1 16:st0/hp0/mx23/df0/fn0/lv2/v0 17:st0/hp0/mx28/df0/fn0/lv3/v0 18:st0/hp24/mx24/df0/fn4909D0/lv2/v1 19:st0/hp0/mx0/df0/fn0/lv0/v0 
autobattle PET turn=1 myNo=0 row=0 si=0 seed=-2 target=15 validEnemy=2 minLv=2 pcEnable=0 cmd=W|0|F
autobattle tick cnt=1097 smto=1 res=0 battling=1 ctype=0 ptype=0
autobattle tick cnt=1105 smto=1 res=0 battling=1 ctype=0 ptype=0
autobattle CHAR t=173774781 turn=0 cliT=0 myNo=0 afl=78000 cb=0 pb=0 subP=3 procN=10 actInf=0 menuF=0 tgtSel=0 resW=0 self=hp258/st0 pet=hp343/st0 validEnemy=4 fallback=17 delay=0 cmd=H|11 heal[en=1 tf=3 c=95 p=95 a=95 mag=3 selfP=98/mx263 petP=99/mx345] | enemies=10:st0/hp0/mx0/df0/fn0/lv0/v0 11:st0/hp0/mx0/df0/fn0/lv0/v0 12:st0/hp0/mx0/df0/fn0/lv0/v0 13:st0/hp0/mx0/df0/fn0/lv0/v0 14:st0/hp0/mx0/df0/fn0/lv0/v0 15:st0/hp51/mx51/df0/fn4909D0/lv4/v1 16:st0/hp48/mx48/df0/fn4909D0/lv4/v1 17:st0/hp49/mx49/df0/fn4909D0/lv4/v1 18:st0/hp45/mx45/df0/fn4909D0/lv3/v1 19:st0/hp0/mx0/df0/fn0/lv0/v0 
autobattle PET turn=0 myNo=0 row=0 si=0 seed=-2 target=17 validEnemy=4 minLv=3 pcEnable=0 cmd=W|0|11
autobattle tick cnt=1122 smto=1 res=0 battling=1 ctype=0 ptype=0
autobattle CHAR t=173776140 turn=1 cliT=1 myNo=0 afl=58000 cb=0 pb=0 subP=5 procN=10 actInf=0 menuF=0 tgtSel=0 resW=0 self=hp258/st0 pet=hp343/st0 validEnemy=3 fallback=15 delay=0 cmd=H|F heal[en=1 tf=3 c=95 p=95 a=95 mag=3 selfP=98/mx263 petP=99/mx345] | enemies=10:st0/hp0/mx0/df0/fn0/lv0/v0 11:st0/hp0/mx0/df0/fn0/lv0/v0 12:st0/hp0/mx0/df0/fn0/lv0/v0 13:st0/hp0/mx0/df0/fn0/lv0/v0 14:st0/hp0/mx0/df0/fn0/lv0/v0 15:st0/hp51/mx51/df0/fn4909D0/lv4/v1 16:st0/hp48/mx48/df0/fn4909D0/lv4/v1 17:st0/hp0/mx49/df0/fn0/lv4/v0 18:st0/hp45/mx45/df0/fn4909D0/lv3/v1 19:st0/hp0/mx0/df0/fn0/lv0/v0 
autobattle PET turn=1 myNo=0 row=0 si=0 seed=-2 target=15 validEnemy=3 minLv=3 pcEnable=0 cmd=W|0|F
autobattle tick cnt=1139 smto=1 res=0 battling=1 ctype=0 ptype=0
autobattle CHAR t=173777125 turn=2 cliT=2 myNo=0 afl=50000 cb=0 pb=0 subP=5 procN=10 actInf=0 menuF=0 tgtSel=0 resW=0 self=hp258/st0 pet=hp342/st0 validEnemy=2 fallback=16 delay=0 cmd=H|10 heal[en=1 tf=3 c=95 p=95 a=95 mag=3 selfP=98/mx263 petP=99/mx345] | enemies=10:st0/hp0/mx0/df0/fn0/lv0/v0 11:st0/hp0/mx0/df0/fn0/lv0/v0 12:st0/hp0/mx0/df0/fn0/lv0/v0 13:st0/hp0/mx0/df0/fn0/lv0/v0 14:st0/hp0/mx0/df0/fn0/lv0/v0 15:st0/hp0/mx51/df0/fn0/lv4/v0 16:st0/hp48/mx48/df0/fn4909D0/lv4/v1 17:st0/hp0/mx49/df0/fn0/lv4/v0 18:st0/hp45/mx45/df0/fn4909D0/lv3/v1 19:st0/hp0/mx0/df0/fn0/lv0/v0 
autobattle PET turn=2 myNo=0 row=0 si=0 seed=-2 target=16 validEnemy=2 minLv=3 pcEnable=0 cmd=W|0|10
autobattle tick cnt=1155 smto=1 res=0 battling=1 ctype=0 ptype=0
autobattle CHAR t=173778859 turn=0 cliT=0 myNo=0 afl=38000 cb=0 pb=0 subP=3 procN=10 actInf=0 menuF=0 tgtSel=0 resW=0 self=hp258/st0 pet=hp342/st0 validEnemy=3 fallback=17 delay=0 cmd=H|11 heal[en=1 tf=3 c=95 p=95 a=95 mag=3 selfP=98/mx263 petP=99/mx345] | enemies=10:st0/hp0/mx0/df0/fn0/lv0/v0 11:st0/hp0/mx0/df0/fn0/lv0/v0 12:st0/hp0/mx0/df0/fn0/lv0/v0 13:st0/hp0/mx0/df0/fn0/lv0/v0 14:st0/hp0/mx0/df0/fn0/lv0/v0 15:st0/hp37/mx37/df0/fn4909D0/lv3/v1 16:st0/hp36/mx36/df0/fn4909D0/lv3/v1 17:st0/hp34/mx34/df0/fn4909D0/lv3/v1 18:st0/hp0/mx0/df0/fn0/lv0/v0 19:st0/hp0/mx0/df0/fn0/lv0/v0 
autobattle tick cnt=1163 smto=1 res=0 battling=1 ctype=0 ptype=0
autobattle PET turn=0 myNo=0 row=0 si=0 seed=-2 target=17 validEnemy=3 minLv=3 pcEnable=0 cmd=W|0|11
autobattle tick cnt=1180 smto=1 res=0 battling=1 ctype=0 ptype=0
autobattle CHAR t=173780031 turn=1 cliT=1 myNo=0 afl=18000 cb=0 pb=0 subP=5 procN=10 actInf=0 menuF=0 tgtSel=0 resW=0 self=hp258/st0 pet=hp341/st0 validEnemy=2 fallback=15 delay=0 cmd=H|F heal[en=1 tf=3 c=95 p=95 a=95 mag=3 selfP=98/mx263 petP=98/mx345] | enemies=10:st0/hp0/mx0/df0/fn0/lv0/v0 11:st0/hp0/mx0/df0/fn0/lv0/v0 12:st0/hp0/mx0/df0/fn0/lv0/v0 13:st0/hp0/mx0/df0/fn0/lv0/v0 14:st0/hp0/mx0/df0/fn0/lv0/v0 15:st0/hp37/mx37/df0/fn4909D0/lv3/v1 16:st0/hp36/mx36/df0/fn4909D0/lv3/v1 17:st0/hp0/mx34/df0/fn0/lv3/v0 18:st0/hp0/mx0/df0/fn0/lv0/v0 19:st0/hp0/mx0/df0/fn0/lv0/v0 
autobattle PET turn=1 myNo=0 row=0 si=0 seed=-2 target=15 validEnemy=2 minLv=3 pcEnable=0 cmd=W|0|F
autobattle CHAR t=173780953 turn=2 cliT=2 myNo=0 afl=10000 cb=0 pb=0 subP=5 procN=10 actInf=0 menuF=0 tgtSel=0 resW=0 self=hp258/st0 pet=hp341/st0 validEnemy=1 fallback=16 delay=0 cmd=H|10 heal[en=1 tf=3 c=95 p=95 a=95 mag=3 selfP=98/mx263 petP=98/mx345] | enemies=10:st0/hp0/mx0/df0/fn0/lv0/v0 11:st0/hp0/mx0/df0/fn0/lv0/v0 12:st0/hp0/mx0/df0/fn0/lv0/v0 13:st0/hp0/mx0/df0/fn0/lv0/v0 14:st0/hp0/mx0/df0/fn0/lv0/v0 15:st0/hp0/mx37/df0/fn0/lv3/v0 16:st0/hp36/mx36/df0/fn4909D0/lv3/v1 17:st0/hp0/mx34/df0/fn0/lv3/v0 18:st0/hp0/mx0/df0/fn0/lv0/v0 19:st0/hp0/mx0/df0/fn0/lv0/v0 
autobattle tick cnt=1197 smto=1 res=0 battling=1 ctype=0 ptype=0
autobattle PET turn=2 myNo=0 row=0 si=0 seed=-2 target=16 validEnemy=1 minLv=3 pcEnable=0 cmd=W|0|10
autobattle tick cnt=1210 smto=1 res=0 battling=1 ctype=0 ptype=0
autobattle CHAR t=173782671 turn=0 cliT=0 myNo=0 afl=8000 cb=0 pb=0 subP=3 procN=10 actInf=0 menuF=0 tgtSel=0 resW=0 self=hp258/st0 pet=hp341/st0 validEnemy=1 fallback=15 delay=0 cmd=H|F heal[en=1 tf=3 c=95 p=95 a=95 mag=3 selfP=98/mx263 petP=98/mx345] | enemies=10:st0/hp0/mx0/df0/fn0/lv0/v0 11:st0/hp0/mx0/df0/fn0/lv0/v0 12:st0/hp0/mx0/df0/fn0/lv0/v0 13:st0/hp0/mx0/df0/fn0/lv0/v0 14:st0/hp0/mx0/df0/fn0/lv0/v0 15:st0/hp29/mx29/df0/fn4909D0/lv3/v1 16:st0/hp0/mx0/df0/fn0/lv0/v0 17:st0/hp0/mx0/df0/fn0/lv0/v0 18:st0/hp0/mx0/df0/fn0/lv0/v0 19:st0/hp0/mx0/df0/fn0/lv0/v0 
autobattle PET turn=0 myNo=0 row=0 si=0 seed=-2 target=15 validEnemy=1 minLv=3 pcEnable=0 cmd=W|0|F
autobattle tick cnt=1225 smto=1 res=0 battling=1 ctype=0 ptype=0
autobattle CHAR t=173783859 turn=0 cliT=0 myNo=0 afl=F8000 cb=0 pb=0 subP=3 procN=10 actInf=0 menuF=0 tgtSel=0 resW=0 self=hp258/st0 pet=hp341/st0 validEnemy=5 fallback=19 delay=0 cmd=H|13 heal[en=1 tf=3 c=95 p=95 a=95 mag=3 selfP=98/mx263 petP=98/mx345] | enemies=10:st0/hp0/mx0/df0/fn0/lv0/v0 11:st0/hp0/mx0/df0/fn0/lv0/v0 12:st0/hp0/mx0/df0/fn0/lv0/v0 13:st0/hp0/mx0/df0/fn0/lv0/v0 14:st0/hp0/mx0/df0/fn0/lv0/v0 15:st0/hp49/mx49/df0/fn4909D0/lv3/v1 16:st0/hp39/mx39/df0/fn4909D0/lv2/v1 17:st0/hp47/mx47/df0/fn4909D0/lv3/v1 18:st0/hp57/mx57/df0/fn4909D0/lv4/v1 19:st0/hp38/mx38/df0/fn4909D0/lv2/v1 
autobattle PET turn=0 myNo=0 row=0 si=0 seed=-2 target=19 validEnemy=5 minLv=2 pcEnable=0 cmd=W|0|13
autobattle tick cnt=1242 smto=1 res=0 battling=1 ctype=0 ptype=0
autobattle CHAR t=173785015 turn=1 cliT=1 myNo=0 afl=78000 cb=0 pb=0 subP=5 procN=10 actInf=0 menuF=0 tgtSel=0 resW=0 self=hp257/st0 pet=hp338/st0 validEnemy=4 fallback=17 delay=0 cmd=H|11 heal[en=1 tf=3 c=95 p=95 a=95 mag=3 selfP=97/mx263 petP=97/mx345] | enemies=10:st0/hp0/mx0/df0/fn0/lv0/v0 11:st0/hp0/mx0/df0/fn0/lv0/v0 12:st0/hp0/mx0/df0/fn0/lv0/v0 13:st0/hp0/mx0/df0/fn0/lv0/v0 14:st0/hp0/mx0/df0/fn0/lv0/v0 15:st0/hp49/mx49/df0/fn4909D0/lv3/v1 16:st0/hp39/mx39/df0/fn4909D0/lv2/v1 17:st0/hp47/mx47/df0/fn4909D0/lv3/v1 18:st0/hp57/mx57/df0/fn4909D0/lv4/v1 19:st0/hp0/mx38/df0/fn0/lv2/v0 
autobattle PET turn=1 myNo=0 row=0 si=0 seed=-2 target=17 validEnemy=4 minLv=2 pcEnable=0 cmd=W|0|11
autobattle tick cnt=1259 smto=1 res=0 battling=1 ctype=0 ptype=0
