battlemenu-suppress want=1 patched=4/4 (ab=1 ae=0)
autobattle ENABLED hwnd=004B01AE old=FFFF04C5 pid=10724
autobattle tick cnt=1 smto=1 res=0 battling=1 ctype=0 ptype=0
autobattle tick cnt=15 smto=1 res=0 battling=1 ctype=0 ptype=0
autobattle CHAR t=169751203 turn=0 cliT=0 myNo=0 afl=18000 cb=0 pb=0 subP=3 procN=10 actInf=0 menuF=0 tgtSel=0 resW=0 self=hp252/st0 pet=hp342/st0 validEnemy=2 fallback=15 delay=0 cmd=H|F heal[en=1 tf=3 c=95 p=95 a=95 mag=3 selfP=95/mx263 petP=99/mx345] | enemies=10:st0/hp0/mx0/df0/fn0/lv0/v0 11:st0/hp0/mx0/df0/fn0/lv0/v0 12:st0/hp0/mx0/df0/fn0/lv0/v0 13:st0/hp0/mx0/df0/fn0/lv0/v0 14:st0/hp0/mx0/df0/fn0/lv0/v0 15:st0/hp30/mx30/df0/fn4909D0/lv2/v1 16:st0/hp32/mx32/df0/fn4909D0/lv3/v1 17:st0/hp0/mx0/df0/fn0/lv0/v0 18:st0/hp0/mx0/df0/fn0/lv0/v0 19:st0/hp0/mx0/df0/fn0/lv0/v0 
autobattle PET turn=0 myNo=0 row=0 si=0 seed=-2 target=15 validEnemy=2 minLv=2 pcEnable=0 cmd=W|0|F
autobattle tick cnt=29 smto=1 res=0 battling=1 ctype=0 ptype=0
autobattle tick cnt=43 smto=1 res=0 battling=1 ctype=0 ptype=0
autobattle tick cnt=58 smto=1 res=0 battling=1 ctype=0 ptype=0
autobattle tick cnt=72 smto=1 res=0 battling=1 ctype=0 ptype=0
autobattle tick cnt=87 smto=1 res=0 battling=1 ctype=0 ptype=0
autobattle tick cnt=101 smto=1 res=0 battling=1 ctype=0 ptype=0
autobattle tick cnt=115 smto=1 res=0 battling=1 ctype=0 ptype=0
autobattle tick cnt=128 smto=1 res=0 battling=1 ctype=0 ptype=0
autobattle tick cnt=142 smto=1 res=0 battling=1 ctype=0 ptype=0
autobattle tick cnt=156 smto=1 res=0 battling=1 ctype=0 ptype=0
autobattle tick cnt=170 smto=1 res=0 battling=1 ctype=0 ptype=0
autobattle CHAR t=169762703 turn=1 cliT=1 myNo=0 afl=10000 cb=0 pb=0 subP=5 procN=10 actInf=0 menuF=0 tgtSel=0 resW=0 self=hp252/st0 pet=hp341/st0 validEnemy=1 fallback=16 delay=0 cmd=H|10 heal[en=1 tf=3 c=95 p=95 a=95 mag=3 selfP=95/mx263 petP=98/mx345] | enemies=10:st0/hp0/mx0/df0/fn0/lv0/v0 11:st0/hp0/mx0/df0/fn0/lv0/v0 12:st0/hp0/mx0/df0/fn0/lv0/v0 13:st0/hp0/mx0/df0/fn0/lv0/v0 14:st0/hp0/mx0/df0/fn0/lv0/v0 15:st0/hp0/mx30/df0/fn0/lv2/v0 16:st0/hp32/mx32/df0/fn4909D0/lv3/v1 17:st0/hp0/mx0/df0/fn0/lv0/v0 18:st0/hp0/mx0/df0/fn0/lv0/v0 19:st0/hp0/mx0/df0/fn0/lv0/v0 
autobattle PET turn=1 myNo=0 row=0 si=0 seed=-2 target=16 validEnemy=1 minLv=3 pcEnable=0 cmd=W|0|10
autobattle tick cnt=184 smto=1 res=0 battling=1 ctype=0 ptype=0
autobattle CHAR t=169763406 turn=2 cliT=2 myNo=0 afl=0 cb=0 pb=0 subP=6 procN=10 actInf=0 menuF=0 tgtSel=0 resW=0 self=hp252/st0 pet=hp341/st0 validEnemy=1 fallback=16 delay=0 cmd=H|10 heal[en=1 tf=3 c=95 p=95 a=95 mag=3 selfP=95/mx263 petP=98/mx345] | enemies=10:st0/hp0/mx0/df0/fn0/lv0/v0 11:st0/hp0/mx0/df0/fn0/lv0/v0 12:st0/hp0/mx0/df0/fn0/lv0/v0 13:st0/hp0/mx0/df0/fn0/lv0/v0 14:st0/hp0/mx0/df0/fn0/lv0/v0 15:st0/hp0/mx30/df0/fn0/lv2/v0 16:st0/hp32/mx32/df0/fn4909D0/lv3/v1 17:st0/hp0/mx0/df0/fn0/lv0/v0 18:st0/hp0/mx0/df0/fn0/lv0/v0 19:st0/hp0/mx0/df0/fn0/lv0/v0 
autobattle tick cnt=198 smto=1 res=0 battling=1 ctype=0 ptype=0
autobattle CHAR t=169764125 turn=2 cliT=2 myNo=0 afl=0 cb=0 pb=0 subP=6 procN=10 actInf=0 menuF=0 tgtSel=0 resW=0 self=hp252/st0 pet=hp341/st0 validEnemy=1 fallback=16 delay=0 cmd=H|10 heal[en=1 tf=3 c=95 p=95 a=95 mag=3 selfP=95/mx263 petP=98/mx345] | enemies=10:st0/hp0/mx0/df0/fn0/lv0/v0 11:st0/hp0/mx0/df0/fn0/lv0/v0 12:st0/hp0/mx0/df0/fn0/lv0/v0 13:st0/hp0/mx0/df0/fn0/lv0/v0 14:st0/hp0/mx0/df0/fn0/lv0/v0 15:st0/hp0/mx30/df0/fn0/lv2/v0 16:st0/hp32/mx32/df0/fn4909D0/lv3/v1 17:st0/hp0/mx0/df0/fn0/lv0/v0 18:st0/hp0/mx0/df0/fn0/lv0/v0 19:st0/hp0/mx0/df0/fn0/lv0/v0 
autobattle CHAR t=169764875 turn=2 cliT=2 myNo=0 afl=0 cb=0 pb=0 subP=6 procN=10 actInf=0 menuF=0 tgtSel=0 resW=0 self=hp252/st0 pet=hp341/st0 validEnemy=1 fallback=16 delay=0 cmd=H|10 heal[en=1 tf=3 c=95 p=95 a=95 mag=3 selfP=95/mx263 petP=98/mx345] | enemies=10:st0/hp0/mx0/df0/fn0/lv0/v0 11:st0/hp0/mx0/df0/fn0/lv0/v0 12:st0/hp0/mx0/df0/fn0/lv0/v0 13:st0/hp0/mx0/df0/fn0/lv0/v0 14:st0/hp0/mx0/df0/fn0/lv0/v0 15:st0/hp0/mx30/df0/fn0/lv2/v0 16:st0/hp32/mx32/df0/fn4909D0/lv3/v1 17:st0/hp0/mx0/df0/fn0/lv0/v0 18:st0/hp0/mx0/df0/fn0/lv0/v0 19:st0/hp0/mx0/df0/fn0/lv0/v0 
autobattle tick cnt=212 smto=1 res=0 battling=1 ctype=0 ptype=0
autobattle CHAR t=169765578 turn=2 cliT=2 myNo=0 afl=0 cb=0 pb=0 subP=6 procN=10 actInf=0 menuF=0 tgtSel=0 resW=0 self=hp252/st0 pet=hp341/st0 validEnemy=1 fallback=16 delay=0 cmd=H|10 heal[en=1 tf=3 c=95 p=95 a=95 mag=3 selfP=95/mx263 petP=98/mx345] | enemies=10:st0/hp0/mx0/df0/fn0/lv0/v0 11:st0/hp0/mx0/df0/fn0/lv0/v0 12:st0/hp0/mx0/df0/fn0/lv0/v0 13:st0/hp0/mx0/df0/fn0/lv0/v0 14:st0/hp0/mx0/df0/fn0/lv0/v0 15:st0/hp0/mx30/df0/fn0/lv2/v0 16:st0/hp32/mx32/df0/fn4909D0/lv3/v1 17:st0/hp0/mx0/df0/fn0/lv0/v0 18:st0/hp0/mx0/df0/fn0/lv0/v0 19:st0/hp0/mx0/df0/fn0/lv0/v0 
autobattle tick cnt=226 smto=1 res=0 battling=1 ctype=0 ptype=0
autobattle tick cnt=240 smto=1 res=0 battling=1 ctype=0 ptype=0
autobattle tick cnt=254 smto=1 res=0 battling=1 ctype=0 ptype=0
autobattle tick cnt=268 smto=1 res=0 battling=1 ctype=0 ptype=0
autobattle tick cnt=283 smto=1 res=0 battling=1 ctype=0 ptype=0
autobattle tick cnt=294 smto=1 res=0 battling=1 ctype=0 ptype=0
autobattle tick cnt=309 smto=1 res=0 battling=1 ctype=0 ptype=0
autobattle CHAR t=169776250 turn=0 cliT=0 myNo=0 afl=38000 cb=0 pb=0 subP=3 procN=10 actInf=0 menuF=0 tgtSel=0 resW=0 self=hp252/st0 pet=hp341/st0 validEnemy=3 fallback=17 delay=0 cmd=H|11 heal[en=1 tf=3 c=95 p=95 a=95 mag=3 selfP=95/mx263 petP=98/mx345] | enemies=10:st0/hp0/mx0/df0/fn0/lv0/v0 11:st0/hp0/mx0/df0/fn0/lv0/v0 12:st0/hp0/mx0/df0/fn0/lv0/v0 13:st0/hp0/mx0/df0/fn0/lv0/v0 14:st0/hp0/mx0/df0/fn0/lv0/v0 15:st0/hp30/mx30/df0/fn4909D0/lv2/v1 16:st0/hp29/mx29/df0/fn4909D0/lv2/v1 17:st0/hp29/mx29/df0/fn4909D0/lv2/v1 18:st0/hp0/mx0/df0/fn0/lv0/v0 19:st0/hp0/mx0/df0/fn0/lv0/v0 
autobattle PET turn=0 myNo=0 row=0 si=0 seed=-2 target=17 validEnemy=3 minLv=2 pcEnable=0 cmd=W|0|11
autobattle tick cnt=323 smto=1 res=0 battling=1 ctype=0 ptype=0
autobattle tick cnt=337 smto=1 res=0 battling=1 ctype=0 ptype=0
autobattle tick cnt=350 smto=1 res=0 battling=1 ctype=0 ptype=0
autobattle tick cnt=364 smto=1 res=0 battling=1 ctype=0 ptype=0
autobattle tick cnt=378 smto=1 res=0 battling=1 ctype=0 ptype=0
autobattle tick cnt=392 smto=1 res=0 battling=1 ctype=0 ptype=0
autobattle tick cnt=406 smto=1 res=0 battling=1 ctype=0 ptype=0
autobattle tick cnt=420 smto=1 res=0 battling=1 ctype=0 ptype=0
autobattle tick cnt=434 smto=1 res=0 battling=1 ctype=0 ptype=0
autobattle tick cnt=450 smto=1 res=0 battling=1 ctype=0 ptype=0
autobattle tick cnt=464 smto=1 res=0 battling=1 ctype=0 ptype=0
autobattle tick cnt=478 smto=1 res=0 battling=1 ctype=0 ptype=0
autobattle tick cnt=492 smto=1 res=0 battling=1 ctype=0 ptype=0
autobattle tick cnt=506 smto=1 res=0 battling=1 ctype=0 ptype=0
autobattle CHAR t=169790546 turn=1 cliT=1 myNo=0 afl=18000 cb=0 pb=0 subP=3 procN=10 actInf=3 menuF=0 tgtSel=0 resW=0 self=hp251/st0 pet=hp341/st0 validEnemy=2 fallback=15 delay=0 cmd=H|F heal[en=1 tf=3 c=95 p=95 a=95 mag=3 selfP=95/mx263 petP=98/mx345] | enemies=10:st0/hp0/mx0/df0/fn0/lv0/v0 11:st0/hp0/mx0/df0/fn0/lv0/v0 12:st0/hp0/mx0/df0/fn0/lv0/v0 13:st0/hp0/mx0/df0/fn0/lv0/v0 14:st0/hp0/mx0/df0/fn0/lv0/v0 15:st0/hp30/mx30/df0/fn4909D0/lv2/v1 16:st0/hp29/mx29/df0/fn4909D0/lv2/v1 17:st0/hp0/mx29/df0/fn0/lv2/v0 18:st0/hp0/mx0/df0/fn0/lv0/v0 19:st0/hp0/mx0/df0/fn0/lv0/v0 
autobattle PET turn=1 myNo=0 row=0 si=0 seed=-2 target=15 validEnemy=2 minLv=2 pcEnable=0 cmd=W|0|F
autobattle tick cnt=520 smto=1 res=0 battling=1 ctype=0 ptype=0
autobattle tick cnt=534 smto=1 res=0 battling=1 ctype=0 ptype=0
autobattle tick cnt=548 smto=1 res=0 battling=1 ctype=0 ptype=0
autobattle tick cnt=562 smto=1 res=0 battling=1 ctype=0 ptype=0
autobattle tick cnt=576 smto=1 res=0 battling=1 ctype=0 ptype=0
autobattle tick cnt=591 smto=1 res=0 battling=1 ctype=0 ptype=0
autobattle tick cnt=605 smto=1 res=0 battling=1 ctype=0 ptype=0
autobattle tick cnt=619 smto=1 res=0 battling=1 ctype=0 ptype=0
autobattle tick cnt=633 smto=1 res=0 battling=1 ctype=0 ptype=0
autobattle CHAR t=169800078 turn=2 cliT=2 myNo=0 afl=10000 cb=0 pb=0 subP=3 procN=10 actInf=3 menuF=0 tgtSel=0 resW=0 self=hp251/st0 pet=hp341/st0 validEnemy=1 fallback=16 delay=0 cmd=H|10 heal[en=1 tf=3 c=95 p=95 a=95 mag=3 selfP=95/mx263 petP=98/mx345] | enemies=10:st0/hp0/mx0/df0/fn0/lv0/v0 11:st0/hp0/mx0/df0/fn0/lv0/v0 12:st0/hp0/mx0/df0/fn0/lv0/v0 13:st0/hp0/mx0/df0/fn0/lv0/v0 14:st0/hp0/mx0/df0/fn0/lv0/v0 15:st0/hp0/mx30/df0/fn0/lv2/v0 16:st0/hp29/mx29/df0/fn4909D0/lv2/v1 17:st0/hp0/mx29/df0/fn0/lv2/v0 18:st0/hp0/mx0/df0/fn0/lv0/v0 19:st0/hp0/mx0/df0/fn0/lv0/v0 
autobattle PET turn=2 myNo=0 row=0 si=0 seed=-2 target=16 validEnemy=1 minLv=2 pcEnable=0 cmd=W|0|10
autobattle tick cnt=647 smto=1 res=0 battling=1 ctype=0 ptype=0
autobattle CHAR t=169800796 turn=3 cliT=3 myNo=0 afl=0 cb=0 pb=0 subP=6 procN=10 actInf=0 menuF=0 tgtSel=0 resW=0 self=hp251/st0 pet=hp341/st0 validEnemy=1 fallback=16 delay=0 cmd=H|10 heal[en=1 tf=3 c=95 p=95 a=95 mag=3 selfP=95/mx263 petP=98/mx345] | enemies=10:st0/hp0/mx0/df0/fn0/lv0/v0 11:st0/hp0/mx0/df0/fn0/lv0/v0 12:st0/hp0/mx0/df0/fn0/lv0/v0 13:st0/hp0/mx0/df0/fn0/lv0/v0 14:st0/hp0/mx0/df0/fn0/lv0/v0 15:st0/hp0/mx30/df0/fn0/lv2/v0 16:st0/hp29/mx29/df0/fn4909D0/lv2/v1 17:st0/hp0/mx29/df0/fn0/lv2/v0 18:st0/hp0/mx0/df0/fn0/lv0/v0 19:st0/hp0/mx0/df0/fn0/lv0/v0 
autobattle tick cnt=661 smto=1 res=0 battling=1 ctype=0 ptype=0
autobattle CHAR t=169801546 turn=3 cliT=3 myNo=0 afl=0 cb=0 pb=0 subP=6 procN=10 actInf=0 menuF=0 tgtSel=0 resW=0 self=hp251/st0 pet=hp341/st0 validEnemy=1 fallback=16 delay=0 cmd=H|10 heal[en=1 tf=3 c=95 p=95 a=95 mag=3 selfP=95/mx263 petP=98/mx345] | enemies=10:st0/hp0/mx0/df0/fn0/lv0/v0 11:st0/hp0/mx0/df0/fn0/lv0/v0 12:st0/hp0/mx0/df0/fn0/lv0/v0 13:st0/hp0/mx0/df0/fn0/lv0/v0 14:st0/hp0/mx0/df0/fn0/lv0/v0 15:st0/hp0/mx30/df0/fn0/lv2/v0 16:st0/hp29/mx29/df0/fn4909D0/lv2/v1 17:st0/hp0/mx29/df0/fn0/lv2/v0 18:st0/hp0/mx0/df0/fn0/lv0/v0 19:st0/hp0/mx0/df0/fn0/lv0/v0 
autobattle CHAR t=169802250 turn=3 cliT=3 myNo=0 afl=0 cb=0 pb=0 subP=6 procN=10 actInf=0 menuF=0 tgtSel=0 resW=0 self=hp251/st0 pet=hp341/st0 validEnemy=1 fallback=16 delay=0 cmd=H|10 heal[en=1 tf=3 c=95 p=95 a=95 mag=3 selfP=95/mx263 petP=98/mx345] | enemies=10:st0/hp0/mx0/df0/fn0/lv0/v0 11:st0/hp0/mx0/df0/fn0/lv0/v0 12:st0/hp0/mx0/df0/fn0/lv0/v0 13:st0/hp0/mx0/df0/fn0/lv0/v0 14:st0/hp0/mx0/df0/fn0/lv0/v0 15:st0/hp0/mx30/df0/fn0/lv2/v0 16:st0/hp29/mx29/df0/fn4909D0/lv2/v1 17:st0/hp0/mx29/df0/fn0/lv2/v0 18:st0/hp0/mx0/df0/fn0/lv0/v0 19:st0/hp0/mx0/df0/fn0/lv0/v0 
autobattle tick cnt=675 smto=1 res=0 battling=1 ctype=0 ptype=0
autobattle tick cnt=689 smto=1 res=0 battling=1 ctype=0 ptype=0
autobattle tick cnt=703 smto=1 res=0 battling=1 ctype=0 ptype=0
autobattle tick cnt=717 smto=1 res=0 battling=1 ctype=0 ptype=0
autobattle tick cnt=731 smto=1 res=0 battling=1 ctype=0 ptype=0
autobattle tick cnt=745 smto=1 res=0 battling=1 ctype=0 ptype=0
autobattle tick cnt=759 smto=1 res=0 battling=1 ctype=0 ptype=0
autobattle CHAR t=169863296 turn=0 cliT=0 myNo=0 afl=78000 cb=0 pb=0 subP=3 procN=10 actInf=0 menuF=0 tgtSel=0 resW=0 self=hp251/st0 pet=hp341/st0 validEnemy=4 fallback=17 delay=0 cmd=H|11 heal[en=1 tf=3 c=95 p=95 a=95 mag=3 selfP=95/mx263 petP=98/mx345] | enemies=10:st0/hp0/mx0/df0/fn0/lv0/v0 11:st0/hp0/mx0/df0/fn0/lv0/v0 12:st0/hp0/mx0/df0/fn0/lv0/v0 13:st0/hp0/mx0/df0/fn0/lv0/v0 14:st0/hp0/mx0/df0/fn0/lv0/v0 15:st0/hp24/mx24/df0/fn4909D0/lv2/v1 16:st0/hp31/mx31/df0/fn4909D0/lv3/v1 17:st0/hp32/mx32/df0/fn4909D0/lv3/v1 18:st0/hp27/mx27/df0/fn4909D0/lv3/v1 19:st0/hp0/mx0/df0/fn0/lv0/v0 
autobattle PET turn=0 myNo=0 row=0 si=0 seed=-2 target=17 validEnemy=4 minLv=2 pcEnable=0 cmd=W|0|11
autobattle tick cnt=774 smto=1 res=0 battling=1 ctype=0 ptype=0
autobattle tick cnt=788 smto=1 res=0 battling=1 ctype=0 ptype=0
autobattle tick cnt=802 smto=1 res=0 battling=1 ctype=0 ptype=0
autobattle tick cnt=816 smto=1 res=0 battling=1 ctype=0 ptype=0
autobattle tick cnt=830 smto=1 res=0 battling=1 ctype=0 ptype=0
autobattle tick cnt=844 smto=1 res=0 battling=1 ctype=0 ptype=0
autobattle tick cnt=858 smto=1 res=0 battling=1 ctype=0 ptype=0
autobattle tick cnt=872 smto=1 res=0 battling=1 ctype=0 ptype=0
autobattle tick cnt=887 smto=1 res=0 battling=1 ctype=0 ptype=0
autobattle tick cnt=901 smto=1 res=0 battling=1 ctype=0 ptype=0
autobattle tick cnt=915 smto=1 res=0 battling=1 ctype=0 ptype=0
autobattle tick cnt=929 smto=1 res=0 battling=1 ctype=0 ptype=0
autobattle tick cnt=943 smto=1 res=0 battling=1 ctype=0 ptype=0
autobattle tick cnt=957 smto=1 res=0 battling=1 ctype=0 ptype=0
autobattle tick cnt=971 smto=1 res=0 battling=1 ctype=0 ptype=0
autobattle tick cnt=985 smto=1 res=0 battling=1 ctype=0 ptype=0
autobattle CHAR t=169879796 turn=1 cliT=1 myNo=0 afl=58000 cb=0 pb=0 subP=5 procN=10 actInf=0 menuF=0 tgtSel=0 resW=0 self=hp251/st0 pet=hp340/st0 validEnemy=3 fallback=15 delay=0 cmd=H|F heal[en=1 tf=3 c=95 p=95 a=95 mag=3 selfP=95/mx263 petP=98/mx345] | enemies=10:st0/hp0/mx0/df0/fn0/lv0/v0 11:st0/hp0/mx0/df0/fn0/lv0/v0 12:st0/hp0/mx0/df0/fn0/lv0/v0 13:st0/hp0/mx0/df0/fn0/lv0/v0 14:st0/hp0/mx0/df0/fn0/lv0/v0 15:st0/hp24/mx24/df0/fn4909D0/lv2/v1 16:st0/hp31/mx31/df0/fn4909D0/lv3/v1 17:st0/hp0/mx32/df0/fn0/lv3/v0 18:st0/hp27/mx27/df0/fn4909D0/lv3/v1 19:st0/hp0/mx0/df0/fn0/lv0/v0 
autobattle PET turn=1 myNo=0 row=0 si=0 seed=-2 target=15 validEnemy=3 minLv=2 pcEnable=0 cmd=W|0|F
autobattle tick cnt=999 smto=1 res=0 battling=1 ctype=0 ptype=0
autobattle tick cnt=1013 smto=1 res=0 battling=1 ctype=0 ptype=0
autobattle tick cnt=1028 smto=1 res=0 battling=1 ctype=0 ptype=0
autobattle tick cnt=1042 smto=1 res=0 battling=1 ctype=0 ptype=0
autobattle tick cnt=1056 smto=1 res=0 battling=1 ctype=0 ptype=0
autobattle tick cnt=1071 smto=1 res=0 battling=1 ctype=0 ptype=0
autobattle tick cnt=1084 smto=1 res=0 battling=1 ctype=0 ptype=0
autobattle tick cnt=1098 smto=1 res=0 battling=1 ctype=0 ptype=0
autobattle tick cnt=1112 smto=1 res=0 battling=1 ctype=0 ptype=0
autobattle tick cnt=1126 smto=1 res=0 battling=1 ctype=0 ptype=0
autobattle tick cnt=1140 smto=1 res=0 battling=1 ctype=0 ptype=0
autobattle tick cnt=1154 smto=1 res=0 battling=1 ctype=0 ptype=0
autobattle tick cnt=1168 smto=1 res=0 battling=1 ctype=0 ptype=0
autobattle CHAR t=169892765 turn=2 cliT=2 myNo=0 afl=10000 cb=0 pb=0 subP=5 procN=10 actInf=0 menuF=0 tgtSel=0 resW=0 self=hp251/st0 pet=hp340/st0 validEnemy=1 fallback=16 delay=0 cmd=H|10 heal[en=1 tf=3 c=95 p=95 a=95 mag=3 selfP=95/mx263 petP=98/mx345] | enemies=10:st0/hp0/mx0/df0/fn0/lv0/v0 11:st0/hp0/mx0/df0/fn0/lv0/v0 12:st0/hp0/mx0/df0/fn0/lv0/v0 13:st0/hp0/mx0/df0/fn0/lv0/v0 14:st0/hp0/mx0/df0/fn0/lv0/v0 15:st0/hp0/mx24/df0/fn0/lv2/v0 16:st0/hp31/mx31/df0/fn4909D0/lv3/v1 17:st0/hp0/mx32/df0/fn0/lv3/v0 18:st0/hp0/mx27/df0/fn0/lv3/v0 19:st0/hp0/mx0/df0/fn0/lv0/v0 
autobattle PET turn=2 myNo=0 row=0 si=0 seed=-2 target=16 validEnemy=1 minLv=3 pcEnable=0 cmd=W|0|10
autobattle tick cnt=1182 smto=1 res=0 battling=1 ctype=0 ptype=0
autobattle CHAR t=169893515 turn=3 cliT=3 myNo=0 afl=0 cb=0 pb=0 subP=6 procN=10 actInf=0 menuF=0 tgtSel=0 resW=0 self=hp251/st0 pet=hp340/st0 validEnemy=1 fallback=16 delay=0 cmd=H|10 heal[en=1 tf=3 c=95 p=95 a=95 mag=3 selfP=95/mx263 petP=98/mx345] | enemies=10:st0/hp0/mx0/df0/fn0/lv0/v0 11:st0/hp0/mx0/df0/fn0/lv0/v0 12:st0/hp0/mx0/df0/fn0/lv0/v0 13:st0/hp0/mx0/df0/fn0/lv0/v0 14:st0/hp0/mx0/df0/fn0/lv0/v0 15:st0/hp0/mx24/df0/fn0/lv2/v0 16:st0/hp31/mx31/df0/fn4909D0/lv3/v1 17:st0/hp0/mx32/df0/fn0/lv3/v0 18:st0/hp0/mx27/df0/fn0/lv3/v0 19:st0/hp0/mx0/df0/fn0/lv0/v0 
autobattle CHAR t=169894250 turn=3 cliT=3 myNo=0 afl=0 cb=0 pb=0 subP=6 procN=10 actInf=0 menuF=0 tgtSel=0 resW=0 self=hp251/st0 pet=hp340/st0 validEnemy=1 fallback=16 delay=0 cmd=H|10 heal[en=1 tf=3 c=95 p=95 a=95 mag=3 selfP=95/mx263 petP=98/mx345] | enemies=10:st0/hp0/mx0/df0/fn0/lv0/v0 11:st0/hp0/mx0/df0/fn0/lv0/v0 12:st0/hp0/mx0/df0/fn0/lv0/v0 13:st0/hp0/mx0/df0/fn0/lv0/v0 14:st0/hp0/mx0/df0/fn0/lv0/v0 15:st0/hp0/mx24/df0/fn0/lv2/v0 16:st0/hp31/mx31/df0/fn4909D0/lv3/v1 17:st0/hp0/mx32/df0/fn0/lv3/v0 18:st0/hp0/mx27/df0/fn0/lv3/v0 19:st0/hp0/mx0/df0/fn0/lv0/v0 
autobattle tick cnt=1196 smto=1 res=0 battling=1 ctype=0 ptype=0
autobattle tick cnt=1210 smto=1 res=0 battling=1 ctype=0 ptype=0
autobattle tick cnt=1224 smto=1 res=0 battling=1 ctype=0 ptype=0
autobattle tick cnt=1238 smto=1 res=0 battling=1 ctype=0 ptype=0
autobattle tick cnt=1252 smto=1 res=0 battling=1 ctype=0 ptype=0
