fastbattle-hook install ok=7 enTr=0DE20000 bTr=0DF50000 rsTr=14480000
fbstate procN=1 battling=0 active=0 turn=0 anim=0 resultWnd=0
EN fd=2648 result=1 field=6
fbstate procN=9 battling=0 active=1 turn=0 anim=0 resultWnd=0
B fd=2648 sub=BP len=9 head=BP|0|0|55
B fd=2648 sub=BC len=207 head=BC|0|0|test2||18ADC|1E|FB|107|5|1|..............|1B|E7|F3|5|................||18A2B|1D|159|159|1|0||0|0|0|F|....||187C9|3|1E|1E|1|0||0|0|0|10|....||187C9|2|16|16|1|0||0|0|0|11|....||187C9|2|17|17|1|0||0|0|0|
B fd=2648 sub=BA len=11 head=BA|38000|0|
fastdrive(pkt) turn=0 myPos=0 anim=38000 target=15 bfd=A58
B fd=2648 sub=BA len=11 head=BA|38001|0|
B fd=2648 sub=BA len=11 head=BA|38021|0|
B fd=2648 sub=bn len=72 head=bn|5|BH|a0|rF|f83|d75|p0|FF|BH|a10|r5|f2|d1|p0|FF|BH|a11|r5|f2|d1|p0|FF|
B fd=2648 sub=BP len=9 head=BP|0|0|55
B fd=2648 sub=BC len=174 head=BC|0|0|test2||18ADC|1E|FB|107|4|1|..............|1B|E7|F3|5|................||18A2B|1D|157|159|0|0||0|0|0|10|....||187C9|2|16|16|0|0||0|0|0|11|....||187C9|2|17|17|0|0||0|0|0|
B fd=2648 sub=BA len=11 head=BA|30000|1|
fastdrive(pkt) turn=1 myPos=0 anim=30000 target=16 bfd=A58
B fd=2648 sub=BA len=11 head=BA|30001|1|
B fd=2648 sub=BA len=11 head=BA|30021|1|
B fd=2648 sub=BH len=52 head=BH|a0|r10|f83|d74|p0|FF|bn|5|BH|a11|r0|f20|d0|p0|FF|
B fd=2648 sub=BP len=9 head=BP|0|0|55
B fd=2648 sub=BC len=140 head=BC|0|0|test2||18ADC|1E|FB|107|4|1|..............|1B|E7|F3|5|................||18A2B|1D|157|159|0|0||0|0|0|11|....||187C9|2|17|17|0|0||0|0|0|
B fd=2648 sub=BA len=11 head=BA|20000|2|
fastdrive(pkt) turn=2 myPos=0 anim=20000 target=17 bfd=A58
B fd=2648 sub=BA len=11 head=BA|20001|2|
B fd=2648 sub=BA len=11 head=BA|20021|2|
B fd=2648 sub=bn len=29 head=bn|5|BH|a0|r11|f83|d72|p0|FF|
B fd=2648 sub=BP len=9 head=BP|0|0|55
B fd=2648 sub=BC len=106 head=BC|0|0|test2||18ADC|1E|FB|107|4|1|..............|1B|E7|F3|5|................||18A2B|1D|157|159|0|0||0|0|0|
fastbattle-end(bc) enemyCount=0 myPos=0 -> EO bfd=A58
B fd=2648 sub=BA len=7 head=BA|0|3|
RS-recv fd=2648 len=19 data=-2|0|6,1|0|6,,,,|||
EN fd=2648 result=1 field=6
B fd=2648 sub=BP len=9 head=BP|0|0|55
B fd=2648 sub=BC len=181 head=BC|0|0|test2||18ADC|1E|FB|107|5|1|..............|1B|E7|F3|5|................||18A2B|1D|157|159|1|0||0|0|0|F|........||187F1|4|37|37|1|0||0|0|0|10|........||187F1|4|35|35|1|0||0|0|0|
B fd=2648 sub=BA len=11 head=BA|18000|0|
fastdrive(pkt) turn=0 myPos=0 anim=18000 target=15 bfd=A58
B fd=2648 sub=BA len=11 head=BA|18001|0|
B fd=2648 sub=BA len=11 head=BA|18021|0|
B fd=2648 sub=BH len=51 head=BH|a0|rF|f83|d98|p0|FF|bn|5|BH|a10|r5|f20|d0|p0|FF|
B fd=2648 sub=BP len=9 head=BP|0|0|55
B fd=2648 sub=BC len=144 head=BC|0|0|test2||18ADC|1E|FB|107|4|1|..............|1B|E7|F3|5|................||18A2B|1D|157|159|0|0||0|0|0|10|........||187F1|4|35|35|0|0||0|0|0|
B fd=2648 sub=BA len=11 head=BA|10000|1|
fastdrive(pkt) turn=1 myPos=0 anim=10000 target=16 bfd=A58
B fd=2648 sub=BA len=11 head=BA|10001|1|
B fd=2648 sub=BA len=11 head=BA|10021|1|
B fd=2648 sub=bn len=29 head=bn|5|BH|a0|r10|f83|d9C|p0|FF|
B fd=2648 sub=BP len=9 head=BP|0|0|55
B fd=2648 sub=BC len=106 head=BC|0|0|test2||18ADC|1E|FB|107|4|1|..............|1B|E7|F3|5|................||18A2B|1D|157|159|0|0||0|0|0|
fastbattle-end(bc) enemyCount=0 myPos=0 -> EO bfd=A58
B fd=2648 sub=BA len=7 head=BA|0|2|
RS-recv fd=2648 len=19 data=-2|0|4,1|0|4,,,,|||
fbstate procN=9 battling=0 active=0 turn=2 anim=0 resultWnd=0
fbstate procN=9 battling=0 active=0 turn=2 anim=0 resultWnd=0
EN fd=2648 result=1 field=6
B fd=2648 sub=BP len=9 head=BP|0|0|55
B fd=2648 sub=BC len=241 head=BC|0|0|test2||18ADC|1E|FB|107|5|1|..............|1B|E7|F3|5|................||18A2B|1D|157|159|1|0||0|0|0|F|....||187C9|3|1E|1E|1|0||0|0|0|10|....||187C9|3|21|21|1|0||0|0|0|11|....||187C9|2|1A|1A|1|0||0|0|0|12|....||187C9|2|18|18|1|0||0|0|0
B fd=2648 sub=BA len=11 head=BA|78000|0|
fastdrive(pkt) turn=0 myPos=0 anim=78000 target=15 bfd=A58
B fd=2648 sub=BA len=11 head=BA|78001|0|
B fd=2648 sub=BA len=11 head=BA|78021|0|
B fd=2648 sub=bn len=97 head=bn|5|BH|a0|rF|f45|d86|p0|FF|BH|a12|r0|f20|d0|p0|FF|BH|a10|r5|f20|d0|p0|FF|BH|a11|r5|f20|d0|p0|FF|
B fd=2648 sub=BP len=9 head=BP|0|0|55
B fd=2648 sub=BC len=208 head=BC|0|0|test2||18ADC|1E|FB|107|4|1|..............|1B|E7|F3|5|................||18A2B|1D|157|159|0|0||0|0|0|10|....||187C9|3|21|21|0|0||0|0|0|11|....||187C9|2|1A|1A|0|0||0|0|0|12|....||187C9|2|18|18|0|0||0|0|0|
B fd=2648 sub=BA len=11 head=BA|70000|1|
fastdrive(pkt) turn=1 myPos=0 anim=70000 target=16 bfd=A58
B fd=2648 sub=BA len=11 head=BA|70001|1|
B fd=2648 sub=BA len=11 head=BA|70021|1|
B fd=2648 sub=bn len=73 head=bn|5|BH|a0|r10|f83|d6E|p0|FF|BH|a11|r5|f2|d1|p0|FF|BH|a12|r0|f4|d1|p3|FF|
B fd=2648 sub=BP len=9 head=BP|0|0|55
B fd=2648 sub=BC len=174 head=BC|0|0|test2||18ADC|1E|FA|107|4|1|..............|1B|E4|F3|5|................||18A2B|1D|156|159|0|0||0|0|0|11|....||187C9|2|1A|1A|0|0||0|0|0|12|....||187C9|2|18|18|0|0||0|0|0|
B fd=2648 sub=BA len=11 head=BA|60000|2|
fastdrive(pkt) turn=2 myPos=0 anim=60000 target=17 bfd=A58
B fd=2648 sub=BA len=11 head=BA|60001|2|
B fd=2648 sub=BA len=11 head=BA|60021|2|
B fd=2648 sub=bn len=52 head=bn|5|BH|a0|r11|f83|d70|p0|FF|BH|a12|r5|f20|d0|p0|FF|
B fd=2648 sub=BP len=9 head=BP|0|0|55
B fd=2648 sub=BC len=140 head=BC|0|0|test2||18ADC|1E|FA|107|4|1|..............|1B|E4|F3|5|................||18A2B|1D|156|159|0|0||0|0|0|12|....||187C9|2|18|18|0|0||0|0|0|
B fd=2648 sub=BA len=11 head=BA|40000|3|
fastdrive(pkt) turn=3 myPos=0 anim=40000 target=18 bfd=A58
B fd=2648 sub=BA len=11 head=BA|40001|3|
B fd=2648 sub=BA len=11 head=BA|40021|3|
B fd=2648 sub=BH len=24 head=BH|a0|r12|f83|d76|p0|FF|
B fd=2648 sub=BP len=9 head=BP|0|0|55
B fd=2648 sub=BC len=106 head=BC|0|0|test2||18ADC|1E|FA|107|4|1|..............|1B|E4|F3|5|................||18A2B|1D|156|159|0|0||0|0|0|
fastbattle-end(bc) enemyCount=0 myPos=0 -> EO bfd=A58
B fd=2648 sub=BA len=7 head=BA|0|4|
RS-recv fd=2648 len=19 data=-2|0|8,1|0|8,,,,|||
EN fd=2648 result=1 field=7
B fd=2648 sub=BP len=9 head=BP|0|0|41
B fd=2648 sub=BC len=295 head=BC|0|0|test2||18ADC|1E|FA|107|5|1|..............|1B|F3|F3|5|................||18A2B|1D|156|159|1|0||0|0|0|F|........||187F0|2|28|28|1|0||0|0|0|10|........||187F0|2|26|26|1|0||0|0|0|11|........||187F0|2|24|24|1|0||0|0|0|12|........||187F0|2|
B fd=2648 sub=BA len=11 head=BA|F8000|0|
fastdrive(pkt) turn=0 myPos=0 anim=F8000 target=15 bfd=A58
B fd=2648 sub=BA len=11 head=BA|F8001|0|
B fd=2648 sub=BA len=11 head=BA|F8021|0|
B fd=2648 sub=bn len=138 head=bn|5|BH|a0|rF|f20|d0|p0|FF|BH|a13|r0|f0|d0|p0|FF|BH|aF|r5|f20|d0|p0|FF|BH|a10|r5|f0|d0|p0|FF|BH|a12|r0|f20|d0|p0|FF|BH|a11|r0|f0|d0|p0|FF|
B fd=2648 sub=BP len=9 head=BP|0|0|41
B fd=2648 sub=BC len=295 head=BC|0|0|test2||18ADC|1E|FA|107|4|1|..............|1B|F3|F3|5|................||18A2B|1D|156|159|0|0||0|0|0|F|........||187F0|2|28|28|0|0||0|0|0|10|........||187F0|2|26|26|0|0||0|0|0|11|........||187F0|2|24|24|0|0||0|0|0|12|........||187F0|2|
B fd=2648 sub=BA len=11 head=BA|F8000|1|
fastdrive(pkt) turn=1 myPos=0 anim=F8000 target=15 bfd=A58
B fd=2648 sub=BA len=11 head=BA|F8001|1|
B fd=2648 sub=BA len=11 head=BA|F8021|1|
B fd=2648 sub=BH len=117 head=BH|a0|rF|f83|dBF|p0|FF|bn|5|BH|a13|r5|f0|d0|p0|FF|BH|a10|r5|f20|d0|p0|FF|BH|a11|r5|f0|d0|p0|FF|BH|a12|r5|f0|d0|p0|FF|
B fd=2648 sub=BP len=9 head=BP|0|0|41
B fd=2648 sub=BC len=258 head=BC|0|0|test2||18ADC|1E|FA|107|4|1|..............|1B|F3|F3|5|................||18A2B|1D|156|159|0|0||0|0|0|10|........||187F0|2|26|26|0|0||0|0|0|11|........||187F0|2|24|24|0|0||0|0|0|12|........||187F0|2|26|26|0|0||0|0|0|13|........||187F0|3
B fd=2648 sub=BA len=11 head=BA|F0000|2|
fastdrive(pkt) turn=2 myPos=0 anim=F0000 target=16 bfd=A58
B fd=2648 sub=BA len=11 head=BA|F0001|2|
B fd=2648 sub=BA len=11 head=BA|F0021|2|
B fd=2648 sub=BH len=96 head=BH|a0|r10|f83|dC2|p0|FF|bn|5|BH|a11|r0|f20|d0|p0|FF|BH|a12|r5|f2|d1|p0|FF|BH|a13|r5|f0|d0|p0|FF|
B fd=2648 sub=BP len=9 head=BP|0|0|41
B fd=2648 sub=BC len=220 head=BC|0|0|test2||18ADC|1E|FA|107|4|1|..............|1B|F3|F3|5|................||18A2B|1D|155|159|0|0||0|0|0|11|........||187F0|2|24|24|0|0||0|0|0|12|........||187F0|2|26|26|0|0||0|0|0|13|........||187F0|3|2F|2F|0|0||0|0|0|
B fd=2648 sub=BA len=11 head=BA|E0000|3|
fastdrive(pkt) turn=3 myPos=0 anim=E0000 target=17 bfd=A58
B fd=2648 sub=BA len=11 head=BA|E0001|3|
B fd=2648 sub=BA len=11 head=BA|E0021|3|
B fd=2648 sub=bn len=58 head=bn|5|BH|a0|r11|f83|dC5|p0|FF|bg|13|BH|a12|r0|f20|d0|p0|FF|
B fd=2648 sub=BP len=9 head=BP|0|0|41
B fd=2648 sub=BC len=182 head=BC|0|0|test2||18ADC|1E|FA|107|4|1|..............|1B|F3|F3|5|................||18A2B|1D|155|159|0|0||0|0|0|12|........||187F0|2|26|26|0|0||0|0|0|13|........||187F0|3|2F|2F|0|0||0|0|0|
B fd=2648 sub=BA len=11 head=BA|C0000|4|
fastdrive(pkt) turn=4 myPos=0 anim=C0000 target=18 bfd=A58
fbstate procN=9 battling=0 active=1 turn=4 anim=C0000 resultWnd=0
B fd=2648 sub=BA len=11 head=BA|C0001|4|
B fd=2648 sub=BA len=11 head=BA|C0021|4|
B fd=2648 sub=bn len=35 head=bn|5|BH|a0|r12|f83|dBB|p0|FF|bg|13|
B fd=2648 sub=BP len=9 head=BP|0|0|41
B fd=2648 sub=BC len=144 head=BC|0|0|test2||18ADC|1E|FA|107|4|1|..............|1B|F3|F3|5|................||18A2B|1D|155|159|0|0||0|0|0|13|........||187F0|3|2F|2F|0|0||0|0|0|
B fd=2648 sub=BA len=11 head=BA|80000|5|
fastdrive(pkt) turn=5 myPos=0 anim=80000 target=19 bfd=A58
B fd=2648 sub=BA len=11 head=BA|80001|5|
B fd=2648 sub=BA len=11 head=BA|80021|5|
B fd=2648 sub=BH len=24 head=BH|a0|r13|f83|dC5|p0|FF|
B fd=2648 sub=BP len=9 head=BP|0|0|41
B fd=2648 sub=BC len=106 head=BC|0|0|test2||18ADC|1E|FA|107|4|1|..............|1B|F3|F3|5|................||18A2B|1D|155|159|0|0||0|0|0|
fastbattle-end(bc) enemyCount=0 myPos=0 -> EO bfd=A58
B fd=2648 sub=BA len=7 head=BA|0|6|
RS-recv fd=2648 len=19 data=-2|0|a,1|0|a,,,,|||
EN fd=2648 result=1 field=8
B fd=2648 sub=BP len=9 head=BP|0|0|41
B fd=2648 sub=BC len=181 head=BC|0|0|test2||18ADC|1E|FA|107|5|1|..............|1B|F3|F3|5|................||18A2B|1D|155|159|1|0||0|0|0|F|........||187F1|2|26|26|1|0||0|0|0|10|........||187F1|2|26|26|1|0||0|0|0|
B fd=2648 sub=BA len=11 head=BA|18000|0|
fastdrive(pkt) turn=0 myPos=0 anim=18000 target=15 bfd=A58
B fd=2648 sub=BA len=11 head=BA|18001|0|
B fd=2648 sub=BA len=11 head=BA|18021|0|
B fd=2648 sub=bn len=50 head=bn|5|BH|a0|rF|f83|d9C|p0|FF|BH|a10|r0|f2|d1|p1|FF|
B fd=2648 sub=BP len=9 head=BP|0|0|41
B fd=2648 sub=BC len=144 head=BC|0|0|test2||18ADC|1E|F9|107|4|1|..............|1B|F2|F3|5|................||18A2B|1D|155|159|0|0||0|0|0|10|........||187F1|2|26|26|0|0||0|0|0|
B fd=2648 sub=BA len=11 head=BA|10000|1|
fastdrive(pkt) turn=1 myPos=0 anim=10000 target=16 bfd=A58
B fd=2648 sub=BA len=11 head=BA|10001|1|
B fd=2648 sub=BA len=11 head=BA|10021|1|
B fd=2648 sub=bn len=29 head=bn|5|BH|a0|r10|f83|d9E|p0|FF|
B fd=2648 sub=BP len=9 head=BP|0|0|41
B fd=2648 sub=BC len=106 head=BC|0|0|test2||18ADC|1E|F9|107|4|1|..............|1B|F2|F3|5|................||18A2B|1D|155|159|0|0||0|0|0|
fastbattle-end(bc) enemyCount=0 myPos=0 -> EO bfd=A58
B fd=2648 sub=BA len=7 head=BA|0|2|
RS-recv fd=2648 len=19 data=-2|0|4,1|0|4,,,,|||
fbstate procN=9 battling=0 active=0 turn=2 anim=0 resultWnd=0
EN fd=2648 result=1 field=8
B fd=2648 sub=BP len=9 head=BP|0|0|2D
B fd=2648 sub=BC len=182 head=BC|0|0|test2||18ADC|1E|107|107|5|1|..............|1B|F2|F3|5|................||18A2B|1D|155|159|1|0||0|0|0|F|........||187F0|4|34|34|1|0||0|0|0|10|........||187F0|3|2A|2A|1|0||0|0|0|
B fd=2648 sub=BA len=11 head=BA|18000|0|
fastdrive(pkt) turn=0 myPos=0 anim=18000 target=15 bfd=A58
B fd=2648 sub=BA len=11 head=BA|18001|0|
B fd=2648 sub=BA len=11 head=BA|18021|0|
B fd=2648 sub=bn len=51 head=bn|5|BH|a0|rF|f83|dB8|p0|FF|BH|a10|r0|f20|d0|p0|FF|
B fd=2648 sub=BP len=9 head=BP|0|0|2D
B fd=2648 sub=BC len=145 head=BC|0|0|test2||18ADC|1E|107|107|4|1|..............|1B|F2|F3|5|................||18A2B|1D|155|159|0|0||0|0|0|10|........||187F0|3|2A|2A|0|0||0|0|0|
B fd=2648 sub=BA len=11 head=BA|10000|1|
fastdrive(pkt) turn=1 myPos=0 anim=10000 target=16 bfd=A58
B fd=2648 sub=BA len=11 head=BA|10001|1|
B fd=2648 sub=BA len=11 head=BA|10021|1|
B fd=2648 sub=bn len=29 head=bn|5|BH|a0|r10|f83|dC2|p0|FF|
B fd=2648 sub=BP len=9 head=BP|0|0|2D
B fd=2648 sub=BC len=107 head=BC|0|0|test2||18ADC|1E|107|107|4|1|..............|1B|F2|F3|5|................||18A2B|1D|155|159|0|0||0|0|0|
fastbattle-end(bc) enemyCount=0 myPos=0 -> EO bfd=A58
B fd=2648 sub=BA len=7 head=BA|0|2|
RS-recv fd=2648 len=19 data=-2|0|4,1|0|4,,,,|||
fbstate procN=9 battling=0 active=0 turn=2 anim=0 resultWnd=0
EN fd=2648 result=1 field=8
B fd=2648 sub=BP len=9 head=BP|0|0|2D
B fd=2648 sub=BC len=220 head=BC|0|0|test2||18ADC|1E|107|107|5|1|..............|1B|F2|F3|5|................||18A2B|1D|155|159|1|0||0|0|0|F|........||1879C|3|26|26|1|0||0|0|0|10|........||1879C|2|1E|1E|1|0||0|0|0|11|........||1879C|2|1C|1C|1|0||0|0|0|
B fd=2648 sub=BA len=11 head=BA|38000|0|
fastdrive(pkt) turn=0 myPos=0 anim=38000 target=15 bfd=A58
B fd=2648 sub=BA len=11 head=BA|38001|0|
B fd=2648 sub=BA len=11 head=BA|38021|0|
B fd=2648 sub=bn len=72 head=bn|5|BH|a0|rF|f83|d8A|p0|FF|BH|a10|r5|f2|d1|p0|FF|BH|a11|r0|f0|d0|p0|FF|
B fd=2648 sub=BP len=9 head=BP|0|0|2D
B fd=2648 sub=BC len=183 head=BC|0|0|test2||18ADC|1E|107|107|4|1|..............|1B|F2|F3|5|................||18A2B|1D|154|159|0|0||0|0|0|10|........||1879C|2|1E|1E|0|0||0|0|0|11|........||1879C|2|1C|1C|0|0||0|0|0|
B fd=2648 sub=BA len=11 head=BA|30000|1|
fastdrive(pkt) turn=1 myPos=0 anim=30000 target=16 bfd=A58
B fd=2648 sub=BA len=11 head=BA|30001|1|
B fd=2648 sub=BA len=11 head=BA|30021|1|
B fd=2648 sub=bn len=52 head=bn|5|BH|a0|r10|f83|d8F|p0|FF|BH|a11|r5|f20|d0|p0|FF|
B fd=2648 sub=BP len=9 head=BP|0|0|2D
B fd=2648 sub=BC len=145 head=BC|0|0|test2||18ADC|1E|107|107|4|1|..............|1B|F2|F3|5|................||18A2B|1D|154|159|0|0||0|0|0|11|........||1879C|2|1C|1C|0|0||0|0|0|
B fd=2648 sub=BA len=11 head=BA|20000|2|
fastdrive(pkt) turn=2 myPos=0 anim=20000 target=17 bfd=A58
B fd=2648 sub=BA len=11 head=BA|20001|2|
B fd=2648 sub=BA len=11 head=BA|20021|2|
B fd=2648 sub=bn len=29 head=bn|5|BH|a0|r11|f83|d8D|p0|FF|
B fd=2648 sub=BP len=9 head=BP|0|0|2D
B fd=2648 sub=BC len=107 head=BC|0|0|test2||18ADC|1E|107|107|4|1|..............|1B|F2|F3|5|................||18A2B|1D|154|159|0|0||0|0|0|
fastbattle-end(bc) enemyCount=0 myPos=0 -> EO bfd=A58
B fd=2648 sub=BA len=7 head=BA|0|3|
RS-recv fd=2648 len=19 data=-2|0|6,1|0|6,,,,|||
fbstate procN=9 battling=0 active=0 turn=3 anim=0 resultWnd=0
fbstate procN=9 battling=0 active=0 turn=3 anim=0 resultWnd=0
fbstate procN=9 battling=0 active=0 turn=3 anim=0 resultWnd=0
EN fd=2648 result=1 field=6
B fd=2648 sub=BP len=9 head=BP|0|0|2D
B fd=2648 sub=BC len=182 head=BC|0|0|test2||18ADC|1E|107|107|5|1|..............|1B|F2|F3|5|................||18A2B|1D|154|159|1|0||0|0|0|F|........||1879C|2|1D|1D|1|0||0|0|0|10|........||1879C|2|1F|1F|1|0||0|0|0|
B fd=2648 sub=BA len=11 head=BA|18000|0|
fastdrive(pkt) turn=0 myPos=0 anim=18000 target=15 bfd=A58
B fd=2648 sub=BA len=11 head=BA|18001|0|
B fd=2648 sub=BA len=11 head=BA|18021|0|
B fd=2648 sub=BH len=50 head=BH|a0|rF|f85|dB2|p0|FF|bn|5|BH|a10|r0|f2|d1|p1|FF|
B fd=2648 sub=BP len=9 head=BP|0|0|2D
B fd=2648 sub=BC len=145 head=BC|0|0|test2||18ADC|1E|106|107|4|1|..............|1B|F1|F3|5|................||18A2B|1D|154|159|0|0||0|0|0|10|........||1879C|2|1F|1F|0|0||0|0|0|
B fd=2648 sub=BA len=11 head=BA|10000|1|
fastdrive(pkt) turn=1 myPos=0 anim=10000 target=16 bfd=A58
fbstate procN=9 battling=0 active=1 turn=1 anim=10000 resultWnd=0
B fd=2648 sub=BA len=11 head=BA|10001|1|
B fd=2648 sub=BA len=11 head=BA|10021|1|
B fd=2648 sub=bn len=29 head=bn|5|BH|a0|r10|f85|dB2|p0|FF|
B fd=2648 sub=BP len=9 head=BP|0|0|2D
B fd=2648 sub=BC len=107 head=BC|0|0|test2||18ADC|1E|106|107|4|1|..............|1B|F1|F3|5|................||18A2B|1D|154|159|0|0||0|0|0|
fastbattle-end(bc) enemyCount=0 myPos=0 -> EO bfd=A58
B fd=2648 sub=BA len=7 head=BA|0|2|
RS-recv fd=2648 len=19 data=-2|0|4,1|0|4,,,,|||
fbstate procN=9 battling=0 active=0 turn=2 anim=0 resultWnd=0
fbstate procN=9 battling=0 active=0 turn=2 anim=0 resultWnd=0
EN fd=2648 result=1 field=7
B fd=2648 sub=BP len=9 head=BP|0|0|2D
B fd=2648 sub=BC len=242 head=BC|0|0|test2||18ADC|1E|106|107|5|1|..............|1B|F1|F3|5|................||18A2B|1D|154|159|1|0||0|0|0|F|....||187C9|3|20|20|1|0||0|0|0|10|....||187C9|3|1F|1F|1|0||0|0|0|11|....||187C9|2|19|19|1|0||0|0|0|12|....||187C9|2|16|16|1|0||0|0|
B fd=2648 sub=BA len=11 head=BA|78000|0|
fastdrive(pkt) turn=0 myPos=0 anim=78000 target=15 bfd=A58
B fd=2648 sub=BA len=11 head=BA|78001|0|
B fd=2648 sub=BA len=11 head=BA|78021|0|
B fd=2648 sub=bn len=117 head=bn|5|BH|a0|rF|f83|d70|p0|FF|BH|a12|r0|f20|d0|p0|FF|BH|a10|r0|f20|d0|p0|r10|f55|counter66|p0|FF|BH|a11|r5|f0|d0|p0|FF|
B fd=2648 sub=BP len=9 head=BP|0|0|2D
B fd=2648 sub=BC len=175 head=BC|0|0|test2||18ADC|1E|106|107|4|1|..............|1B|F1|F3|5|................||18A2B|1D|154|159|0|0||0|0|0|11|....||187C9|2|19|19|0|0||0|0|0|12|....||187C9|2|16|16|0|0||0|0|0|
B fd=2648 sub=BA len=11 head=BA|60000|1|
fastdrive(pkt) turn=1 myPos=0 anim=60000 target=17 bfd=A58
B fd=2648 sub=BA len=11 head=BA|60001|1|
B fd=2648 sub=BA len=11 head=BA|60021|1|
B fd=2648 sub=bn len=51 head=bn|5|BH|a0|r11|f83|d72|p0|FF|BH|a12|r0|f0|d0|p0|FF|
B fd=2648 sub=BP len=9 head=BP|0|0|2D
B fd=2648 sub=BC len=141 head=BC|0|0|test2||18ADC|1E|106|107|4|1|..............|1B|F1|F3|5|................||18A2B|1D|154|159|0|0||0|0|0|12|....||187C9|2|16|16|0|0||0|0|0|
B fd=2648 sub=BA len=11 head=BA|40000|2|
fastdrive(pkt) turn=2 myPos=0 anim=40000 target=18 bfd=A58
B fd=2648 sub=BA len=11 head=BA|40001|2|
B fd=2648 sub=BA len=11 head=BA|40021|2|
B fd=2648 sub=bn len=29 head=bn|5|BH|a0|r12|f45|d91|p0|FF|
B fd=2648 sub=BP len=9 head=BP|0|0|2D
B fd=2648 sub=BC len=107 head=BC|0|0|test2||18ADC|1E|106|107|4|1|..............|1B|F1|F3|5|................||18A2B|1D|154|159|0|0||0|0|0|
fastbattle-end(bc) enemyCount=0 myPos=0 -> EO bfd=A58
B fd=2648 sub=BA len=7 head=BA|0|3|
RS-recv fd=2648 len=19 data=-2|0|8,1|0|8,,,,|||
EN fd=2648 result=1 field=7
B fd=2648 sub=BP len=9 head=BP|0|0|2D
B fd=2648 sub=BC len=258 head=BC|0|0|test2||18ADC|1E|106|107|5|1|..............|1B|F1|F3|5|................||18A2B|1D|154|159|1|0||0|0|0|F|........||187F1|2|28|28|1|0||0|0|0|10|........||187F1|4|38|38|1|0||0|0|0|11|........||187F1|4|33|33|1|0||0|0|0|12|........||187F1|3
B fd=2648 sub=BA len=11 head=BA|78000|0|
fastdrive(pkt) turn=0 myPos=0 anim=78000 target=15 bfd=A58
B fd=2648 sub=BA len=11 head=BA|78001|0|
B fd=2648 sub=BA len=11 head=BA|78021|0|
B fd=2648 sub=BH len=95 head=BH|a0|rF|f83|d9E|p0|FF|bn|5|BH|a12|r0|f0|d0|p0|FF|BH|a10|r5|f2|d1|p0|FF|BH|a11|r0|f20|d0|p0|FF|
B fd=2648 sub=BP len=9 head=BP|0|0|2D
B fd=2648 sub=BC len=221 head=BC|0|0|test2||18ADC|1E|106|107|4|1|..............|1B|F1|F3|5|................||18A2B|1D|153|159|0|0||0|0|0|10|........||187F1|4|38|38|0|0||0|0|0|11|........||187F1|4|33|33|0|0||0|0|0|12|........||187F1|3|30|30|0|0||0|0|0|
B fd=2648 sub=BA len=11 head=BA|70000|1|
fastdrive(pkt) turn=1 myPos=0 anim=70000 target=16 bfd=A58
B fd=2648 sub=BA len=11 head=BA|70001|1|
B fd=2648 sub=BA len=11 head=BA|70021|1|
B fd=2648 sub=bn len=75 head=bn|5|BH|a0|r10|f83|d9D|p0|FF|BH|a12|r0|f20|d0|p0|FF|BH|a11|r5|f20|d0|p0|FF|
B fd=2648 sub=BP len=9 head=BP|0|0|2D
B fd=2648 sub=BC len=183 head=BC|0|0|test2||18ADC|1E|106|107|4|1|..............|1B|F1|F3|5|................||18A2B|1D|153|159|0|0||0|0|0|11|........||187F1|4|33|33|0|0||0|0|0|12|........||187F1|3|30|30|0|0||0|0|0|
B fd=2648 sub=BA len=11 head=BA|60000|2|
fastdrive(pkt) turn=2 myPos=0 anim=60000 target=17 bfd=A58
B fd=2648 sub=BA len=11 head=BA|60001|2|
B fd=2648 sub=BA len=11 head=BA|60021|2|
B fd=2648 sub=bn len=51 head=bn|5|BH|a0|r11|f83|d9B|p0|FF|BH|a12|r5|f2|d1|p0|FF|
B fd=2648 sub=BP len=9 head=BP|0|0|2D
B fd=2648 sub=BC len=145 head=BC|0|0|test2||18ADC|1E|106|107|4|1|..............|1B|F1|F3|5|................||18A2B|1D|152|159|0|0||0|0|0|12|........||187F1|3|30|30|0|0||0|0|0|
B fd=2648 sub=BA len=11 head=BA|40000|3|
fastdrive(pkt) turn=3 myPos=0 anim=40000 target=18 bfd=A58
B fd=2648 sub=BA len=11 head=BA|40001|3|
B fd=2648 sub=BA len=11 head=BA|40021|3|
B fd=2648 sub=bn len=29 head=bn|5|BH|a0|r12|f83|d9F|p0|FF|
B fd=2648 sub=BP len=9 head=BP|0|0|2D
B fd=2648 sub=BC len=107 head=BC|0|0|test2||18ADC|1E|106|107|4|1|..............|1B|F1|F3|5|................||18A2B|1D|152|159|0|0||0|0|0|
fastbattle-end(bc) enemyCount=0 myPos=0 -> EO bfd=A58
B fd=2648 sub=BA len=7 head=BA|0|4|
RS-recv fd=2648 len=19 data=-2|0|8,1|0|8,,,,|||
fbstate procN=9 battling=0 active=0 turn=4 anim=0 resultWnd=0
fbstate procN=9 battling=0 active=0 turn=4 anim=0 resultWnd=0
fbstate procN=9 battling=0 active=0 turn=4 anim=0 resultWnd=0
EN fd=2648 result=1 field=8
B fd=2648 sub=BP len=9 head=BP|0|0|2D
B fd=2648 sub=BC len=174 head=BC|0|0|test2||18ADC|1E|106|107|5|1|..............|1B|F1|F3|5|................||18A2B|1D|152|159|1|0||0|0|0|F|....||187C9|2|1A|1A|1|0||0|0|0|10|....||187C9|3|1D|1D|1|0||0|0|0|
B fd=2648 sub=BA len=11 head=BA|18000|0|
fastdrive(pkt) turn=0 myPos=0 anim=18000 target=15 bfd=A58
B fd=2648 sub=BA len=11 head=BA|18001|0|
B fd=2648 sub=BA len=11 head=BA|18021|0|
B fd=2648 sub=bn len=50 head=bn|5|BH|a0|rF|f85|d91|p0|FF|BH|a10|r0|f2|d1|p1|FF|
B fd=2648 sub=BP len=9 head=BP|0|0|2D
B fd=2648 sub=BC len=141 head=BC|0|0|test2||18ADC|1E|105|107|4|1|..............|1B|F0|F3|5|................||18A2B|1D|152|159|0|0||0|0|0|10|....||187C9|3|1D|1D|0|0||0|0|0|
B fd=2648 sub=BA len=11 head=BA|10000|1|
fastdrive(pkt) turn=1 myPos=0 anim=10000 target=16 bfd=A58
B fd=2648 sub=BA len=11 head=BA|10001|1|
B fd=2648 sub=BA len=11 head=BA|10021|1|
B fd=2648 sub=bn len=29 head=bn|5|BH|a0|r10|f83|d73|p0|FF|
B fd=2648 sub=BP len=9 head=BP|0|0|2D
B fd=2648 sub=BC len=107 head=BC|0|0|test2||18ADC|1E|105|107|4|1|..............|1B|F0|F3|5|................||18A2B|1D|152|159|0|0||0|0|0|
fastbattle-end(bc) enemyCount=0 myPos=0 -> EO bfd=A58
B fd=2648 sub=BA len=7 head=BA|0|2|
RS-recv fd=2648 len=19 data=-2|0|4,1|0|4,,,,|||
EN fd=2648 result=1 field=8
B fd=2648 sub=BP len=9 head=BP|0|0|2D
B fd=2648 sub=BC len=144 head=BC|0|0|test2||18ADC|1E|105|107|5|1|..............|1B|F0|F3|5|................||18A2B|1D|152|159|1|0||0|0|0|F|........||187F1|4|38|38|1|0||0|0|0|
B fd=2648 sub=BA len=10 head=BA|8000|0|
fastdrive(pkt) turn=0 myPos=0 anim=8000 target=15 bfd=A58
B fd=2648 sub=BA len=10 head=BA|8001|0|
B fd=2648 sub=BA len=10 head=BA|8021|0|
B fd=2648 sub=bn len=28 head=bn|5|BH|a0|rF|f83|d9B|p0|FF|
B fd=2648 sub=BP len=9 head=BP|0|0|2D
B fd=2648 sub=BC len=107 head=BC|0|0|test2||18ADC|1E|105|107|4|1|..............|1B|F0|F3|5|................||18A2B|1D|152|159|0|0||0|0|0|
fastbattle-end(bc) enemyCount=0 myPos=0 -> EO bfd=A58
B fd=2648 sub=BA len=7 head=BA|0|1|
RS-recv fd=2648 len=19 data=-2|0|2,1|0|2,,,,|||
EN fd=2648 result=1 field=7
B fd=2648 sub=BP len=9 head=BP|0|0|2D
B fd=2648 sub=BC len=258 head=BC|0|0|test2||18ADC|1E|105|107|5|1|..............|1B|F0|F3|5|................||18A2B|1D|152|159|1|0||0|0|0|F|........||1879C|2|1C|1C|1|0||0|0|0|10|........||1879C|3|25|25|1|0||0|0|0|11|........||1879C|2|20|20|1|0||0|0|0|12|........||1879C|2
B fd=2648 sub=BA len=11 head=BA|78000|0|
fastdrive(pkt) turn=0 myPos=0 anim=78000 target=15 bfd=A58
B fd=2648 sub=BA len=11 head=BA|78001|0|
B fd=2648 sub=BA len=11 head=BA|78021|0|
B fd=2648 sub=bn len=95 head=bn|5|BH|a0|rF|f85|dB1|p0|FF|BH|a10|r5|f20|d0|p0|FF|BH|a11|r0|f0|d0|p0|FF|BH|a12|r0|f0|d0|p0|FF|
B fd=2648 sub=BP len=9 head=BP|0|0|2D
B fd=2648 sub=BC len=221 head=BC|0|0|test2||18ADC|1E|105|107|4|1|..............|1B|F0|F3|5|................||18A2B|1D|152|159|0|0||0|0|0|10|........||1879C|3|25|25|0|0||0|0|0|11|........||1879C|2|20|20|0|0||0|0|0|12|........||1879C|2|1C|1C|0|0||0|0|0|
B fd=2648 sub=BA len=11 head=BA|70000|1|
fastdrive(pkt) turn=1 myPos=0 anim=70000 target=16 bfd=A58
fbstate procN=9 battling=0 active=1 turn=1 anim=70000 resultWnd=0
B fd=2648 sub=BA len=11 head=BA|70001|1|
B fd=2648 sub=BA len=11 head=BA|70021|1|
B fd=2648 sub=bn len=74 head=bn|5|BH|a0|r10|f85|dA7|p0|FF|BH|a12|r5|f2|d1|p0|FF|BH|a11|r0|f20|d0|p0|FF|
B fd=2648 sub=BP len=9 head=BP|0|0|2D
B fd=2648 sub=BC len=183 head=BC|0|0|test2||18ADC|1E|105|107|4|1|..............|1B|F0|F3|5|................||18A2B|1D|151|159|0|0||0|0|0|11|........||1879C|2|20|20|0|0||0|0|0|12|........||1879C|2|1C|1C|0|0||0|0|0|
B fd=2648 sub=BA len=11 head=BA|60000|2|
fastdrive(pkt) turn=2 myPos=0 anim=60000 target=17 bfd=A58
B fd=2648 sub=BA len=11 head=BA|60001|2|
B fd=2648 sub=BA len=11 head=BA|60021|2|
B fd=2648 sub=bn len=52 head=bn|5|BH|a0|r11|f83|d92|p0|FF|BH|a12|r5|f20|d0|p0|FF|
B fd=2648 sub=BP len=9 head=BP|0|0|2D
B fd=2648 sub=BC len=145 head=BC|0|0|test2||18ADC|1E|105|107|4|1|..............|1B|F0|F3|5|................||18A2B|1D|151|159|0|0||0|0|0|12|........||1879C|2|1C|1C|0|0||0|0|0|
B fd=2648 sub=BA len=11 head=BA|40000|3|
fastdrive(pkt) turn=3 myPos=0 anim=40000 target=18 bfd=A58
B fd=2648 sub=BA len=11 head=BA|40001|3|
B fd=2648 sub=BA len=11 head=BA|40021|3|
B fd=2648 sub=bn len=29 head=bn|5|BH|a0|r12|f83|d8E|p0|FF|
B fd=2648 sub=BP len=9 head=BP|0|0|2D
B fd=2648 sub=BC len=107 head=BC|0|0|test2||18ADC|1E|105|107|4|1|..............|1B|F0|F3|5|................||18A2B|1D|151|159|0|0||0|0|0|
fastbattle-end(bc) enemyCount=0 myPos=0 -> EO bfd=A58
B fd=2648 sub=BA len=7 head=BA|0|4|
RS-recv fd=2648 len=19 data=-2|0|8,1|0|8,,,,|||
EN fd=2648 result=1 field=7
B fd=2648 sub=BP len=9 head=BP|0|0|2D
B fd=2648 sub=BC len=220 head=BC|0|0|test2||18ADC|1E|105|107|5|1|..............|1B|F0|F3|5|................||18A2B|1D|151|159|1|0||0|0|0|F|........||187F0|2|25|25|1|0||0|0|0|10|........||187F0|3|2B|2B|1|0||0|0|0|11|........||187F0|4|31|31|1|0||0|0|0|
B fd=2648 sub=BA len=11 head=BA|38000|0|
fastdrive(pkt) turn=0 myPos=0 anim=38000 target=15 bfd=A58
B fd=2648 sub=BA len=11 head=BA|38001|0|
B fd=2648 sub=BA len=11 head=BA|38021|0|
B fd=2648 sub=bn len=73 head=bn|5|BH|a0|rF|f83|dBF|p0|FF|BH|a11|r0|f20|d0|p0|FF|BH|a10|r5|f0|d0|p0|FF|
B fd=2648 sub=BP len=9 head=BP|0|0|2D
B fd=2648 sub=BC len=183 head=BC|0|0|test2||18ADC|1E|105|107|4|1|..............|1B|F0|F3|5|................||18A2B|1D|151|159|0|0||0|0|0|10|........||187F0|3|2B|2B|0|0||0|0|0|11|........||187F0|4|31|31|0|0||0|0|0|
B fd=2648 sub=BA len=11 head=BA|30000|1|
fastdrive(pkt) turn=1 myPos=0 anim=30000 target=16 bfd=A58
B fd=2648 sub=BA len=11 head=BA|30001|1|
B fd=2648 sub=BA len=11 head=BA|30021|1|
B fd=2648 sub=bn len=52 head=bn|5|BH|a0|r10|f45|dE6|p0|FF|BH|a11|r5|f20|d0|p0|FF|
B fd=2648 sub=BP len=9 head=BP|0|0|2D
B fd=2648 sub=BC len=145 head=BC|0|0|test2||18ADC|1E|105|107|4|1|..............|1B|F0|F3|5|................||18A2B|1D|151|159|0|0||0|0|0|11|........||187F0|4|31|31|0|0||0|0|0|
B fd=2648 sub=BA len=11 head=BA|20000|2|
fastdrive(pkt) turn=2 myPos=0 anim=20000 target=17 bfd=A58
B fd=2648 sub=BA len=11 head=BA|20001|2|
B fd=2648 sub=BA len=11 head=BA|20021|2|
B fd=2648 sub=bn len=29 head=bn|5|BH|a0|r11|f83|dBA|p0|FF|
B fd=2648 sub=BP len=9 head=BP|0|0|2D
B fd=2648 sub=BC len=107 head=BC|0|0|test2||18ADC|1E|105|107|4|1|..............|1B|F0|F3|5|................||18A2B|1D|151|159|0|0||0|0|0|
fastbattle-end(bc) enemyCount=0 myPos=0 -> EO bfd=A58
B fd=2648 sub=BA len=7 head=BA|0|3|
RS-recv fd=2648 len=19 data=-2|0|6,1|0|6,,,,|||
fbstate procN=9 battling=0 active=0 turn=3 anim=0 resultWnd=0
fbstate procN=9 battling=0 active=0 turn=3 anim=0 resultWnd=0
fbstate procN=9 battling=0 active=0 turn=3 anim=0 resultWnd=0
fbstate procN=9 battling=0 active=0 turn=3 anim=0 resultWnd=0
fbstate procN=9 battling=0 active=0 turn=3 anim=0 resultWnd=0
fbstate procN=9 battling=0 active=0 turn=3 anim=0 resultWnd=0
fbstate procN=9 battling=0 active=0 turn=3 anim=0 resultWnd=0
fbstate procN=9 battling=0 active=0 turn=3 anim=0 resultWnd=0
fbstate procN=9 battling=0 active=0 turn=3 anim=0 resultWnd=0
fbstate procN=9 battling=0 active=0 turn=3 anim=0 resultWnd=0
fbstate procN=9 battling=0 active=0 turn=3 anim=0 resultWnd=0
fbstate procN=9 battling=0 active=0 turn=3 anim=0 resultWnd=0
fbstate procN=9 battling=0 active=0 turn=3 anim=0 resultWnd=0
fbstate procN=9 battling=0 active=0 turn=3 anim=0 resultWnd=0
fbstate procN=9 battling=0 active=0 turn=3 anim=0 resultWnd=0
fbstate procN=9 battling=0 active=0 turn=3 anim=0 resultWnd=0
fbstate procN=9 battling=0 active=0 turn=3 anim=0 resultWnd=0
fbstate procN=9 battling=0 active=0 turn=3 anim=0 resultWnd=0
fbstate procN=9 battling=0 active=0 turn=3 anim=0 resultWnd=0
fbstate procN=9 battling=0 active=0 turn=3 anim=0 resultWnd=0
fbstate procN=9 battling=0 active=0 turn=3 anim=0 resultWnd=0
fbstate procN=9 battling=0 active=0 turn=3 anim=0 resultWnd=0
fbstate procN=9 battling=0 active=0 turn=3 anim=0 resultWnd=0
fbstate procN=9 battling=0 active=0 turn=3 anim=0 resultWnd=0
fbstate procN=9 battling=0 active=0 turn=3 anim=0 resultWnd=0
fbstate procN=9 battling=0 active=0 turn=3 anim=0 resultWnd=0
fbstate procN=9 battling=0 active=0 turn=3 anim=0 resultWnd=0
fbstate procN=9 battling=0 active=0 turn=3 anim=0 resultWnd=0
fbstate procN=9 battling=0 active=0 turn=3 anim=0 resultWnd=0
fbstate procN=9 battling=0 active=0 turn=3 anim=0 resultWnd=0
fbstate procN=9 battling=0 active=0 turn=3 anim=0 resultWnd=0
fbstate procN=9 battling=0 active=0 turn=3 anim=0 resultWnd=0
fbstate procN=9 battling=0 active=0 turn=3 anim=0 resultWnd=0
fbstate procN=9 battling=0 active=0 turn=3 anim=0 resultWnd=0
fbstate procN=9 battling=0 active=0 turn=3 anim=0 resultWnd=0
fbstate procN=9 battling=0 active=0 turn=3 anim=0 resultWnd=0
fbstate procN=9 battling=0 active=0 turn=3 anim=0 resultWnd=0
fbstate procN=9 battling=0 active=0 turn=3 anim=0 resultWnd=0
fbstate procN=9 battling=0 active=0 turn=3 anim=0 resultWnd=0
fbstate procN=9 battling=0 active=0 turn=3 anim=0 resultWnd=0
fbstate procN=9 battling=0 active=0 turn=3 anim=0 resultWnd=0
fbstate procN=9 battling=0 active=0 turn=3 anim=0 resultWnd=0
fbstate procN=9 battling=0 active=0 turn=3 anim=0 resultWnd=0
fbstate procN=9 battling=0 active=0 turn=3 anim=0 resultWnd=0
fbstate procN=9 battling=0 active=0 turn=3 anim=0 resultWnd=0
fbstate procN=9 battling=0 active=0 turn=3 anim=0 resultWnd=0
fbstate procN=9 battling=0 active=0 turn=3 anim=0 resultWnd=0
fbstate procN=9 battling=0 active=0 turn=3 anim=0 resultWnd=0
fbstate procN=9 battling=0 active=0 turn=3 anim=0 resultWnd=0
fbstate procN=9 battling=0 active=0 turn=3 anim=0 resultWnd=0
fbstate procN=9 battling=0 active=0 turn=3 anim=0 resultWnd=0
fbstate procN=9 battling=0 active=0 turn=3 anim=0 resultWnd=0
fbstate procN=9 battling=0 active=0 turn=3 anim=0 resultWnd=0
fbstate procN=9 battling=0 active=0 turn=3 anim=0 resultWnd=0
fbstate procN=9 battling=0 active=0 turn=3 anim=0 resultWnd=0
fbstate procN=9 battling=0 active=0 turn=3 anim=0 resultWnd=0
fbstate procN=9 battling=0 active=0 turn=3 anim=0 resultWnd=0
fbstate procN=9 battling=0 active=0 turn=3 anim=0 resultWnd=0
fbstate procN=9 battling=0 active=0 turn=3 anim=0 resultWnd=0
fbstate procN=9 battling=0 active=0 turn=3 anim=0 resultWnd=0
fbstate procN=9 battling=0 active=0 turn=3 anim=0 resultWnd=0
fbstate procN=9 battling=0 active=0 turn=3 anim=0 resultWnd=0
fbstate procN=9 battling=0 active=0 turn=3 anim=0 resultWnd=0
fbstate procN=9 battling=0 active=0 turn=3 anim=0 resultWnd=0
fbstate procN=9 battling=0 active=0 turn=3 anim=0 resultWnd=0
fbstate procN=9 battling=0 active=0 turn=3 anim=0 resultWnd=0
fbstate procN=9 battling=0 active=0 turn=3 anim=0 resultWnd=0
fbstate procN=9 battling=0 active=0 turn=3 anim=0 resultWnd=0
fbstate procN=9 battling=0 active=0 turn=3 anim=0 resultWnd=0
fbstate procN=9 battling=0 active=0 turn=3 anim=0 resultWnd=0
fbstate procN=9 battling=0 active=0 turn=3 anim=0 resultWnd=0
fbstate procN=9 battling=0 active=0 turn=3 anim=0 resultWnd=0
fbstate procN=9 battling=0 active=0 turn=3 anim=0 resultWnd=0
fbstate procN=9 battling=0 active=0 turn=3 anim=0 resultWnd=0
fbstate procN=9 battling=0 active=0 turn=3 anim=0 resultWnd=0
fbstate procN=9 battling=0 active=0 turn=3 anim=0 resultWnd=0
fbstate procN=9 battling=0 active=0 turn=3 anim=0 resultWnd=0
fbstate procN=9 battling=0 active=0 turn=3 anim=0 resultWnd=0
fbstate procN=9 battling=0 active=0 turn=3 anim=0 resultWnd=0
fbstate procN=9 battling=0 active=0 turn=3 anim=0 resultWnd=0
fbstate procN=9 battling=0 active=0 turn=3 anim=0 resultWnd=0
fbstate procN=9 battling=0 active=0 turn=3 anim=0 resultWnd=0
fbstate procN=9 battling=0 active=0 turn=3 anim=0 resultWnd=0
fbstate procN=9 battling=0 active=0 turn=3 anim=0 resultWnd=0
fbstate procN=9 battling=0 active=0 turn=3 anim=0 resultWnd=0
fbstate procN=9 battling=0 active=0 turn=3 anim=0 resultWnd=0
fbstate procN=9 battling=0 active=0 turn=3 anim=0 resultWnd=0
fbstate procN=9 battling=0 active=0 turn=3 anim=0 resultWnd=0
fbstate procN=9 battling=0 active=0 turn=3 anim=0 resultWnd=0
fbstate procN=9 battling=0 active=0 turn=3 anim=0 resultWnd=0
fbstate procN=9 battling=0 active=0 turn=3 anim=0 resultWnd=0
fbstate procN=9 battling=0 active=0 turn=3 anim=0 resultWnd=0
fbstate procN=9 battling=0 active=0 turn=3 anim=0 resultWnd=0
fbstate procN=9 battling=0 active=0 turn=3 anim=0 resultWnd=0
fbstate procN=9 battling=0 active=0 turn=3 anim=0 resultWnd=0
fbstate procN=9 battling=0 active=0 turn=3 anim=0 resultWnd=0
fbstate procN=9 battling=0 active=0 turn=3 anim=0 resultWnd=0
fbstate procN=9 battling=0 active=0 turn=3 anim=0 resultWnd=0
fastbattle-hook install ok=7 enTr=0F130000 bTr=0F150000 rsTr=13B00000
fbstate procN=1 battling=0 active=0 turn=0 anim=0 resultWnd=0
fbstate procN=9 battling=0 active=0 turn=0 anim=0 resultWnd=0
fbstate procN=9 battling=0 active=0 turn=0 anim=0 resultWnd=0
fbstate procN=9 battling=0 active=0 turn=0 anim=0 resultWnd=0
EN fd=2656 result=1 field=13
B fd=2656 sub=BP len=9 head=BP|0|0|2D
B fd=2656 sub=BC len=220 head=BC|0|0|test2||18ADC|1E|105|107|5|1|..............|1B|F0|F3|5|................||18A2B|1D|151|159|1|0||0|0|0|F|........||1879C|3|25|25|1|0||0|0|0|10|........||1879C|3|22|22|1|0||0|0|0|11|........||1879C|2|20|20|1|0||0|0|0|
B fd=2656 sub=BA len=11 head=BA|38000|0|
fastdrive(pkt) turn=0 myPos=0 anim=38000 target=15 bfd=A60
B fd=2656 sub=BA len=11 head=BA|38001|0|
B fd=2656 sub=BA len=11 head=BA|38021|0|
B fd=2656 sub=bn len=63 head=bn|5|BH|a0|rF|f83|d89|p0|FF|BY|r5|a10|f2|d1|p0|a11|f2|d1|p0|FF|
B fd=2656 sub=BP len=9 head=BP|0|0|2D
B fd=2656 sub=BC len=183 head=BC|0|0|test2||18ADC|1E|105|107|4|1|..............|1B|F0|F3|5|................||18A2B|1D|14F|159|0|0||0|0|0|10|........||1879C|3|22|22|0|0||0|0|0|11|........||1879C|2|20|20|0|0||0|0|0|
B fd=2656 sub=BA len=11 head=BA|30000|1|
fastdrive(pkt) turn=1 myPos=0 anim=30000 target=16 bfd=A60
B fd=2656 sub=BA len=11 head=BA|30001|1|
B fd=2656 sub=BA len=11 head=BA|30021|1|
B fd=2656 sub=bn len=51 head=bn|5|BH|a0|r10|f83|d8F|p0|FF|BH|a11|r0|f0|d0|p0|FF|
B fd=2656 sub=BP len=9 head=BP|0|0|2D
B fd=2656 sub=BC len=145 head=BC|0|0|test2||18ADC|1E|105|107|4|1|..............|1B|F0|F3|5|................||18A2B|1D|14F|159|0|0||0|0|0|11|........||1879C|2|20|20|0|0||0|0|0|
B fd=2656 sub=BA len=11 head=BA|20000|2|
fastdrive(pkt) turn=2 myPos=0 anim=20000 target=17 bfd=A60
B fd=2656 sub=BA len=11 head=BA|20001|2|
B fd=2656 sub=BA len=11 head=BA|20021|2|
B fd=2656 sub=BH len=24 head=BH|a0|r11|f83|d93|p0|FF|
B fd=2656 sub=BP len=9 head=BP|0|0|2D
B fd=2656 sub=BC len=107 head=BC|0|0|test2||18ADC|1E|105|107|4|1|..............|1B|F0|F3|5|................||18A2B|1D|14F|159|0|0||0|0|0|
fastbattle-end(bc) enemyCount=0 myPos=0 -> EO bfd=A60
B fd=2656 sub=BA len=7 head=BA|0|3|
RS-recv fd=2656 len=19 data=-2|0|6,1|0|6,,,,|||
EN fd=2656 result=1 field=12
B fd=2656 sub=BP len=9 head=BP|0|0|2D
B fd=2656 sub=BC len=182 head=BC|0|0|test2||18ADC|1E|105|107|5|1|..............|1B|F0|F3|5|................||18A2B|1D|14F|159|1|0||0|0|0|F|........||187F0|3|2D|2D|1|0||0|0|0|10|........||187F0|4|32|32|1|0||0|0|0|
B fd=2656 sub=BA len=11 head=BA|18000|0|
fastdrive(pkt) turn=0 myPos=0 anim=18000 target=15 bfd=A60
B fd=2656 sub=BA len=11 head=BA|18001|0|
B fd=2656 sub=BA len=11 head=BA|18021|0|
B fd=2656 sub=bn len=34 head=bn|5|BH|a0|rF|f83|dBE|p0|FF|bg|10|
B fd=2656 sub=BP len=9 head=BP|0|0|2D
B fd=2656 sub=BC len=145 head=BC|0|0|test2||18ADC|1E|105|107|4|1|..............|1B|F0|F3|5|................||18A2B|1D|14F|159|0|0||0|0|0|10|........||187F0|4|32|32|0|0||0|0|0|
B fd=2656 sub=BA len=11 head=BA|10000|1|
fastdrive(pkt) turn=1 myPos=0 anim=10000 target=16 bfd=A60
B fd=2656 sub=BA len=11 head=BA|10001|1|
B fd=2656 sub=BA len=11 head=BA|10021|1|
B fd=2656 sub=bn len=29 head=bn|5|BH|a0|r10|f83|dB8|p0|FF|
B fd=2656 sub=BP len=9 head=BP|0|0|2D
B fd=2656 sub=BC len=107 head=BC|0|0|test2||18ADC|1E|105|107|4|1|..............|1B|F0|F3|5|................||18A2B|1D|14F|159|0|0||0|0|0|
fastbattle-end(bc) enemyCount=0 myPos=0 -> EO bfd=A60
B fd=2656 sub=BA len=7 head=BA|0|2|
RS-recv fd=2656 len=19 data=-2|0|4,1|0|4,,,,|||
fbstate procN=9 battling=0 active=0 turn=2 anim=0 resultWnd=0
fbstate procN=9 battling=0 active=0 turn=2 anim=0 resultWnd=0
EN fd=2656 result=1 field=14
B fd=2656 sub=BP len=9 head=BP|0|0|2D
B fd=2656 sub=BC len=208 head=BC|0|0|test2||18ADC|1E|105|107|5|1|..............|1B|F0|F3|5|................||18A2B|1D|14F|159|1|0||0|0|0|F|....||187C9|3|1F|1F|1|0||0|0|0|10|....||187C9|3|1D|1D|1|0||0|0|0|11|....||187C9|2|1A|1A|1|0||0|0|0|
B fd=2656 sub=BA len=11 head=BA|38000|0|
fastdrive(pkt) turn=0 myPos=0 anim=38000 target=15 bfd=A60
B fd=2656 sub=BA len=11 head=BA|38001|0|
B fd=2656 sub=BA len=11 head=BA|38021|0|
B fd=2656 sub=bn len=73 head=bn|5|BH|a0|rF|f83|d75|p0|FF|BH|a11|r0|f20|d0|p0|FF|BH|a10|r5|f0|d0|p0|FF|
B fd=2656 sub=BP len=9 head=BP|0|0|2D
B fd=2656 sub=BC len=175 head=BC|0|0|test2||18ADC|1E|105|107|4|1|..............|1B|F0|F3|5|................||18A2B|1D|14F|159|0|0||0|0|0|10|....||187C9|3|1D|1D|0|0||0|0|0|11|....||187C9|2|1A|1A|0|0||0|0|0|
B fd=2656 sub=BA len=11 head=BA|30000|1|
fastdrive(pkt) turn=1 myPos=0 anim=30000 target=16 bfd=A60
B fd=2656 sub=BA len=11 head=BA|30001|1|
B fd=2656 sub=BA len=11 head=BA|30021|1|
B fd=2656 sub=BH len=51 head=BH|a0|r10|f83|d6E|p0|FF|bn|5|BH|a11|r0|f2|d1|p1|FF|
B fd=2656 sub=BP len=9 head=BP|0|0|2D
B fd=2656 sub=BC len=141 head=BC|0|0|test2||18ADC|1E|104|107|4|1|..............|1B|EF|F3|5|................||18A2B|1D|14F|159|0|0||0|0|0|11|....||187C9|2|1A|1A|0|0||0|0|0|
B fd=2656 sub=BA len=11 head=BA|20000|2|
fastdrive(pkt) turn=2 myPos=0 anim=20000 target=17 bfd=A60
B fd=2656 sub=BA len=11 head=BA|20001|2|
B fd=2656 sub=BA len=11 head=BA|20021|2|
B fd=2656 sub=bn len=29 head=bn|5|BH|a0|r11|f83|d74|p0|FF|
B fd=2656 sub=BP len=9 head=BP|0|0|2D
B fd=2656 sub=BC len=107 head=BC|0|0|test2||18ADC|1E|104|107|4|1|..............|1B|EF|F3|5|................||18A2B|1D|14F|159|0|0||0|0|0|
fastbattle-end(bc) enemyCount=0 myPos=0 -> EO bfd=A60
B fd=2656 sub=BA len=7 head=BA|0|3|
RS-recv fd=2656 len=19 data=-2|0|6,1|0|6,,,,|||
fbstate procN=9 battling=0 active=0 turn=3 anim=0 resultWnd=0
fbstate procN=9 battling=0 active=0 turn=3 anim=0 resultWnd=0
fbstate procN=9 battling=0 active=0 turn=3 anim=0 resultWnd=0
EN fd=2656 result=1 field=14
B fd=2656 sub=BP len=9 head=BP|0|0|2D
B fd=2656 sub=BC len=140 head=BC|0|0|test2||18ADC|1E|104|107|5|1|..............|1B|EF|F3|5|................||18A2B|1D|14F|159|1|0||0|0|0|F|....||187C9|2|18|18|1|0||0|0|0|
B fd=2656 sub=BA len=10 head=BA|8000|0|
fastdrive(pkt) turn=0 myPos=0 anim=8000 target=15 bfd=A60
B fd=2656 sub=BA len=10 head=BA|8001|0|
B fd=2656 sub=BA len=10 head=BA|8021|0|
B fd=2656 sub=bn len=28 head=bn|5|BH|a0|rF|f45|d8D|p0|FF|
B fd=2656 sub=BP len=9 head=BP|0|0|2D
B fd=2656 sub=BC len=107 head=BC|0|0|test2||18ADC|1E|104|107|4|1|..............|1B|EF|F3|5|................||18A2B|1D|14F|159|0|0||0|0|0|
fastbattle-end(bc) enemyCount=0 myPos=0 -> EO bfd=A60
B fd=2656 sub=BA len=7 head=BA|0|1|
RS-recv fd=2656 len=19 data=-2|0|2,1|0|2,,,,|||
fbstate procN=9 battling=0 active=0 turn=1 anim=0 resultWnd=0
EN fd=2656 result=1 field=13
B fd=2656 sub=BP len=9 head=BP|0|0|2D
B fd=2656 sub=BC len=208 head=BC|0|0|test2||18ADC|1E|104|107|5|1|..............|1B|EF|F3|5|................||18A2B|1D|14F|159|1|0||0|0|0|F|....||187C9|3|1E|1E|1|0||0|0|0|10|....||187C9|2|19|19|1|0||0|0|0|11|....||187C9|3|1E|1E|1|0||0|0|0|
B fd=2656 sub=BA len=11 head=BA|38000|0|
fastdrive(pkt) turn=0 myPos=0 anim=38000 target=15 bfd=A60
B fd=2656 sub=BA len=11 head=BA|38001|0|
B fd=2656 sub=BA len=11 head=BA|38021|0|
B fd=2656 sub=bn len=73 head=bn|5|BH|a0|rF|f85|d89|p0|FF|BH|a10|r5|f2|d1|p0|FF|BH|a11|r5|f20|d0|p0|FF|
B fd=2656 sub=BP len=9 head=BP|0|0|2D
B fd=2656 sub=BC len=175 head=BC|0|0|test2||18ADC|1E|104|107|4|1|..............|1B|EF|F3|5|................||18A2B|1D|14E|159|0|0||0|0|0|10|....||187C9|2|19|19|0|0||0|0|0|11|....||187C9|3|1E|1E|0|0||0|0|0|
B fd=2656 sub=BA len=11 head=BA|30000|1|
fastdrive(pkt) turn=1 myPos=0 anim=30000 target=16 bfd=A60
B fd=2656 sub=BA len=11 head=BA|30001|1|
B fd=2656 sub=BA len=11 head=BA|30021|1|
B fd=2656 sub=BH len=52 head=BH|a0|r10|f83|d76|p0|FF|bn|5|BH|a11|r5|f20|d0|p0|FF|
B fd=2656 sub=BP len=9 head=BP|0|0|2D
B fd=2656 sub=BC len=141 head=BC|0|0|test2||18ADC|1E|104|107|4|1|..............|1B|EF|F3|5|................||18A2B|1D|14E|159|0|0||0|0|0|11|....||187C9|3|1E|1E|0|0||0|0|0|
B fd=2656 sub=BA len=11 head=BA|20000|2|
fastdrive(pkt) turn=2 myPos=0 anim=20000 target=17 bfd=A60
B fd=2656 sub=BA len=11 head=BA|20001|2|
B fd=2656 sub=BA len=11 head=BA|20021|2|
B fd=2656 sub=bn len=29 head=bn|5|BH|a0|r11|f83|d70|p0|FF|
B fd=2656 sub=BP len=9 head=BP|0|0|2D
B fd=2656 sub=BC len=107 head=BC|0|0|test2||18ADC|1E|104|107|4|1|..............|1B|EF|F3|5|................||18A2B|1D|14E|159|0|0||0|0|0|
fastbattle-end(bc) enemyCount=0 myPos=0 -> EO bfd=A60
B fd=2656 sub=BA len=7 head=BA|0|3|
RS-recv fd=2656 len=19 data=-2|0|6,1|0|6,,,,|||
EN fd=2656 result=1 field=14
B fd=2656 sub=BP len=9 head=BP|0|0|2D
B fd=2656 sub=BC len=276 head=BC|0|0|test2||18ADC|1E|104|107|5|1|..............|1B|EF|F3|5|................||18A2B|1D|14E|159|1|0||0|0|0|F|....||187C9|3|20|20|1|0||0|0|0|10|....||187C9|2|19|19|1|0||0|0|0|11|....||187C9|2|19|19|1|0||0|0|0|12|....||187C9|3|1C|1C|1|0||0|0|
B fd=2656 sub=BA len=11 head=BA|F8000|0|
fastdrive(pkt) turn=0 myPos=0 anim=F8000 target=15 bfd=A60
B fd=2656 sub=BA len=11 head=BA|F8001|0|
B fd=2656 sub=BA len=11 head=BA|F8021|0|
B fd=2656 sub=bn len=117 head=bn|5|BH|a0|rF|f83|d6C|p0|FF|BH|a12|r0|f20|d0|p0|FF|BH|a11|r5|f2|d1|p0|FF|BH|a13|r0|f0|d0|p0|FF|BH|a10|r5|f2|d1|p0|FF|
B fd=2656 sub=BP len=9 head=BP|0|0|2D
B fd=2656 sub=BC len=243 head=BC|0|0|test2||18ADC|1E|104|107|4|1|..............|1B|EF|F3|5|................||18A2B|1D|14C|159|0|0||0|0|0|10|....||187C9|2|19|19|0|0||0|0|0|11|....||187C9|2|19|19|0|0||0|0|0|12|....||187C9|3|1C|1C|0|0||0|0|0|13|....||187C9|2|19|19|0|0||0|0
B fd=2656 sub=BA len=11 head=BA|F0000|1|
fastdrive(pkt) turn=1 myPos=0 anim=F0000 target=16 bfd=A60
B fd=2656 sub=BA len=11 head=BA|F0001|1|
B fd=2656 sub=BA len=11 head=BA|F0021|1|
B fd=2656 sub=BH len=83 head=BH|a0|r10|f45|d8E|p0|FF|bn|5|BH|a11|r0|f2|d1|p1|FF|BH|a13|r0|f0|d0|p0|FF|BE|e12|f0|
B fd=2656 sub=BP len=9 head=BP|0|0|2D
B fd=2656 sub=BC len=209 head=BC|0|0|test2||18ADC|1E|103|107|4|1|..............|1B|EE|F3|5|................||18A2B|1D|14C|159|0|0||0|0|0|11|....||187C9|2|19|19|0|0||0|0|0|12|....||187C9|3|1C|1C|0|0||0|0|0|13|....||187C9|2|19|19|0|0||0|0|0|
B fd=2656 sub=BA len=11 head=BA|E0000|2|
fastdrive(pkt) turn=2 myPos=0 anim=E0000 target=17 bfd=A60
B fd=2656 sub=BA len=11 head=BA|E0001|2|
B fd=2656 sub=BA len=11 head=BA|E0021|2|
B fd=2656 sub=bn len=64 head=bn|5|BH|a0|r11|f83|d74|p0|FF|BY|r5|a12|f2|d1|p0|a13|f2|d1|p0|FF|
B fd=2656 sub=BP len=9 head=BP|0|0|2D
B fd=2656 sub=BC len=175 head=BC|0|0|test2||18ADC|1E|103|107|4|1|..............|1B|EE|F3|5|................||18A2B|1D|14A|159|0|0||0|0|0|12|....||187C9|3|1C|1C|0|0||0|0|0|13|....||187C9|2|19|19|0|0||0|0|0|
B fd=2656 sub=BA len=11 head=BA|C0000|3|
fastdrive(pkt) turn=3 myPos=0 anim=C0000 target=18 bfd=A60
B fd=2656 sub=BA len=11 head=BA|C0001|3|
B fd=2656 sub=BA len=11 head=BA|C0021|3|
B fd=2656 sub=bn len=52 head=bn|5|BH|a0|r12|f83|d6E|p0|FF|BH|a13|r0|f20|d0|p0|FF|
B fd=2656 sub=BP len=9 head=BP|0|0|2D
B fd=2656 sub=BC len=141 head=BC|0|0|test2||18ADC|1E|103|107|4|1|..............|1B|EE|F3|5|................||18A2B|1D|14A|159|0|0||0|0|0|13|....||187C9|2|19|19|0|0||0|0|0|
B fd=2656 sub=BA len=11 head=BA|80000|4|
fastdrive(pkt) turn=4 myPos=0 anim=80000 target=19 bfd=A60
B fd=2656 sub=BA len=11 head=BA|80001|4|
B fd=2656 sub=BA len=11 head=BA|80021|4|
B fd=2656 sub=bn len=29 head=bn|5|BH|a0|r13|f83|d72|p0|FF|
B fd=2656 sub=BP len=9 head=BP|0|0|2D
B fd=2656 sub=BC len=107 head=BC|0|0|test2||18ADC|1E|103|107|4|1|..............|1B|EE|F3|5|................||18A2B|1D|14A|159|0|0||0|0|0|
fastbattle-end(bc) enemyCount=0 myPos=0 -> EO bfd=A60
B fd=2656 sub=BA len=7 head=BA|0|5|
RS-recv fd=2656 len=19 data=-2|0|a,1|0|a,,,,|||
fbstate procN=9 battling=0 active=0 turn=5 anim=0 resultWnd=0
fbstate procN=9 battling=0 active=0 turn=5 anim=0 resultWnd=0
EN fd=2656 result=1 field=13
B fd=2656 sub=BP len=9 head=BP|0|0|2D
B fd=2656 sub=BC len=220 head=BC|0|0|test2||18ADC|1E|103|107|5|1|..............|1B|EE|F3|5|................||18A2B|1D|14A|159|1|0||0|0|0|F|........||1879C|3|21|21|1|0||0|0|0|10|........||1879C|3|24|24|1|0||0|0|0|11|........||1879C|2|1C|1C|1|0||0|0|0|
B fd=2656 sub=BA len=11 head=BA|38000|0|
fastdrive(pkt) turn=0 myPos=0 anim=38000 target=15 bfd=A60
B fd=2656 sub=BA len=11 head=BA|38001|0|
B fd=2656 sub=BA len=11 head=BA|38021|0|
B fd=2656 sub=bn len=93 head=bn|5|BH|a0|rF|f83|d8B|p0|FF|BH|a10|r0|f0|d0|p0|r10|f91|counter68|p0|FF|BH|a11|r5|f2|d1|p0|FF|
B fd=2656 sub=BP len=9 head=BP|0|0|2D
B fd=2656 sub=BC len=145 head=BC|0|0|test2||18ADC|1E|103|107|4|1|..............|1B|EE|F3|5|................||18A2B|1D|149|159|0|0||0|0|0|11|........||1879C|2|1C|1C|0|0||0|0|0|
B fd=2656 sub=BA len=11 head=BA|20000|1|
fastdrive(pkt) turn=1 myPos=0 anim=20000 target=17 bfd=A60
B fd=2656 sub=BA len=11 head=BA|20001|1|
B fd=2656 sub=BA len=11 head=BA|20021|1|
B fd=2656 sub=bn len=29 head=bn|5|BH|a0|r11|f83|d8E|p0|FF|
B fd=2656 sub=BP len=9 head=BP|0|0|2D
B fd=2656 sub=BC len=107 head=BC|0|0|test2||18ADC|1E|103|107|4|1|..............|1B|EE|F3|5|................||18A2B|1D|149|159|0|0||0|0|0|
fastbattle-end(bc) enemyCount=0 myPos=0 -> EO bfd=A60
B fd=2656 sub=BA len=7 head=BA|0|2|
RS-recv fd=2656 len=19 data=-2|0|6,1|0|6,,,,|||
fbstate procN=9 battling=0 active=0 turn=2 anim=0 resultWnd=0
EN fd=2656 result=1 field=1
B fd=2656 sub=BP len=10 head=BP|0|1A|2D
B fd=2656 sub=BC len=208 head=BC|0|0|test2||18ADC|1E|103|107|5|1|..............|1B|EE|F3|5|................||18A2B|1D|149|159|1|0||0|0|0|F|....||187C9|2|18|18|1|0||0|0|0|10|....||187C9|2|19|19|1|0||0|0|0|11|....||187C9|3|1D|1D|1|0||0|0|0|
B fd=2656 sub=BA len=11 head=BA|38000|0|
fastdrive(pkt) turn=0 myPos=0 anim=38000 target=15 bfd=A60
B fd=2656 sub=BA len=11 head=BA|38001|0|
B fd=2656 sub=BA len=11 head=BA|38021|0|
B fd=2656 sub=BH len=74 head=BH|a0|rF|f83|d71|p0|FF|bn|5|BH|a10|r5|f20|d0|p0|FF|BH|a11|r0|f20|d0|p0|FF|
B fd=2656 sub=BP len=9 head=BP|0|0|2D
B fd=2656 sub=BC len=175 head=BC|0|0|test2||18ADC|1E|103|107|4|1|..............|1B|EE|F3|5|................||18A2B|1D|149|159|0|0||0|0|0|10|....||187C9|2|19|19|0|0||0|0|0|11|....||187C9|3|1D|1D|0|0||0|0|0|
B fd=2656 sub=BA len=11 head=BA|30000|1|
fastdrive(pkt) turn=1 myPos=0 anim=30000 target=16 bfd=A60
B fd=2656 sub=BA len=11 head=BA|30001|1|
B fd=2656 sub=BA len=11 head=BA|30021|1|
B fd=2656 sub=bn len=51 head=bn|5|BH|a0|r10|f83|d72|p0|FF|BH|a11|r5|f2|d1|p0|FF|
B fd=2656 sub=BP len=9 head=BP|0|0|2D
B fd=2656 sub=BC len=141 head=BC|0|0|test2||18ADC|1E|103|107|4|1|..............|1B|EE|F3|5|................||18A2B|1D|148|159|0|0||0|0|0|11|....||187C9|3|1D|1D|0|0||0|0|0|
B fd=2656 sub=BA len=11 head=BA|20000|2|
fastdrive(pkt) turn=2 myPos=0 anim=20000 target=17 bfd=A60
B fd=2656 sub=BA len=11 head=BA|20001|2|
B fd=2656 sub=BA len=11 head=BA|20021|2|
B fd=2656 sub=bn len=29 head=bn|5|BH|a0|r11|f83|d75|p0|FF|
B fd=2656 sub=BP len=9 head=BP|0|0|2D
B fd=2656 sub=BC len=107 head=BC|0|0|test2||18ADC|1E|103|107|4|1|..............|1B|EE|F3|5|................||18A2B|1D|148|159|0|0||0|0|0|
fastbattle-end(bc) enemyCount=0 myPos=0 -> EO bfd=A60
B fd=2656 sub=BA len=7 head=BA|0|3|
RS-recv fd=2656 len=19 data=-2|0|6,1|0|6,,,,|||
EN fd=2656 result=1 field=1
B fd=2656 sub=BP len=9 head=BP|0|0|2D
B fd=2656 sub=BC len=182 head=BC|0|0|test2||18ADC|1E|103|107|5|1|..............|1B|EE|F3|5|................||18A2B|1D|148|159|1|0||0|0|0|F|........||1879C|2|20|20|1|0||0|0|0|10|........||1879C|3|26|26|1|0||0|0|0|
B fd=2656 sub=BA len=11 head=BA|18000|0|
fastdrive(pkt) turn=0 myPos=0 anim=18000 target=15 bfd=A60
B fd=2656 sub=BA len=11 head=BA|18001|0|
B fd=2656 sub=BA len=11 head=BA|18021|0|
B fd=2656 sub=bn len=50 head=bn|5|BH|a0|rF|f85|dAA|p0|FF|BH|a10|r5|f0|d0|p0|FF|
B fd=2656 sub=BP len=9 head=BP|0|0|2D
B fd=2656 sub=BC len=145 head=BC|0|0|test2||18ADC|1E|103|107|4|1|..............|1B|EE|F3|5|................||18A2B|1D|148|159|0|0||0|0|0|10|........||1879C|3|26|26|0|0||0|0|0|
B fd=2656 sub=BA len=11 head=BA|10000|1|
fastdrive(pkt) turn=1 myPos=0 anim=10000 target=16 bfd=A60
B fd=2656 sub=BA len=11 head=BA|10001|1|
B fd=2656 sub=BA len=11 head=BA|10021|1|
B fd=2656 sub=BH len=24 head=BH|a0|r10|f83|d8C|p0|FF|
B fd=2656 sub=BP len=9 head=BP|0|0|2D
B fd=2656 sub=BC len=107 head=BC|0|0|test2||18ADC|1E|103|107|4|1|..............|1B|EE|F3|5|................||18A2B|1D|148|159|0|0||0|0|0|
fastbattle-end(bc) enemyCount=0 myPos=0 -> EO bfd=A60
B fd=2656 sub=BA len=7 head=BA|0|2|
RS-recv fd=2656 len=19 data=-2|0|4,1|0|4,,,,|||
fbstate procN=9 battling=0 active=0 turn=2 anim=0 resultWnd=0
EN fd=2656 result=1 field=2
B fd=2656 sub=BP len=9 head=BP|0|0|2D
B fd=2656 sub=BC len=208 head=BC|0|0|test2||18ADC|1E|103|107|5|1|..............|1B|EE|F3|5|................||18A2B|1D|148|159|1|0||0|0|0|F|....||187C9|2|19|19|1|0||0|0|0|10|....||187C9|3|20|20|1|0||0|0|0|11|....||187C9|3|1F|1F|1|0||0|0|0|
B fd=2656 sub=BA len=11 head=BA|38000|0|
fastdrive(pkt) turn=0 myPos=0 anim=38000 target=15 bfd=A60
B fd=2656 sub=BA len=11 head=BA|38001|0|
B fd=2656 sub=BA len=11 head=BA|38021|0|
B fd=2656 sub=bn len=74 head=bn|5|BH|a0|rF|f83|d75|p0|FF|BH|a10|r5|f20|d0|p0|FF|BH|a11|r5|f20|d0|p0|FF|
B fd=2656 sub=BP len=9 head=BP|0|0|2D
B fd=2656 sub=BC len=175 head=BC|0|0|test2||18ADC|1E|103|107|4|1|..............|1B|EE|F3|5|................||18A2B|1D|148|159|0|0||0|0|0|10|....||187C9|3|20|20|0|0||0|0|0|11|....||187C9|3|1F|1F|0|0||0|0|0|
B fd=2656 sub=BA len=11 head=BA|30000|1|
fastdrive(pkt) turn=1 myPos=0 anim=30000 target=16 bfd=A60
B fd=2656 sub=BA len=11 head=BA|30001|1|
B fd=2656 sub=BA len=11 head=BA|30021|1|
B fd=2656 sub=bn len=52 head=bn|5|BH|a0|r10|f83|d70|p0|FF|BH|a11|r0|f20|d0|p0|FF|
B fd=2656 sub=BP len=9 head=BP|0|0|2D
B fd=2656 sub=BC len=141 head=BC|0|0|test2||18ADC|1E|103|107|4|1|..............|1B|EE|F3|5|................||18A2B|1D|148|159|0|0||0|0|0|11|....||187C9|3|1F|1F|0|0||0|0|0|
B fd=2656 sub=BA len=11 head=BA|20000|2|
fastdrive(pkt) turn=2 myPos=0 anim=20000 target=17 bfd=A60
B fd=2656 sub=BA len=11 head=BA|20001|2|
B fd=2656 sub=BA len=11 head=BA|20021|2|
B fd=2656 sub=bn len=29 head=bn|5|BH|a0|r11|f83|d70|p0|FF|
B fd=2656 sub=BP len=9 head=BP|0|0|2D
B fd=2656 sub=BC len=107 head=BC|0|0|test2||18ADC|1E|103|107|4|1|..............|1B|EE|F3|5|................||18A2B|1D|148|159|0|0||0|0|0|
fastbattle-end(bc) enemyCount=0 myPos=0 -> EO bfd=A60
B fd=2656 sub=BA len=7 head=BA|0|3|
RS-recv fd=2656 len=19 data=-2|0|6,1|0|6,,,,|||
fbstate procN=9 battling=0 active=0 turn=3 anim=0 resultWnd=0
EN fd=2656 result=1 field=201
B fd=2656 sub=BP len=9 head=BP|0|0|2D
B fd=2656 sub=BC len=276 head=BC|0|0|test2||18ADC|1E|103|107|5|1|..............|1B|EE|F3|5|................||18A2B|1D|148|159|1|0||0|0|0|F|....||187C9|2|18|18|1|0||0|0|0|10|....||187C9|2|17|17|1|0||0|0|0|11|....||187C9|3|1C|1C|1|0||0|0|0|12|....||187C9|2|1A|1A|1|0||0|0|
B fd=2656 sub=BA len=11 head=BA|F8000|0|
fastdrive(pkt) turn=0 myPos=0 anim=F8000 target=15 bfd=A60
B fd=2656 sub=BA len=11 head=BA|F8001|0|
B fd=2656 sub=BA len=11 head=BA|F8021|0|
B fd=2656 sub=bn len=99 head=bn|5|BH|a0|rF|f45|d91|p0|FF|BH|a11|r0|f20|d0|p0|FF|BY|r5|a12|f2|d1|p0|a10|f2|d1|p0|a13|f2|d1|p0|FF|
B fd=2656 sub=BP len=9 head=BP|0|0|2D
B fd=2656 sub=BC len=243 head=BC|0|0|test2||18ADC|1E|103|107|4|1|..............|1B|EE|F3|5|................||18A2B|1D|145|159|0|0||0|0|0|10|....||187C9|2|17|17|0|0||0|0|0|11|....||187C9|3|1C|1C|0|0||0|0|0|12|....||187C9|2|1A|1A|0|0||0|0|0|13|....||187C9|2|1A|1A|0|0||0|0
B fd=2656 sub=BA len=11 head=BA|F0000|1|
fastdrive(pkt) turn=1 myPos=0 anim=F0000 target=16 bfd=A60
B fd=2656 sub=BA len=11 head=BA|F0001|1|
B fd=2656 sub=BA len=11 head=BA|F0021|1|
B fd=2656 sub=BH len=96 head=BH|a0|r10|f83|d76|p0|FF|bn|5|BH|a13|r0|f2|d1|p1|FF|BH|a11|r0|f0|d0|p0|FF|BH|a12|r5|f20|d0|p0|FF|
B fd=2656 sub=BP len=9 head=BP|0|0|2D
B fd=2656 sub=BC len=209 head=BC|0|0|test2||18ADC|1E|102|107|4|1|..............|1B|ED|F3|5|................||18A2B|1D|145|159|0|0||0|0|0|11|....||187C9|3|1C|1C|0|0||0|0|0|12|....||187C9|2|1A|1A|0|0||0|0|0|13|....||187C9|2|1A|1A|0|0||0|0|0|
B fd=2656 sub=BA len=11 head=BA|E0000|2|
fastdrive(pkt) turn=2 myPos=0 anim=E0000 target=17 bfd=A60
B fd=2656 sub=BA len=11 head=BA|E0001|2|
B fd=2656 sub=BA len=11 head=BA|E0021|2|
B fd=2656 sub=BH len=94 head=BH|a0|r11|f83|d72|p0|FF|bn|5|BH|a12|r0|f0|d0|p0|r12|f55|counter6D|p0|FF|BH|a13|r0|f2|d1|p1|FF|
B fd=2656 sub=BP len=9 head=BP|0|0|2D
B fd=2656 sub=BC len=141 head=BC|0|0|test2||18ADC|1E|101|107|4|1|..............|1B|EC|F3|5|................||18A2B|1D|145|159|0|0||0|0|0|13|....||187C9|2|1A|1A|0|0||0|0|0|
B fd=2656 sub=BA len=11 head=BA|80000|3|
fastdrive(pkt) turn=3 myPos=0 anim=80000 target=19 bfd=A60
B fd=2656 sub=BA len=11 head=BA|80001|3|
B fd=2656 sub=BA len=11 head=BA|80021|3|
B fd=2656 sub=bn len=29 head=bn|5|BH|a0|r13|f85|d95|p0|FF|
B fd=2656 sub=BP len=9 head=BP|0|0|2D
B fd=2656 sub=BC len=107 head=BC|0|0|test2||18ADC|1E|101|107|4|1|..............|1B|EC|F3|5|................||18A2B|1D|145|159|0|0||0|0|0|
fastbattle-end(bc) enemyCount=0 myPos=0 -> EO bfd=A60
B fd=2656 sub=BA len=7 head=BA|0|4|
RS-recv fd=2656 len=19 data=-2|0|a,1|0|a,,,,|||
fbstate procN=9 battling=0 active=0 turn=4 anim=0 resultWnd=0
fbstate procN=9 battling=0 active=0 turn=4 anim=0 resultWnd=0
EN fd=2656 result=1 field=1
B fd=2656 sub=BP len=9 head=BP|0|0|64
B fd=2656 sub=BC len=208 head=BC|0|0|test2||18ADC|1E|101|107|5|1|..............|1B|EC|F3|5|................||18A2B|1D|159|159|1|0||0|0|0|F|....||187C9|2|1A|1A|1|0||0|0|0|10|....||187C9|3|1E|1E|1|0||0|0|0|11|....||187C9|3|1C|1C|1|0||0|0|0|
B fd=2656 sub=BA len=11 head=BA|38000|0|
fastdrive(pkt) turn=0 myPos=0 anim=38000 target=15 bfd=A60
B fd=2656 sub=BA len=11 head=BA|38001|0|
B fd=2656 sub=BA len=11 head=BA|38021|0|
B fd=2656 sub=BH len=61 head=BH|a0|rF|f45|d90|p0|FF|bn|5|BE|e10|f0|BH|a11|r5|f20|d0|p0|FF|
B fd=2656 sub=BP len=9 head=BP|0|0|64
B fd=2656 sub=BC len=175 head=BC|0|0|test2||18ADC|1E|101|107|4|1|..............|1B|EC|F3|5|................||18A2B|1D|159|159|0|0||0|0|0|10|....||187C9|3|1E|1E|0|0||0|0|0|11|....||187C9|3|1C|1C|0|0||0|0|0|
B fd=2656 sub=BA len=11 head=BA|30000|1|
fastdrive(pkt) turn=1 myPos=0 anim=30000 target=16 bfd=A60
B fd=2656 sub=BA len=11 head=BA|30001|1|
B fd=2656 sub=BA len=11 head=BA|30021|1|
B fd=2656 sub=BH len=51 head=BH|a0|r10|f83|d72|p0|FF|bn|5|BH|a11|r5|f2|d1|p0|FF|
B fd=2656 sub=BP len=9 head=BP|0|0|64
B fd=2656 sub=BC len=141 head=BC|0|0|test2||18ADC|1E|101|107|4|1|..............|1B|EC|F3|5|................||18A2B|1D|158|159|0|0||0|0|0|11|....||187C9|3|1C|1C|0|0||0|0|0|
B fd=2656 sub=BA len=11 head=BA|20000|2|
fastdrive(pkt) turn=2 myPos=0 anim=20000 target=17 bfd=A60
B fd=2656 sub=BA len=11 head=BA|20001|2|
B fd=2656 sub=BA len=11 head=BA|20021|2|
B fd=2656 sub=bn len=29 head=bn|5|BH|a0|r11|f83|d74|p0|FF|
B fd=2656 sub=BP len=9 head=BP|0|0|64
B fd=2656 sub=BC len=107 head=BC|0|0|test2||18ADC|1E|101|107|4|1|..............|1B|EC|F3|5|................||18A2B|1D|158|159|0|0||0|0|0|
fastbattle-end(bc) enemyCount=0 myPos=0 -> EO bfd=A60
B fd=2656 sub=BA len=7 head=BA|0|3|
RS-recv fd=2656 len=19 data=-2|0|6,1|0|6,,,,|||
fbstate procN=9 battling=0 active=0 turn=3 anim=0 resultWnd=0
fbstate procN=9 battling=0 active=0 turn=3 anim=0 resultWnd=0
fbstate procN=9 battling=0 active=0 turn=3 anim=0 resultWnd=0
fbstate procN=9 battling=0 active=0 turn=3 anim=0 resultWnd=0
EN fd=2656 result=1 field=1
B fd=2656 sub=BP len=9 head=BP|0|0|64
B fd=2656 sub=BC len=182 head=BC|0|0|test2||18ADC|1E|101|107|5|1|..............|1B|EC|F3|5|................||18A2B|1D|158|159|1|0||0|0|0|F|........||187F0|4|32|32|1|0||0|0|0|10|........||187F0|4|32|32|1|0||0|0|0|
B fd=2656 sub=BA len=11 head=BA|18000|0|
fastdrive(pkt) turn=0 myPos=0 anim=18000 target=15 bfd=A60
B fd=2656 sub=BA len=11 head=BA|18001|0|
B fd=2656 sub=BA len=11 head=BA|18021|0|
B fd=2656 sub=bn len=50 head=bn|5|BH|a0|rF|f83|dBD|p0|FF|BH|a10|r0|f2|d1|p1|FF|
B fd=2656 sub=BP len=9 head=BP|0|0|64
B fd=2656 sub=BC len=145 head=BC|0|0|test2||18ADC|1E|100|107|4|1|..............|1B|EB|F3|5|................||18A2B|1D|158|159|0|0||0|0|0|10|........||187F0|4|32|32|0|0||0|0|0|
B fd=2656 sub=BA len=11 head=BA|10000|1|
fastdrive(pkt) turn=1 myPos=0 anim=10000 target=16 bfd=A60
B fd=2656 sub=BA len=11 head=BA|10001|1|
B fd=2656 sub=BA len=11 head=BA|10021|1|
B fd=2656 sub=bn len=29 head=bn|5|BH|a0|r10|f85|dE5|p0|FF|
B fd=2656 sub=BP len=9 head=BP|0|0|64
B fd=2656 sub=BC len=107 head=BC|0|0|test2||18ADC|1E|100|107|4|1|..............|1B|EB|F3|5|................||18A2B|1D|158|159|0|0||0|0|0|
fastbattle-end(bc) enemyCount=0 myPos=0 -> EO bfd=A60
B fd=2656 sub=BA len=7 head=BA|0|2|
RS-recv fd=2656 len=19 data=-2|0|4,1|0|4,,,,|||
fbstate procN=9 battling=0 active=0 turn=2 anim=0 resultWnd=0
EN fd=2656 result=1 field=1
B fd=2656 sub=BP len=9 head=BP|0|0|64
B fd=2656 sub=BC len=220 head=BC|0|0|test2||18ADC|1E|100|107|5|1|..............|1B|EB|F3|5|................||18A2B|1D|158|159|1|0||0|0|0|F|........||187F0|3|2A|2A|1|0||0|0|0|10|........||187F0|4|34|34|1|0||0|0|0|11|........||187F0|4|36|36|1|0||0|0|0|
B fd=2656 sub=BA len=11 head=BA|38000|0|
fastdrive(pkt) turn=0 myPos=0 anim=38000 target=15 bfd=A60
B fd=2656 sub=BA len=11 head=BA|38001|0|
B fd=2656 sub=BA len=11 head=BA|38021|0|
B fd=2656 sub=BH len=72 head=BH|a0|rF|f83|dBA|p0|FF|bn|5|BH|a11|r0|f2|d1|p1|FF|BH|a10|r5|f2|d1|p0|FF|
B fd=2656 sub=BP len=9 head=BP|0|0|64
B fd=2656 sub=BC len=182 head=BC|0|0|test2||18ADC|1E|FF|107|4|1|..............|1B|EA|F3|5|................||18A2B|1D|157|159|0|0||0|0|0|10|........||187F0|4|34|34|0|0||0|0|0|11|........||187F0|4|36|36|0|0||0|0|0|
B fd=2656 sub=BA len=11 head=BA|30000|1|
fastdrive(pkt) turn=1 myPos=0 anim=30000 target=16 bfd=A60
B fd=2656 sub=BA len=11 head=BA|30001|1|
B fd=2656 sub=BA len=11 head=BA|30021|1|
B fd=2656 sub=bn len=72 head=bn|5|BH|a0|r10|f83|dBD|p0|FF|BH|a11|r0|f0|d0|p0|r11|f91|counter93|p0|FF|
B fd=2656 sub=BP len=9 head=BP|0|0|64
B fd=2656 sub=BC len=106 head=BC|0|0|test2||18ADC|1E|FF|107|4|1|..............|1B|EA|F3|5|................||18A2B|1D|157|159|0|0||0|0|0|
fastbattle-end(bc) enemyCount=0 myPos=0 -> EO bfd=A60
B fd=2656 sub=BA len=7 head=BA|0|2|
RS-recv fd=2656 len=19 data=-2|0|6,1|0|6,,,,|||
fbstate procN=9 battling=0 active=0 turn=2 anim=0 resultWnd=0
fbstate procN=9 battling=0 active=0 turn=2 anim=0 resultWnd=0
fbstate procN=9 battling=0 active=0 turn=2 anim=0 resultWnd=0
fbstate procN=9 battling=0 active=0 turn=2 anim=0 resultWnd=0
fbstate procN=9 battling=0 active=0 turn=2 anim=0 resultWnd=0
fbstate procN=9 battling=0 active=0 turn=2 anim=0 resultWnd=0
fbstate procN=9 battling=0 active=0 turn=2 anim=0 resultWnd=0
fbstate procN=9 battling=0 active=0 turn=2 anim=0 resultWnd=0
fbstate procN=9 battling=0 active=0 turn=2 anim=0 resultWnd=0
fbstate procN=9 battling=0 active=0 turn=2 anim=0 resultWnd=0
fbstate procN=9 battling=0 active=0 turn=2 anim=0 resultWnd=0
fbstate procN=9 battling=0 active=0 turn=2 anim=0 resultWnd=0
fbstate procN=9 battling=0 active=0 turn=2 anim=0 resultWnd=0
fbstate procN=9 battling=0 active=0 turn=2 anim=0 resultWnd=0
fbstate procN=9 battling=0 active=0 turn=2 anim=0 resultWnd=0
fbstate procN=9 battling=0 active=0 turn=2 anim=0 resultWnd=0
fbstate procN=9 battling=0 active=0 turn=2 anim=0 resultWnd=0
fbstate procN=9 battling=0 active=0 turn=2 anim=0 resultWnd=0
fbstate procN=9 battling=0 active=0 turn=2 anim=0 resultWnd=0
fbstate procN=9 battling=0 active=0 turn=2 anim=0 resultWnd=0
fbstate procN=9 battling=0 active=0 turn=2 anim=0 resultWnd=0
fbstate procN=9 battling=0 active=0 turn=2 anim=0 resultWnd=0
fbstate procN=9 battling=0 active=0 turn=2 anim=0 resultWnd=0
fbstate procN=9 battling=0 active=0 turn=2 anim=0 resultWnd=0
fbstate procN=9 battling=0 active=0 turn=2 anim=0 resultWnd=0
fbstate procN=9 battling=0 active=0 turn=2 anim=0 resultWnd=0
fbstate procN=9 battling=0 active=0 turn=2 anim=0 resultWnd=0
fbstate procN=9 battling=0 active=0 turn=2 anim=0 resultWnd=0
fbstate procN=9 battling=0 active=0 turn=2 anim=0 resultWnd=0
fbstate procN=9 battling=0 active=0 turn=2 anim=0 resultWnd=0
fbstate procN=9 battling=0 active=0 turn=2 anim=0 resultWnd=0
fbstate procN=9 battling=0 active=0 turn=2 anim=0 resultWnd=0
fbstate procN=9 battling=0 active=0 turn=2 anim=0 resultWnd=0
fbstate procN=9 battling=0 active=0 turn=2 anim=0 resultWnd=0
fbstate procN=9 battling=0 active=0 turn=2 anim=0 resultWnd=0
fbstate procN=9 battling=0 active=0 turn=2 anim=0 resultWnd=0
fbstate procN=9 battling=0 active=0 turn=2 anim=0 resultWnd=0
fbstate procN=9 battling=0 active=0 turn=2 anim=0 resultWnd=0
fbstate procN=9 battling=0 active=0 turn=2 anim=0 resultWnd=0
fbstate procN=9 battling=0 active=0 turn=2 anim=0 resultWnd=0
fbstate procN=9 battling=0 active=0 turn=2 anim=0 resultWnd=0
fbstate procN=9 battling=0 active=0 turn=2 anim=0 resultWnd=0
fbstate procN=9 battling=0 active=0 turn=2 anim=0 resultWnd=0
fbstate procN=9 battling=0 active=0 turn=2 anim=0 resultWnd=0
fbstate procN=9 battling=0 active=0 turn=2 anim=0 resultWnd=0
fbstate procN=9 battling=0 active=0 turn=2 anim=0 resultWnd=0
fbstate procN=9 battling=0 active=0 turn=2 anim=0 resultWnd=0
fbstate procN=9 battling=0 active=0 turn=2 anim=0 resultWnd=0
fbstate procN=9 battling=0 active=0 turn=2 anim=0 resultWnd=0
fbstate procN=9 battling=0 active=0 turn=2 anim=0 resultWnd=0
fbstate procN=9 battling=0 active=0 turn=2 anim=0 resultWnd=0
fbstate procN=9 battling=0 active=0 turn=2 anim=0 resultWnd=0
fbstate procN=9 battling=0 active=0 turn=2 anim=0 resultWnd=0
fbstate procN=9 battling=0 active=0 turn=2 anim=0 resultWnd=0
fbstate procN=9 battling=0 active=0 turn=2 anim=0 resultWnd=0
fbstate procN=9 battling=0 active=0 turn=2 anim=0 resultWnd=0
fbstate procN=9 battling=0 active=0 turn=2 anim=0 resultWnd=0
fbstate procN=9 battling=0 active=0 turn=2 anim=0 resultWnd=0
fbstate procN=9 battling=0 active=0 turn=2 anim=0 resultWnd=0
fbstate procN=9 battling=0 active=0 turn=2 anim=0 resultWnd=0
fbstate procN=9 battling=0 active=0 turn=2 anim=0 resultWnd=0
fbstate procN=9 battling=0 active=0 turn=2 anim=0 resultWnd=0
fbstate procN=9 battling=0 active=0 turn=2 anim=0 resultWnd=0
fbstate procN=9 battling=0 active=0 turn=2 anim=0 resultWnd=0
fbstate procN=9 battling=0 active=0 turn=2 anim=0 resultWnd=0
fbstate procN=9 battling=0 active=0 turn=2 anim=0 resultWnd=0
fbstate procN=9 battling=0 active=0 turn=2 anim=0 resultWnd=0
fbstate procN=9 battling=0 active=0 turn=2 anim=0 resultWnd=0
fbstate procN=9 battling=0 active=0 turn=2 anim=0 resultWnd=0
fbstate procN=9 battling=0 active=0 turn=2 anim=0 resultWnd=0
fbstate procN=9 battling=0 active=0 turn=2 anim=0 resultWnd=0
fbstate procN=9 battling=0 active=0 turn=2 anim=0 resultWnd=0
fbstate procN=9 battling=0 active=0 turn=2 anim=0 resultWnd=0
fbstate procN=9 battling=0 active=0 turn=2 anim=0 resultWnd=0
fbstate procN=9 battling=0 active=0 turn=2 anim=0 resultWnd=0
fbstate procN=9 battling=0 active=0 turn=2 anim=0 resultWnd=0
fbstate procN=9 battling=0 active=0 turn=2 anim=0 resultWnd=0
fbstate procN=9 battling=0 active=0 turn=2 anim=0 resultWnd=0
fbstate procN=9 battling=0 active=0 turn=2 anim=0 resultWnd=0
fbstate procN=9 battling=0 active=0 turn=2 anim=0 resultWnd=0
fbstate procN=9 battling=0 active=0 turn=2 anim=0 resultWnd=0
fbstate procN=9 battling=0 active=0 turn=2 anim=0 resultWnd=0
fbstate procN=9 battling=0 active=0 turn=2 anim=0 resultWnd=0
fbstate procN=9 battling=0 active=0 turn=2 anim=0 resultWnd=0
fbstate procN=9 battling=0 active=0 turn=2 anim=0 resultWnd=0
fbstate procN=9 battling=0 active=0 turn=2 anim=0 resultWnd=0
fbstate procN=9 battling=0 active=0 turn=2 anim=0 resultWnd=0
fbstate procN=9 battling=0 active=0 turn=2 anim=0 resultWnd=0
fbstate procN=9 battling=0 active=0 turn=2 anim=0 resultWnd=0
