fastbattle-hook install ok=3 enTr=11E70000 bTr=11E90000
fbstate procN=1 battling=0 active=0 turn=0 anim=0
EN fd=2660 result=1 field=8
B fd=2660 sub=BP len=9 head=BP|0|0|24
B fd=2660 sub=BC len=208 head=BC|0|0|test2||18ADC|1E|100|107|5|1|.............
B fd=2660 sub=BA len=11 head=BA|38000|0|
fastdrive(pkt) turn=0 myPos=0 anim=38000 target=15 bfd=A64
B fd=2660 sub=BA len=11 head=BA|38001|0|
B fd=2660 sub=BA len=11 head=BA|38021|0|
B fd=2660 sub=bn len=73 head=bn|5|BH|a0|rF|f45|d8F|p0|FF|BH|a11|r5|f20|d0|p0|
B fd=2660 sub=BP len=9 head=BP|0|0|24
B fd=2660 sub=BC len=175 head=BC|0|0|test2||18ADC|1E|100|107|4|1|.............
B fd=2660 sub=BA len=11 head=BA|30000|1|
fastdrive(pkt) turn=1 myPos=0 anim=30000 target=16 bfd=A64
B fd=2660 sub=BA len=11 head=BA|30001|1|
B fd=2660 sub=BA len=11 head=BA|30021|1|
B fd=2660 sub=bn len=52 head=bn|5|BH|a0|r10|f83|d76|p0|FF|BH|a11|r0|f20|d0|p0
B fd=2660 sub=BP len=9 head=BP|0|0|24
B fd=2660 sub=BC len=141 head=BC|0|0|test2||18ADC|1E|100|107|4|1|.............
B fd=2660 sub=BA len=11 head=BA|20000|2|
fastdrive(pkt) turn=2 myPos=0 anim=20000 target=17 bfd=A64
B fd=2660 sub=BA len=11 head=BA|20001|2|
B fd=2660 sub=BA len=11 head=BA|20021|2|
B fd=2660 sub=bn len=29 head=bn|5|BH|a0|r11|f83|d75|p0|FF|
B fd=2660 sub=BP len=9 head=BP|0|0|24
B fd=2660 sub=BC len=107 head=BC|0|0|test2||18ADC|1E|100|107|4|1|.............
B fd=2660 sub=BA len=7 head=BA|0|3|
fastdrive(pkt) turn=3 myPos=0 anim=0 target=-1 bfd=A64
fbstate procN=9 battling=0 active=0 turn=3 anim=0
fbstate procN=9 battling=0 active=0 turn=3 anim=0
fbstate procN=9 battling=0 active=0 turn=3 anim=0
fbstate procN=9 battling=0 active=0 turn=3 anim=0
fbstate procN=9 battling=0 active=0 turn=3 anim=0
fbstate procN=9 battling=0 active=0 turn=3 anim=0
fbstate procN=9 battling=0 active=0 turn=3 anim=0
fbstate procN=9 battling=0 active=0 turn=3 anim=0
fbstate procN=9 battling=0 active=0 turn=3 anim=0
fbstate procN=9 battling=0 active=0 turn=3 anim=0
fbstate procN=9 battling=0 active=0 turn=3 anim=0
fbstate procN=9 battling=0 active=0 turn=3 anim=0
fbstate procN=9 battling=0 active=0 turn=3 anim=0
fbstate procN=9 battling=0 active=0 turn=3 anim=0
fbstate procN=9 battling=0 active=0 turn=3 anim=0
fbstate procN=9 battling=0 active=0 turn=3 anim=0
fbstate procN=9 battling=0 active=0 turn=3 anim=0
fbstate procN=9 battling=0 active=0 turn=3 anim=0
fbstate procN=9 battling=0 active=0 turn=3 anim=0
fbstate procN=9 battling=0 active=0 turn=3 anim=0
fbstate procN=9 battling=0 active=0 turn=3 anim=0
fbstate procN=9 battling=0 active=0 turn=3 anim=0
fbstate procN=9 battling=0 active=0 turn=3 anim=0
fbstate procN=9 battling=0 active=0 turn=3 anim=0
fbstate procN=9 battling=0 active=0 turn=3 anim=0
fbstate procN=9 battling=0 active=0 turn=3 anim=0
fbstate procN=9 battling=0 active=0 turn=3 anim=0
fbstate procN=9 battling=0 active=0 turn=3 anim=0
fbstate procN=9 battling=0 active=0 turn=3 anim=0
fbstate procN=9 battling=0 active=0 turn=3 anim=0
fbstate procN=9 battling=0 active=0 turn=3 anim=0
fbstate procN=9 battling=0 active=0 turn=3 anim=0
fbstate procN=9 battling=0 active=0 turn=3 anim=0
fbstate procN=9 battling=0 active=0 turn=3 anim=0
fbstate procN=9 battling=0 active=0 turn=3 anim=0
fbstate procN=9 battling=0 active=0 turn=3 anim=0
fbstate procN=9 battling=0 active=0 turn=3 anim=0
fbstate procN=9 battling=0 active=0 turn=3 anim=0
fbstate procN=9 battling=0 active=0 turn=3 anim=0
fbstate procN=9 battling=0 active=0 turn=3 anim=0
fbstate procN=9 battling=0 active=0 turn=3 anim=0
fbstate procN=9 battling=0 active=0 turn=3 anim=0
fbstate procN=9 battling=0 active=0 turn=3 anim=0
fbstate procN=9 battling=0 active=0 turn=3 anim=0
fbstate procN=9 battling=0 active=0 turn=3 anim=0
fbstate procN=9 battling=0 active=0 turn=3 anim=0
fbstate procN=9 battling=0 active=0 turn=3 anim=0
fbstate procN=9 battling=0 active=0 turn=3 anim=0
fbstate procN=9 battling=0 active=0 turn=3 anim=0
fbstate procN=9 battling=0 active=0 turn=3 anim=0
fbstate procN=9 battling=0 active=0 turn=3 anim=0
fbstate procN=9 battling=0 active=0 turn=3 anim=0
fbstate procN=9 battling=0 active=0 turn=3 anim=0
fbstate procN=9 battling=0 active=0 turn=3 anim=0
fbstate procN=9 battling=0 active=0 turn=3 anim=0
fbstate procN=9 battling=0 active=0 turn=3 anim=0
fbstate procN=9 battling=0 active=0 turn=3 anim=0
fbstate procN=9 battling=0 active=0 turn=3 anim=0
fbstate procN=9 battling=0 active=0 turn=3 anim=0
fbstate procN=9 battling=0 active=0 turn=3 anim=0
fbstate procN=9 battling=0 active=0 turn=3 anim=0
fbstate procN=9 battling=0 active=0 turn=3 anim=0
fbstate procN=9 battling=0 active=0 turn=3 anim=0
fbstate procN=9 battling=0 active=0 turn=3 anim=0
fbstate procN=9 battling=0 active=0 turn=3 anim=0
fbstate procN=9 battling=0 active=0 turn=3 anim=0
fbstate procN=9 battling=0 active=0 turn=3 anim=0
fbstate procN=9 battling=0 active=0 turn=3 anim=0
fbstate procN=9 battling=0 active=0 turn=3 anim=0
fbstate procN=9 battling=0 active=0 turn=3 anim=0
fbstate procN=9 battling=0 active=0 turn=3 anim=0
fbstate procN=9 battling=0 active=0 turn=3 anim=0
fbstate procN=9 battling=0 active=0 turn=3 anim=0
fbstate procN=9 battling=0 active=0 turn=3 anim=0
fbstate procN=9 battling=0 active=0 turn=3 anim=0
fbstate procN=9 battling=0 active=0 turn=3 anim=0
fbstate procN=9 battling=0 active=0 turn=3 anim=0
fbstate procN=9 battling=0 active=0 turn=3 anim=0
fbstate procN=9 battling=0 active=0 turn=3 anim=0
fbstate procN=9 battling=0 active=0 turn=3 anim=0
fbstate procN=9 battling=0 active=0 turn=3 anim=0
fbstate procN=9 battling=0 active=0 turn=3 anim=0
fbstate procN=9 battling=0 active=0 turn=3 anim=0
fbstate procN=9 battling=0 active=0 turn=3 anim=0
