battlemenu-suppress want=1 patched=4/4 (ab=1 ae=0)
autobattle ENABLED hwnd=003D0086 old=FFFF0559 pid=1880
autobattle tick cnt=1 smto=1 res=0 battling=1 ctype=0 ptype=0
autobattle CHAR t=170533625 turn=0 cliT=0 myNo=0 afl=18000 cb=0 pb=0 subP=3 procN=10 actInf=0 menuF=0 tgtSel=0 resW=0 self=hp251/st0 pet=hp340/st0 validEnemy=2 fallback=15 delay=0 cmd=H|F heal[en=1 tf=3 c=95 p=95 a=95 mag=3 selfP=95/mx263 petP=98/mx345] | enemies=10:st0/hp0/mx0/df0/fn0/lv0/v0 11:st0/hp0/mx0/df0/fn0/lv0/v0 12:st0/hp0/mx0/df0/fn0/lv0/v0 13:st0/hp0/mx0/df0/fn0/lv0/v0 14:st0/hp0/mx0/df0/fn0/lv0/v0 15:st0/hp50/mx50/df0/fn4909D0/lv4/v1 16:st0/hp49/mx49/df0/fn4909D0/lv4/v1 17:st0/hp0/mx0/df0/fn0/lv0/v0 18:st0/hp0/mx0/df0/fn0/lv0/v0 19:st0/hp0/mx0/df0/fn0/lv0/v0 
autobattle PET turn=0 myNo=0 row=0 si=0 seed=-2 target=15 validEnemy=2 minLv=4 pcEnable=0 cmd=W|0|F
autobattle tick cnt=17 smto=1 res=0 battling=1 ctype=0 ptype=0
autobattle CHAR t=170534625 turn=1 cliT=1 myNo=0 afl=10000 cb=0 pb=0 subP=5 procN=10 actInf=0 menuF=0 tgtSel=0 resW=0 self=hp251/st0 pet=hp340/st0 validEnemy=1 fallback=16 delay=0 cmd=H|10 heal[en=1 tf=3 c=95 p=95 a=95 mag=3 selfP=95/mx263 petP=98/mx345] | enemies=10:st0/hp0/mx0/df0/fn0/lv0/v0 11:st0/hp0/mx0/df0/fn0/lv0/v0 12:st0/hp0/mx0/df0/fn0/lv0/v0 13:st0/hp0/mx0/df0/fn0/lv0/v0 14:st0/hp0/mx0/df0/fn0/lv0/v0 15:st0/hp0/mx50/df0/fn0/lv4/v0 16:st0/hp49/mx49/df0/fn4909D0/lv4/v1 17:st0/hp0/mx0/df0/fn0/lv0/v0 18:st0/hp0/mx0/df0/fn0/lv0/v0 19:st0/hp0/mx0/df0/fn0/lv0/v0 
autobattle PET turn=1 myNo=0 row=0 si=0 seed=-2 target=16 validEnemy=1 minLv=4 pcEnable=0 cmd=W|0|10
autobattle tick cnt=30 smto=1 res=0 battling=1 ctype=0 ptype=0
autobattle CHAR t=170539515 turn=0 cliT=0 myNo=0 afl=8000 cb=0 pb=0 subP=3 procN=10 actInf=0 menuF=0 tgtSel=0 resW=0 self=hp251/st0 pet=hp340/st0 validEnemy=1 fallback=15 delay=0 cmd=H|F heal[en=1 tf=3 c=95 p=95 a=95 mag=3 selfP=95/mx263 petP=98/mx345] | enemies=10:st0/hp0/mx0/df0/fn0/lv0/v0 11:st0/hp0/mx0/df0/fn0/lv0/v0 12:st0/hp0/mx0/df0/fn0/lv0/v0 13:st0/hp0/mx0/df0/fn0/lv0/v0 14:st0/hp0/mx0/df0/fn0/lv0/v0 15:st0/hp20/mx20/df0/fn4909D0/lv2/v1 16:st0/hp0/mx0/df0/fn0/lv0/v0 17:st0/hp0/mx0/df0/fn0/lv0/v0 18:st0/hp0/mx0/df0/fn0/lv0/v0 19:st0/hp0/mx0/df0/fn0/lv0/v0 
autobattle PET turn=0 myNo=0 row=0 si=0 seed=-2 target=15 validEnemy=1 minLv=2 pcEnable=0 cmd=W|0|F
autobattle tick cnt=45 smto=1 res=0 battling=1 ctype=0 ptype=0
autobattle CHAR t=170541171 turn=0 cliT=0 myNo=0 afl=F9C00 cb=0 pb=0 subP=3 procN=10 actInf=0 menuF=0 tgtSel=0 resW=0 self=hp251/st0 pet=hp340/st0 validEnemy=8 fallback=19 delay=0 cmd=H|13 heal[en=1 tf=3 c=95 p=95 a=95 mag=3 selfP=95/mx263 petP=98/mx345] | enemies=10:st0/hp21/mx21/df0/fn4909D0/lv2/v1 11:st0/hp27/mx27/df0/fn4909D0/lv3/v1 12:st0/hp27/mx27/df0/fn4909D0/lv3/v1 13:st0/hp0/mx0/df0/fn0/lv0/v0 14:st0/hp0/mx0/df0/fn0/lv0/v0 15:st0/hp27/mx27/df0/fn4909D0/lv3/v1 16:st0/hp21/mx21/df0/fn4909D0/lv2/v1 17:st0/hp21/mx21/df0/fn4909D0/lv2/v1 18:st0/hp27/mx27/df0/fn4909D0/lv3/v1 19:st0/hp26/mx26/df0/fn4909D0/lv3/v1 
autobattle PET turn=0 myNo=0 row=0 si=0 seed=-2 target=19 validEnemy=8 minLv=2 pcEnable=0 cmd=W|0|13
autobattle tick cnt=62 smto=1 res=0 battling=1 ctype=0 ptype=0
autobattle tick cnt=79 smto=1 res=0 battling=1 ctype=0 ptype=0
autobattle CHAR t=170543515 turn=1 cliT=1 myNo=0 afl=79400 cb=0 pb=0 subP=5 procN=10 actInf=0 menuF=0 tgtSel=0 resW=0 self=hp251/st0 pet=hp338/st0 validEnemy=6 fallback=17 delay=0 cmd=H|11 heal[en=1 tf=3 c=95 p=95 a=95 mag=3 selfP=95/mx263 petP=97/mx345] | enemies=10:st0/hp21/mx21/df0/fn4909D0/lv2/v1 11:st0/hp0/mx27/df0/fn0/lv3/v0 12:st0/hp27/mx27/df0/fn4909D0/lv3/v1 13:st0/hp0/mx0/df0/fn0/lv0/v0 14:st0/hp0/mx0/df0/fn0/lv0/v0 15:st0/hp27/mx27/df0/fn4909D0/lv3/v1 16:st0/hp21/mx21/df0/fn4909D0/lv2/v1 17:st0/hp21/mx21/df0/fn4909D0/lv2/v1 18:st0/hp27/mx27/df0/fn4909D0/lv3/v1 19:st0/hp0/mx26/df0/fn0/lv3/v0 
autobattle PET turn=1 myNo=0 row=0 si=0 seed=-2 target=17 validEnemy=6 minLv=2 pcEnable=0 cmd=W|0|11
autobattle tick cnt=96 smto=1 res=0 battling=1 ctype=0 ptype=0
autobattle tick cnt=112 smto=1 res=0 battling=1 ctype=0 ptype=0
autobattle CHAR t=170545687 turn=2 cliT=2 myNo=0 afl=41400 cb=0 pb=0 subP=5 procN=10 actInf=0 menuF=0 tgtSel=0 resW=0 self=hp251/st0 pet=hp338/st0 validEnemy=3 fallback=18 delay=0 cmd=H|12 heal[en=1 tf=3 c=95 p=95 a=95 mag=3 selfP=95/mx263 petP=97/mx345] | enemies=10:st0/hp21/mx21/df0/fn4909D0/lv2/v1 11:st0/hp0/mx27/df0/fn0/lv3/v0 12:st0/hp27/mx27/df0/fn4909D0/lv3/v1 13:st0/hp0/mx0/df0/fn0/lv0/v0 14:st0/hp0/mx0/df0/fn0/lv0/v0 15:st0/hp0/mx27/df0/fn0/lv3/v0 16:st0/hp0/mx21/df0/fn0/lv2/v0 17:st0/hp0/mx21/df0/fn0/lv2/v0 18:st0/hp27/mx27/df0/fn4909D0/lv3/v1 19:st0/hp0/mx26/df0/fn0/lv3/v0 
autobattle PET turn=2 myNo=0 row=0 si=0 seed=-2 target=18 validEnemy=3 minLv=2 pcEnable=0 cmd=W|0|12
autobattle tick cnt=129 smto=1 res=0 battling=1 ctype=0 ptype=0
autobattle CHAR t=170546796 turn=3 cliT=3 myNo=0 afl=1400 cb=0 pb=0 subP=5 procN=10 actInf=0 menuF=0 tgtSel=0 resW=0 self=hp251/st0 pet=hp337/st0 validEnemy=2 fallback=12 delay=0 cmd=H|C heal[en=1 tf=3 c=95 p=95 a=95 mag=3 selfP=95/mx263 petP=97/mx345] | enemies=10:st0/hp21/mx21/df0/fn4909D0/lv2/v1 11:st0/hp0/mx27/df0/fn0/lv3/v0 12:st0/hp27/mx27/df0/fn4909D0/lv3/v1 13:st0/hp0/mx0/df0/fn0/lv0/v0 14:st0/hp0/mx0/df0/fn0/lv0/v0 15:st0/hp0/mx27/df0/fn0/lv3/v0 16:st0/hp0/mx21/df0/fn0/lv2/v0 17:st0/hp0/mx21/df0/fn0/lv2/v0 18:st0/hp0/mx27/df0/fn0/lv3/v0 19:st0/hp0/mx26/df0/fn0/lv3/v0 
autobattle PET turn=3 myNo=0 row=0 si=0 seed=-2 target=12 validEnemy=2 minLv=2 pcEnable=0 cmd=W|0|C
autobattle tick cnt=145 smto=1 res=0 battling=1 ctype=0 ptype=0
autobattle tick cnt=155 smto=1 res=0 battling=1 ctype=0 ptype=0
autobattle CHAR t=170548843 turn=0 cliT=0 myNo=0 afl=F9C00 cb=0 pb=0 subP=3 procN=10 actInf=0 menuF=0 tgtSel=0 resW=0 self=hp251/st0 pet=hp337/st0 validEnemy=8 fallback=19 delay=0 cmd=H|13 heal[en=1 tf=3 c=95 p=95 a=95 mag=3 selfP=95/mx263 petP=97/mx345] | enemies=10:st0/hp28/mx28/df0/fn4909D0/lv2/v1 11:st0/hp38/mx38/df0/fn4909D0/lv3/v1 12:st0/hp29/mx29/df0/fn4909D0/lv2/v1 13:st0/hp0/mx0/df0/fn0/lv0/v0 14:st0/hp0/mx0/df0/fn0/lv0/v0 15:st0/hp29/mx29/df0/fn4909D0/lv2/v1 16:st0/hp34/mx34/df0/fn4909D0/lv3/v1 17:st0/hp36/mx36/df0/fn4909D0/lv3/v1 18:st0/hp30/mx30/df0/fn4909D0/lv2/v1 19:st0/hp29/mx29/df0/fn4909D0/lv2/v1 
autobattle PET turn=0 myNo=0 row=0 si=0 seed=-2 target=19 validEnemy=8 minLv=2 pcEnable=0 cmd=W|0|13
autobattle tick cnt=172 smto=1 res=0 battling=1 ctype=0 ptype=0
autobattle tick cnt=189 smto=1 res=0 battling=1 ctype=0 ptype=0
autobattle tick cnt=206 smto=1 res=0 battling=1 ctype=0 ptype=0
autobattle CHAR t=170551984 turn=1 cliT=1 myNo=0 afl=60C00 cb=0 pb=0 subP=5 procN=10 actInf=0 menuF=0 tgtSel=0 resW=0 self=hp250/st0 pet=hp336/st0 validEnemy=4 fallback=17 delay=0 cmd=H|11 heal[en=1 tf=3 c=95 p=95 a=95 mag=3 selfP=95/mx263 petP=97/mx345] | enemies=10:st0/hp28/mx28/df0/fn4909D0/lv2/v1 11:st0/hp38/mx38/df0/fn4909D0/lv3/v1 12:st0/hp0/mx29/df0/fn0/lv2/v0 13:st0/hp0/mx0/df0/fn0/lv0/v0 14:st0/hp0/mx0/df0/fn0/lv0/v0 15:st0/hp0/mx29/df0/fn0/lv2/v0 16:st0/hp0/mx34/df0/fn0/lv3/v0 17:st0/hp36/mx36/df0/fn4909D0/lv3/v1 18:st0/hp30/mx30/df0/fn4909D0/lv2/v1 19:st0/hp0/mx29/df0/fn0/lv2/v0 
autobattle PET turn=1 myNo=0 row=0 si=0 seed=-2 target=17 validEnemy=4 minLv=2 pcEnable=0 cmd=W|0|11
autobattle tick cnt=222 smto=1 res=0 battling=1 ctype=0 ptype=0
autobattle CHAR t=170553437 turn=2 cliT=2 myNo=0 afl=C00 cb=0 pb=0 subP=5 procN=10 actInf=0 menuF=0 tgtSel=0 resW=0 self=hp250/st0 pet=hp336/st0 validEnemy=2 fallback=10 delay=0 cmd=H|A heal[en=1 tf=3 c=95 p=95 a=95 mag=3 selfP=95/mx263 petP=97/mx345] | enemies=10:st0/hp28/mx28/df0/fn4909D0/lv2/v1 11:st0/hp38/mx38/df0/fn4909D0/lv3/v1 12:st0/hp0/mx29/df0/fn0/lv2/v0 13:st0/hp0/mx0/df0/fn0/lv0/v0 14:st0/hp0/mx0/df0/fn0/lv0/v0 15:st0/hp0/mx29/df0/fn0/lv2/v0 16:st0/hp0/mx34/df0/fn0/lv3/v0 17:st0/hp0/mx36/df0/fn0/lv3/v0 18:st0/hp0/mx30/df0/fn0/lv2/v0 19:st0/hp0/mx29/df0/fn0/lv2/v0 
autobattle PET turn=2 myNo=0 row=0 si=0 seed=-2 target=10 validEnemy=2 minLv=2 pcEnable=0 cmd=W|0|A
autobattle tick cnt=239 smto=1 res=0 battling=1 ctype=0 ptype=0
autobattle tick cnt=249 smto=1 res=0 battling=1 ctype=0 ptype=0
autobattle CHAR t=170555765 turn=0 cliT=0 myNo=0 afl=F8C00 cb=0 pb=0 subP=3 procN=10 actInf=0 menuF=0 tgtSel=0 resW=0 self=hp250/st0 pet=hp336/st0 validEnemy=7 fallback=19 delay=0 cmd=H|13 heal[en=1 tf=3 c=95 p=95 a=95 mag=3 selfP=95/mx263 petP=97/mx345] | enemies=10:st0/hp36/mx36/df0/fn4909D0/lv3/v1 11:st0/hp33/mx33/df0/fn4909D0/lv3/v1 12:st0/hp0/mx0/df0/fn0/lv0/v0 13:st0/hp0/mx0/df0/fn0/lv0/v0 14:st0/hp0/mx0/df0/fn0/lv0/v0 15:st0/hp30/mx30/df0/fn4909D0/lv2/v1 16:st0/hp32/mx32/df0/fn4909D0/lv2/v1 17:st0/hp35/mx35/df0/fn4909D0/lv3/v1 18:st0/hp30/mx30/df0/fn4909D0/lv2/v1 19:st0/hp29/mx29/df0/fn4909D0/lv2/v1 
autobattle PET turn=0 myNo=0 row=0 si=0 seed=-2 target=19 validEnemy=7 minLv=2 pcEnable=0 cmd=W|0|13
autobattle tick cnt=266 smto=1 res=0 battling=1 ctype=0 ptype=0
autobattle tick cnt=283 smto=1 res=0 battling=1 ctype=0 ptype=0
autobattle CHAR t=170557921 turn=1 cliT=1 myNo=0 afl=78C00 cb=0 pb=0 subP=5 procN=10 actInf=0 menuF=0 tgtSel=0 resW=0 self=hp249/st0 pet=hp335/st0 validEnemy=6 fallback=17 delay=0 cmd=J|0|14 heal[en=1 tf=3 c=95 p=95 a=95 mag=3 selfP=94/mx263 petP=97/mx345] | enemies=10:st0/hp36/mx36/df0/fn4909D0/lv3/v1 11:st0/hp33/mx33/df0/fn4909D0/lv3/v1 12:st0/hp0/mx0/df0/fn0/lv0/v0 13:st0/hp0/mx0/df0/fn0/lv0/v0 14:st0/hp0/mx0/df0/fn0/lv0/v0 15:st0/hp30/mx30/df0/fn4909D0/lv2/v1 16:st0/hp32/mx32/df0/fn4909D0/lv2/v1 17:st0/hp35/mx35/df0/fn4909D0/lv3/v1 18:st0/hp30/mx30/df0/fn4909D0/lv2/v1 19:st0/hp0/mx29/df0/fn0/lv2/v0 
autobattle PET turn=1 myNo=0 row=0 si=0 seed=-2 target=17 validEnemy=6 minLv=2 pcEnable=0 cmd=W|0|11
autobattle tick cnt=299 smto=1 res=0 battling=1 ctype=0 ptype=0
autobattle tick cnt=316 smto=1 res=0 battling=1 ctype=0 ptype=0
autobattle CHAR t=170560031 turn=2 cliT=2 myNo=0 afl=58C00 cb=0 pb=0 subP=5 procN=10 actInf=0 menuF=0 tgtSel=0 resW=0 self=hp263/st0 pet=hp345/st0 validEnemy=5 fallback=15 delay=0 cmd=H|F heal[en=1 tf=3 c=95 p=95 a=95 mag=3 selfP=100/mx263 petP=100/mx345] | enemies=10:st0/hp36/mx36/df0/fn4909D0/lv3/v1 11:st0/hp33/mx33/df0/fn4909D0/lv3/v1 12:st0/hp0/mx0/df0/fn0/lv0/v0 13:st0/hp0/mx0/df0/fn0/lv0/v0 14:st0/hp0/mx0/df0/fn0/lv0/v0 15:st0/hp30/mx30/df0/fn4909D0/lv2/v1 16:st0/hp32/mx32/df0/fn4909D0/lv2/v1 17:st0/hp0/mx35/df0/fn0/lv3/v0 18:st0/hp30/mx30/df0/fn4909D0/lv2/v1 19:st0/hp0/mx29/df0/fn0/lv2/v0 
autobattle PET turn=2 myNo=0 row=0 si=0 seed=-2 target=15 validEnemy=5 minLv=2 pcEnable=0 cmd=W|0|F
autobattle tick cnt=333 smto=1 res=0 battling=1 ctype=0 ptype=0
autobattle tick cnt=350 smto=1 res=0 battling=1 ctype=0 ptype=0
autobattle CHAR t=170562000 turn=3 cliT=3 myNo=0 afl=50000 cb=0 pb=0 subP=5 procN=10 actInf=0 menuF=0 tgtSel=0 resW=0 self=hp263/st0 pet=hp345/st0 validEnemy=2 fallback=16 delay=0 cmd=H|10 heal[en=1 tf=3 c=95 p=95 a=95 mag=3 selfP=100/mx263 petP=100/mx345] | enemies=10:st0/hp0/mx36/df0/fn0/lv3/v0 11:st0/hp0/mx33/df0/fn0/lv3/v0 12:st0/hp0/mx0/df0/fn0/lv0/v0 13:st0/hp0/mx0/df0/fn0/lv0/v0 14:st0/hp0/mx0/df0/fn0/lv0/v0 15:st0/hp0/mx30/df0/fn0/lv2/v0 16:st0/hp32/mx32/df0/fn4909D0/lv2/v1 17:st0/hp0/mx35/df0/fn0/lv3/v0 18:st0/hp30/mx30/df0/fn4909D0/lv2/v1 19:st0/hp0/mx29/df0/fn0/lv2/v0 
autobattle PET turn=3 myNo=0 row=0 si=0 seed=-2 target=16 validEnemy=2 minLv=2 pcEnable=0 cmd=W|0|10
autobattle tick cnt=366 smto=1 res=0 battling=1 ctype=0 ptype=0
autobattle tick cnt=369 smto=1 res=0 battling=1 ctype=0 ptype=0
autobattle CHAR t=170564062 turn=0 cliT=0 myNo=0 afl=38000 cb=0 pb=0 subP=3 procN=10 actInf=0 menuF=0 tgtSel=0 resW=0 self=hp263/st0 pet=hp345/st0 validEnemy=3 fallback=17 delay=0 cmd=H|11 heal[en=1 tf=3 c=95 p=95 a=95 mag=3 selfP=100/mx263 petP=100/mx345] | enemies=10:st0/hp0/mx0/df0/fn0/lv0/v0 11:st0/hp0/mx0/df0/fn0/lv0/v0 12:st0/hp0/mx0/df0/fn0/lv0/v0 13:st0/hp0/mx0/df0/fn0/lv0/v0 14:st0/hp0/mx0/df0/fn0/lv0/v0 15:st0/hp27/mx27/df0/fn4909D0/lv3/v1 16:st0/hp25/mx25/df0/fn4909D0/lv3/v1 17:st0/hp21/mx21/df0/fn4909D0/lv2/v1 18:st0/hp0/mx0/df0/fn0/lv0/v0 19:st0/hp0/mx0/df0/fn0/lv0/v0 
autobattle PET turn=0 myNo=0 row=0 si=0 seed=-2 target=17 validEnemy=3 minLv=2 pcEnable=0 cmd=W|0|11
autobattle tick cnt=386 smto=1 res=0 battling=1 ctype=0 ptype=0
autobattle CHAR t=170565156 turn=1 cliT=1 myNo=0 afl=18000 cb=0 pb=0 subP=5 procN=10 actInf=0 menuF=0 tgtSel=0 resW=0 self=hp263/st0 pet=hp345/st0 validEnemy=2 fallback=15 delay=0 cmd=H|F heal[en=1 tf=3 c=95 p=95 a=95 mag=3 selfP=100/mx263 petP=100/mx345] | enemies=10:st0/hp0/mx0/df0/fn0/lv0/v0 11:st0/hp0/mx0/df0/fn0/lv0/v0 12:st0/hp0/mx0/df0/fn0/lv0/v0 13:st0/hp0/mx0/df0/fn0/lv0/v0 14:st0/hp0/mx0/df0/fn0/lv0/v0 15:st0/hp27/mx27/df0/fn4909D0/lv3/v1 16:st0/hp25/mx25/df0/fn4909D0/lv3/v1 17:st0/hp0/mx21/df0/fn0/lv2/v0 18:st0/hp0/mx0/df0/fn0/lv0/v0 19:st0/hp0/mx0/df0/fn0/lv0/v0 
autobattle PET turn=1 myNo=0 row=0 si=0 seed=-2 target=15 validEnemy=2 minLv=3 pcEnable=0 cmd=W|0|F
autobattle tick cnt=403 smto=1 res=0 battling=1 ctype=0 ptype=0
autobattle CHAR t=170566140 turn=2 cliT=2 myNo=0 afl=10000 cb=0 pb=0 subP=5 procN=10 actInf=0 menuF=0 tgtSel=0 resW=0 self=hp263/st0 pet=hp345/st0 validEnemy=1 fallback=16 delay=0 cmd=H|10 heal[en=1 tf=3 c=95 p=95 a=95 mag=3 selfP=100/mx263 petP=100/mx345] | enemies=10:st0/hp0/mx0/df0/fn0/lv0/v0 11:st0/hp0/mx0/df0/fn0/lv0/v0 12:st0/hp0/mx0/df0/fn0/lv0/v0 13:st0/hp0/mx0/df0/fn0/lv0/v0 14:st0/hp0/mx0/df0/fn0/lv0/v0 15:st0/hp0/mx27/df0/fn0/lv3/v0 16:st0/hp25/mx25/df0/fn4909D0/lv3/v1 17:st0/hp0/mx21/df0/fn0/lv2/v0 18:st0/hp0/mx0/df0/fn0/lv0/v0 19:st0/hp0/mx0/df0/fn0/lv0/v0 
autobattle PET turn=2 myNo=0 row=0 si=0 seed=-2 target=16 validEnemy=1 minLv=3 pcEnable=0 cmd=W|0|10
autobattle tick cnt=416 smto=1 res=0 battling=1 ctype=0 ptype=0
autobattle CHAR t=170568781 turn=0 cliT=0 myNo=0 afl=F8C00 cb=0 pb=0 subP=3 procN=10 actInf=0 menuF=0 tgtSel=0 resW=0 self=hp263/st0 pet=hp345/st0 validEnemy=7 fallback=19 delay=0 cmd=H|13 heal[en=1 tf=3 c=95 p=95 a=95 mag=3 selfP=100/mx263 petP=100/mx345] | enemies=10:st0/hp28/mx28/df0/fn4909D0/lv3/v1 11:st0/hp19/mx19/df0/fn4909D0/lv2/v1 12:st0/hp0/mx0/df0/fn0/lv0/v0 13:st0/hp0/mx0/df0/fn0/lv0/v0 14:st0/hp0/mx0/df0/fn0/lv0/v0 15:st0/hp22/mx22/df0/fn4909D0/lv2/v1 16:st0/hp21/mx21/df0/fn4909D0/lv2/v1 17:st0/hp27/mx27/df0/fn4909D0/lv3/v1 18:st0/hp21/mx21/df0/fn4909D0/lv2/v1 19:st0/hp20/mx20/df0/fn4909D0/lv2/v1 
autobattle PET turn=0 myNo=0 row=0 si=0 seed=-2 target=19 validEnemy=7 minLv=2 pcEnable=0 cmd=W|0|13
autobattle tick cnt=433 smto=1 res=0 battling=1 ctype=0 ptype=0
autobattle CHAR t=170570265 turn=1 cliT=1 myNo=0 afl=58C00 cb=0 pb=0 subP=5 procN=10 actInf=0 menuF=0 tgtSel=0 resW=0 self=hp259/st0 pet=hp344/st0 validEnemy=5 fallback=15 delay=0 cmd=H|F heal[en=1 tf=3 c=95 p=95 a=95 mag=3 selfP=98/mx263 petP=99/mx345] | enemies=10:st0/hp28/mx28/df0/fn4909D0/lv3/v1 11:st0/hp19/mx19/df0/fn4909D0/lv2/v1 12:st0/hp0/mx0/df0/fn0/lv0/v0 13:st0/hp0/mx0/df0/fn0/lv0/v0 14:st0/hp0/mx0/df0/fn0/lv0/v0 15:st0/hp22/mx22/df0/fn4909D0/lv2/v1 16:st0/hp21/mx21/df0/fn4909D0/lv2/v1 17:st0/hp0/mx27/df0/fn0/lv3/v0 18:st0/hp21/mx21/df0/fn4909D0/lv2/v1 19:st0/hp0/mx20/df0/fn0/lv2/v0 
autobattle PET turn=1 myNo=0 row=0 si=0 seed=-2 target=15 validEnemy=5 minLv=2 pcEnable=0 cmd=W|0|F
autobattle tick cnt=449 smto=1 res=0 battling=1 ctype=0 ptype=0
autobattle tick cnt=466 smto=1 res=0 battling=1 ctype=0 ptype=0
autobattle CHAR t=170571921 turn=2 cliT=2 myNo=0 afl=50800 cb=0 pb=0 subP=5 procN=10 actInf=0 menuF=0 tgtSel=0 resW=0 self=hp258/st0 pet=hp344/st0 validEnemy=3 fallback=16 delay=0 cmd=H|10 heal[en=1 tf=3 c=95 p=95 a=95 mag=3 selfP=98/mx263 petP=99/mx345] | enemies=10:st0/hp0/mx28/df0/fn0/lv3/v0 11:st0/hp19/mx19/df0/fn4909D0/lv2/v1 12:st0/hp0/mx0/df0/fn0/lv0/v0 13:st0/hp0/mx0/df0/fn0/lv0/v0 14:st0/hp0/mx0/df0/fn0/lv0/v0 15:st0/hp0/mx22/df0/fn0/lv2/v0 16:st0/hp21/mx21/df0/fn4909D0/lv2/v1 17:st0/hp0/mx27/df0/fn0/lv3/v0 18:st0/hp21/mx21/df0/fn4909D0/lv2/v1 19:st0/hp0/mx20/df0/fn0/lv2/v0 
autobattle PET turn=2 myNo=0 row=0 si=0 seed=-2 target=16 validEnemy=3 minLv=2 pcEnable=0 cmd=W|0|10
autobattle CHAR t=170572671 turn=3 cliT=3 myNo=0 afl=0 cb=0 pb=0 subP=6 procN=10 actInf=0 menuF=0 tgtSel=0 resW=0 self=hp258/st0 pet=hp344/st0 validEnemy=1 fallback=18 delay=0 cmd=H|12 heal[en=1 tf=3 c=95 p=95 a=95 mag=3 selfP=98/mx263 petP=99/mx345] | enemies=10:st0/hp0/mx28/df0/fn0/lv3/v0 11:st0/hp0/mx19/df0/fn4909D0/lv2/v0 12:st0/hp0/mx0/df0/fn0/lv0/v0 13:st0/hp0/mx0/df0/fn0/lv0/v0 14:st0/hp0/mx0/df0/fn0/lv0/v0 15:st0/hp0/mx22/df0/fn0/lv2/v0 16:st0/hp0/mx21/df0/fn0/lv2/v0 17:st0/hp0/mx27/df0/fn0/lv3/v0 18:st0/hp21/mx21/df0/fn4909D0/lv2/v1 19:st0/hp0/mx20/df0/fn0/lv2/v0 
autobattle tick cnt=483 smto=1 res=0 battling=1 ctype=0 ptype=0
autobattle tick cnt=496 smto=1 res=0 battling=1 ctype=0 ptype=0
autobattle CHAR t=170574015 turn=0 cliT=0 myNo=0 afl=38000 cb=0 pb=0 subP=3 procN=10 actInf=0 menuF=0 tgtSel=0 resW=0 self=hp258/st0 pet=hp344/st0 validEnemy=3 fallback=17 delay=0 cmd=H|11 heal[en=1 tf=3 c=95 p=95 a=95 mag=3 selfP=98/mx263 petP=99/mx345] | enemies=10:st0/hp0/mx0/df0/fn0/lv0/v0 11:st0/hp0/mx0/df0/fn0/lv0/v0 12:st0/hp0/mx0/df0/fn0/lv0/v0 13:st0/hp0/mx0/df0/fn0/lv0/v0 14:st0/hp0/mx0/df0/fn0/lv0/v0 15:st0/hp21/mx21/df0/fn4909D0/lv2/v1 16:st0/hp28/mx28/df0/fn4909D0/lv3/v1 17:st0/hp22/mx22/df0/fn4909D0/lv2/v1 18:st0/hp0/mx0/df0/fn0/lv0/v0 19:st0/hp0/mx0/df0/fn0/lv0/v0 
autobattle PET turn=0 myNo=0 row=0 si=0 seed=-2 target=17 validEnemy=3 minLv=2 pcEnable=0 cmd=W|0|11
autobattle CHAR t=170574734 turn=1 cliT=1 myNo=0 afl=18000 cb=0 pb=0 subP=5 procN=10 actInf=0 menuF=0 tgtSel=0 resW=0 self=hp258/st0 pet=hp344/st0 validEnemy=2 fallback=15 delay=0 cmd=H|F heal[en=1 tf=3 c=95 p=95 a=95 mag=3 selfP=98/mx263 petP=99/mx345] | enemies=10:st0/hp0/mx0/df0/fn0/lv0/v0 11:st0/hp0/mx0/df0/fn0/lv0/v0 12:st0/hp0/mx0/df0/fn0/lv0/v0 13:st0/hp0/mx0/df0/fn0/lv0/v0 14:st0/hp0/mx0/df0/fn0/lv0/v0 15:st0/hp21/mx21/df0/fn4909D0/lv2/v1 16:st0/hp28/mx28/df0/fn4909D0/lv3/v1 17:st0/hp0/mx22/df0/fn0/lv2/v0 18:st0/hp0/mx0/df0/fn0/lv0/v0 19:st0/hp0/mx0/df0/fn0/lv0/v0 
autobattle PET turn=1 myNo=0 row=0 si=0 seed=-2 target=15 validEnemy=2 minLv=2 pcEnable=0 cmd=W|0|F
autobattle tick cnt=512 smto=1 res=0 battling=1 ctype=0 ptype=0
autobattle CHAR t=170575593 turn=2 cliT=2 myNo=0 afl=10000 cb=0 pb=0 subP=5 procN=10 actInf=0 menuF=0 tgtSel=0 resW=0 self=hp258/st0 pet=hp344/st0 validEnemy=1 fallback=16 delay=0 cmd=H|10 heal[en=1 tf=3 c=95 p=95 a=95 mag=3 selfP=98/mx263 petP=99/mx345] | enemies=10:st0/hp0/mx0/df0/fn0/lv0/v0 11:st0/hp0/mx0/df0/fn0/lv0/v0 12:st0/hp0/mx0/df0/fn0/lv0/v0 13:st0/hp0/mx0/df0/fn0/lv0/v0 14:st0/hp0/mx0/df0/fn0/lv0/v0 15:st0/hp0/mx21/df0/fn0/lv2/v0 16:st0/hp28/mx28/df0/fn4909D0/lv3/v1 17:st0/hp0/mx22/df0/fn0/lv2/v0 18:st0/hp0/mx0/df0/fn0/lv0/v0 19:st0/hp0/mx0/df0/fn0/lv0/v0 
autobattle PET turn=2 myNo=0 row=0 si=0 seed=-2 target=16 validEnemy=1 minLv=3 pcEnable=0 cmd=W|0|10
autobattle tick cnt=529 smto=1 res=0 battling=1 ctype=0 ptype=0
autobattle CHAR t=170576812 turn=0 cliT=0 myNo=0 afl=18000 cb=0 pb=0 subP=3 procN=10 actInf=0 menuF=0 tgtSel=0 resW=0 self=hp258/st0 pet=hp344/st0 validEnemy=2 fallback=15 delay=0 cmd=H|F heal[en=1 tf=3 c=95 p=95 a=95 mag=3 selfP=98/mx263 petP=99/mx345] | enemies=10:st0/hp0/mx0/df0/fn0/lv0/v0 11:st0/hp0/mx0/df0/fn0/lv0/v0 12:st0/hp0/mx0/df0/fn0/lv0/v0 13:st0/hp0/mx0/df0/fn0/lv0/v0 14:st0/hp0/mx0/df0/fn0/lv0/v0 15:st0/hp19/mx19/df0/fn4909D0/lv2/v1 16:st0/hp20/mx20/df0/fn4909D0/lv2/v1 17:st0/hp0/mx0/df0/fn0/lv0/v0 18:st0/hp0/mx0/df0/fn0/lv0/v0 19:st0/hp0/mx0/df0/fn0/lv0/v0 
autobattle PET turn=0 myNo=0 row=0 si=0 seed=-2 target=15 validEnemy=2 minLv=2 pcEnable=0 cmd=W|0|F
autobattle tick cnt=538 smto=1 res=0 battling=1 ctype=0 ptype=0
autobattle tick cnt=551 smto=1 res=0 battling=1 ctype=0 ptype=0
autobattle CHAR t=170578750 turn=0 cliT=0 myNo=0 afl=F8C00 cb=0 pb=0 subP=3 procN=10 actInf=0 menuF=0 tgtSel=0 resW=0 self=hp258/st0 pet=hp344/st0 validEnemy=7 fallback=19 delay=0 cmd=H|13 heal[en=1 tf=3 c=95 p=95 a=95 mag=3 selfP=98/mx263 petP=99/mx345] | enemies=10:st0/hp31/mx31/df0/fn4909D0/lv3/v1 11:st0/hp24/mx24/df0/fn4909D0/lv2/v1 12:st0/hp0/mx0/df0/fn0/lv0/v0 13:st0/hp0/mx0/df0/fn0/lv0/v0 14:st0/hp0/mx0/df0/fn0/lv0/v0 15:st0/hp30/mx30/df0/fn4909D0/lv3/v1 16:st0/hp30/mx30/df0/fn4909D0/lv3/v1 17:st0/hp26/mx26/df0/fn4909D0/lv2/v1 18:st0/hp28/mx28/df0/fn4909D0/lv3/v1 19:st0/hp26/mx26/df0/fn4909D0/lv3/v1 
autobattle PET turn=0 myNo=0 row=0 si=0 seed=-2 target=19 validEnemy=7 minLv=2 pcEnable=0 cmd=W|0|13
autobattle CHAR t=170579562 turn=1 cliT=1 myNo=0 afl=78C00 cb=0 pb=0 subP=5 procN=10 actInf=0 menuF=0 tgtSel=0 resW=0 self=hp258/st0 pet=hp344/st0 validEnemy=6 fallback=17 delay=0 cmd=H|11 heal[en=1 tf=3 c=95 p=95 a=95 mag=3 selfP=98/mx263 petP=99/mx345] | enemies=10:st0/hp31/mx31/df0/fn4909D0/lv3/v1 11:st0/hp24/mx24/df0/fn4909D0/lv2/v1 12:st0/hp0/mx0/df0/fn0/lv0/v0 13:st0/hp0/mx0/df0/fn0/lv0/v0 14:st0/hp0/mx0/df0/fn0/lv0/v0 15:st0/hp30/mx30/df0/fn4909D0/lv3/v1 16:st0/hp30/mx30/df0/fn4909D0/lv3/v1 17:st0/hp26/mx26/df0/fn4909D0/lv2/v1 18:st0/hp28/mx28/df0/fn4909D0/lv3/v1 19:st0/hp0/mx26/df0/fn0/lv3/v0 
autobattle PET turn=1 myNo=0 row=0 si=0 seed=-2 target=17 validEnemy=6 minLv=2 pcEnable=0 cmd=W|0|11
autobattle tick cnt=568 smto=1 res=0 battling=1 ctype=0 ptype=0
autobattle tick cnt=585 smto=1 res=0 battling=1 ctype=0 ptype=0
autobattle CHAR t=170580968 turn=2 cliT=2 myNo=0 afl=58C00 cb=0 pb=0 subP=5 procN=10 actInf=0 menuF=0 tgtSel=0 resW=0 self=hp255/st0 pet=hp344/st0 validEnemy=5 fallback=15 delay=0 cmd=H|F heal[en=1 tf=3 c=95 p=95 a=95 mag=3 selfP=96/mx263 petP=99/mx345] | enemies=10:st0/hp31/mx31/df0/fn4909D0/lv3/v1 11:st0/hp24/mx24/df0/fn4909D0/lv2/v1 12:st0/hp0/mx0/df0/fn0/lv0/v0 13:st0/hp0/mx0/df0/fn0/lv0/v0 14:st0/hp0/mx0/df0/fn0/lv0/v0 15:st0/hp30/mx30/df0/fn4909D0/lv3/v1 16:st0/hp30/mx30/df0/fn4909D0/lv3/v1 17:st0/hp0/mx26/df0/fn0/lv2/v0 18:st0/hp28/mx28/df0/fn4909D0/lv3/v1 19:st0/hp0/mx26/df0/fn0/lv3/v0 
autobattle PET turn=2 myNo=0 row=0 si=0 seed=-2 target=15 validEnemy=5 minLv=2 pcEnable=0 cmd=W|0|F
autobattle tick cnt=602 smto=1 res=0 battling=1 ctype=0 ptype=0
autobattle CHAR t=170582625 turn=3 cliT=3 myNo=0 afl=50800 cb=0 pb=0 subP=5 procN=10 actInf=0 menuF=0 tgtSel=0 resW=0 self=hp254/st0 pet=hp343/st0 validEnemy=3 fallback=16 delay=0 cmd=H|10 heal[en=1 tf=3 c=95 p=95 a=95 mag=3 selfP=96/mx263 petP=99/mx345] | enemies=10:st0/hp0/mx31/df0/fn0/lv3/v0 11:st0/hp24/mx24/df0/fn4909D0/lv2/v1 12:st0/hp0/mx0/df0/fn0/lv0/v0 13:st0/hp0/mx0/df0/fn0/lv0/v0 14:st0/hp0/mx0/df0/fn0/lv0/v0 15:st0/hp0/mx30/df0/fn0/lv3/v0 16:st0/hp30/mx30/df0/fn4909D0/lv3/v1 17:st0/hp0/mx26/df0/fn0/lv2/v0 18:st0/hp28/mx28/df0/fn4909D0/lv3/v1 19:st0/hp0/mx26/df0/fn0/lv3/v0 
autobattle PET turn=3 myNo=0 row=0 si=0 seed=-2 target=16 validEnemy=3 minLv=2 pcEnable=0 cmd=W|0|10
autobattle tick cnt=619 smto=1 res=0 battling=1 ctype=0 ptype=0
autobattle CHAR t=170583796 turn=4 cliT=4 myNo=0 afl=800 cb=0 pb=0 subP=5 procN=10 actInf=0 menuF=0 tgtSel=0 resW=0 self=hp254/st0 pet=hp342/st0 validEnemy=1 fallback=11 delay=0 cmd=H|B heal[en=1 tf=3 c=95 p=95 a=95 mag=3 selfP=96/mx263 petP=99/mx345] | enemies=10:st0/hp0/mx31/df0/fn0/lv3/v0 11:st0/hp24/mx24/df0/fn4909D0/lv2/v1 12:st0/hp0/mx0/df0/fn0/lv0/v0 13:st0/hp0/mx0/df0/fn0/lv0/v0 14:st0/hp0/mx0/df0/fn0/lv0/v0 15:st0/hp0/mx30/df0/fn0/lv3/v0 16:st0/hp0/mx30/df0/fn0/lv3/v0 17:st0/hp0/mx26/df0/fn0/lv2/v0 18:st0/hp0/mx28/df0/fn0/lv3/v0 19:st0/hp0/mx26/df0/fn0/lv3/v0 
autobattle PET turn=4 myNo=0 row=0 si=0 seed=-2 target=11 validEnemy=1 minLv=2 pcEnable=0 cmd=W|0|B
autobattle tick cnt=636 smto=1 res=0 battling=1 ctype=0 ptype=0
autobattle tick cnt=648 smto=1 res=0 battling=1 ctype=0 ptype=0
autobattle CHAR t=170585593 turn=0 cliT=0 myNo=0 afl=F8400 cb=0 pb=0 subP=3 procN=10 actInf=0 menuF=0 tgtSel=0 resW=0 self=hp254/st0 pet=hp342/st0 validEnemy=6 fallback=19 delay=0 cmd=H|13 heal[en=1 tf=3 c=95 p=95 a=95 mag=3 selfP=96/mx263 petP=99/mx345] | enemies=10:st0/hp24/mx24/df0/fn4909D0/lv2/v1 11:st0/hp0/mx0/df0/fn0/lv0/v0 12:st0/hp0/mx0/df0/fn0/lv0/v0 13:st0/hp0/mx0/df0/fn0/lv0/v0 14:st0/hp0/mx0/df0/fn0/lv0/v0 15:st0/hp24/mx24/df0/fn4909D0/lv2/v1 16:st0/hp25/mx25/df0/fn4909D0/lv2/v1 17:st0/hp28/mx28/df0/fn4909D0/lv3/v1 18:st0/hp32/mx32/df0/fn4909D0/lv3/v1 19:st0/hp26/mx26/df0/fn4909D0/lv2/v1 
autobattle PET turn=0 myNo=0 row=0 si=0 seed=-2 target=19 validEnemy=6 minLv=2 pcEnable=0 cmd=W|0|13
autobattle tick cnt=665 smto=1 res=0 battling=1 ctype=0 ptype=0
autobattle CHAR t=170586953 turn=1 cliT=1 myNo=0 afl=78400 cb=0 pb=0 subP=5 procN=10 actInf=0 menuF=0 tgtSel=0 resW=0 self=hp254/st0 pet=hp338/st0 validEnemy=5 fallback=17 delay=0 cmd=H|11 heal[en=1 tf=3 c=95 p=95 a=95 mag=3 selfP=96/mx263 petP=97/mx345] | enemies=10:st0/hp24/mx24/df0/fn4909D0/lv2/v1 11:st0/hp0/mx0/df0/fn0/lv0/v0 12:st0/hp0/mx0/df0/fn0/lv0/v0 13:st0/hp0/mx0/df0/fn0/lv0/v0 14:st0/hp0/mx0/df0/fn0/lv0/v0 15:st0/hp24/mx24/df0/fn4909D0/lv2/v1 16:st0/hp25/mx25/df0/fn4909D0/lv2/v1 17:st0/hp28/mx28/df0/fn4909D0/lv3/v1 18:st0/hp32/mx32/df0/fn4909D0/lv3/v1 19:st0/hp0/mx26/df0/fn0/lv2/v0 
autobattle PET turn=1 myNo=0 row=0 si=0 seed=-2 target=17 validEnemy=5 minLv=2 pcEnable=0 cmd=W|0|11
autobattle tick cnt=682 smto=1 res=0 battling=1 ctype=0 ptype=0
autobattle CHAR t=170588296 turn=2 cliT=2 myNo=0 afl=58400 cb=0 pb=0 subP=5 procN=10 actInf=0 menuF=0 tgtSel=0 resW=0 self=hp253/st0 pet=hp336/st0 validEnemy=4 fallback=15 delay=0 cmd=H|F heal[en=1 tf=3 c=95 p=95 a=95 mag=3 selfP=96/mx263 petP=97/mx345] | enemies=10:st0/hp24/mx24/df0/fn4909D0/lv2/v1 11:st0/hp0/mx0/df0/fn0/lv0/v0 12:st0/hp0/mx0/df0/fn0/lv0/v0 13:st0/hp0/mx0/df0/fn0/lv0/v0 14:st0/hp0/mx0/df0/fn0/lv0/v0 15:st0/hp24/mx24/df0/fn4909D0/lv2/v1 16:st0/hp25/mx25/df0/fn4909D0/lv2/v1 17:st0/hp0/mx28/df0/fn0/lv3/v0 18:st0/hp32/mx32/df0/fn4909D0/lv3/v1 19:st0/hp0/mx26/df0/fn0/lv2/v0 
autobattle PET turn=2 myNo=0 row=0 si=0 seed=-2 target=15 validEnemy=4 minLv=2 pcEnable=0 cmd=W|0|F
autobattle tick cnt=699 smto=1 res=0 battling=1 ctype=0 ptype=0
autobattle CHAR t=170589656 turn=3 cliT=3 myNo=0 afl=50400 cb=0 pb=0 subP=5 procN=10 actInf=0 menuF=0 tgtSel=0 resW=0 self=hp253/st0 pet=hp336/st0 validEnemy=3 fallback=16 delay=0 cmd=H|10 heal[en=1 tf=3 c=95 p=95 a=95 mag=3 selfP=96/mx263 petP=97/mx345] | enemies=10:st0/hp24/mx24/df0/fn4909D0/lv2/v1 11:st0/hp0/mx0/df0/fn0/lv0/v0 12:st0/hp0/mx0/df0/fn0/lv0/v0 13:st0/hp0/mx0/df0/fn0/lv0/v0 14:st0/hp0/mx0/df0/fn0/lv0/v0 15:st0/hp0/mx24/df0/fn0/lv2/v0 16:st0/hp25/mx25/df0/fn4909D0/lv2/v1 17:st0/hp0/mx28/df0/fn0/lv3/v0 18:st0/hp32/mx32/df0/fn4909D0/lv3/v1 19:st0/hp0/mx26/df0/fn0/lv2/v0 
autobattle tick cnt=716 smto=1 res=0 battling=1 ctype=0 ptype=0
autobattle PET turn=3 myNo=0 row=0 si=0 seed=-2 target=16 validEnemy=3 minLv=2 pcEnable=0 cmd=W|0|10
autobattle CHAR t=170590718 turn=4 cliT=4 myNo=0 afl=40400 cb=0 pb=0 subP=5 procN=10 actInf=0 menuF=0 tgtSel=0 resW=0 self=hp253/st0 pet=hp336/st0 validEnemy=2 fallback=18 delay=0 cmd=H|12 heal[en=1 tf=3 c=95 p=95 a=95 mag=3 selfP=96/mx263 petP=97/mx345] | enemies=10:st0/hp24/mx24/df0/fn4909D0/lv2/v1 11:st0/hp0/mx0/df0/fn0/lv0/v0 12:st0/hp0/mx0/df0/fn0/lv0/v0 13:st0/hp0/mx0/df0/fn0/lv0/v0 14:st0/hp0/mx0/df0/fn0/lv0/v0 15:st0/hp0/mx24/df0/fn0/lv2/v0 16:st0/hp0/mx25/df0/fn0/lv2/v0 17:st0/hp0/mx28/df0/fn0/lv3/v0 18:st0/hp32/mx32/df0/fn4909D0/lv3/v1 19:st0/hp0/mx26/df0/fn0/lv2/v0 
autobattle tick cnt=733 smto=1 res=0 battling=1 ctype=0 ptype=0
autobattle PET turn=4 myNo=0 row=0 si=0 seed=-2 target=18 validEnemy=2 minLv=2 pcEnable=0 cmd=W|0|12
autobattle tick cnt=750 smto=1 res=0 battling=1 ctype=0 ptype=0
autobattle CHAR t=170593171 turn=0 cliT=0 myNo=0 afl=F8C00 cb=0 pb=0 subP=3 procN=10 actInf=0 menuF=0 tgtSel=0 resW=0 self=hp253/st0 pet=hp336/st0 validEnemy=7 fallback=19 delay=0 cmd=H|13 heal[en=1 tf=3 c=95 p=95 a=95 mag=3 selfP=96/mx263 petP=97/mx345] | enemies=10:st0/hp25/mx25/df0/fn4909D0/lv3/v1 11:st0/hp20/mx20/df0/fn4909D0/lv2/v1 12:st0/hp0/mx0/df0/fn0/lv0/v0 13:st0/hp0/mx0/df0/fn0/lv0/v0 14:st0/hp0/mx0/df0/fn0/lv0/v0 15:st0/hp26/mx26/df0/fn4909D0/lv3/v1 16:st0/hp21/mx21/df0/fn4909D0/lv2/v1 17:st0/hp20/mx20/df0/fn4909D0/lv2/v1 18:st0/hp19/mx19/df0/fn4909D0/lv2/v1 19:st0/hp24/mx24/df0/fn4909D0/lv3/v1 
autobattle PET turn=0 myNo=0 row=0 si=0 seed=-2 target=19 validEnemy=7 minLv=2 pcEnable=0 cmd=W|0|13
autobattle tick cnt=767 smto=1 res=0 battling=1 ctype=0 ptype=0
autobattle tick cnt=784 smto=1 res=0 battling=1 ctype=0 ptype=0
autobattle CHAR t=170595765 turn=1 cliT=1 myNo=0 afl=70000 cb=0 pb=0 subP=5 procN=10 actInf=0 menuF=0 tgtSel=0 resW=0 self=hp251/st0 pet=hp336/st0 validEnemy=3 fallback=17 delay=0 cmd=H|11 heal[en=1 tf=3 c=95 p=95 a=95 mag=3 selfP=95/mx263 petP=97/mx345] | enemies=10:st0/hp0/mx25/df0/fn0/lv3/v0 11:st0/hp0/mx20/df0/fn0/lv2/v0 12:st0/hp0/mx0/df0/fn0/lv0/v0 13:st0/hp0/mx0/df0/fn0/lv0/v0 14:st0/hp0/mx0/df0/fn0/lv0/v0 15:st0/hp0/mx26/df0/fn0/lv3/v0 16:st0/hp21/mx21/df0/fn4909D0/lv2/v1 17:st0/hp20/mx20/df0/fn4909D0/lv2/v1 18:st0/hp19/mx19/df0/fn4909D0/lv2/v1 19:st0/hp0/mx24/df0/fn0/lv3/v0 
autobattle PET turn=1 myNo=0 row=0 si=0 seed=-2 target=17 validEnemy=3 minLv=2 pcEnable=0 cmd=W|0|11
autobattle tick cnt=801 smto=1 res=0 battling=1 ctype=0 ptype=0
autobattle CHAR t=170596828 turn=2 cliT=2 myNo=0 afl=50000 cb=0 pb=0 subP=5 procN=10 actInf=0 menuF=0 tgtSel=0 resW=0 self=hp251/st0 pet=hp336/st0 validEnemy=2 fallback=16 delay=0 cmd=H|10 heal[en=1 tf=3 c=95 p=95 a=95 mag=3 selfP=95/mx263 petP=97/mx345] | enemies=10:st0/hp0/mx25/df0/fn0/lv3/v0 11:st0/hp0/mx20/df0/fn0/lv2/v0 12:st0/hp0/mx0/df0/fn0/lv0/v0 13:st0/hp0/mx0/df0/fn0/lv0/v0 14:st0/hp0/mx0/df0/fn0/lv0/v0 15:st0/hp0/mx26/df0/fn0/lv3/v0 16:st0/hp21/mx21/df0/fn4909D0/lv2/v1 17:st0/hp0/mx20/df0/fn0/lv2/v0 18:st0/hp19/mx19/df0/fn4909D0/lv2/v1 19:st0/hp0/mx24/df0/fn0/lv3/v0 
autobattle PET turn=2 myNo=0 row=0 si=0 seed=-2 target=16 validEnemy=2 minLv=2 pcEnable=0 cmd=W|0|10
autobattle tick cnt=817 smto=1 res=0 battling=1 ctype=0 ptype=0
autobattle tick cnt=827 smto=1 res=0 battling=1 ctype=0 ptype=0
autobattle CHAR t=170598671 turn=0 cliT=0 myNo=0 afl=F9C00 cb=0 pb=0 subP=3 procN=10 actInf=0 menuF=0 tgtSel=0 resW=0 self=hp251/st0 pet=hp336/st0 validEnemy=8 fallback=19 delay=0 cmd=H|13 heal[en=1 tf=3 c=95 p=95 a=95 mag=3 selfP=95/mx263 petP=97/mx345] | enemies=10:st0/hp29/mx29/df0/fn4909D0/lv3/v1 11:st0/hp31/mx31/df0/fn4909D0/lv3/v1 12:st0/hp31/mx31/df0/fn4909D0/lv3/v1 13:st0/hp0/mx0/df0/fn0/lv0/v0 14:st0/hp0/mx0/df0/fn0/lv0/v0 15:st0/hp26/mx26/df0/fn4909D0/lv2/v1 16:st0/hp27/mx27/df0/fn4909D0/lv3/v1 17:st0/hp23/mx23/df0/fn4909D0/lv2/v1 18:st0/hp29/mx29/df0/fn4909D0/lv3/v1 19:st0/hp23/mx23/df0/fn4909D0/lv2/v1 
autobattle PET turn=0 myNo=0 row=0 si=0 seed=-2 target=19 validEnemy=8 minLv=2 pcEnable=0 cmd=W|0|13
autobattle tick cnt=844 smto=1 res=0 battling=1 ctype=0 ptype=0
autobattle tick cnt=861 smto=1 res=0 battling=1 ctype=0 ptype=0
autobattle CHAR t=170600968 turn=1 cliT=1 myNo=0 afl=78C00 cb=0 pb=0 subP=5 procN=10 actInf=0 menuF=0 tgtSel=0 resW=0 self=hp250/st0 pet=hp336/st0 validEnemy=6 fallback=17 delay=0 cmd=H|11 heal[en=1 tf=3 c=95 p=95 a=95 mag=3 selfP=95/mx263 petP=97/mx345] | enemies=10:st0/hp29/mx29/df0/fn4909D0/lv3/v1 11:st0/hp31/mx31/df0/fn4909D0/lv3/v1 12:st0/hp0/mx31/df0/fn0/lv3/v0 13:st0/hp0/mx0/df0/fn0/lv0/v0 14:st0/hp0/mx0/df0/fn0/lv0/v0 15:st0/hp26/mx26/df0/fn4909D0/lv2/v1 16:st0/hp27/mx27/df0/fn4909D0/lv3/v1 17:st0/hp23/mx23/df0/fn4909D0/lv2/v1 18:st0/hp29/mx29/df0/fn4909D0/lv3/v1 19:st0/hp0/mx23/df0/fn0/lv2/v0 
autobattle PET turn=1 myNo=0 row=0 si=0 seed=-2 target=17 validEnemy=6 minLv=2 pcEnable=0 cmd=W|0|11
autobattle tick cnt=877 smto=1 res=0 battling=1 ctype=0 ptype=0
autobattle CHAR t=170602703 turn=2 cliT=2 myNo=0 afl=58C00 cb=0 pb=0 subP=5 procN=10 actInf=0 menuF=0 tgtSel=0 resW=0 self=hp249/st0 pet=hp334/st0 validEnemy=5 fallback=15 delay=0 cmd=J|0|14 heal[en=1 tf=3 c=95 p=95 a=95 mag=3 selfP=94/mx263 petP=96/mx345] | enemies=10:st0/hp29/mx29/df0/fn4909D0/lv3/v1 11:st0/hp31/mx31/df0/fn4909D0/lv3/v1 12:st0/hp0/mx31/df0/fn0/lv3/v0 13:st0/hp0/mx0/df0/fn0/lv0/v0 14:st0/hp0/mx0/df0/fn0/lv0/v0 15:st0/hp26/mx26/df0/fn4909D0/lv2/v1 16:st0/hp27/mx27/df0/fn4909D0/lv3/v1 17:st0/hp0/mx23/df0/fn0/lv2/v0 18:st0/hp29/mx29/df0/fn4909D0/lv3/v1 19:st0/hp0/mx23/df0/fn0/lv2/v0 
autobattle tick cnt=894 smto=1 res=0 battling=1 ctype=0 ptype=0
autobattle PET turn=2 myNo=0 row=0 si=0 seed=-2 target=15 validEnemy=5 minLv=2 pcEnable=0 cmd=W|0|F
autobattle tick cnt=911 smto=1 res=0 battling=1 ctype=0 ptype=0
autobattle CHAR t=170604484 turn=3 cliT=3 myNo=0 afl=50C00 cb=0 pb=0 subP=5 procN=10 actInf=0 menuF=0 tgtSel=0 resW=0 self=hp262/st0 pet=hp345/st0 validEnemy=4 fallback=16 delay=0 cmd=H|10 heal[en=1 tf=3 c=95 p=95 a=95 mag=3 selfP=99/mx263 petP=100/mx345] | enemies=10:st0/hp29/mx29/df0/fn4909D0/lv3/v1 11:st0/hp31/mx31/df0/fn4909D0/lv3/v1 12:st0/hp0/mx31/df0/fn0/lv3/v0 13:st0/hp0/mx0/df0/fn0/lv0/v0 14:st0/hp0/mx0/df0/fn0/lv0/v0 15:st0/hp0/mx26/df0/fn0/lv2/v0 16:st0/hp27/mx27/df0/fn4909D0/lv3/v1 17:st0/hp0/mx23/df0/fn0/lv2/v0 18:st0/hp29/mx29/df0/fn4909D0/lv3/v1 19:st0/hp0/mx23/df0/fn0/lv2/v0 
autobattle PET turn=3 myNo=0 row=0 si=0 seed=-2 target=16 validEnemy=4 minLv=3 pcEnable=0 cmd=W|0|10
autobattle tick cnt=928 smto=1 res=0 battling=1 ctype=0 ptype=0
autobattle CHAR t=170605703 turn=4 cliT=4 myNo=0 afl=40400 cb=0 pb=0 subP=5 procN=10 actInf=0 menuF=0 tgtSel=0 resW=0 self=hp262/st0 pet=hp343/st0 validEnemy=2 fallback=18 delay=0 cmd=H|12 heal[en=1 tf=3 c=95 p=95 a=95 mag=3 selfP=99/mx263 petP=99/mx345] | enemies=10:st0/hp29/mx29/df0/fn4909D0/lv3/v1 11:st0/hp0/mx31/df0/fn0/lv3/v0 12:st0/hp0/mx31/df0/fn0/lv3/v0 13:st0/hp0/mx0/df0/fn0/lv0/v0 14:st0/hp0/mx0/df0/fn0/lv0/v0 15:st0/hp0/mx26/df0/fn0/lv2/v0 16:st0/hp0/mx27/df0/fn0/lv3/v0 17:st0/hp0/mx23/df0/fn0/lv2/v0 18:st0/hp29/mx29/df0/fn4909D0/lv3/v1 19:st0/hp0/mx23/df0/fn0/lv2/v0 
autobattle PET turn=4 myNo=0 row=0 si=0 seed=-2 target=18 validEnemy=2 minLv=3 pcEnable=0 cmd=W|0|12
autobattle tick cnt=945 smto=1 res=0 battling=1 ctype=0 ptype=0
autobattle CHAR t=170606625 turn=5 cliT=5 myNo=0 afl=400 cb=0 pb=0 subP=5 procN=10 actInf=0 menuF=0 tgtSel=0 resW=0 self=hp261/st0 pet=hp343/st0 validEnemy=1 fallback=10 delay=0 cmd=H|A heal[en=1 tf=3 c=95 p=95 a=95 mag=3 selfP=99/mx263 petP=99/mx345] | enemies=10:st0/hp29/mx29/df0/fn4909D0/lv3/v1 11:st0/hp0/mx31/df0/fn0/lv3/v0 12:st0/hp0/mx31/df0/fn0/lv3/v0 13:st0/hp0/mx0/df0/fn0/lv0/v0 14:st0/hp0/mx0/df0/fn0/lv0/v0 15:st0/hp0/mx26/df0/fn0/lv2/v0 16:st0/hp0/mx27/df0/fn0/lv3/v0 17:st0/hp0/mx23/df0/fn0/lv2/v0 18:st0/hp0/mx29/df0/fn0/lv3/v0 19:st0/hp0/mx23/df0/fn0/lv2/v0 
autobattle PET turn=5 myNo=0 row=0 si=0 seed=-2 target=10 validEnemy=1 minLv=3 pcEnable=0 cmd=W|0|A
autobattle tick cnt=961 smto=1 res=0 battling=1 ctype=0 ptype=0
autobattle tick cnt=970 smto=1 res=0 battling=1 ctype=0 ptype=0
autobattle CHAR t=170614687 turn=0 cliT=0 myNo=0 afl=8000 cb=0 pb=0 subP=3 procN=10 actInf=0 menuF=0 tgtSel=0 resW=0 self=hp261/st0 pet=hp343/st0 validEnemy=1 fallback=15 delay=0 cmd=H|F heal[en=1 tf=3 c=95 p=95 a=95 mag=3 selfP=99/mx263 petP=99/mx345] | enemies=10:st0/hp0/mx0/df0/fn0/lv0/v0 11:st0/hp0/mx0/df0/fn0/lv0/v0 12:st0/hp0/mx0/df0/fn0/lv0/v0 13:st0/hp0/mx0/df0/fn0/lv0/v0 14:st0/hp0/mx0/df0/fn0/lv0/v0 15:st0/hp28/mx28/df0/fn4909D0/lv3/v1 16:st0/hp0/mx0/df0/fn0/lv0/v0 17:st0/hp0/mx0/df0/fn0/lv0/v0 18:st0/hp0/mx0/df0/fn0/lv0/v0 19:st0/hp0/mx0/df0/fn0/lv0/v0 
autobattle PET turn=0 myNo=0 row=0 si=0 seed=-2 target=15 validEnemy=1 minLv=3 pcEnable=0 cmd=W|0|F
autobattle tick cnt=983 smto=1 res=0 battling=1 ctype=0 ptype=0
autobattle CHAR t=170616468 turn=0 cliT=0 myNo=0 afl=8000 cb=0 pb=0 subP=3 procN=10 actInf=0 menuF=0 tgtSel=0 resW=0 self=hp261/st0 pet=hp343/st0 validEnemy=1 fallback=15 delay=0 cmd=H|F heal[en=1 tf=3 c=95 p=95 a=95 mag=3 selfP=99/mx263 petP=99/mx345] | enemies=10:st0/hp0/mx0/df0/fn0/lv0/v0 11:st0/hp0/mx0/df0/fn0/lv0/v0 12:st0/hp0/mx0/df0/fn0/lv0/v0 13:st0/hp0/mx0/df0/fn0/lv0/v0 14:st0/hp0/mx0/df0/fn0/lv0/v0 15:st0/hp20/mx20/df0/fn4909D0/lv2/v1 16:st0/hp0/mx0/df0/fn0/lv0/v0 17:st0/hp0/mx0/df0/fn0/lv0/v0 18:st0/hp0/mx0/df0/fn0/lv0/v0 19:st0/hp0/mx0/df0/fn0/lv0/v0 
autobattle PET turn=0 myNo=0 row=0 si=0 seed=-2 target=15 validEnemy=1 minLv=2 pcEnable=0 cmd=W|0|F
autobattle tick cnt=997 smto=1 res=0 battling=1 ctype=0 ptype=0
autobattle CHAR t=170625828 turn=0 cliT=0 myNo=0 afl=8000 cb=0 pb=0 subP=3 procN=10 actInf=0 menuF=0 tgtSel=0 resW=0 self=hp261/st0 pet=hp343/st0 validEnemy=1 fallback=15 delay=0 cmd=H|F heal[en=1 tf=3 c=95 p=95 a=95 mag=3 selfP=99/mx263 petP=99/mx345] | enemies=10:st0/hp0/mx0/df0/fn0/lv0/v0 11:st0/hp0/mx0/df0/fn0/lv0/v0 12:st0/hp0/mx0/df0/fn0/lv0/v0 13:st0/hp0/mx0/df0/fn0/lv0/v0 14:st0/hp0/mx0/df0/fn0/lv0/v0 15:st0/hp35/mx35/df0/fn4909D0/lv3/v1 16:st0/hp0/mx0/df0/fn0/lv0/v0 17:st0/hp0/mx0/df0/fn0/lv0/v0 18:st0/hp0/mx0/df0/fn0/lv0/v0 19:st0/hp0/mx0/df0/fn0/lv0/v0 
autobattle PET turn=0 myNo=0 row=0 si=0 seed=-2 target=15 validEnemy=1 minLv=3 pcEnable=0 cmd=W|0|F
autobattle tick cnt=1010 smto=1 res=0 battling=1 ctype=0 ptype=0
autobattle CHAR t=170627171 turn=0 cliT=0 myNo=0 afl=8000 cb=0 pb=0 subP=3 procN=10 actInf=0 menuF=0 tgtSel=0 resW=0 self=hp261/st0 pet=hp343/st0 validEnemy=1 fallback=15 delay=0 cmd=H|F heal[en=1 tf=3 c=95 p=95 a=95 mag=3 selfP=99/mx263 petP=99/mx345] | enemies=10:st0/hp0/mx0/df0/fn0/lv0/v0 11:st0/hp0/mx0/df0/fn0/lv0/v0 12:st0/hp0/mx0/df0/fn0/lv0/v0 13:st0/hp0/mx0/df0/fn0/lv0/v0 14:st0/hp0/mx0/df0/fn0/lv0/v0 15:st0/hp28/mx28/df0/fn4909D0/lv3/v1 16:st0/hp0/mx0/df0/fn0/lv0/v0 17:st0/hp0/mx0/df0/fn0/lv0/v0 18:st0/hp0/mx0/df0/fn0/lv0/v0 19:st0/hp0/mx0/df0/fn0/lv0/v0 
autobattle PET turn=0 myNo=0 row=0 si=0 seed=-2 target=15 validEnemy=1 minLv=3 pcEnable=0 cmd=W|0|F
autobattle tick cnt=1023 smto=1 res=0 battling=1 ctype=0 ptype=0
autobattle CHAR t=170630578 turn=0 cliT=0 myNo=0 afl=F9C00 cb=0 pb=0 subP=3 procN=10 actInf=0 menuF=0 tgtSel=0 resW=0 self=hp261/st0 pet=hp343/st0 validEnemy=8 fallback=19 delay=0 cmd=H|13 heal[en=1 tf=3 c=95 p=95 a=95 mag=3 selfP=99/mx263 petP=99/mx345] | enemies=10:st0/hp28/mx28/df0/fn4909D0/lv2/v1 11:st0/hp28/mx28/df0/fn4909D0/lv2/v1 12:st0/hp31/mx31/df0/fn4909D0/lv2/v1 13:st0/hp0/mx0/df0/fn0/lv0/v0 14:st0/hp0/mx0/df0/fn0/lv0/v0 15:st0/hp37/mx37/df0/fn4909D0/lv3/v1 16:st0/hp29/mx29/df0/fn4909D0/lv2/v1 17:st0/hp38/mx38/df0/fn4909D0/lv3/v1 18:st0/hp33/mx33/df0/fn4909D0/lv3/v1 19:st0/hp36/mx36/df0/fn4909D0/lv3/v1 
autobattle PET turn=0 myNo=0 row=0 si=0 seed=-2 target=19 validEnemy=8 minLv=2 pcEnable=0 cmd=W|0|13
autobattle tick cnt=1040 smto=1 res=0 battling=1 ctype=0 ptype=0
autobattle tick cnt=1057 smto=1 res=0 battling=1 ctype=0 ptype=0
autobattle CHAR t=170633406 turn=1 cliT=1 myNo=0 afl=58C00 cb=0 pb=0 subP=5 procN=10 actInf=0 menuF=0 tgtSel=0 resW=0 self=hp260/st0 pet=hp341/st0 validEnemy=5 fallback=15 delay=0 cmd=H|F heal[en=1 tf=3 c=95 p=95 a=95 mag=3 selfP=98/mx263 petP=98/mx345] | enemies=10:st0/hp28/mx28/df0/fn4909D0/lv2/v1 11:st0/hp28/mx28/df0/fn4909D0/lv2/v1 12:st0/hp0/mx31/df0/fn0/lv2/v0 13:st0/hp0/mx0/df0/fn0/lv0/v0 14:st0/hp0/mx0/df0/fn0/lv0/v0 15:st0/hp37/mx37/df0/fn4909D0/lv3/v1 16:st0/hp29/mx29/df0/fn4909D0/lv2/v1 17:st0/hp0/mx38/df0/fn0/lv3/v0 18:st0/hp33/mx33/df0/fn4909D0/lv3/v1 19:st0/hp0/mx36/df0/fn0/lv3/v0 
autobattle PET turn=1 myNo=0 row=0 si=0 seed=-2 target=15 validEnemy=5 minLv=2 pcEnable=0 cmd=W|0|F
autobattle tick cnt=1074 smto=1 res=0 battling=1 ctype=0 ptype=0
autobattle tick cnt=1091 smto=1 res=0 battling=1 ctype=0 ptype=0
autobattle CHAR t=170635078 turn=2 cliT=2 myNo=0 afl=50C00 cb=0 pb=0 subP=5 procN=10 actInf=0 menuF=0 tgtSel=0 resW=0 self=hp260/st0 pet=hp338/st0 validEnemy=4 fallback=16 delay=0 cmd=H|10 heal[en=1 tf=3 c=95 p=95 a=95 mag=3 selfP=98/mx263 petP=97/mx345] | enemies=10:st0/hp28/mx28/df0/fn4909D0/lv2/v1 11:st0/hp28/mx28/df0/fn4909D0/lv2/v1 12:st0/hp0/mx31/df0/fn0/lv2/v0 13:st0/hp0/mx0/df0/fn0/lv0/v0 14:st0/hp0/mx0/df0/fn0/lv0/v0 15:st0/hp0/mx37/df0/fn0/lv3/v0 16:st0/hp29/mx29/df0/fn4909D0/lv2/v1 17:st0/hp0/mx38/df0/fn0/lv3/v0 18:st0/hp33/mx33/df0/fn4909D0/lv3/v1 19:st0/hp0/mx36/df0/fn0/lv3/v0 
autobattle PET turn=2 myNo=0 row=0 si=0 seed=-2 target=16 validEnemy=4 minLv=2 pcEnable=0 cmd=W|0|10
autobattle tick cnt=1107 smto=1 res=0 battling=1 ctype=0 ptype=0
autobattle CHAR t=170636546 turn=3 cliT=3 myNo=0 afl=40800 cb=0 pb=0 subP=5 procN=10 actInf=0 menuF=0 tgtSel=0 resW=0 self=hp260/st0 pet=hp338/st0 validEnemy=2 fallback=18 delay=0 cmd=H|12 heal[en=1 tf=3 c=95 p=95 a=95 mag=3 selfP=98/mx263 petP=97/mx345] | enemies=10:st0/hp0/mx28/df0/fn0/lv2/v0 11:st0/hp28/mx28/df0/fn4909D0/lv2/v1 12:st0/hp0/mx31/df0/fn0/lv2/v0 13:st0/hp0/mx0/df0/fn0/lv0/v0 14:st0/hp0/mx0/df0/fn0/lv0/v0 15:st0/hp0/mx37/df0/fn0/lv3/v0 16:st0/hp0/mx29/df0/fn0/lv2/v0 17:st0/hp0/mx38/df0/fn0/lv3/v0 18:st0/hp33/mx33/df0/fn4909D0/lv3/v1 19:st0/hp0/mx36/df0/fn0/lv3/v0 
autobattle PET turn=3 myNo=0 row=0 si=0 seed=-2 target=18 validEnemy=2 minLv=2 pcEnable=0 cmd=W|0|12
autobattle tick cnt=1124 smto=1 res=0 battling=1 ctype=0 ptype=0
autobattle tick cnt=1140 smto=1 res=0 battling=1 ctype=0 ptype=0
autobattle CHAR t=170638031 turn=0 cliT=0 myNo=0 afl=78000 cb=0 pb=0 subP=3 procN=10 actInf=0 menuF=0 tgtSel=0 resW=0 self=hp260/st0 pet=hp338/st0 validEnemy=4 fallback=17 delay=0 cmd=H|11 heal[en=1 tf=3 c=95 p=95 a=95 mag=3 selfP=98/mx263 petP=97/mx345] | enemies=10:st0/hp0/mx0/df0/fn0/lv0/v0 11:st0/hp0/mx0/df0/fn0/lv0/v0 12:st0/hp0/mx0/df0/fn0/lv0/v0 13:st0/hp0/mx0/df0/fn0/lv0/v0 14:st0/hp0/mx0/df0/fn0/lv0/v0 15:st0/hp25/mx25/df0/fn4909D0/lv3/v1 16:st0/hp22/mx22/df0/fn4909D0/lv2/v1 17:st0/hp27/mx27/df0/fn4909D0/lv3/v1 18:st0/hp20/mx20/df0/fn4909D0/lv2/v1 19:st0/hp0/mx0/df0/fn0/lv0/v0 
autobattle PET turn=0 myNo=0 row=0 si=0 seed=-2 target=17 validEnemy=4 minLv=2 pcEnable=0 cmd=W|0|11
autobattle tick cnt=1157 smto=1 res=0 battling=1 ctype=0 ptype=0
autobattle CHAR t=170639765 turn=1 cliT=1 myNo=0 afl=18000 cb=0 pb=0 subP=5 procN=10 actInf=0 menuF=0 tgtSel=0 resW=0 self=hp260/st0 pet=hp338/st0 validEnemy=2 fallback=15 delay=0 cmd=H|F heal[en=1 tf=3 c=95 p=95 a=95 mag=3 selfP=98/mx263 petP=97/mx345] | enemies=10:st0/hp0/mx0/df0/fn0/lv0/v0 11:st0/hp0/mx0/df0/fn0/lv0/v0 12:st0/hp0/mx0/df0/fn0/lv0/v0 13:st0/hp0/mx0/df0/fn0/lv0/v0 14:st0/hp0/mx0/df0/fn0/lv0/v0 15:st0/hp25/mx25/df0/fn4909D0/lv3/v1 16:st0/hp22/mx22/df0/fn4909D0/lv2/v1 17:st0/hp0/mx27/df0/fn0/lv3/v0 18:st0/hp0/mx20/df0/fn0/lv2/v0 19:st0/hp0/mx0/df0/fn0/lv0/v0 
autobattle PET turn=1 myNo=0 row=0 si=0 seed=-2 target=15 validEnemy=2 minLv=2 pcEnable=0 cmd=W|0|F
autobattle tick cnt=1174 smto=1 res=0 battling=1 ctype=0 ptype=0
autobattle CHAR t=170640687 turn=2 cliT=2 myNo=0 afl=10000 cb=0 pb=0 subP=5 procN=10 actInf=0 menuF=0 tgtSel=0 resW=0 self=hp260/st0 pet=hp338/st0 validEnemy=1 fallback=16 delay=0 cmd=H|10 heal[en=1 tf=3 c=95 p=95 a=95 mag=3 selfP=98/mx263 petP=97/mx345] | enemies=10:st0/hp0/mx0/df0/fn0/lv0/v0 11:st0/hp0/mx0/df0/fn0/lv0/v0 12:st0/hp0/mx0/df0/fn0/lv0/v0 13:st0/hp0/mx0/df0/fn0/lv0/v0 14:st0/hp0/mx0/df0/fn0/lv0/v0 15:st0/hp0/mx25/df0/fn0/lv3/v0 16:st0/hp22/mx22/df0/fn4909D0/lv2/v1 17:st0/hp0/mx27/df0/fn0/lv3/v0 18:st0/hp0/mx20/df0/fn0/lv2/v0 19:st0/hp0/mx0/df0/fn0/lv0/v0 
autobattle PET turn=2 myNo=0 row=0 si=0 seed=-2 target=16 validEnemy=1 minLv=2 pcEnable=0 cmd=W|0|10
autobattle tick cnt=1191 smto=1 res=0 battling=1 ctype=0 ptype=0
autobattle CHAR t=170642046 turn=0 cliT=0 myNo=0 afl=F8000 cb=0 pb=0 subP=3 procN=10 actInf=0 menuF=0 tgtSel=0 resW=0 self=hp260/st0 pet=hp338/st0 validEnemy=5 fallback=19 delay=0 cmd=H|13 heal[en=1 tf=3 c=95 p=95 a=95 mag=3 selfP=98/mx263 petP=97/mx345] | enemies=10:st0/hp0/mx0/df0/fn0/lv0/v0 11:st0/hp0/mx0/df0/fn0/lv0/v0 12:st0/hp0/mx0/df0/fn0/lv0/v0 13:st0/hp0/mx0/df0/fn0/lv0/v0 14:st0/hp0/mx0/df0/fn0/lv0/v0 15:st0/hp29/mx29/df0/fn4909D0/lv3/v1 16:st0/hp30/mx30/df0/fn4909D0/lv3/v1 17:st0/hp32/mx32/df0/fn4909D0/lv3/v1 18:st0/hp29/mx29/df0/fn4909D0/lv3/v1 19:st0/hp26/mx26/df0/fn4909D0/lv3/v1 
autobattle PET turn=0 myNo=0 row=0 si=0 seed=-2 target=19 validEnemy=5 minLv=3 pcEnable=0 cmd=W|0|13
autobattle tick cnt=1199 smto=1 res=0 battling=1 ctype=0 ptype=0
autobattle tick cnt=1216 smto=1 res=0 battling=1 ctype=0 ptype=0
autobattle CHAR t=170643890 turn=1 cliT=1 myNo=0 afl=28000 cb=0 pb=0 subP=5 procN=10 actInf=0 menuF=0 tgtSel=0 resW=0 self=hp259/st0 pet=hp338/st0 validEnemy=2 fallback=17 delay=0 cmd=H|11 heal[en=1 tf=3 c=95 p=95 a=95 mag=3 selfP=98/mx263 petP=97/mx345] | enemies=10:st0/hp0/mx0/df0/fn0/lv0/v0 11:st0/hp0/mx0/df0/fn0/lv0/v0 12:st0/hp0/mx0/df0/fn0/lv0/v0 13:st0/hp0/mx0/df0/fn0/lv0/v0 14:st0/hp0/mx0/df0/fn0/lv0/v0 15:st0/hp29/mx29/df0/fn4909D0/lv3/v1 16:st0/hp0/mx30/df0/fn0/lv3/v0 17:st0/hp32/mx32/df0/fn4909D0/lv3/v1 18:st0/hp0/mx29/df0/fn0/lv3/v0 19:st0/hp0/mx26/df0/fn0/lv3/v0 
autobattle PET turn=1 myNo=0 row=0 si=0 seed=-2 target=17 validEnemy=2 minLv=3 pcEnable=0 cmd=W|0|11
autobattle tick cnt=1233 smto=1 res=0 battling=1 ctype=0 ptype=0
autobattle tick cnt=1244 smto=1 res=0 battling=1 ctype=0 ptype=0
autobattle CHAR t=170645546 turn=0 cliT=0 myNo=0 afl=38000 cb=0 pb=0 subP=3 procN=10 actInf=0 menuF=0 tgtSel=0 resW=0 self=hp259/st0 pet=hp338/st0 validEnemy=3 fallback=17 delay=0 cmd=H|11 heal[en=1 tf=3 c=95 p=95 a=95 mag=3 selfP=98/mx263 petP=97/mx345] | enemies=10:st0/hp0/mx0/df0/fn0/lv0/v0 11:st0/hp0/mx0/df0/fn0/lv0/v0 12:st0/hp0/mx0/df0/fn0/lv0/v0 13:st0/hp0/mx0/df0/fn0/lv0/v0 14:st0/hp0/mx0/df0/fn0/lv0/v0 15:st0/hp30/mx30/df0/fn4909D0/lv3/v1 16:st0/hp26/mx26/df0/fn4909D0/lv2/v1 17:st0/hp22/mx22/df0/fn4909D0/lv2/v1 18:st0/hp0/mx0/df0/fn0/lv0/v0 19:st0/hp0/mx0/df0/fn0/lv0/v0 
autobattle PET turn=0 myNo=0 row=0 si=0 seed=-2 target=17 validEnemy=3 minLv=2 pcEnable=0 cmd=W|0|11
autobattle tick cnt=1261 smto=1 res=0 battling=1 ctype=0 ptype=0
autobattle CHAR t=170646593 turn=1 cliT=1 myNo=0 afl=18000 cb=0 pb=0 subP=5 procN=10 actInf=0 menuF=0 tgtSel=0 resW=0 self=hp259/st0 pet=hp337/st0 validEnemy=2 fallback=15 delay=0 cmd=H|F heal[en=1 tf=3 c=95 p=95 a=95 mag=3 selfP=98/mx263 petP=97/mx345] | enemies=10:st0/hp0/mx0/df0/fn0/lv0/v0 11:st0/hp0/mx0/df0/fn0/lv0/v0 12:st0/hp0/mx0/df0/fn0/lv0/v0 13:st0/hp0/mx0/df0/fn0/lv0/v0 14:st0/hp0/mx0/df0/fn0/lv0/v0 15:st0/hp30/mx30/df0/fn4909D0/lv3/v1 16:st0/hp26/mx26/df0/fn4909D0/lv2/v1 17:st0/hp0/mx22/df0/fn0/lv2/v0 18:st0/hp0/mx0/df0/fn0/lv0/v0 19:st0/hp0/mx0/df0/fn0/lv0/v0 
autobattle PET turn=1 myNo=0 row=0 si=0 seed=-2 target=15 validEnemy=2 minLv=2 pcEnable=0 cmd=W|0|F
autobattle CHAR t=170647328 turn=2 cliT=2 myNo=0 afl=0 cb=0 pb=0 subP=6 procN=10 actInf=0 menuF=0 tgtSel=0 resW=0 self=hp259/st0 pet=hp337/st0 validEnemy=1 fallback=16 delay=0 cmd=H|10 heal[en=1 tf=3 c=95 p=95 a=95 mag=3 selfP=98/mx263 petP=97/mx345] | enemies=10:st0/hp0/mx0/df0/fn0/lv0/v0 11:st0/hp0/mx0/df0/fn0/lv0/v0 12:st0/hp0/mx0/df0/fn0/lv0/v0 13:st0/hp0/mx0/df0/fn0/lv0/v0 14:st0/hp0/mx0/df0/fn0/lv0/v0 15:st0/hp0/mx30/df0/fn0/lv3/v0 16:st0/hp26/mx26/df0/fn4909D0/lv2/v1 17:st0/hp0/mx22/df0/fn0/lv2/v0 18:st0/hp0/mx0/df0/fn0/lv0/v0 19:st0/hp0/mx0/df0/fn0/lv0/v0 
autobattle tick cnt=1278 smto=1 res=0 battling=1 ctype=0 ptype=0
autobattle CHAR t=170648515 turn=0 cliT=0 myNo=0 afl=8000 cb=0 pb=0 subP=3 procN=10 actInf=0 menuF=0 tgtSel=0 resW=0 self=hp259/st0 pet=hp337/st0 validEnemy=1 fallback=15 delay=0 cmd=H|F heal[en=1 tf=3 c=95 p=95 a=95 mag=3 selfP=98/mx263 petP=97/mx345] | enemies=10:st0/hp0/mx0/df0/fn0/lv0/v0 11:st0/hp0/mx0/df0/fn0/lv0/v0 12:st0/hp0/mx0/df0/fn0/lv0/v0 13:st0/hp0/mx0/df0/fn0/lv0/v0 14:st0/hp0/mx0/df0/fn0/lv0/v0 15:st0/hp29/mx29/df0/fn4909D0/lv2/v1 16:st0/hp0/mx0/df0/fn0/lv0/v0 17:st0/hp0/mx0/df0/fn0/lv0/v0 18:st0/hp0/mx0/df0/fn0/lv0/v0 19:st0/hp0/mx0/df0/fn0/lv0/v0 
autobattle tick cnt=1289 smto=1 res=0 battling=1 ctype=0 ptype=0
autobattle PET turn=0 myNo=0 row=0 si=0 seed=-2 target=15 validEnemy=1 minLv=2 pcEnable=0 cmd=W|0|F
autobattle tick cnt=1301 smto=1 res=0 battling=1 ctype=0 ptype=0
autobattle CHAR t=170649875 turn=0 cliT=0 myNo=0 afl=F8C00 cb=0 pb=0 subP=3 procN=10 actInf=0 menuF=0 tgtSel=0 resW=0 self=hp259/st0 pet=hp337/st0 validEnemy=7 fallback=19 delay=0 cmd=H|13 heal[en=1 tf=3 c=95 p=95 a=95 mag=3 selfP=98/mx263 petP=97/mx345] | enemies=10:st0/hp26/mx26/df0/fn4909D0/lv3/v1 11:st0/hp19/mx19/df0/fn4909D0/lv2/v1 12:st0/hp0/mx0/df0/fn0/lv0/v0 13:st0/hp0/mx0/df0/fn0/lv0/v0 14:st0/hp0/mx0/df0/fn0/lv0/v0 15:st0/hp21/mx21/df0/fn4909D0/lv2/v1 16:st0/hp28/mx28/df0/fn4909D0/lv3/v1 17:st0/hp22/mx22/df0/fn4909D0/lv2/v1 18:st0/hp23/mx23/df0/fn4909D0/lv3/v1 19:st0/hp28/mx28/df0/fn4909D0/lv3/v1 
autobattle PET turn=0 myNo=0 row=0 si=0 seed=-2 target=19 validEnemy=7 minLv=2 pcEnable=0 cmd=W|0|13
autobattle tick cnt=1318 smto=1 res=0 battling=1 ctype=0 ptype=0
autobattle CHAR t=170651781 turn=1 cliT=1 myNo=0 afl=78C00 cb=0 pb=0 subP=5 procN=10 actInf=0 menuF=0 tgtSel=0 resW=0 self=hp257/st0 pet=hp335/st0 validEnemy=6 fallback=17 delay=0 cmd=H|11 heal[en=1 tf=3 c=95 p=95 a=95 mag=3 selfP=97/mx263 petP=97/mx345] | enemies=10:st0/hp26/mx26/df0/fn4909D0/lv3/v1 11:st0/hp19/mx19/df0/fn4909D0/lv2/v1 12:st0/hp0/mx0/df0/fn0/lv0/v0 13:st0/hp0/mx0/df0/fn0/lv0/v0 14:st0/hp0/mx0/df0/fn0/lv0/v0 15:st0/hp21/mx21/df0/fn4909D0/lv2/v1 16:st0/hp28/mx28/df0/fn4909D0/lv3/v1 17:st0/hp22/mx22/df0/fn4909D0/lv2/v1 18:st0/hp23/mx23/df0/fn4909D0/lv3/v1 19:st0/hp0/mx28/df0/fn0/lv3/v0 
autobattle PET turn=1 myNo=0 row=0 si=0 seed=-2 target=17 validEnemy=6 minLv=2 pcEnable=0 cmd=W|0|11
autobattle tick cnt=1335 smto=1 res=0 battling=1 ctype=0 ptype=0
autobattle tick cnt=1352 smto=1 res=0 battling=1 ctype=0 ptype=0
autobattle CHAR t=170653328 turn=2 cliT=2 myNo=0 afl=58C00 cb=0 pb=0 subP=5 procN=10 actInf=0 menuF=0 tgtSel=0 resW=0 self=hp257/st0 pet=hp332/st0 validEnemy=5 fallback=15 delay=0 cmd=H|F heal[en=1 tf=3 c=95 p=95 a=95 mag=3 selfP=97/mx263 petP=96/mx345] | enemies=10:st0/hp26/mx26/df0/fn4909D0/lv3/v1 11:st0/hp19/mx19/df0/fn4909D0/lv2/v1 12:st0/hp0/mx0/df0/fn0/lv0/v0 13:st0/hp0/mx0/df0/fn0/lv0/v0 14:st0/hp0/mx0/df0/fn0/lv0/v0 15:st0/hp21/mx21/df0/fn4909D0/lv2/v1 16:st0/hp28/mx28/df0/fn4909D0/lv3/v1 17:st0/hp0/mx22/df0/fn0/lv2/v0 18:st0/hp23/mx23/df0/fn4909D0/lv3/v1 19:st0/hp0/mx28/df0/fn0/lv3/v0 
autobattle PET turn=2 myNo=0 row=0 si=0 seed=-2 target=15 validEnemy=5 minLv=2 pcEnable=0 cmd=W|0|F
autobattle tick cnt=1368 smto=1 res=0 battling=1 ctype=0 ptype=0
autobattle CHAR t=170654984 turn=3 cliT=3 myNo=0 afl=40C00 cb=0 pb=0 subP=5 procN=10 actInf=0 menuF=0 tgtSel=0 resW=0 self=hp257/st0 pet=hp331/st0 validEnemy=3 fallback=18 delay=0 cmd=J|0|14 heal[en=1 tf=3 c=95 p=95 a=95 mag=3 selfP=97/mx263 petP=95/mx345] | enemies=10:st0/hp26/mx26/df0/fn4909D0/lv3/v1 11:st0/hp19/mx19/df0/fn4909D0/lv2/v1 12:st0/hp0/mx0/df0/fn0/lv0/v0 13:st0/hp0/mx0/df0/fn0/lv0/v0 14:st0/hp0/mx0/df0/fn0/lv0/v0 15:st0/hp0/mx21/df0/fn0/lv2/v0 16:st0/hp0/mx28/df0/fn0/lv3/v0 17:st0/hp0/mx22/df0/fn0/lv2/v0 18:st0/hp23/mx23/df0/fn4909D0/lv3/v1 19:st0/hp0/mx28/df0/fn0/lv3/v0 
autobattle tick cnt=1385 smto=1 res=0 battling=1 ctype=0 ptype=0
autobattle PET turn=3 myNo=0 row=0 si=0 seed=-2 target=18 validEnemy=3 minLv=2 pcEnable=0 cmd=W|0|12
autobattle tick cnt=1401 smto=1 res=0 battling=1 ctype=0 ptype=0
autobattle CHAR t=170656359 turn=4 cliT=4 myNo=0 afl=C00 cb=0 pb=0 subP=5 procN=10 actInf=0 menuF=0 tgtSel=0 resW=0 self=hp263/st0 pet=hp345/st0 validEnemy=2 fallback=10 delay=0 cmd=H|A heal[en=1 tf=3 c=95 p=95 a=95 mag=3 selfP=100/mx263 petP=100/mx345] | enemies=10:st0/hp26/mx26/df0/fn4909D0/lv3/v1 11:st0/hp19/mx19/df0/fn4909D0/lv2/v1 12:st0/hp0/mx0/df0/fn0/lv0/v0 13:st0/hp0/mx0/df0/fn0/lv0/v0 14:st0/hp0/mx0/df0/fn0/lv0/v0 15:st0/hp0/mx21/df0/fn0/lv2/v0 16:st0/hp0/mx28/df0/fn0/lv3/v0 17:st0/hp0/mx22/df0/fn0/lv2/v0 18:st0/hp0/mx23/df0/fn0/lv3/v0 19:st0/hp0/mx28/df0/fn0/lv3/v0 
autobattle PET turn=4 myNo=0 row=0 si=0 seed=-2 target=10 validEnemy=2 minLv=2 pcEnable=0 cmd=W|0|A
autobattle tick cnt=1418 smto=1 res=0 battling=1 ctype=0 ptype=0
autobattle CHAR t=170657296 turn=5 cliT=5 myNo=0 afl=800 cb=0 pb=0 subP=5 procN=10 actInf=0 menuF=0 tgtSel=0 resW=0 self=hp263/st0 pet=hp345/st0 validEnemy=1 fallback=11 delay=0 cmd=H|B heal[en=1 tf=3 c=95 p=95 a=95 mag=3 selfP=100/mx263 petP=100/mx345] | enemies=10:st0/hp0/mx26/df0/fn0/lv3/v0 11:st0/hp19/mx19/df0/fn4909D0/lv2/v1 12:st0/hp0/mx0/df0/fn0/lv0/v0 13:st0/hp0/mx0/df0/fn0/lv0/v0 14:st0/hp0/mx0/df0/fn0/lv0/v0 15:st0/hp0/mx21/df0/fn0/lv2/v0 16:st0/hp0/mx28/df0/fn0/lv3/v0 17:st0/hp0/mx22/df0/fn0/lv2/v0 18:st0/hp0/mx23/df0/fn0/lv3/v0 19:st0/hp0/mx28/df0/fn0/lv3/v0 
autobattle PET turn=5 myNo=0 row=0 si=0 seed=-2 target=11 validEnemy=1 minLv=2 pcEnable=0 cmd=W|0|B
autobattle tick cnt=1434 smto=1 res=0 battling=1 ctype=0 ptype=0
autobattle CHAR t=170658656 turn=0 cliT=0 myNo=0 afl=78000 cb=0 pb=0 subP=3 procN=10 actInf=0 menuF=0 tgtSel=0 resW=0 self=hp263/st0 pet=hp345/st0 validEnemy=4 fallback=17 delay=0 cmd=H|11 heal[en=1 tf=3 c=95 p=95 a=95 mag=3 selfP=100/mx263 petP=100/mx345] | enemies=10:st0/hp0/mx0/df0/fn0/lv0/v0 11:st0/hp0/mx0/df0/fn0/lv0/v0 12:st0/hp0/mx0/df0/fn0/lv0/v0 13:st0/hp0/mx0/df0/fn0/lv0/v0 14:st0/hp0/mx0/df0/fn0/lv0/v0 15:st0/hp36/mx36/df0/fn4909D0/lv3/v1 16:st0/hp28/mx28/df0/fn4909D0/lv2/v1 17:st0/hp33/mx33/df0/fn4909D0/lv3/v1 18:st0/hp34/mx34/df0/fn4909D0/lv3/v1 19:st0/hp0/mx0/df0/fn0/lv0/v0 
autobattle PET turn=0 myNo=0 row=0 si=0 seed=-2 target=17 validEnemy=4 minLv=2 pcEnable=0 cmd=W|0|11
autobattle tick cnt=1443 smto=1 res=0 battling=1 ctype=0 ptype=0
autobattle CHAR t=170659390 turn=1 cliT=1 myNo=0 afl=58000 cb=0 pb=0 subP=5 procN=10 actInf=0 menuF=0 tgtSel=0 resW=0 self=hp263/st0 pet=hp345/st0 validEnemy=3 fallback=15 delay=0 cmd=H|F heal[en=1 tf=3 c=95 p=95 a=95 mag=3 selfP=100/mx263 petP=100/mx345] | enemies=10:st0/hp0/mx0/df0/fn0/lv0/v0 11:st0/hp0/mx0/df0/fn0/lv0/v0 12:st0/hp0/mx0/df0/fn0/lv0/v0 13:st0/hp0/mx0/df0/fn0/lv0/v0 14:st0/hp0/mx0/df0/fn0/lv0/v0 15:st0/hp36/mx36/df0/fn4909D0/lv3/v1 16:st0/hp28/mx28/df0/fn4909D0/lv2/v1 17:st0/hp0/mx33/df0/fn0/lv3/v0 18:st0/hp34/mx34/df0/fn4909D0/lv3/v1 19:st0/hp0/mx0/df0/fn0/lv0/v0 
autobattle PET turn=1 myNo=0 row=0 si=0 seed=-2 target=15 validEnemy=3 minLv=2 pcEnable=0 cmd=W|0|F
autobattle tick cnt=1460 smto=1 res=0 battling=1 ctype=0 ptype=0
autobattle CHAR t=170660500 turn=2 cliT=2 myNo=0 afl=50000 cb=0 pb=0 subP=5 procN=10 actInf=0 menuF=0 tgtSel=0 resW=0 self=hp262/st0 pet=hp345/st0 validEnemy=2 fallback=16 delay=0 cmd=H|10 heal[en=1 tf=3 c=95 p=95 a=95 mag=3 selfP=99/mx263 petP=100/mx345] | enemies=10:st0/hp0/mx0/df0/fn0/lv0/v0 11:st0/hp0/mx0/df0/fn0/lv0/v0 12:st0/hp0/mx0/df0/fn0/lv0/v0 13:st0/hp0/mx0/df0/fn0/lv0/v0 14:st0/hp0/mx0/df0/fn0/lv0/v0 15:st0/hp0/mx36/df0/fn0/lv3/v0 16:st0/hp28/mx28/df0/fn4909D0/lv2/v1 17:st0/hp0/mx33/df0/fn0/lv3/v0 18:st0/hp34/mx34/df0/fn4909D0/lv3/v1 19:st0/hp0/mx0/df0/fn0/lv0/v0 
autobattle PET turn=2 myNo=0 row=0 si=0 seed=-2 target=16 validEnemy=2 minLv=2 pcEnable=0 cmd=W|0|10
autobattle tick cnt=1477 smto=1 res=0 battling=1 ctype=0 ptype=0
autobattle CHAR t=170661921 turn=0 cliT=0 myNo=0 afl=8000 cb=0 pb=0 subP=3 procN=10 actInf=0 menuF=0 tgtSel=0 resW=0 self=hp262/st0 pet=hp345/st0 validEnemy=1 fallback=15 delay=0 cmd=H|F heal[en=1 tf=3 c=95 p=95 a=95 mag=3 selfP=99/mx263 petP=100/mx345] | enemies=10:st0/hp0/mx0/df0/fn0/lv0/v0 11:st0/hp0/mx0/df0/fn0/lv0/v0 12:st0/hp0/mx0/df0/fn0/lv0/v0 13:st0/hp0/mx0/df0/fn0/lv0/v0 14:st0/hp0/mx0/df0/fn0/lv0/v0 15:st0/hp21/mx21/df0/fn4909D0/lv2/v1 16:st0/hp0/mx0/df0/fn0/lv0/v0 17:st0/hp0/mx0/df0/fn0/lv0/v0 18:st0/hp0/mx0/df0/fn0/lv0/v0 19:st0/hp0/mx0/df0/fn0/lv0/v0 
autobattle PET turn=0 myNo=0 row=0 si=0 seed=-2 target=15 validEnemy=1 minLv=2 pcEnable=0 cmd=W|0|F
autobattle tick cnt=1491 smto=1 res=0 battling=1 ctype=0 ptype=0
autobattle tick cnt=1498 smto=1 res=0 battling=1 ctype=0 ptype=0
autobattle CHAR t=170664453 turn=0 cliT=0 myNo=0 afl=38000 cb=0 pb=0 subP=3 procN=10 actInf=0 menuF=0 tgtSel=0 resW=0 self=hp262/st0 pet=hp345/st0 validEnemy=3 fallback=17 delay=0 cmd=H|11 heal[en=1 tf=3 c=95 p=95 a=95 mag=3 selfP=99/mx263 petP=100/mx345] | enemies=10:st0/hp0/mx0/df0/fn0/lv0/v0 11:st0/hp0/mx0/df0/fn0/lv0/v0 12:st0/hp0/mx0/df0/fn0/lv0/v0 13:st0/hp0/mx0/df0/fn0/lv0/v0 14:st0/hp0/mx0/df0/fn0/lv0/v0 15:st0/hp27/mx27/df0/fn4909D0/lv3/v1 16:st0/hp28/mx28/df0/fn4909D0/lv3/v1 17:st0/hp24/mx24/df0/fn4909D0/lv3/v1 18:st0/hp0/mx0/df0/fn0/lv0/v0 19:st0/hp0/mx0/df0/fn0/lv0/v0 
autobattle PET turn=0 myNo=0 row=0 si=0 seed=-2 target=17 validEnemy=3 minLv=3 pcEnable=0 cmd=W|0|11
autobattle tick cnt=1514 smto=1 res=0 battling=1 ctype=0 ptype=0
autobattle CHAR t=170665625 turn=1 cliT=1 myNo=0 afl=10000 cb=0 pb=0 subP=2 procN=10 actInf=0 menuF=0 tgtSel=0 resW=0 self=hp262/st0 pet=hp345/st0 validEnemy=1 fallback=16 delay=0 cmd=H|10 heal[en=1 tf=3 c=95 p=95 a=95 mag=3 selfP=99/mx263 petP=100/mx345] | enemies=10:st0/hp0/mx0/df0/fn0/lv0/v0 11:st0/hp0/mx0/df0/fn0/lv0/v0 12:st0/hp0/mx0/df0/fn0/lv0/v0 13:st0/hp0/mx0/df0/fn0/lv0/v0 14:st0/hp0/mx0/df0/fn0/lv0/v0 15:st0/hp0/mx27/df0/fn0/lv3/v0 16:st0/hp28/mx28/df0/fn4909D0/lv3/v1 17:st0/hp0/mx24/df0/fn0/lv3/v0 18:st0/hp0/mx0/df0/fn0/lv0/v0 19:st0/hp0/mx0/df0/fn0/lv0/v0 
autobattle PET turn=1 myNo=0 row=0 si=0 seed=-2 target=16 validEnemy=1 minLv=3 pcEnable=0 cmd=W|0|10
autobattle tick cnt=1530 smto=1 res=0 battling=1 ctype=0 ptype=0
autobattle CHAR t=170667406 turn=0 cliT=0 myNo=0 afl=78000 cb=0 pb=0 subP=3 procN=10 actInf=0 menuF=0 tgtSel=0 resW=0 self=hp262/st0 pet=hp345/st0 validEnemy=4 fallback=17 delay=0 cmd=H|11 heal[en=1 tf=3 c=95 p=95 a=95 mag=3 selfP=99/mx263 petP=100/mx345] | enemies=10:st0/hp0/mx0/df0/fn0/lv0/v0 11:st0/hp0/mx0/df0/fn0/lv0/v0 12:st0/hp0/mx0/df0/fn0/lv0/v0 13:st0/hp0/mx0/df0/fn0/lv0/v0 14:st0/hp0/mx0/df0/fn0/lv0/v0 15:st0/hp39/mx39/df0/fn4909D0/lv3/v1 16:st0/hp36/mx36/df0/fn4909D0/lv3/v1 17:st0/hp37/mx37/df0/fn4909D0/lv3/v1 18:st0/hp34/mx34/df0/fn4909D0/lv3/v1 19:st0/hp0/mx0/df0/fn0/lv0/v0 
autobattle PET turn=0 myNo=0 row=0 si=0 seed=-2 target=17 validEnemy=4 minLv=3 pcEnable=0 cmd=W|0|11
autobattle CHAR t=170668343 turn=1 cliT=1 myNo=0 afl=48000 cb=0 pb=0 subP=5 procN=10 actInf=0 menuF=0 tgtSel=0 resW=0 self=hp262/st0 pet=hp345/st0 validEnemy=2 fallback=15 delay=0 cmd=H|F heal[en=1 tf=3 c=95 p=95 a=95 mag=3 selfP=99/mx263 petP=100/mx345] | enemies=10:st0/hp0/mx0/df0/fn0/lv0/v0 11:st0/hp0/mx0/df0/fn0/lv0/v0 12:st0/hp0/mx0/df0/fn0/lv0/v0 13:st0/hp0/mx0/df0/fn0/lv0/v0 14:st0/hp0/mx0/df0/fn0/lv0/v0 15:st0/hp39/mx39/df0/fn4909D0/lv3/v1 16:st0/hp0/mx36/df0/fn0/lv3/v0 17:st0/hp0/mx37/df0/fn0/lv3/v0 18:st0/hp34/mx34/df0/fn4909D0/lv3/v1 19:st0/hp0/mx0/df0/fn0/lv0/v0 
autobattle tick cnt=1547 smto=1 res=0 battling=1 ctype=0 ptype=0
autobattle PET turn=1 myNo=0 row=0 si=0 seed=-2 target=15 validEnemy=2 minLv=3 pcEnable=0 cmd=W|0|F
autobattle tick cnt=1564 smto=1 res=0 battling=1 ctype=0 ptype=0
autobattle tick cnt=1566 smto=1 res=0 battling=1 ctype=0 ptype=0
autobattle CHAR t=170671296 turn=0 cliT=0 myNo=0 afl=F8C00 cb=0 pb=0 subP=3 procN=10 actInf=0 menuF=0 tgtSel=0 resW=0 self=hp262/st0 pet=hp345/st0 validEnemy=7 fallback=19 delay=0 cmd=H|13 heal[en=1 tf=3 c=95 p=95 a=95 mag=3 selfP=99/mx263 petP=100/mx345] | enemies=10:st0/hp22/mx22/df0/fn4909D0/lv2/v1 11:st0/hp27/mx27/df0/fn4909D0/lv3/v1 12:st0/hp0/mx0/df0/fn0/lv0/v0 13:st0/hp0/mx0/df0/fn0/lv0/v0 14:st0/hp0/mx0/df0/fn0/lv0/v0 15:st0/hp25/mx25/df0/fn4909D0/lv3/v1 16:st0/hp19/mx19/df0/fn4909D0/lv2/v1 17:st0/hp28/mx28/df0/fn4909D0/lv3/v1 18:st0/hp20/mx20/df0/fn4909D0/lv2/v1 19:st0/hp22/mx22/df0/fn4909D0/lv2/v1 
autobattle PET turn=0 myNo=0 row=0 si=0 seed=-2 target=19 validEnemy=7 minLv=2 pcEnable=0 cmd=W|0|13
autobattle tick cnt=1583 smto=1 res=0 battling=1 ctype=0 ptype=0
autobattle CHAR t=170672281 turn=1 cliT=1 myNo=0 afl=78800 cb=0 pb=0 subP=5 procN=10 actInf=0 menuF=0 tgtSel=0 resW=0 self=hp262/st0 pet=hp345/st0 validEnemy=5 fallback=17 delay=0 cmd=H|11 heal[en=1 tf=3 c=95 p=95 a=95 mag=3 selfP=99/mx263 petP=100/mx345] | enemies=10:st0/hp0/mx22/df0/fn0/lv2/v0 11:st0/hp27/mx27/df0/fn4909D0/lv3/v1 12:st0/hp0/mx0/df0/fn0/lv0/v0 13:st0/hp0/mx0/df0/fn0/lv0/v0 14:st0/hp0/mx0/df0/fn0/lv0/v0 15:st0/hp25/mx25/df0/fn4909D0/lv3/v1 16:st0/hp19/mx19/df0/fn4909D0/lv2/v1 17:st0/hp28/mx28/df0/fn4909D0/lv3/v1 18:st0/hp20/mx20/df0/fn4909D0/lv2/v1 19:st0/hp0/mx22/df0/fn0/lv2/v0 
autobattle PET turn=1 myNo=0 row=0 si=0 seed=-2 target=17 validEnemy=5 minLv=2 pcEnable=0 cmd=W|0|11
autobattle tick cnt=1600 smto=1 res=0 battling=1 ctype=0 ptype=0
autobattle CHAR t=170674140 turn=2 cliT=2 myNo=0 afl=48000 cb=0 pb=0 subP=5 procN=10 actInf=0 menuF=0 tgtSel=0 resW=0 self=hp261/st0 pet=hp345/st0 validEnemy=2 fallback=15 delay=0 cmd=H|F heal[en=1 tf=3 c=95 p=95 a=95 mag=3 selfP=99/mx263 petP=100/mx345] | enemies=10:st0/hp0/mx22/df0/fn0/lv2/v0 11:st0/hp0/mx27/df0/fn0/lv3/v0 12:st0/hp0/mx0/df0/fn0/lv0/v0 13:st0/hp0/mx0/df0/fn0/lv0/v0 14:st0/hp0/mx0/df0/fn0/lv0/v0 15:st0/hp25/mx25/df0/fn4909D0/lv3/v1 16:st0/hp0/mx19/df0/fn0/lv2/v0 17:st0/hp0/mx28/df0/fn0/lv3/v0 18:st0/hp20/mx20/df0/fn4909D0/lv2/v1 19:st0/hp0/mx22/df0/fn0/lv2/v0 
autobattle PET turn=2 myNo=0 row=0 si=0 seed=-2 target=15 validEnemy=2 minLv=2 pcEnable=0 cmd=W|0|F
autobattle tick cnt=1617 smto=1 res=0 battling=1 ctype=0 ptype=0
autobattle CHAR t=170675078 turn=3 cliT=3 myNo=0 afl=40000 cb=0 pb=0 subP=5 procN=10 actInf=0 menuF=0 tgtSel=0 resW=0 self=hp261/st0 pet=hp345/st0 validEnemy=1 fallback=18 delay=0 cmd=H|12 heal[en=1 tf=3 c=95 p=95 a=95 mag=3 selfP=99/mx263 petP=100/mx345] | enemies=10:st0/hp0/mx22/df0/fn0/lv2/v0 11:st0/hp0/mx27/df0/fn0/lv3/v0 12:st0/hp0/mx0/df0/fn0/lv0/v0 13:st0/hp0/mx0/df0/fn0/lv0/v0 14:st0/hp0/mx0/df0/fn0/lv0/v0 15:st0/hp0/mx25/df0/fn0/lv3/v0 16:st0/hp0/mx19/df0/fn0/lv2/v0 17:st0/hp0/mx28/df0/fn0/lv3/v0 18:st0/hp20/mx20/df0/fn4909D0/lv2/v1 19:st0/hp0/mx22/df0/fn0/lv2/v0 
autobattle PET turn=3 myNo=0 row=0 si=0 seed=-2 target=18 validEnemy=1 minLv=2 pcEnable=0 cmd=W|0|12
autobattle tick cnt=1634 smto=1 res=0 battling=1 ctype=0 ptype=0
autobattle CHAR t=170676234 turn=0 cliT=0 myNo=0 afl=F8400 cb=0 pb=0 subP=3 procN=10 actInf=0 menuF=0 tgtSel=0 resW=0 self=hp261/st0 pet=hp345/st0 validEnemy=6 fallback=19 delay=0 cmd=H|13 heal[en=1 tf=3 c=95 p=95 a=95 mag=3 selfP=99/mx263 petP=100/mx345] | enemies=10:st0/hp19/mx19/df0/fn4909D0/lv2/v1 11:st0/hp0/mx0/df0/fn0/lv0/v0 12:st0/hp0/mx0/df0/fn0/lv0/v0 13:st0/hp0/mx0/df0/fn0/lv0/v0 14:st0/hp0/mx0/df0/fn0/lv0/v0 15:st0/hp24/mx24/df0/fn4909D0/lv3/v1 16:st0/hp22/mx22/df0/fn4909D0/lv2/v1 17:st0/hp20/mx20/df0/fn4909D0/lv2/v1 18:st0/hp20/mx20/df0/fn4909D0/lv2/v1 19:st0/hp28/mx28/df0/fn4909D0/lv3/v1 
autobattle PET turn=0 myNo=0 row=0 si=0 seed=-2 target=19 validEnemy=6 minLv=2 pcEnable=0 cmd=W|0|13
autobattle tick cnt=1646 smto=1 res=0 battling=1 ctype=0 ptype=0
autobattle tick cnt=1663 smto=1 res=0 battling=1 ctype=0 ptype=0
autobattle CHAR t=170678406 turn=1 cliT=1 myNo=0 afl=30400 cb=0 pb=0 subP=5 procN=10 actInf=0 menuF=0 tgtSel=0 resW=0 self=hp261/st0 pet=hp344/st0 validEnemy=3 fallback=17 delay=0 cmd=H|11 heal[en=1 tf=3 c=95 p=95 a=95 mag=3 selfP=99/mx263 petP=99/mx345] | enemies=10:st0/hp19/mx19/df0/fn4909D0/lv2/v1 11:st0/hp0/mx0/df0/fn0/lv0/v0 12:st0/hp0/mx0/df0/fn0/lv0/v0 13:st0/hp0/mx0/df0/fn0/lv0/v0 14:st0/hp0/mx0/df0/fn0/lv0/v0 15:st0/hp0/mx24/df0/fn0/lv3/v0 16:st0/hp22/mx22/df0/fn4909D0/lv2/v1 17:st0/hp20/mx20/df0/fn4909D0/lv2/v1 18:st0/hp0/mx20/df0/fn0/lv2/v0 19:st0/hp0/mx28/df0/fn0/lv3/v0 
autobattle PET turn=1 myNo=0 row=0 si=0 seed=-2 target=17 validEnemy=3 minLv=2 pcEnable=0 cmd=W|0|11
autobattle tick cnt=1679 smto=1 res=0 battling=1 ctype=0 ptype=0
autobattle tick cnt=1696 smto=1 res=0 battling=1 ctype=0 ptype=0
autobattle CHAR t=170679578 turn=2 cliT=2 myNo=0 afl=10000 cb=0 pb=0 subP=5 procN=10 actInf=0 menuF=0 tgtSel=0 resW=0 self=hp261/st0 pet=hp343/st0 validEnemy=1 fallback=16 delay=0 cmd=H|10 heal[en=1 tf=3 c=95 p=95 a=95 mag=3 selfP=99/mx263 petP=99/mx345] | enemies=10:st0/hp0/mx19/df0/fn0/lv2/v0 11:st0/hp0/mx0/df0/fn0/lv0/v0 12:st0/hp0/mx0/df0/fn0/lv0/v0 13:st0/hp0/mx0/df0/fn0/lv0/v0 14:st0/hp0/mx0/df0/fn0/lv0/v0 15:st0/hp0/mx24/df0/fn0/lv3/v0 16:st0/hp22/mx22/df0/fn4909D0/lv2/v1 17:st0/hp0/mx20/df0/fn0/lv2/v0 18:st0/hp0/mx20/df0/fn0/lv2/v0 19:st0/hp0/mx28/df0/fn0/lv3/v0 
autobattle PET turn=2 myNo=0 row=0 si=0 seed=-2 target=16 validEnemy=1 minLv=2 pcEnable=0 cmd=W|0|10
autobattle tick cnt=1709 smto=1 res=0 battling=1 ctype=0 ptype=0
autobattle CHAR t=170680687 turn=0 cliT=0 myNo=0 afl=F9C00 cb=0 pb=0 subP=3 procN=10 actInf=0 menuF=0 tgtSel=0 resW=0 self=hp261/st0 pet=hp343/st0 validEnemy=8 fallback=19 delay=0 cmd=H|13 heal[en=1 tf=3 c=95 p=95 a=95 mag=3 selfP=99/mx263 petP=99/mx345] | enemies=10:st0/hp26/mx26/df0/fn4909D0/lv3/v1 11:st0/hp27/mx27/df0/fn4909D0/lv3/v1 12:st0/hp28/mx28/df0/fn4909D0/lv3/v1 13:st0/hp0/mx0/df0/fn0/lv0/v0 14:st0/hp0/mx0/df0/fn0/lv0/v0 15:st0/hp28/mx28/df0/fn4909D0/lv3/v1 16:st0/hp26/mx26/df0/fn4909D0/lv3/v1 17:st0/hp27/mx27/df0/fn4909D0/lv3/v1 18:st0/hp21/mx21/df0/fn4909D0/lv2/v1 19:st0/hp20/mx20/df0/fn4909D0/lv2/v1 
autobattle PET turn=0 myNo=0 row=0 si=0 seed=-2 target=19 validEnemy=8 minLv=2 pcEnable=0 cmd=W|0|13
autobattle tick cnt=1726 smto=1 res=0 battling=1 ctype=0 ptype=0
autobattle tick cnt=1742 smto=1 res=0 battling=1 ctype=0 ptype=0
autobattle tick cnt=1758 smto=1 res=0 battling=1 ctype=0 ptype=0
autobattle CHAR t=170683906 turn=1 cliT=1 myNo=0 afl=8C00 cb=0 pb=0 subP=5 procN=10 actInf=0 menuF=0 tgtSel=0 resW=0 self=hp260/st0 pet=hp343/st0 validEnemy=3 fallback=15 delay=0 cmd=H|F heal[en=1 tf=3 c=95 p=95 a=95 mag=3 selfP=98/mx263 petP=99/mx345] | enemies=10:st0/hp26/mx26/df0/fn4909D0/lv3/v1 11:st0/hp27/mx27/df0/fn4909D0/lv3/v1 12:st0/hp0/mx28/df0/fn0/lv3/v0 13:st0/hp0/mx0/df0/fn0/lv0/v0 14:st0/hp0/mx0/df0/fn0/lv0/v0 15:st0/hp28/mx28/df0/fn4909D0/lv3/v1 16:st0/hp0/mx26/df0/fn0/lv3/v0 17:st0/hp0/mx27/df0/fn0/lv3/v0 18:st0/hp0/mx21/df0/fn0/lv2/v0 19:st0/hp0/mx20/df0/fn0/lv2/v0 
autobattle PET turn=1 myNo=0 row=0 si=0 seed=-2 target=15 validEnemy=3 minLv=3 pcEnable=0 cmd=W|0|F
autobattle tick cnt=1775 smto=1 res=0 battling=1 ctype=0 ptype=0
autobattle CHAR t=170685078 turn=2 cliT=2 myNo=0 afl=400 cb=0 pb=0 subP=5 procN=10 actInf=0 menuF=0 tgtSel=0 resW=0 self=hp260/st0 pet=hp342/st0 validEnemy=1 fallback=10 delay=0 cmd=H|A heal[en=1 tf=3 c=95 p=95 a=95 mag=3 selfP=98/mx263 petP=99/mx345] | enemies=10:st0/hp26/mx26/df0/fn4909D0/lv3/v1 11:st0/hp0/mx27/df0/fn0/lv3/v0 12:st0/hp0/mx28/df0/fn0/lv3/v0 13:st0/hp0/mx0/df0/fn0/lv0/v0 14:st0/hp0/mx0/df0/fn0/lv0/v0 15:st0/hp0/mx28/df0/fn0/lv3/v0 16:st0/hp0/mx26/df0/fn0/lv3/v0 17:st0/hp0/mx27/df0/fn0/lv3/v0 18:st0/hp0/mx21/df0/fn0/lv2/v0 19:st0/hp0/mx20/df0/fn0/lv2/v0 
autobattle PET turn=2 myNo=0 row=0 si=0 seed=-2 target=10 validEnemy=1 minLv=3 pcEnable=0 cmd=W|0|A
autobattle tick cnt=1792 smto=1 res=0 battling=1 ctype=0 ptype=0
autobattle CHAR t=170686734 turn=0 cliT=0 myNo=0 afl=38000 cb=0 pb=0 subP=3 procN=10 actInf=0 menuF=0 tgtSel=0 resW=0 self=hp260/st0 pet=hp342/st0 validEnemy=3 fallback=17 delay=0 cmd=H|11 heal[en=1 tf=3 c=95 p=95 a=95 mag=3 selfP=98/mx263 petP=99/mx345] | enemies=10:st0/hp0/mx0/df0/fn0/lv0/v0 11:st0/hp0/mx0/df0/fn0/lv0/v0 12:st0/hp0/mx0/df0/fn0/lv0/v0 13:st0/hp0/mx0/df0/fn0/lv0/v0 14:st0/hp0/mx0/df0/fn0/lv0/v0 15:st0/hp32/mx32/df0/fn4909D0/lv3/v1 16:st0/hp27/mx27/df0/fn4909D0/lv2/v1 17:st0/hp27/mx27/df0/fn4909D0/lv2/v1 18:st0/hp0/mx0/df0/fn0/lv0/v0 19:st0/hp0/mx0/df0/fn0/lv0/v0 
autobattle PET turn=0 myNo=0 row=0 si=0 seed=-2 target=17 validEnemy=3 minLv=2 pcEnable=0 cmd=W|0|11
autobattle CHAR t=170687484 turn=1 cliT=1 myNo=0 afl=18000 cb=0 pb=0 subP=5 procN=10 actInf=0 menuF=0 tgtSel=0 resW=0 self=hp260/st0 pet=hp342/st0 validEnemy=2 fallback=15 delay=0 cmd=H|F heal[en=1 tf=3 c=95 p=95 a=95 mag=3 selfP=98/mx263 petP=99/mx345] | enemies=10:st0/hp0/mx0/df0/fn0/lv0/v0 11:st0/hp0/mx0/df0/fn0/lv0/v0 12:st0/hp0/mx0/df0/fn0/lv0/v0 13:st0/hp0/mx0/df0/fn0/lv0/v0 14:st0/hp0/mx0/df0/fn0/lv0/v0 15:st0/hp32/mx32/df0/fn4909D0/lv3/v1 16:st0/hp27/mx27/df0/fn4909D0/lv2/v1 17:st0/hp0/mx27/df0/fn0/lv2/v0 18:st0/hp0/mx0/df0/fn0/lv0/v0 19:st0/hp0/mx0/df0/fn0/lv0/v0 
autobattle PET turn=1 myNo=0 row=0 si=0 seed=-2 target=15 validEnemy=2 minLv=2 pcEnable=0 cmd=W|0|F
autobattle tick cnt=1809 smto=1 res=0 battling=1 ctype=0 ptype=0
autobattle CHAR t=170688343 turn=2 cliT=2 myNo=0 afl=10000 cb=0 pb=0 subP=5 procN=10 actInf=0 menuF=0 tgtSel=0 resW=0 self=hp260/st0 pet=hp342/st0 validEnemy=1 fallback=16 delay=0 cmd=H|10 heal[en=1 tf=3 c=95 p=95 a=95 mag=3 selfP=98/mx263 petP=99/mx345] | enemies=10:st0/hp0/mx0/df0/fn0/lv0/v0 11:st0/hp0/mx0/df0/fn0/lv0/v0 12:st0/hp0/mx0/df0/fn0/lv0/v0 13:st0/hp0/mx0/df0/fn0/lv0/v0 14:st0/hp0/mx0/df0/fn0/lv0/v0 15:st0/hp0/mx32/df0/fn0/lv3/v0 16:st0/hp27/mx27/df0/fn4909D0/lv2/v1 17:st0/hp0/mx27/df0/fn0/lv2/v0 18:st0/hp0/mx0/df0/fn0/lv0/v0 19:st0/hp0/mx0/df0/fn0/lv0/v0 
autobattle PET turn=2 myNo=0 row=0 si=0 seed=-2 target=16 validEnemy=1 minLv=2 pcEnable=0 cmd=W|0|10
autobattle tick cnt=1826 smto=1 res=0 battling=1 ctype=0 ptype=0
autobattle tick cnt=1830 smto=1 res=0 battling=1 ctype=0 ptype=0
autobattle CHAR t=170692656 turn=0 cliT=0 myNo=0 afl=18000 cb=0 pb=0 subP=3 procN=10 actInf=0 menuF=0 tgtSel=0 resW=0 self=hp260/st0 pet=hp342/st0 validEnemy=2 fallback=15 delay=0 cmd=H|F heal[en=1 tf=3 c=95 p=95 a=95 mag=3 selfP=98/mx263 petP=99/mx345] | enemies=10:st0/hp0/mx0/df0/fn0/lv0/v0 11:st0/hp0/mx0/df0/fn0/lv0/v0 12:st0/hp0/mx0/df0/fn0/lv0/v0 13:st0/hp0/mx0/df0/fn0/lv0/v0 14:st0/hp0/mx0/df0/fn0/lv0/v0 15:st0/hp28/mx28/df0/fn4909D0/lv3/v1 16:st0/hp26/mx26/df0/fn4909D0/lv2/v1 17:st0/hp0/mx0/df0/fn0/lv0/v0 18:st0/hp0/mx0/df0/fn0/lv0/v0 19:st0/hp0/mx0/df0/fn0/lv0/v0 
autobattle PET turn=0 myNo=0 row=0 si=0 seed=-2 target=15 validEnemy=2 minLv=2 pcEnable=0 cmd=W|0|F
autobattle CHAR t=170693515 turn=1 cliT=1 myNo=0 afl=10000 cb=0 pb=0 subP=5 procN=10 actInf=0 menuF=0 tgtSel=0 resW=0 self=hp260/st0 pet=hp342/st0 validEnemy=1 fallback=16 delay=0 cmd=H|10 heal[en=1 tf=3 c=95 p=95 a=95 mag=3 selfP=98/mx263 petP=99/mx345] | enemies=10:st0/hp0/mx0/df0/fn0/lv0/v0 11:st0/hp0/mx0/df0/fn0/lv0/v0 12:st0/hp0/mx0/df0/fn0/lv0/v0 13:st0/hp0/mx0/df0/fn0/lv0/v0 14:st0/hp0/mx0/df0/fn0/lv0/v0 15:st0/hp0/mx28/df0/fn0/lv3/v0 16:st0/hp26/mx26/df0/fn4909D0/lv2/v1 17:st0/hp0/mx0/df0/fn0/lv0/v0 18:st0/hp0/mx0/df0/fn0/lv0/v0 19:st0/hp0/mx0/df0/fn0/lv0/v0 
autobattle PET turn=1 myNo=0 row=0 si=0 seed=-2 target=16 validEnemy=1 minLv=2 pcEnable=0 cmd=W|0|10
autobattle tick cnt=1847 smto=1 res=0 battling=1 ctype=0 ptype=0
autobattle tick cnt=1858 smto=1 res=0 battling=1 ctype=0 ptype=0
autobattle CHAR t=170696906 turn=0 cliT=0 myNo=0 afl=F8000 cb=0 pb=0 subP=3 procN=10 actInf=0 menuF=0 tgtSel=0 resW=0 self=hp260/st0 pet=hp342/st0 validEnemy=5 fallback=19 delay=0 cmd=H|13 heal[en=1 tf=3 c=95 p=95 a=95 mag=3 selfP=98/mx263 petP=99/mx345] | enemies=10:st0/hp0/mx0/df0/fn0/lv0/v0 11:st0/hp0/mx0/df0/fn0/lv0/v0 12:st0/hp0/mx0/df0/fn0/lv0/v0 13:st0/hp0/mx0/df0/fn0/lv0/v0 14:st0/hp0/mx0/df0/fn0/lv0/v0 15:st0/hp30/mx30/df0/fn4909D0/lv2/v1 16:st0/hp39/mx39/df0/fn4909D0/lv3/v1 17:st0/hp37/mx37/df0/fn4909D0/lv3/v1 18:st0/hp32/mx32/df0/fn4909D0/lv2/v1 19:st0/hp28/mx28/df0/fn4909D0/lv2/v1 
autobattle PET turn=0 myNo=0 row=0 si=0 seed=-2 target=19 validEnemy=5 minLv=2 pcEnable=0 cmd=W|0|13
autobattle tick cnt=1875 smto=1 res=0 battling=1 ctype=0 ptype=0
autobattle CHAR t=170698625 turn=1 cliT=1 myNo=0 afl=68000 cb=0 pb=0 subP=5 procN=10 actInf=0 menuF=0 tgtSel=0 resW=0 self=hp260/st0 pet=hp340/st0 validEnemy=3 fallback=17 delay=0 cmd=H|11 heal[en=1 tf=3 c=95 p=95 a=95 mag=3 selfP=98/mx263 petP=98/mx345] | enemies=10:st0/hp0/mx0/df0/fn0/lv0/v0 11:st0/hp0/mx0/df0/fn0/lv0/v0 12:st0/hp0/mx0/df0/fn0/lv0/v0 13:st0/hp0/mx0/df0/fn0/lv0/v0 14:st0/hp0/mx0/df0/fn0/lv0/v0 15:st0/hp30/mx30/df0/fn4909D0/lv2/v1 16:st0/hp0/mx39/df0/fn0/lv3/v0 17:st0/hp37/mx37/df0/fn4909D0/lv3/v1 18:st0/hp32/mx32/df0/fn4909D0/lv2/v1 19:st0/hp0/mx28/df0/fn0/lv2/v0 
autobattle PET turn=1 myNo=0 row=0 si=0 seed=-2 target=17 validEnemy=3 minLv=2 pcEnable=0 cmd=W|0|11
autobattle tick cnt=1892 smto=1 res=0 battling=1 ctype=0 ptype=0
autobattle CHAR t=170699796 turn=2 cliT=2 myNo=0 afl=40000 cb=0 pb=0 subP=5 procN=10 actInf=0 menuF=0 tgtSel=0 resW=0 self=hp260/st0 pet=hp340/st0 validEnemy=1 fallback=18 delay=0 cmd=H|12 heal[en=1 tf=3 c=95 p=95 a=95 mag=3 selfP=98/mx263 petP=98/mx345] | enemies=10:st0/hp0/mx0/df0/fn0/lv0/v0 11:st0/hp0/mx0/df0/fn0/lv0/v0 12:st0/hp0/mx0/df0/fn0/lv0/v0 13:st0/hp0/mx0/df0/fn0/lv0/v0 14:st0/hp0/mx0/df0/fn0/lv0/v0 15:st0/hp0/mx30/df0/fn0/lv2/v0 16:st0/hp0/mx39/df0/fn0/lv3/v0 17:st0/hp0/mx37/df0/fn0/lv3/v0 18:st0/hp32/mx32/df0/fn4909D0/lv2/v1 19:st0/hp0/mx28/df0/fn0/lv2/v0 
autobattle PET turn=2 myNo=0 row=0 si=0 seed=-2 target=18 validEnemy=1 minLv=2 pcEnable=0 cmd=W|0|12
autobattle tick cnt=1909 smto=1 res=0 battling=1 ctype=0 ptype=0
autobattle tick cnt=1920 smto=1 res=0 battling=1 ctype=0 ptype=0
autobattle CHAR t=170701140 turn=0 cliT=0 myNo=0 afl=78000 cb=0 pb=0 subP=3 procN=10 actInf=0 menuF=0 tgtSel=0 resW=0 self=hp260/st0 pet=hp340/st0 validEnemy=4 fallback=17 delay=0 cmd=H|11 heal[en=1 tf=3 c=95 p=95 a=95 mag=3 selfP=98/mx263 petP=98/mx345] | enemies=10:st0/hp0/mx0/df0/fn0/lv0/v0 11:st0/hp0/mx0/df0/fn0/lv0/v0 12:st0/hp0/mx0/df0/fn0/lv0/v0 13:st0/hp0/mx0/df0/fn0/lv0/v0 14:st0/hp0/mx0/df0/fn0/lv0/v0 15:st0/hp35/mx35/df0/fn4909D0/lv3/v1 16:st0/hp35/mx35/df0/fn4909D0/lv3/v1 17:st0/hp38/mx38/df0/fn4909D0/lv3/v1 18:st0/hp31/mx31/df0/fn4909D0/lv2/v1 19:st0/hp0/mx0/df0/fn0/lv0/v0 
autobattle PET turn=0 myNo=0 row=0 si=0 seed=-2 target=17 validEnemy=4 minLv=2 pcEnable=0 cmd=W|0|11
autobattle CHAR t=170702078 turn=1 cliT=1 myNo=0 afl=50000 cb=0 pb=0 subP=4 procN=10 actInf=0 menuF=0 tgtSel=0 resW=0 self=hp260/st0 pet=hp340/st0 validEnemy=2 fallback=16 delay=0 cmd=H|10 heal[en=1 tf=3 c=95 p=95 a=95 mag=3 selfP=98/mx263 petP=98/mx345] | enemies=10:st0/hp0/mx0/df0/fn0/lv0/v0 11:st0/hp0/mx0/df0/fn0/lv0/v0 12:st0/hp0/mx0/df0/fn0/lv0/v0 13:st0/hp0/mx0/df0/fn0/lv0/v0 14:st0/hp0/mx0/df0/fn0/lv0/v0 15:st0/hp0/mx35/df0/fn0/lv3/v0 16:st0/hp35/mx35/df0/fn4909D0/lv3/v1 17:st0/hp0/mx38/df0/fn0/lv3/v0 18:st0/hp31/mx31/df0/fn4909D0/lv2/v1 19:st0/hp0/mx0/df0/fn0/lv0/v0 
autobattle tick cnt=1937 smto=1 res=0 battling=1 ctype=0 ptype=0
autobattle PET turn=1 myNo=0 row=0 si=0 seed=-2 target=16 validEnemy=2 minLv=2 pcEnable=0 cmd=W|0|10
autobattle tick cnt=1954 smto=1 res=0 battling=1 ctype=0 ptype=0
autobattle CHAR t=170704156 turn=0 cliT=0 myNo=0 afl=F8000 cb=0 pb=0 subP=3 procN=10 actInf=0 menuF=0 tgtSel=0 resW=0 self=hp260/st0 pet=hp340/st0 validEnemy=5 fallback=19 delay=0 cmd=H|13 heal[en=1 tf=3 c=95 p=95 a=95 mag=3 selfP=98/mx263 petP=98/mx345] | enemies=10:st0/hp0/mx0/df0/fn0/lv0/v0 11:st0/hp0/mx0/df0/fn0/lv0/v0 12:st0/hp0/mx0/df0/fn0/lv0/v0 13:st0/hp0/mx0/df0/fn0/lv0/v0 14:st0/hp0/mx0/df0/fn0/lv0/v0 15:st0/hp28/mx28/df0/fn4909D0/lv3/v1 16:st0/hp26/mx26/df0/fn4909D0/lv3/v1 17:st0/hp22/mx22/df0/fn4909D0/lv2/v1 18:st0/hp20/mx20/df0/fn4909D0/lv2/v1 19:st0/hp21/mx21/df0/fn4909D0/lv2/v1 
autobattle PET turn=0 myNo=0 row=0 si=0 seed=-2 target=19 validEnemy=5 minLv=2 pcEnable=0 cmd=W|0|13
autobattle tick cnt=1971 smto=1 res=0 battling=1 ctype=0 ptype=0
autobattle CHAR t=170705515 turn=1 cliT=1 myNo=0 afl=78000 cb=0 pb=0 subP=5 procN=10 actInf=0 menuF=0 tgtSel=0 resW=0 self=hp260/st0 pet=hp337/st0 validEnemy=4 fallback=17 delay=0 cmd=H|11 heal[en=1 tf=3 c=95 p=95 a=95 mag=3 selfP=98/mx263 petP=97/mx345] | enemies=10:st0/hp0/mx0/df0/fn0/lv0/v0 11:st0/hp0/mx0/df0/fn0/lv0/v0 12:st0/hp0/mx0/df0/fn0/lv0/v0 13:st0/hp0/mx0/df0/fn0/lv0/v0 14:st0/hp0/mx0/df0/fn0/lv0/v0 15:st0/hp28/mx28/df0/fn4909D0/lv3/v1 16:st0/hp26/mx26/df0/fn4909D0/lv3/v1 17:st0/hp22/mx22/df0/fn4909D0/lv2/v1 18:st0/hp20/mx20/df0/fn4909D0/lv2/v1 19:st0/hp0/mx21/df0/fn0/lv2/v0 
autobattle PET turn=1 myNo=0 row=0 si=0 seed=-2 target=17 validEnemy=4 minLv=2 pcEnable=0 cmd=W|0|11
autobattle tick cnt=1988 smto=1 res=0 battling=1 ctype=0 ptype=0
autobattle CHAR t=170706875 turn=2 cliT=2 myNo=0 afl=48000 cb=0 pb=0 subP=5 procN=10 actInf=0 menuF=0 tgtSel=0 resW=0 self=hp259/st0 pet=hp337/st0 validEnemy=2 fallback=15 delay=0 cmd=H|F heal[en=1 tf=3 c=95 p=95 a=95 mag=3 selfP=98/mx263 petP=97/mx345] | enemies=10:st0/hp0/mx0/df0/fn0/lv0/v0 11:st0/hp0/mx0/df0/fn0/lv0/v0 12:st0/hp0/mx0/df0/fn0/lv0/v0 13:st0/hp0/mx0/df0/fn0/lv0/v0 14:st0/hp0/mx0/df0/fn0/lv0/v0 15:st0/hp28/mx28/df0/fn4909D0/lv3/v1 16:st0/hp0/mx26/df0/fn0/lv3/v0 17:st0/hp0/mx22/df0/fn0/lv2/v0 18:st0/hp20/mx20/df0/fn4909D0/lv2/v1 19:st0/hp0/mx21/df0/fn0/lv2/v0 
autobattle PET turn=2 myNo=0 row=0 si=0 seed=-2 target=15 validEnemy=2 minLv=2 pcEnable=0 cmd=W|0|F
autobattle tick cnt=2005 smto=1 res=0 battling=1 ctype=0 ptype=0
autobattle CHAR t=170707859 turn=3 cliT=3 myNo=0 afl=40000 cb=0 pb=0 subP=5 procN=10 actInf=0 menuF=0 tgtSel=0 resW=0 self=hp258/st0 pet=hp337/st0 validEnemy=1 fallback=18 delay=0 cmd=H|12 heal[en=1 tf=3 c=95 p=95 a=95 mag=3 selfP=98/mx263 petP=97/mx345] | enemies=10:st0/hp0/mx0/df0/fn0/lv0/v0 11:st0/hp0/mx0/df0/fn0/lv0/v0 12:st0/hp0/mx0/df0/fn0/lv0/v0 13:st0/hp0/mx0/df0/fn0/lv0/v0 14:st0/hp0/mx0/df0/fn0/lv0/v0 15:st0/hp0/mx28/df0/fn0/lv3/v0 16:st0/hp0/mx26/df0/fn0/lv3/v0 17:st0/hp0/mx22/df0/fn0/lv2/v0 18:st0/hp20/mx20/df0/fn4909D0/lv2/v1 19:st0/hp0/mx21/df0/fn0/lv2/v0 
autobattle PET turn=3 myNo=0 row=0 si=0 seed=-2 target=18 validEnemy=1 minLv=2 pcEnable=0 cmd=W|0|12
autobattle tick cnt=2022 smto=1 res=0 battling=1 ctype=0 ptype=0
autobattle tick cnt=2028 smto=1 res=0 battling=1 ctype=0 ptype=0
autobattle CHAR t=170713031 turn=0 cliT=0 myNo=0 afl=18000 cb=0 pb=0 subP=3 procN=10 actInf=0 menuF=0 tgtSel=0 resW=0 self=hp258/st0 pet=hp337/st0 validEnemy=2 fallback=15 delay=0 cmd=H|F heal[en=1 tf=3 c=95 p=95 a=95 mag=3 selfP=98/mx263 petP=97/mx345] | enemies=10:st0/hp0/mx0/df0/fn0/lv0/v0 11:st0/hp0/mx0/df0/fn0/lv0/v0 12:st0/hp0/mx0/df0/fn0/lv0/v0 13:st0/hp0/mx0/df0/fn0/lv0/v0 14:st0/hp0/mx0/df0/fn0/lv0/v0 15:st0/hp22/mx22/df0/fn4909D0/lv2/v1 16:st0/hp24/mx24/df0/fn4909D0/lv2/v1 17:st0/hp0/mx0/df0/fn0/lv0/v0 18:st0/hp0/mx0/df0/fn0/lv0/v0 19:st0/hp0/mx0/df0/fn0/lv0/v0 
autobattle PET turn=0 myNo=0 row=0 si=0 seed=-2 target=15 validEnemy=2 minLv=2 pcEnable=0 cmd=W|0|F
autobattle CHAR t=170713953 turn=1 cliT=1 myNo=0 afl=10000 cb=0 pb=0 subP=5 procN=10 actInf=0 menuF=0 tgtSel=0 resW=0 self=hp258/st0 pet=hp337/st0 validEnemy=1 fallback=16 delay=0 cmd=H|10 heal[en=1 tf=3 c=95 p=95 a=95 mag=3 selfP=98/mx263 petP=97/mx345] | enemies=10:st0/hp0/mx0/df0/fn0/lv0/v0 11:st0/hp0/mx0/df0/fn0/lv0/v0 12:st0/hp0/mx0/df0/fn0/lv0/v0 13:st0/hp0/mx0/df0/fn0/lv0/v0 14:st0/hp0/mx0/df0/fn0/lv0/v0 15:st0/hp0/mx22/df0/fn0/lv2/v0 16:st0/hp24/mx24/df0/fn4909D0/lv2/v1 17:st0/hp0/mx0/df0/fn0/lv0/v0 18:st0/hp0/mx0/df0/fn0/lv0/v0 19:st0/hp0/mx0/df0/fn0/lv0/v0 
autobattle PET turn=1 myNo=0 row=0 si=0 seed=-2 target=16 validEnemy=1 minLv=2 pcEnable=0 cmd=W|0|10
autobattle tick cnt=2045 smto=1 res=0 battling=1 ctype=0 ptype=0
autobattle tick cnt=2055 smto=1 res=0 battling=1 ctype=0 ptype=0
autobattle CHAR t=170715250 turn=0 cliT=0 myNo=0 afl=F8000 cb=0 pb=0 subP=3 procN=10 actInf=0 menuF=0 tgtSel=0 resW=0 self=hp258/st0 pet=hp337/st0 validEnemy=5 fallback=19 delay=0 cmd=H|13 heal[en=1 tf=3 c=95 p=95 a=95 mag=3 selfP=98/mx263 petP=97/mx345] | enemies=10:st0/hp0/mx0/df0/fn0/lv0/v0 11:st0/hp0/mx0/df0/fn0/lv0/v0 12:st0/hp0/mx0/df0/fn0/lv0/v0 13:st0/hp0/mx0/df0/fn0/lv0/v0 14:st0/hp0/mx0/df0/fn0/lv0/v0 15:st0/hp28/mx28/df0/fn4909D0/lv2/v1 16:st0/hp30/mx30/df0/fn4909D0/lv2/v1 17:st0/hp33/mx33/df0/fn4909D0/lv3/v1 18:st0/hp34/mx34/df0/fn4909D0/lv3/v1 19:st0/hp35/mx35/df0/fn4909D0/lv3/v1 
autobattle PET turn=0 myNo=0 row=0 si=0 seed=-2 target=19 validEnemy=5 minLv=2 pcEnable=0 cmd=W|0|13
autobattle tick cnt=2072 smto=1 res=0 battling=1 ctype=0 ptype=0
autobattle CHAR t=170716968 turn=1 cliT=1 myNo=0 afl=78000 cb=0 pb=0 subP=5 procN=10 actInf=0 menuF=0 tgtSel=0 resW=0 self=hp256/st0 pet=hp337/st0 validEnemy=4 fallback=17 delay=0 cmd=H|11 heal[en=1 tf=3 c=95 p=95 a=95 mag=3 selfP=97/mx263 petP=97/mx345] | enemies=10:st0/hp0/mx0/df0/fn0/lv0/v0 11:st0/hp0/mx0/df0/fn0/lv0/v0 12:st0/hp0/mx0/df0/fn0/lv0/v0 13:st0/hp0/mx0/df0/fn0/lv0/v0 14:st0/hp0/mx0/df0/fn0/lv0/v0 15:st0/hp28/mx28/df0/fn4909D0/lv2/v1 16:st0/hp30/mx30/df0/fn4909D0/lv2/v1 17:st0/hp33/mx33/df0/fn4909D0/lv3/v1 18:st0/hp34/mx34/df0/fn4909D0/lv3/v1 19:st0/hp0/mx35/df0/fn0/lv3/v0 
autobattle PET turn=1 myNo=0 row=0 si=0 seed=-2 target=17 validEnemy=4 minLv=2 pcEnable=0 cmd=W|0|11
autobattle tick cnt=2089 smto=1 res=0 battling=1 ctype=0 ptype=0
autobattle tick cnt=2106 smto=1 res=0 battling=1 ctype=0 ptype=0
autobattle CHAR t=170718390 turn=2 cliT=2 myNo=0 afl=50000 cb=0 pb=0 subP=5 procN=10 actInf=0 menuF=0 tgtSel=0 resW=0 self=hp255/st0 pet=hp337/st0 validEnemy=2 fallback=16 delay=0 cmd=H|10 heal[en=1 tf=3 c=95 p=95 a=95 mag=3 selfP=96/mx263 petP=97/mx345] | enemies=10:st0/hp0/mx0/df0/fn0/lv0/v0 11:st0/hp0/mx0/df0/fn0/lv0/v0 12:st0/hp0/mx0/df0/fn0/lv0/v0 13:st0/hp0/mx0/df0/fn0/lv0/v0 14:st0/hp0/mx0/df0/fn0/lv0/v0 15:st0/hp0/mx28/df0/fn0/lv2/v0 16:st0/hp30/mx30/df0/fn4909D0/lv2/v1 17:st0/hp0/mx33/df0/fn0/lv3/v0 18:st0/hp34/mx34/df0/fn4909D0/lv3/v1 19:st0/hp0/mx35/df0/fn0/lv3/v0 
autobattle PET turn=2 myNo=0 row=0 si=0 seed=-2 target=16 validEnemy=2 minLv=2 pcEnable=0 cmd=W|0|10
autobattle tick cnt=2122 smto=1 res=0 battling=1 ctype=0 ptype=0
autobattle tick cnt=2125 smto=1 res=0 battling=1 ctype=0 ptype=0
autobattle CHAR t=170721171 turn=0 cliT=0 myNo=0 afl=F9C00 cb=0 pb=0 subP=3 procN=10 actInf=0 menuF=0 tgtSel=0 resW=0 self=hp255/st0 pet=hp337/st0 validEnemy=8 fallback=19 delay=0 cmd=H|13 heal[en=1 tf=3 c=95 p=95 a=95 mag=3 selfP=96/mx263 petP=97/mx345] | enemies=10:st0/hp31/mx31/df0/fn4909D0/lv2/v1 11:st0/hp39/mx39/df0/fn4909D0/lv3/v1 12:st0/hp34/mx34/df0/fn4909D0/lv3/v1 13:st0/hp0/mx0/df0/fn0/lv0/v0 14:st0/hp0/mx0/df0/fn0/lv0/v0 15:st0/hp35/mx35/df0/fn4909D0/lv3/v1 16:st0/hp33/mx33/df0/fn4909D0/lv3/v1 17:st0/hp29/mx29/df0/fn4909D0/lv2/v1 18:st0/hp31/mx31/df0/fn4909D0/lv2/v1 19:st0/hp32/mx32/df0/fn4909D0/lv2/v1 
autobattle PET turn=0 myNo=0 row=0 si=0 seed=-2 target=19 validEnemy=8 minLv=2 pcEnable=0 cmd=W|0|13
autobattle tick cnt=2142 smto=1 res=0 battling=1 ctype=0 ptype=0
autobattle tick cnt=2159 smto=1 res=0 battling=1 ctype=0 ptype=0
autobattle CHAR t=170723437 turn=1 cliT=1 myNo=0 afl=79C00 cb=0 pb=0 subP=5 procN=10 actInf=0 menuF=0 tgtSel=0 resW=0 self=hp253/st0 pet=hp335/st0 validEnemy=7 fallback=17 delay=0 cmd=H|11 heal[en=1 tf=3 c=95 p=95 a=95 mag=3 selfP=96/mx263 petP=97/mx345] | enemies=10:st0/hp31/mx31/df0/fn4909D0/lv2/v1 11:st0/hp39/mx39/df0/fn4909D0/lv3/v1 12:st0/hp34/mx34/df0/fn4909D0/lv3/v1 13:st0/hp0/mx0/df0/fn0/lv0/v0 14:st0/hp0/mx0/df0/fn0/lv0/v0 15:st0/hp35/mx35/df0/fn4909D0/lv3/v1 16:st0/hp33/mx33/df0/fn4909D0/lv3/v1 17:st0/hp29/mx29/df0/fn4909D0/lv2/v1 18:st0/hp31/mx31/df0/fn4909D0/lv2/v1 19:st0/hp0/mx32/df0/fn0/lv2/v0 
autobattle PET turn=1 myNo=0 row=0 si=0 seed=-2 target=17 validEnemy=7 minLv=2 pcEnable=0 cmd=W|0|11
autobattle tick cnt=2176 smto=1 res=0 battling=1 ctype=0 ptype=0
autobattle CHAR t=170725171 turn=2 cliT=2 myNo=0 afl=59C00 cb=0 pb=0 subP=5 procN=10 actInf=0 menuF=0 tgtSel=0 resW=0 self=hp253/st0 pet=hp332/st0 validEnemy=6 fallback=15 delay=0 cmd=H|F heal[en=1 tf=3 c=95 p=95 a=95 mag=3 selfP=96/mx263 petP=96/mx345] | enemies=10:st0/hp31/mx31/df0/fn4909D0/lv2/v1 11:st0/hp39/mx39/df0/fn4909D0/lv3/v1 12:st0/hp34/mx34/df0/fn4909D0/lv3/v1 13:st0/hp0/mx0/df0/fn0/lv0/v0 14:st0/hp0/mx0/df0/fn0/lv0/v0 15:st0/hp35/mx35/df0/fn4909D0/lv3/v1 16:st0/hp33/mx33/df0/fn4909D0/lv3/v1 17:st0/hp0/mx29/df0/fn0/lv2/v0 18:st0/hp31/mx31/df0/fn4909D0/lv2/v1 19:st0/hp0/mx32/df0/fn0/lv2/v0 
autobattle PET turn=2 myNo=0 row=0 si=0 seed=-2 target=15 validEnemy=6 minLv=2 pcEnable=0 cmd=W|0|F
autobattle tick cnt=2193 smto=1 res=0 battling=1 ctype=0 ptype=0
autobattle tick cnt=2209 smto=1 res=0 battling=1 ctype=0 ptype=0
autobattle CHAR t=170726734 turn=3 cliT=3 myNo=0 afl=50C00 cb=0 pb=0 subP=5 procN=10 actInf=0 menuF=0 tgtSel=0 resW=0 self=hp252/st0 pet=hp329/st0 validEnemy=4 fallback=16 delay=0 cmd=J|0|14 heal[en=1 tf=3 c=95 p=95 a=95 mag=3 selfP=95/mx263 petP=95/mx345] | enemies=10:st0/hp31/mx31/df0/fn4909D0/lv2/v1 11:st0/hp39/mx39/df0/fn4909D0/lv3/v1 12:st0/hp0/mx34/df0/fn0/lv3/v0 13:st0/hp0/mx0/df0/fn0/lv0/v0 14:st0/hp0/mx0/df0/fn0/lv0/v0 15:st0/hp0/mx35/df0/fn0/lv3/v0 16:st0/hp33/mx33/df0/fn4909D0/lv3/v1 17:st0/hp0/mx29/df0/fn0/lv2/v0 18:st0/hp31/mx31/df0/fn4909D0/lv2/v1 19:st0/hp0/mx32/df0/fn0/lv2/v0 
autobattle PET turn=3 myNo=0 row=0 si=0 seed=-2 target=16 validEnemy=4 minLv=2 pcEnable=0 cmd=W|0|10
autobattle tick cnt=2226 smto=1 res=0 battling=1 ctype=0 ptype=0
autobattle CHAR t=170728156 turn=4 cliT=4 myNo=0 afl=40C00 cb=0 pb=0 subP=5 procN=10 actInf=0 menuF=0 tgtSel=0 resW=0 self=hp260/st0 pet=hp345/st0 validEnemy=3 fallback=18 delay=0 cmd=H|12 heal[en=1 tf=3 c=95 p=95 a=95 mag=3 selfP=98/mx263 petP=100/mx345] | enemies=10:st0/hp31/mx31/df0/fn4909D0/lv2/v1 11:st0/hp39/mx39/df0/fn4909D0/lv3/v1 12:st0/hp0/mx34/df0/fn0/lv3/v0 13:st0/hp0/mx0/df0/fn0/lv0/v0 14:st0/hp0/mx0/df0/fn0/lv0/v0 15:st0/hp0/mx35/df0/fn0/lv3/v0 16:st0/hp0/mx33/df0/fn0/lv3/v0 17:st0/hp0/mx29/df0/fn0/lv2/v0 18:st0/hp31/mx31/df0/fn4909D0/lv2/v1 19:st0/hp0/mx32/df0/fn0/lv2/v0 
autobattle PET turn=4 myNo=0 row=0 si=0 seed=-2 target=18 validEnemy=3 minLv=2 pcEnable=0 cmd=W|0|12
autobattle tick cnt=2243 smto=1 res=0 battling=1 ctype=0 ptype=0
autobattle CHAR t=170729312 turn=5 cliT=5 myNo=0 afl=C00 cb=0 pb=0 subP=5 procN=10 actInf=0 menuF=0 tgtSel=0 resW=0 self=hp260/st0 pet=hp345/st0 validEnemy=2 fallback=10 delay=0 cmd=H|A heal[en=1 tf=3 c=95 p=95 a=95 mag=3 selfP=98/mx263 petP=100/mx345] | enemies=10:st0/hp31/mx31/df0/fn4909D0/lv2/v1 11:st0/hp39/mx39/df0/fn4909D0/lv3/v1 12:st0/hp0/mx34/df0/fn0/lv3/v0 13:st0/hp0/mx0/df0/fn0/lv0/v0 14:st0/hp0/mx0/df0/fn0/lv0/v0 15:st0/hp0/mx35/df0/fn0/lv3/v0 16:st0/hp0/mx33/df0/fn0/lv3/v0 17:st0/hp0/mx29/df0/fn0/lv2/v0 18:st0/hp0/mx31/df0/fn0/lv2/v0 19:st0/hp0/mx32/df0/fn0/lv2/v0 
autobattle PET turn=5 myNo=0 row=0 si=0 seed=-2 target=10 validEnemy=2 minLv=2 pcEnable=0 cmd=W|0|A
autobattle tick cnt=2260 smto=1 res=0 battling=1 ctype=0 ptype=0
